Archive member included because of file (symbol)

/home/rbtying/workspace/Arduino-328/Debug/libArduino.a(Print.o)
                              ./src/lib/NewSoftSerial.o (Print::write(char const*))
/home/rbtying/workspace/Arduino-328/Debug/libArduino.a(WMath.o)
                              ./src/lib/RC_CTRL.o (map(long, long, long, long, long))
/home/rbtying/workspace/Arduino-328/Debug/libArduino.a(WString.o)
                              /home/rbtying/workspace/Arduino-328/Debug/libArduino.a(Print.o) (String::operator[](unsigned int) const)
/home/rbtying/workspace/Arduino-328/Debug/libArduino.a(missing.o)
                              /home/rbtying/workspace/Arduino-328/Debug/libArduino.a(Print.o) (__cxa_pure_virtual)
/home/rbtying/workspace/Arduino-328/Debug/libArduino.a(pins_arduino.o)
                              ./src/lib/NewSoftSerial.o (port_to_output_PGM)
/home/rbtying/workspace/Arduino-328/Debug/libArduino.a(wiring.o)
                              ./src/lib/PololuQTRSensors.o (micros)
/home/rbtying/workspace/Arduino-328/Debug/libArduino.a(wiring_analog.o)
                              ./src/lib/PololuQTRSensors.o (analogRead)
/home/rbtying/workspace/Arduino-328/Debug/libArduino.a(wiring_digital.o)
                              ./src/lib/LEDDisplay.o (pinMode)
/home/rbtying/workspace/Arduino-328/Debug/libArduino.a(wiring_pulse.o)
                              ./src/lib/Ping.o (pulseIn)
/home/rbtying/workspace/Arduino-328/Debug/libArduino.a(Servo.o)
                              ./src/Main.o (Servo::Servo())
/usr/lib/gcc/avr/4.3.5/avr5/libgcc.a(_mulsi3.o)
                              ./src/lib/PololuQTRSensors.o (__mulsi3)
/usr/lib/gcc/avr/4.3.5/avr5/libgcc.a(_udivmodqi4.o)
                              /home/rbtying/workspace/Arduino-328/Debug/libArduino.a(Servo.o) (__udivmodqi4)
/usr/lib/gcc/avr/4.3.5/avr5/libgcc.a(_udivmodhi4.o)
                              ./src/lib/Ping.o (__udivmodhi4)
/usr/lib/gcc/avr/4.3.5/avr5/libgcc.a(_divmodhi4.o)
                              ./src/lib/LEDDisplay.o (__divmodhi4)
/usr/lib/gcc/avr/4.3.5/avr5/libgcc.a(_udivmodsi4.o)
                              ./src/lib/PololuQTRSensors.o (__udivmodsi4)
/usr/lib/gcc/avr/4.3.5/avr5/libgcc.a(_divmodsi4.o)
                              ./src/lib/PololuQTRSensors.o (__divmodsi4)
/usr/lib/gcc/avr/4.3.5/avr5/libgcc.a(_exit.o)
                              /usr/lib/gcc/avr/4.3.5/../../../avr/lib/avr5/crtm328p.o (exit)
/usr/lib/gcc/avr/4.3.5/avr5/libgcc.a(_copy_data.o)
                              ./src/lib/LEDDisplay.o (__do_copy_data)
/usr/lib/gcc/avr/4.3.5/avr5/libgcc.a(_clear_bss.o)
                              ./src/lib/MsTimer2.o (__do_clear_bss)
/usr/lib/gcc/avr/4.3.5/avr5/libgcc.a(_ctors.o)
                              ./src/Main.o (__do_global_ctors)
/usr/lib/gcc/avr/4.3.5/avr5/libgcc.a(_fixunssfsi.o)
                              /home/rbtying/workspace/Arduino-328/Debug/libArduino.a(Print.o) (__fixunssfsi)
/usr/lib/gcc/avr/4.3.5/avr5/libgcc.a(_addsub_sf.o)
                              /home/rbtying/workspace/Arduino-328/Debug/libArduino.a(Print.o) (__subsf3)
/usr/lib/gcc/avr/4.3.5/avr5/libgcc.a(_mul_sf.o)
                              /home/rbtying/workspace/Arduino-328/Debug/libArduino.a(Print.o) (__mulsf3)
/usr/lib/gcc/avr/4.3.5/avr5/libgcc.a(_div_sf.o)
                              /home/rbtying/workspace/Arduino-328/Debug/libArduino.a(Print.o) (__divsf3)
/usr/lib/gcc/avr/4.3.5/avr5/libgcc.a(_ge_sf.o)
                              /usr/lib/gcc/avr/4.3.5/avr5/libgcc.a(_fixunssfsi.o) (__gesf2)
/usr/lib/gcc/avr/4.3.5/avr5/libgcc.a(_lt_sf.o)
                              /home/rbtying/workspace/Arduino-328/Debug/libArduino.a(Print.o) (__ltsf2)
/usr/lib/gcc/avr/4.3.5/avr5/libgcc.a(_si_to_sf.o)
                              /home/rbtying/workspace/Arduino-328/Debug/libArduino.a(Print.o) (__floatsisf)
/usr/lib/gcc/avr/4.3.5/avr5/libgcc.a(_sf_to_si.o)
                              /home/rbtying/workspace/Arduino-328/Debug/libArduino.a(Print.o) (__fixsfsi)
/usr/lib/gcc/avr/4.3.5/avr5/libgcc.a(_thenan_sf.o)
                              /usr/lib/gcc/avr/4.3.5/avr5/libgcc.a(_addsub_sf.o) (__thenan_sf)
/usr/lib/gcc/avr/4.3.5/avr5/libgcc.a(_usi_to_sf.o)
                              /home/rbtying/workspace/Arduino-328/Debug/libArduino.a(Print.o) (__floatunsisf)
/usr/lib/gcc/avr/4.3.5/avr5/libgcc.a(_prologue.o)
                              /usr/lib/gcc/avr/4.3.5/avr5/libgcc.a(_addsub_sf.o) (__prologue_saves__)
/usr/lib/gcc/avr/4.3.5/avr5/libgcc.a(_epilogue.o)
                              /usr/lib/gcc/avr/4.3.5/avr5/libgcc.a(_addsub_sf.o) (__epilogue_restores__)
/usr/lib/gcc/avr/4.3.5/avr5/libgcc.a(_tablejump.o)
                              /usr/lib/gcc/avr/4.3.5/avr5/libgcc.a(_ctors.o) (__tablejump__)
/usr/lib/gcc/avr/4.3.5/avr5/libgcc.a(_clzsi2.o)
                              /usr/lib/gcc/avr/4.3.5/avr5/libgcc.a(_si_to_sf.o) (__clzsi2)
/usr/lib/gcc/avr/4.3.5/avr5/libgcc.a(_pack_sf.o)
[...]
Memory Configuration

Name             Origin             Length             Attributes
text             0x0000000000000000 0x0000000000020000 xr
data             0x0000000000800060 0x000000000000ffa0 rw !x
eeprom           0x0000000000810000 0x0000000000010000 rw !x
fuse             0x0000000000820000 0x0000000000000400 rw !x
lock             0x0000000000830000 0x0000000000000400 rw !x
signature        0x0000000000840000 0x0000000000000400 rw !x
*default*        0x0000000000000000 0xffffffffffffffff

Linker script and memory map

Address of section .data set to 0x800100
LOAD /usr/lib/gcc/avr/4.3.5/../../../avr/lib/avr5/crtm328p.o
LOAD ./src/lib/LEDDisplay.o
LOAD ./src/lib/MsTimer2.o
LOAD ./src/lib/NewSoftSerial.o
LOAD ./src/lib/Ping.o
LOAD ./src/lib/PololuQTRSensors.o
LOAD ./src/lib/RC_CTRL.o
LOAD ./src/lib/RoboClaw.o
LOAD ./src/lib/TSL1401.o
LOAD ./src/Main.o
LOAD /home/rbtying/workspace/Arduino-328/Debug/libArduino.a
LOAD /usr/lib/gcc/avr/4.3.5/avr5/libgcc.a
LOAD /home/rbtying/workspace/Arduino-328/Debug/libm.a
LOAD /usr/lib/gcc/avr/4.3.5/avr5/libgcc.a
LOAD /usr/lib/gcc/avr/4.3.5/../../../avr/lib/avr5/libc.a
LOAD /usr/lib/gcc/avr/4.3.5/avr5/libgcc.a

.hash
 *(.hash)

.dynsym
 *(.dynsym)

.dynstr
 *(.dynstr)

.gnu.version
 *(.gnu.version)

.gnu.version_d
 *(.gnu.version_d)

.gnu.version_r
 *(.gnu.version_r)

.rel.init
 *(.rel.init)

.rela.init
 *(.rela.init)

.rel.text
 *(.rel.text)
 *(.rel.text.*)
 *(.rel.gnu.linkonce.t*)

.rela.text
 *(.rela.text)
 *(.rela.text.*)
 *(.rela.gnu.linkonce.t*)

.rel.fini
 *(.rel.fini)

.rela.fini
 *(.rela.fini)

.rel.rodata
 *(.rel.rodata)
 *(.rel.rodata.*)
 *(.rel.gnu.linkonce.r*)

.rela.rodata
 *(.rela.rodata)
 *(.rela.rodata.*)
 *(.rela.gnu.linkonce.r*)

.rel.data
 *(.rel.data)
 *(.rel.data.*)
 *(.rel.gnu.linkonce.d*)

.rela.data
 *(.rela.data)
 *(.rela.data.*)
 *(.rela.gnu.linkonce.d*)

.rel.ctors
 *(.rel.ctors)

.rela.ctors
 *(.rela.ctors)

.rel.dtors
 *(.rel.dtors)

.rela.dtors
 *(.rela.dtors)

.rel.got
 *(.rel.got)

.rela.got
 *(.rela.got)

.rel.bss
 *(.rel.bss)

.rela.bss
 *(.rela.bss)

.rel.plt
 *(.rel.plt)

.rela.plt
 *(.rela.plt)

.text           0x0000000000000000      0xbc6
 *(.vectors)
 .vectors       0x0000000000000000       0x68 /usr/lib/gcc/avr/4.3.5/../../../avr/lib/avr5/crtm328p.o
                0x0000000000000000                __vectors
                0x0000000000000000                __vector_default
 *(.vectors)
 *(.progmem.gcc*)
 *(.progmem*)
 .progmem.data  0x0000000000000068       0x5a /home/rbtying/workspace/Arduino-328/Debug/libArduino.a(pins_arduino.o)
                0x0000000000000068                port_to_mode_PGM
                0x0000000000000072                port_to_output_PGM
                0x000000000000007c                port_to_input_PGM
                0x0000000000000086                digital_pin_to_port_PGM
                0x000000000000009a                digital_pin_to_bit_mask_PGM
                0x00000000000000ae                digital_pin_to_timer_PGM
                0x00000000000000c2                . = ALIGN (0x2)
                0x00000000000000c2                __trampolines_start = .
 *(.trampolines)
 .trampolines   0x00000000000000c2        0x0 linker stubs
 *(.trampolines*)
                0x00000000000000c2                __trampolines_end = .
 *(.jumptables)
 *(.jumptables*)
 *(.lowtext)
 *(.lowtext*)
                0x00000000000000c2                __ctors_start = .
 *(.ctors)
 .ctors         0x00000000000000c2        0x2 ./src/Main.o
                0x00000000000000c4                __ctors_end = .
                0x00000000000000c4                __dtors_start = .
 *(.dtors)
                0x00000000000000c4                __dtors_end = .
 SORT(*)(.ctors)
 SORT(*)(.dtors)
 *(.init0)
 .init0         0x00000000000000c4        0x0 /usr/lib/gcc/avr/4.3.5/../../../avr/lib/avr5/crtm328p.o
                0x00000000000000c4                __init
 *(.init0)
 *(.init1)
 *(.init1)
 *(.init2)
 .init2         0x00000000000000c4        0xc /usr/lib/gcc/avr/4.3.5/../../../avr/lib/avr5/crtm328p.o
 *(.init2)
 *(.init3)
 *(.init3)
 *(.init4)
 .init4         0x00000000000000d0       0x16 /usr/lib/gcc/avr/4.3.5/avr5/libgcc.a(_copy_data.o)
                0x00000000000000d0                __do_copy_data
 .init4         0x00000000000000e6       0x10 /usr/lib/gcc/avr/4.3.5/avr5/libgcc.a(_clear_bss.o)
                0x00000000000000e6                __do_clear_bss
 *(.init4)
 *(.init5)
 *(.init5)
 *(.init6)
 .init6         0x00000000000000f6       0x16 /usr/lib/gcc/avr/4.3.5/avr5/libgcc.a(_ctors.o)
                0x00000000000000f6                __do_global_ctors
 *(.init6)
 *(.init7)
 *(.init7)
 *(.init8)
 *(.init8)
 *(.init9)
 .init9         0x000000000000010c        0x8 /usr/lib/gcc/avr/4.3.5/../../../avr/lib/avr5/crtm328p.o
 *(.init9)
 *(.text)
 .text          0x0000000000000114        0x4 /usr/lib/gcc/avr/4.3.5/../../../avr/lib/avr5/crtm328p.o
                0x0000000000000114                __vector_22
                0x0000000000000114                __vector_1
                0x0000000000000114                __vector_24
                0x0000000000000114                __vector_12
                0x0000000000000114                __bad_interrupt
                0x0000000000000114                __vector_6
                0x0000000000000114                __vector_23
                0x0000000000000114                __vector_25
                0x0000000000000114                __vector_13
                0x0000000000000114                __vector_17
                0x0000000000000114                __vector_19
                0x0000000000000114                __vector_7
                0x0000000000000114                __vector_2
                0x0000000000000114                __vector_21
                0x0000000000000114                __vector_15
                0x0000000000000114                __vector_8
                0x0000000000000114                __vector_14
                0x0000000000000114                __vector_10
                0x0000000000000114                __vector_18
                0x0000000000000114                __vector_20
                0x0000000000000118                . = ALIGN (0x2)
 *(.text.*)
 .text._ZN8MsTimer29_overflowEv
                0x0000000000000118       0x7e ./src/lib/MsTimer2.o
                0x0000000000000118                MsTimer2::_overflow()
 .text.__vector_9
                0x0000000000000196       0x54 ./src/lib/MsTimer2.o
                0x0000000000000196                __vector_9
 .text._ZN13NewSoftSerial4recvEv
                0x00000000000001ea       0xd4 ./src/lib/NewSoftSerial.o
                0x00000000000001ea                NewSoftSerial::recv()
 .text._ZN13NewSoftSerial16handle_interruptEv
                0x00000000000002be       0x12 ./src/lib/NewSoftSerial.o
                0x00000000000002be                NewSoftSerial::handle_interrupt()
 .text.__vector_3
                0x00000000000002d0       0x48 ./src/lib/NewSoftSerial.o
                0x00000000000002d0                __vector_3
 .text.__vector_4
                0x0000000000000318       0x48 ./src/lib/NewSoftSerial.o
                0x0000000000000318                __vector_4
 .text.__vector_5
                0x0000000000000360       0x48 ./src/lib/NewSoftSerial.o
                0x0000000000000360                __vector_5
 .text._GLOBAL__I_serv
                0x00000000000003a8        0xa ./src/Main.o
 .text.main     0x00000000000003b2       0x44 ./src/Main.o
                0x00000000000003b2                main
 .text._Z3maplllll
                0x00000000000003f6       0x92 /home/rbtying/workspace/Arduino-328/Debug/libArduino.a(WMath.o)
                0x00000000000003f6                map(long, long, long, long, long)
 .text.__vector_16
                0x0000000000000488       0x8a /home/rbtying/workspace/Arduino-328/Debug/libArduino.a(wiring.o)
                0x0000000000000488                __vector_16
 .text.init     0x0000000000000512       0x76 /home/rbtying/workspace/Arduino-328/Debug/libArduino.a(wiring.o)
                0x0000000000000512                init
 .text.pinMode  0x0000000000000588       0x4c /home/rbtying/workspace/Arduino-328/Debug/libArduino.a(wiring_digital.o)
                0x0000000000000588                pinMode
 .text.digitalWrite
                0x00000000000005d4       0xa8 /home/rbtying/workspace/Arduino-328/Debug/libArduino.a(wiring_digital.o)
                0x00000000000005d4                digitalWrite
 .text._ZN5ServoC1Ev
                0x000000000000067c       0x34 /home/rbtying/workspace/Arduino-328/Debug/libArduino.a(Servo.o)
                0x000000000000067c                Servo::Servo()
 .text._ZN5Servo17writeMicrosecondsEi
                0x00000000000006b0       0x92 /home/rbtying/workspace/Arduino-328/Debug/libArduino.a(Servo.o)
                0x00000000000006b0                Servo::writeMicroseconds(int)
 .text._ZN5Servo5writeEi
                0x0000000000000742       0xd0 /home/rbtying/workspace/Arduino-328/Debug/libArduino.a(Servo.o)
                0x0000000000000742                Servo::write(int)
 .text._ZN5Servo6attachEiii
                0x0000000000000812       0xfe /home/rbtying/workspace/Arduino-328/Debug/libArduino.a(Servo.o)
                0x0000000000000812                Servo::attach(int, int, int)
 .text._ZN5Servo6attachEi
                0x0000000000000910        0xe /home/rbtying/workspace/Arduino-328/Debug/libArduino.a(Servo.o)
                0x0000000000000910                Servo::attach(int)
 .text.__vector_11
                0x000000000000091e      0x17a /home/rbtying/workspace/Arduino-328/Debug/libArduino.a(Servo.o)
                0x000000000000091e                __vector_11
 .text.libgcc   0x0000000000000a98       0x3e /usr/lib/gcc/avr/4.3.5/avr5/libgcc.a(_mulsi3.o)
                0x0000000000000a98                __mulsi3
 .text.libgcc   0x0000000000000ad6       0x18 /usr/lib/gcc/avr/4.3.5/avr5/libgcc.a(_udivmodqi4.o)
                0x0000000000000ad6                __udivmodqi4
 .text.libgcc   0x0000000000000aee       0x28 /usr/lib/gcc/avr/4.3.5/avr5/libgcc.a(_udivmodhi4.o)
                0x0000000000000aee                __udivmodhi4
 .text.libgcc   0x0000000000000b16       0x26 /usr/lib/gcc/avr/4.3.5/avr5/libgcc.a(_divmodhi4.o)
                0x0000000000000b16                __divmodhi4
                0x0000000000000b16                _div
 .text.libgcc   0x0000000000000b3c       0x44 /usr/lib/gcc/avr/4.3.5/avr5/libgcc.a(_udivmodsi4.o)
                0x0000000000000b3c                __udivmodsi4
 .text.libgcc   0x0000000000000b80       0x36 /usr/lib/gcc/avr/4.3.5/avr5/libgcc.a(_divmodsi4.o)
                0x0000000000000b80                __divmodsi4
 .text.libgcc   0x0000000000000bb6        0xc /usr/lib/gcc/avr/4.3.5/avr5/libgcc.a(_tablejump.o)
                0x0000000000000bb6                __tablejump2__
                0x0000000000000bba                __tablejump__
                0x0000000000000bc2                . = ALIGN (0x2)
 *(.fini9)
 .fini9         0x0000000000000bc2        0x0 /usr/lib/gcc/avr/4.3.5/avr5/libgcc.a(_exit.o)
                0x0000000000000bc2                exit
                0x0000000000000bc2                _exit
 *(.fini9)
 *(.fini8)
 *(.fini8)
 *(.fini7)
 *(.fini7)
 *(.fini6)
 *(.fini6)
 *(.fini5)
 *(.fini5)
 *(.fini4)
 *(.fini4)
 *(.fini3)
 *(.fini3)
 *(.fini2)
 *(.fini2)
 *(.fini1)
 *(.fini1)
 *(.fini0)
 .fini0         0x0000000000000bc2        0x4 /usr/lib/gcc/avr/4.3.5/avr5/libgcc.a(_exit.o)
 *(.fini0)
                0x0000000000000bc6                _etext = .

.data           0x0000000000800100        0x0 load address 0x0000000000000bc6
                0x0000000000800100                PROVIDE (__data_start, .)
 *(.data)
 *(.data*)
 *(.rodata)
 *(.rodata*)
 *(.gnu.linkonce.d*)
                0x0000000000800100                . = ALIGN (0x2)
                0x0000000000800100                _edata = .
                0x0000000000800100                PROVIDE (__data_end, .)

.bss            0x0000000000800100       0x83
                0x0000000000800100                PROVIDE (__bss_start, .)
 *(.bss)
 *(.bss*)
 .bss._ZN8MsTimer25msecsE
                0x0000000000800100        0x4 ./src/lib/MsTimer2.o
                0x0000000000800100                MsTimer2::msecs
 .bss._ZN8MsTimer24funcE
                0x0000000000800104        0x2 ./src/lib/MsTimer2.o
                0x0000000000800104                MsTimer2::func
 .bss._ZN8MsTimer25countE
                0x0000000000800106        0x4 ./src/lib/MsTimer2.o
                0x0000000000800106                MsTimer2::count
 .bss._ZN8MsTimer211overflowingE
                0x000000000080010a        0x1 ./src/lib/MsTimer2.o
                0x000000000080010a                MsTimer2::overflowing
 .bss._ZN8MsTimer25tcnt2E
                0x000000000080010b        0x2 ./src/lib/MsTimer2.o
                0x000000000080010b                MsTimer2::tcnt2
 .bss._ZN13NewSoftSerial13active_objectE
                0x000000000080010d        0x2 ./src/lib/NewSoftSerial.o
                0x000000000080010d                NewSoftSerial::active_object
 .bss._ZN13NewSoftSerial15_receive_bufferE
                0x000000000080010f       0x40 ./src/lib/NewSoftSerial.o
                0x000000000080010f                NewSoftSerial::_receive_buffer
 .bss._ZN13NewSoftSerial20_receive_buffer_tailE
                0x000000000080014f        0x1 ./src/lib/NewSoftSerial.o
                0x000000000080014f                NewSoftSerial::_receive_buffer_tail
 .bss._ZN13NewSoftSerial20_receive_buffer_headE
                0x0000000000800150        0x1 ./src/lib/NewSoftSerial.o
                0x0000000000800150                NewSoftSerial::_receive_buffer_head
 .bss.serv      0x0000000000800151        0x3 ./src/Main.o
                0x0000000000800151                serv
 .bss.timer0_overflow_count
                0x0000000000800154        0x4 /home/rbtying/workspace/Arduino-328/Debug/libArduino.a(wiring.o)
                0x0000000000800154                timer0_overflow_count
 .bss.timer0_millis
                0x0000000000800158        0x4 /home/rbtying/workspace/Arduino-328/Debug/libArduino.a(wiring.o)
                0x0000000000800158                timer0_millis
 .bss.timer0_fract
                0x000000000080015c        0x1 /home/rbtying/workspace/Arduino-328/Debug/libArduino.a(wiring.o)
 .bss.ServoCount
                0x000000000080015d        0x1 /home/rbtying/workspace/Arduino-328/Debug/libArduino.a(Servo.o)
                0x000000000080015d                ServoCount
 .bss._ZL6servos
                0x000000000080015e       0x24 /home/rbtying/workspace/Arduino-328/Debug/libArduino.a(Servo.o)
 .bss._ZL7Channel
                0x0000000000800182        0x1 /home/rbtying/workspace/Arduino-328/Debug/libArduino.a(Servo.o)
 *(COMMON)
                0x0000000000800183                PROVIDE (__bss_end, .)
                0x0000000000000bc6                __data_load_start = LOADADDR (.data)
                0x0000000000000bc6                __data_load_end = (__data_load_start + SIZEOF (.data))

.noinit         0x0000000000800183        0x0
                0x0000000000800183                PROVIDE (__noinit_start, .)
 *(.noinit*)
                0x0000000000800183                PROVIDE (__noinit_end, .)
                0x0000000000800183                _end = .
                0x0000000000800183                PROVIDE (__heap_start, .)

.eeprom         0x0000000000810000        0x0
 *(.eeprom*)
                0x0000000000810000                __eeprom_end = .

.fuse
 *(.fuse)
 *(.lfuse)
 *(.hfuse)
 *(.efuse)

.lock
 *(.lock*)

.signature
 *(.signature*)

.stab           0x0000000000000000     0x1260
 *(.stab)
 .stab          0x0000000000000000      0x6b4 /usr/lib/gcc/avr/4.3.5/../../../avr/lib/avr5/crtm328p.o
 .stab          0x00000000000006b4      0x360 /usr/lib/gcc/avr/4.3.5/../../../avr/lib/avr5/libc.a(malloc.o)
                                        0x6fc (size before relaxing)
 .stab          0x0000000000000a14      0x12c /usr/lib/gcc/avr/4.3.5/../../../avr/lib/avr5/libc.a(random.o)
                                        0x33c (size before relaxing)
 .stab          0x0000000000000b40       0x18 /usr/lib/gcc/avr/4.3.5/../../../avr/lib/avr5/libc.a(isspace.o)
                                         0xa8 (size before relaxing)
 .stab          0x0000000000000b58       0x18 /usr/lib/gcc/avr/4.3.5/../../../avr/lib/avr5/libc.a(tolower.o)
                                         0xa8 (size before relaxing)
 .stab          0x0000000000000b70       0x18 /usr/lib/gcc/avr/4.3.5/../../../avr/lib/avr5/libc.a(toupper.o)
                                         0xa8 (size before relaxing)
 .stab          0x0000000000000b88       0x9c /usr/lib/gcc/avr/4.3.5/../../../avr/lib/avr5/libc.a(strcat.o)
                                         0xa8 (size before relaxing)
 .stab          0x0000000000000c24       0x9c /usr/lib/gcc/avr/4.3.5/../../../avr/lib/avr5/libc.a(strchr.o)
                                         0xa8 (size before relaxing)
 .stab          0x0000000000000cc0       0x84 /usr/lib/gcc/avr/4.3.5/../../../avr/lib/avr5/libc.a(strcmp.o)
                                         0x90 (size before relaxing)
 .stab          0x0000000000000d44       0x6c /usr/lib/gcc/avr/4.3.5/../../../avr/lib/avr5/libc.a(strcpy.o)
                                         0x78 (size before relaxing)
 .stab          0x0000000000000db0       0xc0 /usr/lib/gcc/avr/4.3.5/../../../avr/lib/avr5/libc.a(strncmp.o)
                                         0xcc (size before relaxing)
 .stab          0x0000000000000e70       0xcc /usr/lib/gcc/avr/4.3.5/../../../avr/lib/avr5/libc.a(strncpy.o)
                                         0xd8 (size before relaxing)
 .stab          0x0000000000000f3c       0x9c /usr/lib/gcc/avr/4.3.5/../../../avr/lib/avr5/libc.a(strrchr.o)
                                         0xa8 (size before relaxing)
 .stab          0x0000000000000fd8      0x150 /usr/lib/gcc/avr/4.3.5/../../../avr/lib/avr5/libc.a(strstr.o)
                                        0x15c (size before relaxing)
 .stab          0x0000000000001128       0x18 /usr/lib/gcc/avr/4.3.5/../../../avr/lib/avr5/libc.a(itoa.o)
                                        0x1bc (size before relaxing)
 .stab          0x0000000000001140       0x18 /usr/lib/gcc/avr/4.3.5/../../../avr/lib/avr5/libc.a(ltoa.o)
                                        0x2a0 (size before relaxing)
 .stab          0x0000000000001158       0x18 /usr/lib/gcc/avr/4.3.5/../../../avr/lib/avr5/libc.a(ultoa.o)
                                        0x1ec (size before relaxing)
 .stab          0x0000000000001170       0x18 /usr/lib/gcc/avr/4.3.5/../../../avr/lib/avr5/libc.a(cty_isfalse.o)
                                         0x6c (size before relaxing)
 .stab          0x0000000000001188       0xd8 /usr/lib/gcc/avr/4.3.5/../../../avr/lib/avr5/libc.a(strrev.o)
                                         0xe4 (size before relaxing)

.stabstr        0x0000000000000000      0xbf8
 *(.stabstr)
 .stabstr       0x0000000000000000      0xbf8 /usr/lib/gcc/avr/4.3.5/../../../avr/lib/avr5/crtm328p.o

.stab.excl
 *(.stab.excl)

.stab.exclstr
 *(.stab.exclstr)

.stab.index
 *(.stab.index)

.stab.indexstr
 *(.stab.indexstr)

.comment
 *(.comment)

.debug
 *(.debug)

.line
 *(.line)

.debug_srcinfo
 *(.debug_srcinfo)

.debug_sfnames
 *(.debug_sfnames)

.debug_aranges
 *(.debug_aranges)

.debug_pubnames
 *(.debug_pubnames)

.debug_info
 *(.debug_info)
 *(.gnu.linkonce.wi.*)

.debug_abbrev
 *(.debug_abbrev)

.debug_line
 *(.debug_line)

.debug_frame
 *(.debug_frame)

.debug_str
 *(.debug_str)

.debug_loc
 *(.debug_loc)

.debug_macinfo
 *(.debug_macinfo)
OUTPUT(b328.elf elf32-avr)
LOAD linker stubs

Cross Reference Table

Symbol                                            File
LEDDisplay::LEDDisplay(unsigned char)             ./src/lib/LEDDisplay.o
LEDDisplay::LEDDisplay(unsigned char)             ./src/lib/LEDDisplay.o
LEDDisplay::display(int, char)                    ./src/lib/LEDDisplay.o
LEDDisplay::findNumDigits(int, int)               ./src/lib/LEDDisplay.o
LEDDisplay::setDots(bool, bool, bool, bool, bool, bool) ./src/lib/LEDDisplay.o
MsTimer2::_overflow()                             ./src/lib/MsTimer2.o
MsTimer2::count                                   ./src/lib/MsTimer2.o
MsTimer2::func                                    ./src/lib/MsTimer2.o
MsTimer2::msecs                                   ./src/lib/MsTimer2.o
MsTimer2::overflowing                             ./src/lib/MsTimer2.o
MsTimer2::set(unsigned long, void (*)())          ./src/lib/MsTimer2.o
MsTimer2::start()                                 ./src/lib/MsTimer2.o
MsTimer2::stop()                                  ./src/lib/MsTimer2.o
MsTimer2::tcnt2                                   ./src/lib/MsTimer2.o
NewSoftSerial::NewSoftSerial(unsigned char, unsigned char, bool) ./src/lib/NewSoftSerial.o
NewSoftSerial::NewSoftSerial(unsigned char, unsigned char, bool) ./src/lib/NewSoftSerial.o
                                                  ./src/lib/RoboClaw.o
                                                  ./src/lib/LEDDisplay.o
NewSoftSerial::_receive_buffer                    ./src/lib/NewSoftSerial.o
NewSoftSerial::_receive_buffer_head               ./src/lib/NewSoftSerial.o
NewSoftSerial::_receive_buffer_tail               ./src/lib/NewSoftSerial.o
NewSoftSerial::activate()                         ./src/lib/NewSoftSerial.o
NewSoftSerial::active_object                      ./src/lib/NewSoftSerial.o
NewSoftSerial::available()                        ./src/lib/NewSoftSerial.o
NewSoftSerial::begin(long)                        ./src/lib/NewSoftSerial.o
                                                  ./src/lib/RoboClaw.o
                                                  ./src/lib/LEDDisplay.o
NewSoftSerial::enable_timer0(bool)                ./src/lib/NewSoftSerial.o
NewSoftSerial::end()                              ./src/lib/NewSoftSerial.o
NewSoftSerial::flush()                            ./src/lib/NewSoftSerial.o
NewSoftSerial::handle_interrupt()                 ./src/lib/NewSoftSerial.o
NewSoftSerial::read()                             ./src/lib/NewSoftSerial.o
NewSoftSerial::recv()                             ./src/lib/NewSoftSerial.o
NewSoftSerial::rx_pin_read()                      ./src/lib/NewSoftSerial.o
NewSoftSerial::setRX(unsigned char)               ./src/lib/NewSoftSerial.o
NewSoftSerial::setTX(unsigned char)               ./src/lib/NewSoftSerial.o
NewSoftSerial::tx_pin_write(unsigned char)        ./src/lib/NewSoftSerial.o
NewSoftSerial::write(unsigned char)               ./src/lib/NewSoftSerial.o
NewSoftSerial::~NewSoftSerial()                   ./src/lib/NewSoftSerial.o
NewSoftSerial::~NewSoftSerial()                   ./src/lib/NewSoftSerial.o
                                                  ./src/lib/RoboClaw.o
                                                  ./src/lib/LEDDisplay.o
Ping::Ping(unsigned char)                         ./src/lib/Ping.o
Ping::Ping(unsigned char)                         ./src/lib/Ping.o
Ping::getDistance()                               ./src/lib/Ping.o
PololuQTRSensors::calibrate(unsigned char)        ./src/lib/PololuQTRSensors.o
PololuQTRSensors::calibrateOnOrOff(unsigned int**, unsigned int**, unsigned char) ./src/lib/PololuQTRSensors.o
PololuQTRSensors::emittersOff()                   ./src/lib/PololuQTRSensors.o
PololuQTRSensors::emittersOn()                    ./src/lib/PololuQTRSensors.o
PololuQTRSensors::init(unsigned char*, unsigned char, unsigned char, unsigned char) ./src/lib/PololuQTRSensors.o
PololuQTRSensors::read(unsigned int*, unsigned char) ./src/lib/PololuQTRSensors.o
PololuQTRSensors::readCalibrated(unsigned int*, unsigned char) ./src/lib/PololuQTRSensors.o
PololuQTRSensors::readLine(unsigned int*, unsigned char, unsigned char) ./src/lib/PololuQTRSensors.o
PololuQTRSensors::resetCalibration()              ./src/lib/PololuQTRSensors.o
PololuQTRSensors::~PololuQTRSensors()             ./src/lib/PololuQTRSensors.o
PololuQTRSensors::~PololuQTRSensors()             ./src/lib/PololuQTRSensors.o
PololuQTRSensorsAnalog::PololuQTRSensorsAnalog(unsigned char*, unsigned char, unsigned char, unsigned char) ./src/lib/PololuQTRSensors.o
PololuQTRSensorsAnalog::PololuQTRSensorsAnalog(unsigned char*, unsigned char, unsigned char, unsigned char) ./src/lib/PololuQTRSensors.o
PololuQTRSensorsAnalog::init(unsigned char*, unsigned char, unsigned char, unsigned char) ./src/lib/PololuQTRSensors.o
PololuQTRSensorsAnalog::readPrivate(unsigned int*) ./src/lib/PololuQTRSensors.o
PololuQTRSensorsRC::PololuQTRSensorsRC(unsigned char*, unsigned char, unsigned int, unsigned char) ./src/lib/PololuQTRSensors.o
PololuQTRSensorsRC::PololuQTRSensorsRC(unsigned char*, unsigned char, unsigned int, unsigned char) ./src/lib/PololuQTRSensors.o
PololuQTRSensorsRC::init(unsigned char*, unsigned char, unsigned int, unsigned char) ./src/lib/PololuQTRSensors.o
PololuQTRSensorsRC::readPrivate(unsigned int*)    ./src/lib/PololuQTRSensors.o
Print::print(String const&)                       /home/rbtying/workspace/Arduino-328/Debug/libArduino.a(Print.o)
Print::print(char const*)                         /home/rbtying/workspace/Arduino-328/Debug/libArduino.a(Print.o)
                                                  ./src/lib/LEDDisplay.o
Print::print(char, int)                           /home/rbtying/workspace/Arduino-328/Debug/libArduino.a(Print.o)
                                                  ./src/lib/LEDDisplay.o
Print::print(double, int)                         /home/rbtying/workspace/Arduino-328/Debug/libArduino.a(Print.o)
Print::print(int, int)                            /home/rbtying/workspace/Arduino-328/Debug/libArduino.a(Print.o)
                                                  ./src/lib/LEDDisplay.o
Print::print(long, int)                           /home/rbtying/workspace/Arduino-328/Debug/libArduino.a(Print.o)
Print::print(unsigned char, int)                  /home/rbtying/workspace/Arduino-328/Debug/libArduino.a(Print.o)
                                                  ./src/lib/RoboClaw.o
Print::print(unsigned int, int)                   /home/rbtying/workspace/Arduino-328/Debug/libArduino.a(Print.o)
Print::print(unsigned long, int)                  /home/rbtying/workspace/Arduino-328/Debug/libArduino.a(Print.o)
Print::printFloat(double, unsigned char)          /home/rbtying/workspace/Arduino-328/Debug/libArduino.a(Print.o)
Print::printNumber(unsigned long, unsigned char)  /home/rbtying/workspace/Arduino-328/Debug/libArduino.a(Print.o)
Print::println()                                  /home/rbtying/workspace/Arduino-328/Debug/libArduino.a(Print.o)
Print::println(String const&)                     /home/rbtying/workspace/Arduino-328/Debug/libArduino.a(Print.o)
Print::println(char const*)                       /home/rbtying/workspace/Arduino-328/Debug/libArduino.a(Print.o)
Print::println(char, int)                         /home/rbtying/workspace/Arduino-328/Debug/libArduino.a(Print.o)
Print::println(double, int)                       /home/rbtying/workspace/Arduino-328/Debug/libArduino.a(Print.o)
Print::println(int, int)                          /home/rbtying/workspace/Arduino-328/Debug/libArduino.a(Print.o)
Print::println(long, int)                         /home/rbtying/workspace/Arduino-328/Debug/libArduino.a(Print.o)
Print::println(unsigned char, int)                /home/rbtying/workspace/Arduino-328/Debug/libArduino.a(Print.o)
Print::println(unsigned int, int)                 /home/rbtying/workspace/Arduino-328/Debug/libArduino.a(Print.o)
Print::println(unsigned long, int)                /home/rbtying/workspace/Arduino-328/Debug/libArduino.a(Print.o)
Print::write(char const*)                         /home/rbtying/workspace/Arduino-328/Debug/libArduino.a(Print.o)
                                                  ./src/lib/NewSoftSerial.o
Print::write(unsigned char const*, unsigned int)  /home/rbtying/workspace/Arduino-328/Debug/libArduino.a(Print.o)
                                                  ./src/lib/NewSoftSerial.o
RC_CTRL::RC_CTRL(unsigned char, unsigned char, unsigned char, unsigned char, unsigned char) ./src/lib/RC_CTRL.o
RC_CTRL::RC_CTRL(unsigned char, unsigned char, unsigned char, unsigned char, unsigned char) ./src/lib/RC_CTRL.o
RC_CTRL::getChannel(unsigned char)                ./src/lib/RC_CTRL.o
RC_CTRL::getKnob()                                ./src/lib/RC_CTRL.o
RC_CTRL::getThrottle(bool)                        ./src/lib/RC_CTRL.o
RC_CTRL::getYaw(bool)                             ./src/lib/RC_CTRL.o
RC_CTRL::readRC(unsigned char)                    ./src/lib/RC_CTRL.o
RC_CTRL::update()                                 ./src/lib/RC_CTRL.o
RoboClaw::RoboClaw(unsigned char, int)            ./src/lib/RoboClaw.o
RoboClaw::RoboClaw(unsigned char, int)            ./src/lib/RoboClaw.o
RoboClaw::checksum(unsigned char, unsigned char, unsigned char) ./src/lib/RoboClaw.o
RoboClaw::forward()                               ./src/lib/RoboClaw.o
RoboClaw::forward_left()                          ./src/lib/RoboClaw.o
RoboClaw::forward_right()                         ./src/lib/RoboClaw.o
RoboClaw::get_left_speed()                        ./src/lib/RoboClaw.o
RoboClaw::get_right_speed()                       ./src/lib/RoboClaw.o
RoboClaw::get_speed()                             ./src/lib/RoboClaw.o
RoboClaw::get_turn()                              ./src/lib/RoboClaw.o
RoboClaw::left()                                  ./src/lib/RoboClaw.o
RoboClaw::reverse()                               ./src/lib/RoboClaw.o
RoboClaw::reverse_left()                          ./src/lib/RoboClaw.o
RoboClaw::reverse_right()                         ./src/lib/RoboClaw.o
RoboClaw::right()                                 ./src/lib/RoboClaw.o
RoboClaw::sendMsg(unsigned char, unsigned char)   ./src/lib/RoboClaw.o
RoboClaw::set_left_speed(signed char)             ./src/lib/RoboClaw.o
RoboClaw::set_right_speed(signed char)            ./src/lib/RoboClaw.o
RoboClaw::set_speed(int)                          ./src/lib/RoboClaw.o
RoboClaw::set_turn(int)                           ./src/lib/RoboClaw.o
RoboClaw::stop()                                  ./src/lib/RoboClaw.o
Servo::Servo()                                    /home/rbtying/workspace/Arduino-328/Debug/libArduino.a(Servo.o)
Servo::Servo()                                    /home/rbtying/workspace/Arduino-328/Debug/libArduino.a(Servo.o)
                                                  ./src/Main.o
Servo::attach(int)                                /home/rbtying/workspace/Arduino-328/Debug/libArduino.a(Servo.o)
                                                  ./src/Main.o
Servo::attach(int, int, int)                      /home/rbtying/workspace/Arduino-328/Debug/libArduino.a(Servo.o)
Servo::attached()                                 /home/rbtying/workspace/Arduino-328/Debug/libArduino.a(Servo.o)
Servo::detach()                                   /home/rbtying/workspace/Arduino-328/Debug/libArduino.a(Servo.o)
Servo::read()                                     /home/rbtying/workspace/Arduino-328/Debug/libArduino.a(Servo.o)
Servo::readMicroseconds()                         /home/rbtying/workspace/Arduino-328/Debug/libArduino.a(Servo.o)
Servo::write(int)                                 /home/rbtying/workspace/Arduino-328/Debug/libArduino.a(Servo.o)
                                                  ./src/Main.o
Servo::writeMicroseconds(int)                     /home/rbtying/workspace/Arduino-328/Debug/libArduino.a(Servo.o)
ServoCount                                        /home/rbtying/workspace/Arduino-328/Debug/libArduino.a(Servo.o)
String::String(String const&)                     /home/rbtying/workspace/Arduino-328/Debug/libArduino.a(WString.o)
String::String(String const&)                     /home/rbtying/workspace/Arduino-328/Debug/libArduino.a(WString.o)
String::String(char const*)                       /home/rbtying/workspace/Arduino-328/Debug/libArduino.a(WString.o)
String::String(char const*)                       /home/rbtying/workspace/Arduino-328/Debug/libArduino.a(WString.o)
String::String(char)                              /home/rbtying/workspace/Arduino-328/Debug/libArduino.a(WString.o)
String::String(char)                              /home/rbtying/workspace/Arduino-328/Debug/libArduino.a(WString.o)
String::String(int, int)                          /home/rbtying/workspace/Arduino-328/Debug/libArduino.a(WString.o)
String::String(int, int)                          /home/rbtying/workspace/Arduino-328/Debug/libArduino.a(WString.o)
String::String(long, int)                         /home/rbtying/workspace/Arduino-328/Debug/libArduino.a(WString.o)
String::String(long, int)                         /home/rbtying/workspace/Arduino-328/Debug/libArduino.a(WString.o)
String::String(unsigned char)                     /home/rbtying/workspace/Arduino-328/Debug/libArduino.a(WString.o)
String::String(unsigned char)                     /home/rbtying/workspace/Arduino-328/Debug/libArduino.a(WString.o)
String::String(unsigned int, int)                 /home/rbtying/workspace/Arduino-328/Debug/libArduino.a(WString.o)
String::String(unsigned int, int)                 /home/rbtying/workspace/Arduino-328/Debug/libArduino.a(WString.o)
String::String(unsigned long, int)                /home/rbtying/workspace/Arduino-328/Debug/libArduino.a(WString.o)
String::String(unsigned long, int)                /home/rbtying/workspace/Arduino-328/Debug/libArduino.a(WString.o)
String::charAt(unsigned int) const                /home/rbtying/workspace/Arduino-328/Debug/libArduino.a(WString.o)
String::compareTo(String const&) const            /home/rbtying/workspace/Arduino-328/Debug/libArduino.a(WString.o)
String::concat(String const&)                     /home/rbtying/workspace/Arduino-328/Debug/libArduino.a(WString.o)
String::endsWith(String const&) const             /home/rbtying/workspace/Arduino-328/Debug/libArduino.a(WString.o)
String::equals(String const&) const               /home/rbtying/workspace/Arduino-328/Debug/libArduino.a(WString.o)
String::equalsIgnoreCase(String const&) const     /home/rbtying/workspace/Arduino-328/Debug/libArduino.a(WString.o)
String::getBuffer(unsigned int)                   /home/rbtying/workspace/Arduino-328/Debug/libArduino.a(WString.o)
String::getBytes(unsigned char*, unsigned int)    /home/rbtying/workspace/Arduino-328/Debug/libArduino.a(WString.o)
String::indexOf(String const&) const              /home/rbtying/workspace/Arduino-328/Debug/libArduino.a(WString.o)
String::indexOf(String const&, unsigned int) const /home/rbtying/workspace/Arduino-328/Debug/libArduino.a(WString.o)
String::indexOf(char) const                       /home/rbtying/workspace/Arduino-328/Debug/libArduino.a(WString.o)
String::indexOf(char, unsigned int) const         /home/rbtying/workspace/Arduino-328/Debug/libArduino.a(WString.o)
String::lastIndexOf(String const&) const          /home/rbtying/workspace/Arduino-328/Debug/libArduino.a(WString.o)
String::lastIndexOf(String const&, unsigned int) const /home/rbtying/workspace/Arduino-328/Debug/libArduino.a(WString.o)
String::lastIndexOf(char) const                   /home/rbtying/workspace/Arduino-328/Debug/libArduino.a(WString.o)
String::lastIndexOf(char, unsigned int) const     /home/rbtying/workspace/Arduino-328/Debug/libArduino.a(WString.o)
String::operator!=(String const&) const           /home/rbtying/workspace/Arduino-328/Debug/libArduino.a(WString.o)
String::operator+=(String const&)                 /home/rbtying/workspace/Arduino-328/Debug/libArduino.a(WString.o)
String::operator<(String const&) const            /home/rbtying/workspace/Arduino-328/Debug/libArduino.a(WString.o)
String::operator<=(String const&) const           /home/rbtying/workspace/Arduino-328/Debug/libArduino.a(WString.o)
String::operator=(String const&)                  /home/rbtying/workspace/Arduino-328/Debug/libArduino.a(WString.o)
String::operator==(String const&) const           /home/rbtying/workspace/Arduino-328/Debug/libArduino.a(WString.o)
String::operator>(String const&) const            /home/rbtying/workspace/Arduino-328/Debug/libArduino.a(WString.o)
String::operator>=(String const&) const           /home/rbtying/workspace/Arduino-328/Debug/libArduino.a(WString.o)
String::operator[](unsigned int)                  /home/rbtying/workspace/Arduino-328/Debug/libArduino.a(WString.o)
String::operator[](unsigned int) const            /home/rbtying/workspace/Arduino-328/Debug/libArduino.a(WString.o)
                                                  /home/rbtying/workspace/Arduino-328/Debug/libArduino.a(Print.o)
String::replace(String const&, String const&)     /home/rbtying/workspace/Arduino-328/Debug/libArduino.a(WString.o)
String::replace(char, char)                       /home/rbtying/workspace/Arduino-328/Debug/libArduino.a(WString.o)
String::setCharAt(unsigned int, char)             /home/rbtying/workspace/Arduino-328/Debug/libArduino.a(WString.o)
String::startsWith(String const&) const           /home/rbtying/workspace/Arduino-328/Debug/libArduino.a(WString.o)
String::startsWith(String const&, unsigned int) const /home/rbtying/workspace/Arduino-328/Debug/libArduino.a(WString.o)
String::substring(unsigned int) const             /home/rbtying/workspace/Arduino-328/Debug/libArduino.a(WString.o)
String::substring(unsigned int, unsigned int) const /home/rbtying/workspace/Arduino-328/Debug/libArduino.a(WString.o)
String::toCharArray(char*, unsigned int)          /home/rbtying/workspace/Arduino-328/Debug/libArduino.a(WString.o)
String::toLowerCase() const                       /home/rbtying/workspace/Arduino-328/Debug/libArduino.a(WString.o)
String::toUpperCase() const                       /home/rbtying/workspace/Arduino-328/Debug/libArduino.a(WString.o)
String::trim() const                              /home/rbtying/workspace/Arduino-328/Debug/libArduino.a(WString.o)
String::~String()                                 /home/rbtying/workspace/Arduino-328/Debug/libArduino.a(WString.o)
TSL1401::TSL1401(unsigned char, unsigned char, unsigned char, unsigned int) ./src/lib/TSL1401.o
TSL1401::TSL1401(unsigned char, unsigned char, unsigned char, unsigned int) ./src/lib/TSL1401.o
TSL1401::flush()                                  ./src/lib/TSL1401.o
TSL1401::getDataPointer()                         ./src/lib/TSL1401.o
TSL1401::getDataSize()                            ./src/lib/TSL1401.o
TSL1401::prepFrame()                              ./src/lib/TSL1401.o
TSL1401::resetSensor()                            ./src/lib/TSL1401.o
TSL1401::setExpo(unsigned int)                    ./src/lib/TSL1401.o
TSL1401::updateReadings()                         ./src/lib/TSL1401.o
TSL1401::~TSL1401()                               ./src/lib/TSL1401.o
TSL1401::~TSL1401()                               ./src/lib/TSL1401.o
__addsf3                                          /usr/lib/gcc/avr/4.3.5/avr5/libgcc.a(_addsub_sf.o)
                                                  /home/rbtying/workspace/Arduino-328/Debug/libArduino.a(Print.o)
__bad_interrupt                                   /usr/lib/gcc/avr/4.3.5/../../../avr/lib/avr5/crtm328p.o
__brkval                                          /usr/lib/gcc/avr/4.3.5/../../../avr/lib/avr5/libc.a(malloc.o)
__bss_end                                         /usr/lib/gcc/avr/4.3.5/avr5/libgcc.a(_clear_bss.o)
__bss_start                                       /usr/lib/gcc/avr/4.3.5/avr5/libgcc.a(_clear_bss.o)
__clz_tab                                         /usr/lib/gcc/avr/4.3.5/avr5/libgcc.a(_clz.o)
                                                  /usr/lib/gcc/avr/4.3.5/avr5/libgcc.a(_clzsi2.o)
__clzsi2                                          /usr/lib/gcc/avr/4.3.5/avr5/libgcc.a(_clzsi2.o)
                                                  /usr/lib/gcc/avr/4.3.5/avr5/libgcc.a(_usi_to_sf.o)
                                                  /usr/lib/gcc/avr/4.3.5/avr5/libgcc.a(_si_to_sf.o)
__ctors_end                                       /usr/lib/gcc/avr/4.3.5/avr5/libgcc.a(_ctors.o)
__ctors_start                                     /usr/lib/gcc/avr/4.3.5/avr5/libgcc.a(_ctors.o)
__ctype_isfalse                                   /usr/lib/gcc/avr/4.3.5/../../../avr/lib/avr5/libc.a(cty_isfalse.o)
                                                  /usr/lib/gcc/avr/4.3.5/../../../avr/lib/avr5/libc.a(isspace.o)
__ctype_istrue                                    /usr/lib/gcc/avr/4.3.5/../../../avr/lib/avr5/libc.a(cty_isfalse.o)
__cxa_pure_virtual                                /home/rbtying/workspace/Arduino-328/Debug/libArduino.a(missing.o)
                                                  /home/rbtying/workspace/Arduino-328/Debug/libArduino.a(Print.o)
__data_end                                        /usr/lib/gcc/avr/4.3.5/avr5/libgcc.a(_copy_data.o)
__data_load_start                                 /usr/lib/gcc/avr/4.3.5/avr5/libgcc.a(_copy_data.o)
__data_start                                      /usr/lib/gcc/avr/4.3.5/avr5/libgcc.a(_copy_data.o)
__divmodhi4                                       /usr/lib/gcc/avr/4.3.5/avr5/libgcc.a(_divmodhi4.o)
                                                  /home/rbtying/workspace/Arduino-328/Debug/libArduino.a(Servo.o)
                                                  ./src/lib/NewSoftSerial.o
                                                  ./src/lib/LEDDisplay.o
__divmodsi4                                       /usr/lib/gcc/avr/4.3.5/avr5/libgcc.a(_divmodsi4.o)
                                                  /usr/lib/gcc/avr/4.3.5/../../../avr/lib/avr5/libc.a(random.o)
                                                  /home/rbtying/workspace/Arduino-328/Debug/libArduino.a(WMath.o)
                                                  ./src/lib/PololuQTRSensors.o
__divsf3                                          /usr/lib/gcc/avr/4.3.5/avr5/libgcc.a(_div_sf.o)
                                                  /home/rbtying/workspace/Arduino-328/Debug/libArduino.a(Print.o)
__do_clear_bss                                    /usr/lib/gcc/avr/4.3.5/avr5/libgcc.a(_clear_bss.o)
                                                  /usr/lib/gcc/avr/4.3.5/../../../avr/lib/avr5/libc.a(malloc.o)
                                                  /home/rbtying/workspace/Arduino-328/Debug/libArduino.a(Servo.o)
                                                  /home/rbtying/workspace/Arduino-328/Debug/libArduino.a(wiring.o)
                                                  /home/rbtying/workspace/Arduino-328/Debug/libArduino.a(WString.o)
                                                  ./src/Main.o
                                                  ./src/lib/PololuQTRSensors.o
                                                  ./src/lib/NewSoftSerial.o
                                                  ./src/lib/MsTimer2.o
__do_copy_data                                    /usr/lib/gcc/avr/4.3.5/avr5/libgcc.a(_copy_data.o)
                                                  /usr/lib/gcc/avr/4.3.5/../../../avr/lib/avr5/libc.a(random.o)
                                                  /usr/lib/gcc/avr/4.3.5/../../../avr/lib/avr5/libc.a(malloc.o)
                                                  /usr/lib/gcc/avr/4.3.5/avr5/libgcc.a(_clz.o)
                                                  /usr/lib/gcc/avr/4.3.5/avr5/libgcc.a(_thenan_sf.o)
                                                  /home/rbtying/workspace/Arduino-328/Debug/libArduino.a(wiring_analog.o)
                                                  /home/rbtying/workspace/Arduino-328/Debug/libArduino.a(WString.o)
                                                  /home/rbtying/workspace/Arduino-328/Debug/libArduino.a(Print.o)
                                                  ./src/lib/NewSoftSerial.o
                                                  ./src/lib/LEDDisplay.o
__do_global_ctors                                 /usr/lib/gcc/avr/4.3.5/avr5/libgcc.a(_ctors.o)
                                                  ./src/Main.o
__epilogue_restores__                             /usr/lib/gcc/avr/4.3.5/avr5/libgcc.a(_epilogue.o)
                                                  /usr/lib/gcc/avr/4.3.5/../../../avr/lib/avr5/libc.a(random.o)
                                                  /usr/lib/gcc/avr/4.3.5/avr5/libgcc.a(_usi_to_sf.o)
                                                  /usr/lib/gcc/avr/4.3.5/avr5/libgcc.a(_sf_to_si.o)
                                                  /usr/lib/gcc/avr/4.3.5/avr5/libgcc.a(_si_to_sf.o)
                                                  /usr/lib/gcc/avr/4.3.5/avr5/libgcc.a(_lt_sf.o)
                                                  /usr/lib/gcc/avr/4.3.5/avr5/libgcc.a(_ge_sf.o)
                                                  /usr/lib/gcc/avr/4.3.5/avr5/libgcc.a(_div_sf.o)
                                                  /usr/lib/gcc/avr/4.3.5/avr5/libgcc.a(_mul_sf.o)
                                                  /usr/lib/gcc/avr/4.3.5/avr5/libgcc.a(_addsub_sf.o)
__fixsfsi                                         /usr/lib/gcc/avr/4.3.5/avr5/libgcc.a(_sf_to_si.o)
                                                  /usr/lib/gcc/avr/4.3.5/avr5/libgcc.a(_fixunssfsi.o)
                                                  /home/rbtying/workspace/Arduino-328/Debug/libArduino.a(Print.o)
__fixunssfsi                                      /usr/lib/gcc/avr/4.3.5/avr5/libgcc.a(_fixunssfsi.o)
                                                  /home/rbtying/workspace/Arduino-328/Debug/libArduino.a(Print.o)
__floatsisf                                       /usr/lib/gcc/avr/4.3.5/avr5/libgcc.a(_si_to_sf.o)
                                                  /home/rbtying/workspace/Arduino-328/Debug/libArduino.a(Print.o)
__floatunsisf                                     /usr/lib/gcc/avr/4.3.5/avr5/libgcc.a(_usi_to_sf.o)
                                                  /home/rbtying/workspace/Arduino-328/Debug/libArduino.a(Print.o)
__flp                                             /usr/lib/gcc/avr/4.3.5/../../../avr/lib/avr5/libc.a(malloc.o)
__fpcmp_parts_f                                   /usr/lib/gcc/avr/4.3.5/avr5/libgcc.a(_fpcmp_parts_sf.o)
                                                  /usr/lib/gcc/avr/4.3.5/avr5/libgcc.a(_lt_sf.o)
                                                  /usr/lib/gcc/avr/4.3.5/avr5/libgcc.a(_ge_sf.o)
__gesf2                                           /usr/lib/gcc/avr/4.3.5/avr5/libgcc.a(_ge_sf.o)
                                                  /usr/lib/gcc/avr/4.3.5/avr5/libgcc.a(_fixunssfsi.o)
__heap_end                                        /usr/lib/gcc/avr/4.3.5/../../../avr/lib/avr5/crtm328p.o
                                                  /usr/lib/gcc/avr/4.3.5/../../../avr/lib/avr5/libc.a(malloc.o)
__heap_start                                      /usr/lib/gcc/avr/4.3.5/../../../avr/lib/avr5/libc.a(malloc.o)
__init                                            /usr/lib/gcc/avr/4.3.5/../../../avr/lib/avr5/crtm328p.o
__ltsf2                                           /usr/lib/gcc/avr/4.3.5/avr5/libgcc.a(_lt_sf.o)
                                                  /home/rbtying/workspace/Arduino-328/Debug/libArduino.a(Print.o)
__malloc_heap_end                                 /usr/lib/gcc/avr/4.3.5/../../../avr/lib/avr5/libc.a(malloc.o)
__malloc_heap_start                               /usr/lib/gcc/avr/4.3.5/../../../avr/lib/avr5/libc.a(malloc.o)
__malloc_margin                                   /usr/lib/gcc/avr/4.3.5/../../../avr/lib/avr5/libc.a(malloc.o)
__mulsf3                                          /usr/lib/gcc/avr/4.3.5/avr5/libgcc.a(_mul_sf.o)
                                                  /home/rbtying/workspace/Arduino-328/Debug/libArduino.a(Print.o)
__mulsi3                                          /usr/lib/gcc/avr/4.3.5/avr5/libgcc.a(_mulsi3.o)
                                                  /usr/lib/gcc/avr/4.3.5/../../../avr/lib/avr5/libc.a(random.o)
                                                  /home/rbtying/workspace/Arduino-328/Debug/libArduino.a(Servo.o)
                                                  /home/rbtying/workspace/Arduino-328/Debug/libArduino.a(wiring_pulse.o)
                                                  /home/rbtying/workspace/Arduino-328/Debug/libArduino.a(WMath.o)
                                                  ./src/lib/PololuQTRSensors.o
__pack_f                                          /usr/lib/gcc/avr/4.3.5/avr5/libgcc.a(_pack_sf.o)
                                                  /usr/lib/gcc/avr/4.3.5/avr5/libgcc.a(_usi_to_sf.o)
                                                  /usr/lib/gcc/avr/4.3.5/avr5/libgcc.a(_si_to_sf.o)
                                                  /usr/lib/gcc/avr/4.3.5/avr5/libgcc.a(_div_sf.o)
                                                  /usr/lib/gcc/avr/4.3.5/avr5/libgcc.a(_mul_sf.o)
                                                  /usr/lib/gcc/avr/4.3.5/avr5/libgcc.a(_addsub_sf.o)
__prologue_saves__                                /usr/lib/gcc/avr/4.3.5/avr5/libgcc.a(_prologue.o)
                                                  /usr/lib/gcc/avr/4.3.5/../../../avr/lib/avr5/libc.a(random.o)
                                                  /usr/lib/gcc/avr/4.3.5/avr5/libgcc.a(_usi_to_sf.o)
                                                  /usr/lib/gcc/avr/4.3.5/avr5/libgcc.a(_sf_to_si.o)
                                                  /usr/lib/gcc/avr/4.3.5/avr5/libgcc.a(_si_to_sf.o)
                                                  /usr/lib/gcc/avr/4.3.5/avr5/libgcc.a(_lt_sf.o)
                                                  /usr/lib/gcc/avr/4.3.5/avr5/libgcc.a(_ge_sf.o)
                                                  /usr/lib/gcc/avr/4.3.5/avr5/libgcc.a(_div_sf.o)
                                                  /usr/lib/gcc/avr/4.3.5/avr5/libgcc.a(_mul_sf.o)
                                                  /usr/lib/gcc/avr/4.3.5/avr5/libgcc.a(_addsub_sf.o)
__stack                                           /usr/lib/gcc/avr/4.3.5/../../../avr/lib/avr5/crtm328p.o
__subsf3                                          /usr/lib/gcc/avr/4.3.5/avr5/libgcc.a(_addsub_sf.o)
                                                  /usr/lib/gcc/avr/4.3.5/avr5/libgcc.a(_fixunssfsi.o)
                                                  /home/rbtying/workspace/Arduino-328/Debug/libArduino.a(Print.o)
__tablejump2__                                    /usr/lib/gcc/avr/4.3.5/avr5/libgcc.a(_tablejump.o)
__tablejump__                                     /usr/lib/gcc/avr/4.3.5/avr5/libgcc.a(_tablejump.o)
                                                  /usr/lib/gcc/avr/4.3.5/avr5/libgcc.a(_ctors.o)
__thenan_sf                                       /usr/lib/gcc/avr/4.3.5/avr5/libgcc.a(_thenan_sf.o)
                                                  /usr/lib/gcc/avr/4.3.5/avr5/libgcc.a(_div_sf.o)
                                                  /usr/lib/gcc/avr/4.3.5/avr5/libgcc.a(_mul_sf.o)
                                                  /usr/lib/gcc/avr/4.3.5/avr5/libgcc.a(_addsub_sf.o)
__udivmodhi4                                      /usr/lib/gcc/avr/4.3.5/avr5/libgcc.a(_udivmodhi4.o)
                                                  /usr/lib/gcc/avr/4.3.5/../../../avr/lib/avr5/libc.a(itoa.o)
                                                  /usr/lib/gcc/avr/4.3.5/avr5/libgcc.a(_divmodhi4.o)
                                                  /home/rbtying/workspace/Arduino-328/Debug/libArduino.a(Servo.o)
                                                  ./src/lib/PololuQTRSensors.o
                                                  ./src/lib/Ping.o
__udivmodqi4                                      /usr/lib/gcc/avr/4.3.5/avr5/libgcc.a(_udivmodqi4.o)
                                                  /home/rbtying/workspace/Arduino-328/Debug/libArduino.a(Servo.o)
__udivmodsi4                                      /usr/lib/gcc/avr/4.3.5/avr5/libgcc.a(_udivmodsi4.o)
                                                  /usr/lib/gcc/avr/4.3.5/../../../avr/lib/avr5/libc.a(ultoa.o)
                                                  /usr/lib/gcc/avr/4.3.5/../../../avr/lib/avr5/libc.a(ltoa.o)
                                                  /usr/lib/gcc/avr/4.3.5/avr5/libgcc.a(_divmodsi4.o)
                                                  /home/rbtying/workspace/Arduino-328/Debug/libArduino.a(wiring_pulse.o)
                                                  /home/rbtying/workspace/Arduino-328/Debug/libArduino.a(Print.o)
                                                  ./src/lib/PololuQTRSensors.o
__unpack_f                                        /usr/lib/gcc/avr/4.3.5/avr5/libgcc.a(_unpack_sf.o)
                                                  /usr/lib/gcc/avr/4.3.5/avr5/libgcc.a(_sf_to_si.o)
                                                  /usr/lib/gcc/avr/4.3.5/avr5/libgcc.a(_lt_sf.o)
                                                  /usr/lib/gcc/avr/4.3.5/avr5/libgcc.a(_ge_sf.o)
                                                  /usr/lib/gcc/avr/4.3.5/avr5/libgcc.a(_div_sf.o)
                                                  /usr/lib/gcc/avr/4.3.5/avr5/libgcc.a(_mul_sf.o)
                                                  /usr/lib/gcc/avr/4.3.5/avr5/libgcc.a(_addsub_sf.o)
__vector_1                                        /usr/lib/gcc/avr/4.3.5/../../../avr/lib/avr5/crtm328p.o
__vector_10                                       /usr/lib/gcc/avr/4.3.5/../../../avr/lib/avr5/crtm328p.o
__vector_11                                       /home/rbtying/workspace/Arduino-328/Debug/libArduino.a(Servo.o)
                                                  /usr/lib/gcc/avr/4.3.5/../../../avr/lib/avr5/crtm328p.o
__vector_12                                       /usr/lib/gcc/avr/4.3.5/../../../avr/lib/avr5/crtm328p.o
__vector_13                                       /usr/lib/gcc/avr/4.3.5/../../../avr/lib/avr5/crtm328p.o
__vector_14                                       /usr/lib/gcc/avr/4.3.5/../../../avr/lib/avr5/crtm328p.o
__vector_15                                       /usr/lib/gcc/avr/4.3.5/../../../avr/lib/avr5/crtm328p.o
__vector_16                                       /home/rbtying/workspace/Arduino-328/Debug/libArduino.a(wiring.o)
                                                  /usr/lib/gcc/avr/4.3.5/../../../avr/lib/avr5/crtm328p.o
__vector_17                                       /usr/lib/gcc/avr/4.3.5/../../../avr/lib/avr5/crtm328p.o
__vector_18                                       /usr/lib/gcc/avr/4.3.5/../../../avr/lib/avr5/crtm328p.o
__vector_19                                       /usr/lib/gcc/avr/4.3.5/../../../avr/lib/avr5/crtm328p.o
__vector_2                                        /usr/lib/gcc/avr/4.3.5/../../../avr/lib/avr5/crtm328p.o
__vector_20                                       /usr/lib/gcc/avr/4.3.5/../../../avr/lib/avr5/crtm328p.o
__vector_21                                       /usr/lib/gcc/avr/4.3.5/../../../avr/lib/avr5/crtm328p.o
__vector_22                                       /usr/lib/gcc/avr/4.3.5/../../../avr/lib/avr5/crtm328p.o
__vector_23                                       /usr/lib/gcc/avr/4.3.5/../../../avr/lib/avr5/crtm328p.o
__vector_24                                       /usr/lib/gcc/avr/4.3.5/../../../avr/lib/avr5/crtm328p.o
__vector_25                                       /usr/lib/gcc/avr/4.3.5/../../../avr/lib/avr5/crtm328p.o
__vector_3                                        ./src/lib/NewSoftSerial.o
                                                  /usr/lib/gcc/avr/4.3.5/../../../avr/lib/avr5/crtm328p.o
__vector_4                                        ./src/lib/NewSoftSerial.o
                                                  /usr/lib/gcc/avr/4.3.5/../../../avr/lib/avr5/crtm328p.o
__vector_5                                        ./src/lib/NewSoftSerial.o
                                                  /usr/lib/gcc/avr/4.3.5/../../../avr/lib/avr5/crtm328p.o
__vector_6                                        /usr/lib/gcc/avr/4.3.5/../../../avr/lib/avr5/crtm328p.o
__vector_7                                        /usr/lib/gcc/avr/4.3.5/../../../avr/lib/avr5/crtm328p.o
__vector_8                                        /usr/lib/gcc/avr/4.3.5/../../../avr/lib/avr5/crtm328p.o
__vector_9                                        ./src/lib/MsTimer2.o
                                                  /usr/lib/gcc/avr/4.3.5/../../../avr/lib/avr5/crtm328p.o
__vector_default                                  /usr/lib/gcc/avr/4.3.5/../../../avr/lib/avr5/crtm328p.o
__vectors                                         /usr/lib/gcc/avr/4.3.5/../../../avr/lib/avr5/crtm328p.o
_div                                              /usr/lib/gcc/avr/4.3.5/avr5/libgcc.a(_divmodhi4.o)
_exit                                             /usr/lib/gcc/avr/4.3.5/avr5/libgcc.a(_exit.o)
analogRead                                        /home/rbtying/workspace/Arduino-328/Debug/libArduino.a(wiring_analog.o)
                                                  ./src/lib/TSL1401.o
                                                  ./src/lib/PololuQTRSensors.o
analogReference                                   /home/rbtying/workspace/Arduino-328/Debug/libArduino.a(wiring_analog.o)
analogWrite                                       /home/rbtying/workspace/Arduino-328/Debug/libArduino.a(wiring_analog.o)
analog_reference                                  /home/rbtying/workspace/Arduino-328/Debug/libArduino.a(wiring_analog.o)
delay                                             /home/rbtying/workspace/Arduino-328/Debug/libArduino.a(wiring.o)
delayMicroseconds                                 /home/rbtying/workspace/Arduino-328/Debug/libArduino.a(wiring.o)
                                                  ./src/lib/TSL1401.o
                                                  ./src/lib/PololuQTRSensors.o
                                                  ./src/lib/Ping.o
digitalRead                                       /home/rbtying/workspace/Arduino-328/Debug/libArduino.a(wiring_digital.o)
                                                  ./src/lib/PololuQTRSensors.o
digitalWrite                                      /home/rbtying/workspace/Arduino-328/Debug/libArduino.a(wiring_digital.o)
                                                  /home/rbtying/workspace/Arduino-328/Debug/libArduino.a(Servo.o)
                                                  /home/rbtying/workspace/Arduino-328/Debug/libArduino.a(wiring_analog.o)
                                                  ./src/lib/TSL1401.o
                                                  ./src/lib/PololuQTRSensors.o
                                                  ./src/lib/Ping.o
                                                  ./src/lib/NewSoftSerial.o
digital_pin_to_bit_mask_PGM                       /home/rbtying/workspace/Arduino-328/Debug/libArduino.a(pins_arduino.o)
                                                  /home/rbtying/workspace/Arduino-328/Debug/libArduino.a(wiring_pulse.o)
                                                  /home/rbtying/workspace/Arduino-328/Debug/libArduino.a(wiring_digital.o)
                                                  ./src/lib/NewSoftSerial.o
digital_pin_to_port_PGM                           /home/rbtying/workspace/Arduino-328/Debug/libArduino.a(pins_arduino.o)
                                                  /home/rbtying/workspace/Arduino-328/Debug/libArduino.a(wiring_pulse.o)
                                                  /home/rbtying/workspace/Arduino-328/Debug/libArduino.a(wiring_digital.o)
                                                  ./src/lib/NewSoftSerial.o
digital_pin_to_timer_PGM                          /home/rbtying/workspace/Arduino-328/Debug/libArduino.a(pins_arduino.o)
                                                  /home/rbtying/workspace/Arduino-328/Debug/libArduino.a(wiring_digital.o)
                                                  /home/rbtying/workspace/Arduino-328/Debug/libArduino.a(wiring_analog.o)
exit                                              /usr/lib/gcc/avr/4.3.5/avr5/libgcc.a(_exit.o)
                                                  /usr/lib/gcc/avr/4.3.5/../../../avr/lib/avr5/crtm328p.o
free                                              /usr/lib/gcc/avr/4.3.5/../../../avr/lib/avr5/libc.a(malloc.o)
                                                  /home/rbtying/workspace/Arduino-328/Debug/libArduino.a(WString.o)
                                                  ./src/lib/TSL1401.o
                                                  ./src/lib/PololuQTRSensors.o
init                                              /home/rbtying/workspace/Arduino-328/Debug/libArduino.a(wiring.o)
                                                  ./src/Main.o
isspace                                           /usr/lib/gcc/avr/4.3.5/../../../avr/lib/avr5/libc.a(isspace.o)
                                                  /home/rbtying/workspace/Arduino-328/Debug/libArduino.a(WString.o)
itoa                                              /usr/lib/gcc/avr/4.3.5/../../../avr/lib/avr5/libc.a(itoa.o)
                                                  /home/rbtying/workspace/Arduino-328/Debug/libArduino.a(WString.o)
ltoa                                              /usr/lib/gcc/avr/4.3.5/../../../avr/lib/avr5/libc.a(ltoa.o)
                                                  /home/rbtying/workspace/Arduino-328/Debug/libArduino.a(WString.o)
main                                              ./src/Main.o
                                                  /usr/lib/gcc/avr/4.3.5/../../../avr/lib/avr5/crtm328p.o
makeWord(unsigned char, unsigned char)            /home/rbtying/workspace/Arduino-328/Debug/libArduino.a(WMath.o)
makeWord(unsigned int)                            /home/rbtying/workspace/Arduino-328/Debug/libArduino.a(WMath.o)
malloc                                            /usr/lib/gcc/avr/4.3.5/../../../avr/lib/avr5/libc.a(malloc.o)
                                                  /home/rbtying/workspace/Arduino-328/Debug/libArduino.a(WString.o)
                                                  ./src/lib/PololuQTRSensors.o
map(long, long, long, long, long)                 /home/rbtying/workspace/Arduino-328/Debug/libArduino.a(WMath.o)
                                                  /home/rbtying/workspace/Arduino-328/Debug/libArduino.a(Servo.o)
                                                  ./src/lib/RC_CTRL.o
micros                                            /home/rbtying/workspace/Arduino-328/Debug/libArduino.a(wiring.o)
                                                  ./src/lib/PololuQTRSensors.o
millis                                            /home/rbtying/workspace/Arduino-328/Debug/libArduino.a(wiring.o)
pinMode                                           /home/rbtying/workspace/Arduino-328/Debug/libArduino.a(wiring_digital.o)
                                                  /home/rbtying/workspace/Arduino-328/Debug/libArduino.a(Servo.o)
                                                  /home/rbtying/workspace/Arduino-328/Debug/libArduino.a(wiring_analog.o)
                                                  ./src/lib/TSL1401.o
                                                  ./src/lib/RC_CTRL.o
                                                  ./src/lib/PololuQTRSensors.o
                                                  ./src/lib/Ping.o
                                                  ./src/lib/NewSoftSerial.o
                                                  ./src/lib/LEDDisplay.o
port_to_input_PGM                                 /home/rbtying/workspace/Arduino-328/Debug/libArduino.a(pins_arduino.o)
                                                  /home/rbtying/workspace/Arduino-328/Debug/libArduino.a(wiring_pulse.o)
                                                  /home/rbtying/workspace/Arduino-328/Debug/libArduino.a(wiring_digital.o)
                                                  ./src/lib/NewSoftSerial.o
port_to_mode_PGM                                  /home/rbtying/workspace/Arduino-328/Debug/libArduino.a(pins_arduino.o)
                                                  /home/rbtying/workspace/Arduino-328/Debug/libArduino.a(wiring_digital.o)
port_to_output_PGM                                /home/rbtying/workspace/Arduino-328/Debug/libArduino.a(pins_arduino.o)
                                                  /home/rbtying/workspace/Arduino-328/Debug/libArduino.a(wiring_digital.o)
                                                  ./src/lib/NewSoftSerial.o
pulseIn                                           /home/rbtying/workspace/Arduino-328/Debug/libArduino.a(wiring_pulse.o)
                                                  ./src/lib/RC_CTRL.o
                                                  ./src/lib/Ping.o
random                                            /usr/lib/gcc/avr/4.3.5/../../../avr/lib/avr5/libc.a(random.o)
                                                  /home/rbtying/workspace/Arduino-328/Debug/libArduino.a(WMath.o)
random(long)                                      /home/rbtying/workspace/Arduino-328/Debug/libArduino.a(WMath.o)
random(long, long)                                /home/rbtying/workspace/Arduino-328/Debug/libArduino.a(WMath.o)
randomSeed(unsigned int)                          /home/rbtying/workspace/Arduino-328/Debug/libArduino.a(WMath.o)
random_r                                          /usr/lib/gcc/avr/4.3.5/../../../avr/lib/avr5/libc.a(random.o)
serv                                              ./src/Main.o
srandom                                           /usr/lib/gcc/avr/4.3.5/../../../avr/lib/avr5/libc.a(random.o)
                                                  /home/rbtying/workspace/Arduino-328/Debug/libArduino.a(WMath.o)
strcat                                            /usr/lib/gcc/avr/4.3.5/../../../avr/lib/avr5/libc.a(strcat.o)
                                                  /home/rbtying/workspace/Arduino-328/Debug/libArduino.a(WString.o)
strchr                                            /usr/lib/gcc/avr/4.3.5/../../../avr/lib/avr5/libc.a(strchr.o)
                                                  /home/rbtying/workspace/Arduino-328/Debug/libArduino.a(WString.o)
strcmp                                            /usr/lib/gcc/avr/4.3.5/../../../avr/lib/avr5/libc.a(strcmp.o)
                                                  /home/rbtying/workspace/Arduino-328/Debug/libArduino.a(WString.o)
strcpy                                            /usr/lib/gcc/avr/4.3.5/../../../avr/lib/avr5/libc.a(strcpy.o)
                                                  /home/rbtying/workspace/Arduino-328/Debug/libArduino.a(WString.o)
strncmp                                           /usr/lib/gcc/avr/4.3.5/../../../avr/lib/avr5/libc.a(strncmp.o)
                                                  /home/rbtying/workspace/Arduino-328/Debug/libArduino.a(WString.o)
strncpy                                           /usr/lib/gcc/avr/4.3.5/../../../avr/lib/avr5/libc.a(strncpy.o)
                                                  /home/rbtying/workspace/Arduino-328/Debug/libArduino.a(WString.o)
strrchr                                           /usr/lib/gcc/avr/4.3.5/../../../avr/lib/avr5/libc.a(strrchr.o)
                                                  /home/rbtying/workspace/Arduino-328/Debug/libArduino.a(WString.o)
strrev                                            /usr/lib/gcc/avr/4.3.5/../../../avr/lib/avr5/libc.a(strrev.o)
                                                  /usr/lib/gcc/avr/4.3.5/../../../avr/lib/avr5/libc.a(ultoa.o)
                                                  /usr/lib/gcc/avr/4.3.5/../../../avr/lib/avr5/libc.a(ltoa.o)
                                                  /usr/lib/gcc/avr/4.3.5/../../../avr/lib/avr5/libc.a(itoa.o)
strstr                                            /usr/lib/gcc/avr/4.3.5/../../../avr/lib/avr5/libc.a(strstr.o)
                                                  /home/rbtying/workspace/Arduino-328/Debug/libArduino.a(WString.o)
timer0_millis                                     /home/rbtying/workspace/Arduino-328/Debug/libArduino.a(wiring.o)
timer0_overflow_count                             /home/rbtying/workspace/Arduino-328/Debug/libArduino.a(wiring.o)
tolower                                           /usr/lib/gcc/avr/4.3.5/../../../avr/lib/avr5/libc.a(tolower.o)
                                                  /home/rbtying/workspace/Arduino-328/Debug/libArduino.a(WString.o)
toupper                                           /usr/lib/gcc/avr/4.3.5/../../../avr/lib/avr5/libc.a(toupper.o)
                                                  /home/rbtying/workspace/Arduino-328/Debug/libArduino.a(WString.o)
ultoa                                             /usr/lib/gcc/avr/4.3.5/../../../avr/lib/avr5/libc.a(ultoa.o)
                                                  /home/rbtying/workspace/Arduino-328/Debug/libArduino.a(WString.o)
vtable for NewSoftSerial                          ./src/lib/NewSoftSerial.o
vtable for Print                                  /home/rbtying/workspace/Arduino-328/Debug/libArduino.a(Print.o)
