Archive member included because of file (symbol)

/home/rbtying/robot/firmware/Arduino-328P/Debug/libArduino.a(HardwareSerial.o)
                              ./src/Main.o (HardwareSerial::begin(long))
/home/rbtying/robot/firmware/Arduino-328P/Debug/libArduino.a(Print.o)
                              ./src/lib/LEDDisplay.o (Print::write(char const*))
/home/rbtying/robot/firmware/Arduino-328P/Debug/libArduino.a(WInterrupts.o)
                              ./src/Main.o (attachInterrupt)
/home/rbtying/robot/firmware/Arduino-328P/Debug/libArduino.a(WMath.o)
                              ./src/lib/RC_CTRL.o (map(long, long, long, long, long))
/home/rbtying/robot/firmware/Arduino-328P/Debug/libArduino.a(WString.o)
                              /home/rbtying/robot/firmware/Arduino-328P/Debug/libArduino.a(Print.o) (String::operator[](unsigned int) const)
/home/rbtying/robot/firmware/Arduino-328P/Debug/libArduino.a(missing.o)
                              /home/rbtying/robot/firmware/Arduino-328P/Debug/libArduino.a(HardwareSerial.o) (__cxa_pure_virtual)
/home/rbtying/robot/firmware/Arduino-328P/Debug/libArduino.a(pins_arduino.o)
                              ./src/lib/NewSoftSerial.o (port_to_output_PGM)
/home/rbtying/robot/firmware/Arduino-328P/Debug/libArduino.a(wiring.o)
                              ./src/lib/Controller.o (millis)
/home/rbtying/robot/firmware/Arduino-328P/Debug/libArduino.a(wiring_analog.o)
                              ./src/lib/CD74HC4067.o (analogRead)
/home/rbtying/robot/firmware/Arduino-328P/Debug/libArduino.a(wiring_digital.o)
                              ./src/lib/CD74HC4067.o (pinMode)
/home/rbtying/robot/firmware/Arduino-328P/Debug/libArduino.a(wiring_pulse.o)
                              ./src/lib/Ping.o (pulseIn)
/home/rbtying/robot/firmware/Arduino-328P/Debug/libArduino.a(Servo.o)
                              ./src/Main.o (Servo::Servo())
/usr/lib/gcc/avr/4.3.5/avr5/libgcc.a(_mulsi3.o)
                              /home/rbtying/robot/firmware/Arduino-328P/Debug/libArduino.a(HardwareSerial.o) (__mulsi3)
/usr/lib/gcc/avr/4.3.5/avr5/libgcc.a(_udivmodqi4.o)
                              /home/rbtying/robot/firmware/Arduino-328P/Debug/libArduino.a(Servo.o) (__udivmodqi4)
/usr/lib/gcc/avr/4.3.5/avr5/libgcc.a(_udivmodhi4.o)
                              ./src/lib/Ping.o (__udivmodhi4)
/usr/lib/gcc/avr/4.3.5/avr5/libgcc.a(_divmodhi4.o)
                              ./src/lib/LEDDisplay.o (__divmodhi4)
/usr/lib/gcc/avr/4.3.5/avr5/libgcc.a(_udivmodsi4.o)
                              ./src/lib/TSL1401.o (__udivmodsi4)
/usr/lib/gcc/avr/4.3.5/avr5/libgcc.a(_divmodsi4.o)
                              /home/rbtying/robot/firmware/Arduino-328P/Debug/libArduino.a(WMath.o) (__divmodsi4)
/usr/lib/gcc/avr/4.3.5/avr5/libgcc.a(_exit.o)
                              /usr/lib/gcc/avr/4.3.5/../../../avr/lib/avr5/crtm328p.o (exit)
/usr/lib/gcc/avr/4.3.5/avr5/libgcc.a(_copy_data.o)
                              ./src/lib/Controller.o (__do_copy_data)
/usr/lib/gcc/avr/4.3.5/avr5/libgcc.a(_clear_bss.o)
                              ./src/lib/FlexiTimer2.o (__do_clear_bss)
/usr/lib/gcc/avr/4.3.5/avr5/libgcc.a(_ctors.o)
                              ./src/Main.o (__do_global_ctors)
/usr/lib/gcc/avr/4.3.5/avr5/libgcc.a(_fixunssfsi.o)
                              /home/rbtying/robot/firmware/Arduino-328P/Debug/libArduino.a(Print.o) (__fixunssfsi)
/usr/lib/gcc/avr/4.3.5/avr5/libgcc.a(_addsub_sf.o)
                              ./src/lib/Gyro.o (__subsf3)
/usr/lib/gcc/avr/4.3.5/avr5/libgcc.a(_mul_sf.o)
                              ./src/lib/Controller.o (__mulsf3)
/usr/lib/gcc/avr/4.3.5/avr5/libgcc.a(_div_sf.o)
                              ./src/lib/Gyro.o (__divsf3)
/usr/lib/gcc/avr/4.3.5/avr5/libgcc.a(_eq_sf.o)
                              ./src/Main.o (__eqsf2)
/usr/lib/gcc/avr/4.3.5/avr5/libgcc.a(_gt_sf.o)
                              ./src/Main.o (__gtsf2)
/usr/lib/gcc/avr/4.3.5/avr5/libgcc.a(_ge_sf.o)
                              ./src/Main.o (__gesf2)
/usr/lib/gcc/avr/4.3.5/avr5/libgcc.a(_lt_sf.o)
                              ./src/Main.o (__ltsf2)
/usr/lib/gcc/avr/4.3.5/avr5/libgcc.a(_le_sf.o)
                              ./src/Main.o (__lesf2)
/usr/lib/gcc/avr/4.3.5/avr5/libgcc.a(_si_to_sf.o)
                              ./src/lib/Controller.o (__floatsisf)
/usr/lib/gcc/avr/4.3.5/avr5/libgcc.a(_sf_to_si.o)
                              ./src/lib/Controller.o (__fixsfsi)
/usr/lib/gcc/avr/4.3.5/avr5/libgcc.a(_thenan_sf.o)
                              /usr/lib/gcc/avr/4.3.5/avr5/libgcc.a(_addsub_sf.o) (__thenan_sf)
/usr/lib/gcc/avr/4.3.5/avr5/libgcc.a(_usi_to_sf.o)
                              ./src/lib/Gyro.o (__floatunsisf)
/usr/lib/gcc/avr/4.3.5/avr5/libgcc.a(_prologue.o)
                              /usr/lib/gcc/avr/4.3.5/avr5/libgcc.a(_addsub_sf.o) (__prologue_saves__)
/usr/lib/gcc/avr/4.3.5/avr5/libgcc.a(_epilogue.o)
[...]
Memory Configuration

Name             Origin             Length             Attributes
text             0x0000000000000000 0x0000000000020000 xr
data             0x0000000000800060 0x000000000000ffa0 rw !x
eeprom           0x0000000000810000 0x0000000000010000 rw !x
fuse             0x0000000000820000 0x0000000000000400 rw !x
lock             0x0000000000830000 0x0000000000000400 rw !x
signature        0x0000000000840000 0x0000000000000400 rw !x
*default*        0x0000000000000000 0xffffffffffffffff

Linker script and memory map

Address of section .data set to 0x800100
LOAD /usr/lib/gcc/avr/4.3.5/../../../avr/lib/avr5/crtm328p.o
LOAD ./src/lib/CD74HC4067.o
LOAD ./src/lib/Controller.o
LOAD ./src/lib/FlexiTimer2.o
LOAD ./src/lib/Gyro.o
LOAD ./src/lib/LEDDisplay.o
LOAD ./src/lib/LineSensor.o
LOAD ./src/lib/MaxSonar.o
LOAD ./src/lib/NewSoftSerial.o
LOAD ./src/lib/Ping.o
LOAD ./src/lib/PowerMonitor.o
LOAD ./src/lib/RC_CTRL.o
LOAD ./src/lib/RoboClaw.o
LOAD ./src/lib/Sharp_IR.o
LOAD ./src/lib/TSL1401.o
LOAD ./src/Main.o
LOAD /home/rbtying/robot/firmware/Arduino-328P/Debug/libArduino.a
LOAD /usr/lib/gcc/avr/4.3.5/avr5/libgcc.a
LOAD /home/rbtying/robot/firmware/Arduino-328P/Debug/libm.a
LOAD /usr/lib/gcc/avr/4.3.5/avr5/libgcc.a
LOAD /usr/lib/gcc/avr/4.3.5/../../../avr/lib/avr5/libc.a
LOAD /usr/lib/gcc/avr/4.3.5/avr5/libgcc.a

.hash
 *(.hash)

.dynsym
 *(.dynsym)

.dynstr
 *(.dynstr)

.gnu.version
 *(.gnu.version)

.gnu.version_d
 *(.gnu.version_d)

.gnu.version_r
 *(.gnu.version_r)

.rel.init
 *(.rel.init)

.rela.init
 *(.rela.init)

.rel.text
 *(.rel.text)
 *(.rel.text.*)
 *(.rel.gnu.linkonce.t*)

.rela.text
 *(.rela.text)
 *(.rela.text.*)
 *(.rela.gnu.linkonce.t*)

.rel.fini
 *(.rel.fini)

.rela.fini
 *(.rela.fini)

.rel.rodata
 *(.rel.rodata)
 *(.rel.rodata.*)
 *(.rel.gnu.linkonce.r*)

.rela.rodata
 *(.rela.rodata)
 *(.rela.rodata.*)
 *(.rela.gnu.linkonce.r*)

.rel.data
 *(.rel.data)
 *(.rel.data.*)
 *(.rel.gnu.linkonce.d*)

.rela.data
 *(.rela.data)
 *(.rela.data.*)
 *(.rela.gnu.linkonce.d*)

.rel.ctors
 *(.rel.ctors)

.rela.ctors
 *(.rela.ctors)

.rel.dtors
 *(.rel.dtors)

.rela.dtors
 *(.rela.dtors)

.rel.got
 *(.rel.got)

.rela.got
 *(.rela.got)

.rel.bss
 *(.rel.bss)

.rela.bss
 *(.rela.bss)

.rel.plt
 *(.rel.plt)

.rela.plt
 *(.rela.plt)

.text           0x0000000000000000     0x3c54
 *(.vectors)
 .vectors       0x0000000000000000       0x68 /usr/lib/gcc/avr/4.3.5/../../../avr/lib/avr5/crtm328p.o
                0x0000000000000000                __vectors
                0x0000000000000000                __vector_default
 *(.vectors)
 *(.progmem.gcc*)
 *(.progmem*)
 .progmem.data  0x0000000000000068       0x5a /home/rbtying/robot/firmware/Arduino-328P/Debug/libArduino.a(pins_arduino.o)
                0x0000000000000068                port_to_mode_PGM
                0x0000000000000072                port_to_output_PGM
                0x000000000000007c                port_to_input_PGM
                0x0000000000000086                digital_pin_to_port_PGM
                0x000000000000009a                digital_pin_to_bit_mask_PGM
                0x00000000000000ae                digital_pin_to_timer_PGM
                0x00000000000000c2                . = ALIGN (0x2)
                0x00000000000000c2                __trampolines_start = .
 *(.trampolines)
 .trampolines   0x00000000000000c2        0x0 linker stubs
 *(.trampolines*)
                0x00000000000000c2                __trampolines_end = .
 *(.jumptables)
 *(.jumptables*)
 *(.lowtext)
 *(.lowtext*)
                0x00000000000000c2                __ctors_start = .
 *(.ctors)
 .ctors         0x00000000000000c2        0x2 ./src/Main.o
 .ctors         0x00000000000000c4        0x2 /home/rbtying/robot/firmware/Arduino-328P/Debug/libArduino.a(HardwareSerial.o)
                0x00000000000000c6                __ctors_end = .
                0x00000000000000c6                __dtors_start = .
 *(.dtors)
                0x00000000000000c6                __dtors_end = .
 SORT(*)(.ctors)
 SORT(*)(.dtors)
 *(.init0)
 .init0         0x00000000000000c6        0x0 /usr/lib/gcc/avr/4.3.5/../../../avr/lib/avr5/crtm328p.o
                0x00000000000000c6                __init
 *(.init0)
 *(.init1)
 *(.init1)
 *(.init2)
 .init2         0x00000000000000c6        0xc /usr/lib/gcc/avr/4.3.5/../../../avr/lib/avr5/crtm328p.o
 *(.init2)
 *(.init3)
 *(.init3)
 *(.init4)
 .init4         0x00000000000000d2       0x16 /usr/lib/gcc/avr/4.3.5/avr5/libgcc.a(_copy_data.o)
                0x00000000000000d2                __do_copy_data
 .init4         0x00000000000000e8       0x10 /usr/lib/gcc/avr/4.3.5/avr5/libgcc.a(_clear_bss.o)
                0x00000000000000e8                __do_clear_bss
 *(.init4)
 *(.init5)
 *(.init5)
 *(.init6)
 .init6         0x00000000000000f8       0x16 /usr/lib/gcc/avr/4.3.5/avr5/libgcc.a(_ctors.o)
                0x00000000000000f8                __do_global_ctors
 *(.init6)
 *(.init7)
 *(.init7)
 *(.init8)
 *(.init8)
 *(.init9)
 .init9         0x000000000000010e        0x8 /usr/lib/gcc/avr/4.3.5/../../../avr/lib/avr5/crtm328p.o
 *(.init9)
 *(.text)
 .text          0x0000000000000116        0x4 /usr/lib/gcc/avr/4.3.5/../../../avr/lib/avr5/crtm328p.o
                0x0000000000000116                __vector_22
                0x0000000000000116                __vector_24
                0x0000000000000116                __vector_12
                0x0000000000000116                __bad_interrupt
                0x0000000000000116                __vector_6
                0x0000000000000116                __vector_23
                0x0000000000000116                __vector_25
                0x0000000000000116                __vector_13
                0x0000000000000116                __vector_17
                0x0000000000000116                __vector_19
                0x0000000000000116                __vector_7
                0x0000000000000116                __vector_21
                0x0000000000000116                __vector_15
                0x0000000000000116                __vector_8
                0x0000000000000116                __vector_14
                0x0000000000000116                __vector_10
                0x0000000000000116                __vector_20
 .text          0x000000000000011a       0x58 /usr/lib/gcc/avr/4.3.5/avr5/libgcc.a(_fixunssfsi.o)
                0x000000000000011a                __fixunssfsi
 .text          0x0000000000000172      0x354 /usr/lib/gcc/avr/4.3.5/avr5/libgcc.a(_addsub_sf.o)
                0x000000000000040a                __subsf3
                0x000000000000046c                __addsf3
 .text          0x00000000000004c6      0x1f4 /usr/lib/gcc/avr/4.3.5/avr5/libgcc.a(_mul_sf.o)
                0x00000000000004c6                __mulsf3
 .text          0x00000000000006ba      0x158 /usr/lib/gcc/avr/4.3.5/avr5/libgcc.a(_div_sf.o)
                0x00000000000006ba                __divsf3
 .text          0x0000000000000812       0x60 /usr/lib/gcc/avr/4.3.5/avr5/libgcc.a(_eq_sf.o)
                0x0000000000000812                __eqsf2
 .text          0x0000000000000872       0x60 /usr/lib/gcc/avr/4.3.5/avr5/libgcc.a(_gt_sf.o)
                0x0000000000000872                __gtsf2
 .text          0x00000000000008d2       0x60 /usr/lib/gcc/avr/4.3.5/avr5/libgcc.a(_ge_sf.o)
                0x00000000000008d2                __gesf2
 .text          0x0000000000000932       0x60 /usr/lib/gcc/avr/4.3.5/avr5/libgcc.a(_lt_sf.o)
                0x0000000000000932                __ltsf2
 .text          0x0000000000000992       0x60 /usr/lib/gcc/avr/4.3.5/avr5/libgcc.a(_le_sf.o)
                0x0000000000000992                __lesf2
 .text          0x00000000000009f2       0xbc /usr/lib/gcc/avr/4.3.5/avr5/libgcc.a(_si_to_sf.o)
                0x00000000000009f2                __floatsisf
 .text          0x0000000000000aae       0xa8 /usr/lib/gcc/avr/4.3.5/avr5/libgcc.a(_sf_to_si.o)
                0x0000000000000aae                __fixsfsi
 .text          0x0000000000000b56       0xf2 /usr/lib/gcc/avr/4.3.5/avr5/libgcc.a(_usi_to_sf.o)
                0x0000000000000b56                __floatunsisf
 .text          0x0000000000000c48       0x9e /usr/lib/gcc/avr/4.3.5/avr5/libgcc.a(_clzsi2.o)
                0x0000000000000c48                __clzsi2
 .text          0x0000000000000ce6      0x1ac /usr/lib/gcc/avr/4.3.5/avr5/libgcc.a(_pack_sf.o)
                0x0000000000000ce6                __pack_f
 .text          0x0000000000000e92       0xf0 /usr/lib/gcc/avr/4.3.5/avr5/libgcc.a(_unpack_sf.o)
                0x0000000000000e92                __unpack_f
 .text          0x0000000000000f82       0xb2 /usr/lib/gcc/avr/4.3.5/avr5/libgcc.a(_fpcmp_parts_sf.o)
                0x0000000000000f82                __fpcmp_parts_f
                0x0000000000001034                . = ALIGN (0x2)
 *(.text.*)
 .text._ZN10CD74HC40676setMuxEh
                0x0000000000001034       0x7e ./src/lib/CD74HC4067.o
                0x0000000000001034                CD74HC4067::setMux(unsigned char)
 .text._ZN10CD74HC40677readADCEh
                0x00000000000010b2       0x18 ./src/lib/CD74HC4067.o
                0x00000000000010b2                CD74HC4067::readADC(unsigned char)
 .text._ZN10CD74HC4067C1Ehhhhh
                0x00000000000010ca       0x56 ./src/lib/CD74HC4067.o
                0x00000000000010ca                CD74HC4067::CD74HC4067(unsigned char, unsigned char, unsigned char, unsigned char, unsigned char)
 .text._ZN10ControllerC1EPdS0_S0_S0_PlS1_P12PowerMonitorS0_S0_P5ServoS5_
                0x0000000000001120       0x80 ./src/lib/Controller.o
                0x0000000000001120                Controller::Controller(double*, double*, double*, double*, long*, long*, PowerMonitor*, double*, double*, Servo*, Servo*)
 .text._ZN10Controller8nextByteEm
                0x00000000000011a0       0x6a ./src/lib/Controller.o
                0x00000000000011a0                Controller::nextByte(unsigned long)
 .text._ZN10Controller9printInfoEv
                0x000000000000120a      0x206 ./src/lib/Controller.o
                0x000000000000120a                Controller::printInfo()
 .text._ZN10Controller14processCommandEv
                0x0000000000001410      0x5a6 ./src/lib/Controller.o
                0x0000000000001410                Controller::processCommand()
 .text._ZN10Controller6updateEv
                0x00000000000019b6       0x96 ./src/lib/Controller.o
                0x00000000000019b6                Controller::update()
 .text._ZN11FlexiTimer29_overflowEv
                0x0000000000001a4c       0x7e ./src/lib/FlexiTimer2.o
                0x0000000000001a4c                FlexiTimer2::_overflow()
 .text.__vector_9
                0x0000000000001aca       0x54 ./src/lib/FlexiTimer2.o
                0x0000000000001aca                __vector_9
 .text._ZN4GyroC1EP10CD74HC4067hhf
                0x0000000000001b1e       0x28 ./src/lib/Gyro.o
                0x0000000000001b1e                Gyro::Gyro(CD74HC4067*, unsigned char, unsigned char, float)
 .text._ZN4Gyro8getValueEv
                0x0000000000001b46       0x6a ./src/lib/Gyro.o
                0x0000000000001b46                Gyro::getValue()
 .text._ZN4Gyro9calibrateEjb
                0x0000000000001bb0      0x186 ./src/lib/Gyro.o
                0x0000000000001bb0                Gyro::calibrate(unsigned int, bool)
 .text._ZN13NewSoftSerial4recvEv
                0x0000000000001d36       0xd4 ./src/lib/NewSoftSerial.o
                0x0000000000001d36                NewSoftSerial::recv()
 .text._ZN13NewSoftSerial16handle_interruptEv
                0x0000000000001e0a       0x12 ./src/lib/NewSoftSerial.o
                0x0000000000001e0a                NewSoftSerial::handle_interrupt()
 .text.__vector_3
                0x0000000000001e1c       0x48 ./src/lib/NewSoftSerial.o
                0x0000000000001e1c                __vector_3
 .text.__vector_4
                0x0000000000001e64       0x48 ./src/lib/NewSoftSerial.o
                0x0000000000001e64                __vector_4
 .text.__vector_5
                0x0000000000001eac       0x48 ./src/lib/NewSoftSerial.o
                0x0000000000001eac                __vector_5
 .text._ZN12PowerMonitor10getCurrentEv
                0x0000000000001ef4       0x22 ./src/lib/PowerMonitor.o
                0x0000000000001ef4                PowerMonitor::getCurrent()
 .text._ZN12PowerMonitor10getVoltageEv
                0x0000000000001f16       0x22 ./src/lib/PowerMonitor.o
                0x0000000000001f16                PowerMonitor::getVoltage()
 .text._ZN12PowerMonitorC1Ehh
                0x0000000000001f38       0x38 ./src/lib/PowerMonitor.o
                0x0000000000001f38                PowerMonitor::PowerMonitor(unsigned char, unsigned char)
 .text._Z11lEncHandlerv
                0x0000000000001f70       0x58 ./src/Main.o
                0x0000000000001f70                lEncHandler()
 .text._Z11rEncHandlerv
                0x0000000000001fc8       0x5e ./src/Main.o
                0x0000000000001fc8                rEncHandler()
 .text._GLOBAL__I_nexTime
                0x0000000000002026      0x102 ./src/Main.o
 .text._Z9setSpeedsaa
                0x0000000000002128      0x106 ./src/Main.o
                0x0000000000002128                setSpeeds(signed char, signed char)
 .text.main     0x000000000000222e      0x724 ./src/Main.o
                0x000000000000222e                main
 .text.__vector_18
                0x0000000000002952       0x7a /home/rbtying/robot/firmware/Arduino-328P/Debug/libArduino.a(HardwareSerial.o)
                0x0000000000002952                __vector_18
 .text._ZN14HardwareSerial5beginEl
                0x00000000000029cc      0x1e2 /home/rbtying/robot/firmware/Arduino-328P/Debug/libArduino.a(HardwareSerial.o)
                0x00000000000029cc                HardwareSerial::begin(long)
 .text._ZN14HardwareSerial9availableEv
                0x0000000000002bae       0x28 /home/rbtying/robot/firmware/Arduino-328P/Debug/libArduino.a(HardwareSerial.o)
                0x0000000000002bae                HardwareSerial::available()
 .text._ZN14HardwareSerial4peekEv
                0x0000000000002bd6       0x34 /home/rbtying/robot/firmware/Arduino-328P/Debug/libArduino.a(HardwareSerial.o)
                0x0000000000002bd6                HardwareSerial::peek()
 .text._ZN14HardwareSerial4readEv
                0x0000000000002c0a       0x50 /home/rbtying/robot/firmware/Arduino-328P/Debug/libArduino.a(HardwareSerial.o)
                0x0000000000002c0a                HardwareSerial::read()
 .text._ZN14HardwareSerial5flushEv
                0x0000000000002c5a       0x18 /home/rbtying/robot/firmware/Arduino-328P/Debug/libArduino.a(HardwareSerial.o)
                0x0000000000002c5a                HardwareSerial::flush()
 .text._ZN14HardwareSerial5writeEh
                0x0000000000002c72       0x26 /home/rbtying/robot/firmware/Arduino-328P/Debug/libArduino.a(HardwareSerial.o)
                0x0000000000002c72                HardwareSerial::write(unsigned char)
 .text._GLOBAL__I_rx_buffer
                0x0000000000002c98       0x74 /home/rbtying/robot/firmware/Arduino-328P/Debug/libArduino.a(HardwareSerial.o)
 .text._ZN5Print5writeEPKc
                0x0000000000002d0c       0x30 /home/rbtying/robot/firmware/Arduino-328P/Debug/libArduino.a(Print.o)
                0x0000000000002d0c                Print::write(char const*)
 .text._ZN5Print5writeEPKhj
                0x0000000000002d3c       0x3e /home/rbtying/robot/firmware/Arduino-328P/Debug/libArduino.a(Print.o)
                0x0000000000002d3c                Print::write(unsigned char const*, unsigned int)
 .text._ZN5Print5printEPKc
                0x0000000000002d7a       0x10 /home/rbtying/robot/firmware/Arduino-328P/Debug/libArduino.a(Print.o)
                0x0000000000002d7a                Print::print(char const*)
 .text._ZN5Print11printNumberEmh
                0x0000000000002d8a      0x130 /home/rbtying/robot/firmware/Arduino-328P/Debug/libArduino.a(Print.o)
                0x0000000000002d8a                Print::printNumber(unsigned long, unsigned char)
 .text._ZN5Print5printEmi
                0x0000000000002eba       0x1e /home/rbtying/robot/firmware/Arduino-328P/Debug/libArduino.a(Print.o)
                0x0000000000002eba                Print::print(unsigned long, int)
 .text._ZN5Print5printEhi
                0x0000000000002ed8       0x24 /home/rbtying/robot/firmware/Arduino-328P/Debug/libArduino.a(Print.o)
                0x0000000000002ed8                Print::print(unsigned char, int)
 .text._ZN5Print5printEli
                0x0000000000002efc       0x6c /home/rbtying/robot/firmware/Arduino-328P/Debug/libArduino.a(Print.o)
                0x0000000000002efc                Print::print(long, int)
 .text._ZN5Print5printEii
                0x0000000000002f68       0x26 /home/rbtying/robot/firmware/Arduino-328P/Debug/libArduino.a(Print.o)
                0x0000000000002f68                Print::print(int, int)
 .text._ZN5Print7printlnEv
                0x0000000000002f8e       0x2e /home/rbtying/robot/firmware/Arduino-328P/Debug/libArduino.a(Print.o)
                0x0000000000002f8e                Print::println()
 .text._ZN5Print7printlnEPKc
                0x0000000000002fbc       0x16 /home/rbtying/robot/firmware/Arduino-328P/Debug/libArduino.a(Print.o)
                0x0000000000002fbc                Print::println(char const*)
 .text._ZN5Print10printFloatEdh
                0x0000000000002fd2      0x118 /home/rbtying/robot/firmware/Arduino-328P/Debug/libArduino.a(Print.o)
                0x0000000000002fd2                Print::printFloat(double, unsigned char)
 .text._ZN5Print5printEdi
                0x00000000000030ea        0x6 /home/rbtying/robot/firmware/Arduino-328P/Debug/libArduino.a(Print.o)
                0x00000000000030ea                Print::print(double, int)
 .text._ZN5Print7printlnEdi
                0x00000000000030f0       0x16 /home/rbtying/robot/firmware/Arduino-328P/Debug/libArduino.a(Print.o)
                0x00000000000030f0                Print::println(double, int)
 .text.attachInterrupt
                0x0000000000003106       0x46 /home/rbtying/robot/firmware/Arduino-328P/Debug/libArduino.a(WInterrupts.o)
                0x0000000000003106                attachInterrupt
 .text.__vector_1
                0x000000000000314c       0x5a /home/rbtying/robot/firmware/Arduino-328P/Debug/libArduino.a(WInterrupts.o)
                0x000000000000314c                __vector_1
 .text.__vector_2
                0x00000000000031a6       0x5a /home/rbtying/robot/firmware/Arduino-328P/Debug/libArduino.a(WInterrupts.o)
                0x00000000000031a6                __vector_2
 .text._Z3maplllll
                0x0000000000003200       0x92 /home/rbtying/robot/firmware/Arduino-328P/Debug/libArduino.a(WMath.o)
                0x0000000000003200                map(long, long, long, long, long)
 .text.__vector_16
                0x0000000000003292       0x90 /home/rbtying/robot/firmware/Arduino-328P/Debug/libArduino.a(wiring.o)
                0x0000000000003292                __vector_16
 .text.millis   0x0000000000003322       0x1c /home/rbtying/robot/firmware/Arduino-328P/Debug/libArduino.a(wiring.o)
                0x0000000000003322                millis
 .text.micros   0x000000000000333e       0x4c /home/rbtying/robot/firmware/Arduino-328P/Debug/libArduino.a(wiring.o)
                0x000000000000333e                micros
 .text.delay    0x000000000000338a       0x4c /home/rbtying/robot/firmware/Arduino-328P/Debug/libArduino.a(wiring.o)
                0x000000000000338a                delay
 .text.init     0x00000000000033d6       0x76 /home/rbtying/robot/firmware/Arduino-328P/Debug/libArduino.a(wiring.o)
                0x00000000000033d6                init
 .text.analogRead
                0x000000000000344c       0x44 /home/rbtying/robot/firmware/Arduino-328P/Debug/libArduino.a(wiring_analog.o)
                0x000000000000344c                analogRead
 .text.pinMode  0x0000000000003490       0x4c /home/rbtying/robot/firmware/Arduino-328P/Debug/libArduino.a(wiring_digital.o)
                0x0000000000003490                pinMode
 .text.digitalWrite
                0x00000000000034dc       0xa8 /home/rbtying/robot/firmware/Arduino-328P/Debug/libArduino.a(wiring_digital.o)
                0x00000000000034dc                digitalWrite
 .text._ZN5ServoC1Ev
                0x0000000000003584       0x34 /home/rbtying/robot/firmware/Arduino-328P/Debug/libArduino.a(Servo.o)
                0x0000000000003584                Servo::Servo()
 .text._ZN5Servo17writeMicrosecondsEi
                0x00000000000035b8       0x8e /home/rbtying/robot/firmware/Arduino-328P/Debug/libArduino.a(Servo.o)
                0x00000000000035b8                Servo::writeMicroseconds(int)
 .text._ZN5Servo16readMicrosecondsEv
                0x0000000000003646       0x3e /home/rbtying/robot/firmware/Arduino-328P/Debug/libArduino.a(Servo.o)
                0x0000000000003646                Servo::readMicroseconds()
 .text._ZN5Servo4readEv
                0x0000000000003684       0xaa /home/rbtying/robot/firmware/Arduino-328P/Debug/libArduino.a(Servo.o)
                0x0000000000003684                Servo::read()
 .text._ZN5Servo5writeEi
                0x000000000000372e       0xd0 /home/rbtying/robot/firmware/Arduino-328P/Debug/libArduino.a(Servo.o)
                0x000000000000372e                Servo::write(int)
 .text._ZN5Servo6attachEiii
                0x00000000000037fe       0xfe /home/rbtying/robot/firmware/Arduino-328P/Debug/libArduino.a(Servo.o)
                0x00000000000037fe                Servo::attach(int, int, int)
 .text._ZN5Servo6attachEi
                0x00000000000038fc        0xe /home/rbtying/robot/firmware/Arduino-328P/Debug/libArduino.a(Servo.o)
                0x00000000000038fc                Servo::attach(int)
 .text.__vector_11
                0x000000000000390a      0x17a /home/rbtying/robot/firmware/Arduino-328P/Debug/libArduino.a(Servo.o)
                0x000000000000390a                __vector_11
 .text.libgcc   0x0000000000003a84       0x3e /usr/lib/gcc/avr/4.3.5/avr5/libgcc.a(_mulsi3.o)
                0x0000000000003a84                __mulsi3
 .text.libgcc   0x0000000000003ac2       0x18 /usr/lib/gcc/avr/4.3.5/avr5/libgcc.a(_udivmodqi4.o)
                0x0000000000003ac2                __udivmodqi4
 .text.libgcc   0x0000000000003ada       0x28 /usr/lib/gcc/avr/4.3.5/avr5/libgcc.a(_udivmodhi4.o)
                0x0000000000003ada                __udivmodhi4
 .text.libgcc   0x0000000000003b02       0x26 /usr/lib/gcc/avr/4.3.5/avr5/libgcc.a(_divmodhi4.o)
                0x0000000000003b02                __divmodhi4
                0x0000000000003b02                _div
 .text.libgcc   0x0000000000003b28       0x44 /usr/lib/gcc/avr/4.3.5/avr5/libgcc.a(_udivmodsi4.o)
                0x0000000000003b28                __udivmodsi4
 .text.libgcc   0x0000000000003b6c       0x36 /usr/lib/gcc/avr/4.3.5/avr5/libgcc.a(_divmodsi4.o)
                0x0000000000003b6c                __divmodsi4
 .text.libgcc   0x0000000000003ba2       0x38 /usr/lib/gcc/avr/4.3.5/avr5/libgcc.a(_prologue.o)
                0x0000000000003ba2                __prologue_saves__
 .text.libgcc   0x0000000000003bda       0x36 /usr/lib/gcc/avr/4.3.5/avr5/libgcc.a(_epilogue.o)
                0x0000000000003bda                __epilogue_restores__
 .text.libgcc   0x0000000000003c10        0xc /usr/lib/gcc/avr/4.3.5/avr5/libgcc.a(_tablejump.o)
                0x0000000000003c10                __tablejump2__
                0x0000000000003c14                __tablejump__
 .text.avr-libc
                0x0000000000003c1c       0x34 /usr/lib/gcc/avr/4.3.5/../../../avr/lib/avr5/libc.a(strstr.o)
                0x0000000000003c1c                strstr
                0x0000000000003c50                . = ALIGN (0x2)
 *(.fini9)
 .fini9         0x0000000000003c50        0x0 /usr/lib/gcc/avr/4.3.5/avr5/libgcc.a(_exit.o)
                0x0000000000003c50                exit
                0x0000000000003c50                _exit
 *(.fini9)
 *(.fini8)
 *(.fini8)
 *(.fini7)
 *(.fini7)
 *(.fini6)
 *(.fini6)
 *(.fini5)
 *(.fini5)
 *(.fini4)
 *(.fini4)
 *(.fini3)
 *(.fini3)
 *(.fini2)
 *(.fini2)
 *(.fini1)
 *(.fini1)
 *(.fini0)
 .fini0         0x0000000000003c50        0x4 /usr/lib/gcc/avr/4.3.5/avr5/libgcc.a(_exit.o)
 *(.fini0)
                0x0000000000003c54                _etext = .

.data           0x0000000000800100      0x19c load address 0x0000000000003c54
                0x0000000000800100                PROVIDE (__data_start, .)
 *(.data)
 .data          0x0000000000800100       0x66 ./src/lib/Controller.o
 .data          0x0000000000800166        0x2 /home/rbtying/robot/firmware/Arduino-328P/Debug/libArduino.a(Print.o)
 .data          0x0000000000800168        0x8 /usr/lib/gcc/avr/4.3.5/avr5/libgcc.a(_thenan_sf.o)
                0x0000000000800168                __thenan_sf
 .data          0x0000000000800170      0x100 /usr/lib/gcc/avr/4.3.5/avr5/libgcc.a(_clz.o)
                0x0000000000800170                __clz_tab
 *(.data*)
 .data.lPID     0x0000000000800270        0xc ./src/Main.o
                0x0000000000800270                lPID
 .data.rPID     0x000000000080027c        0xc ./src/Main.o
                0x000000000080027c                rPID
 .data.analog_reference
                0x0000000000800288        0x1 /home/rbtying/robot/firmware/Arduino-328P/Debug/libArduino.a(wiring_analog.o)
                0x0000000000800288                analog_reference
 *(.rodata)
 *(.rodata*)
 .rodata._ZTV14HardwareSerial
                0x0000000000800289       0x12 /home/rbtying/robot/firmware/Arduino-328P/Debug/libArduino.a(HardwareSerial.o)
                0x0000000000800289                vtable for HardwareSerial
 *(.gnu.linkonce.d*)
                0x000000000080029c                . = ALIGN (0x2)
 *fill*         0x000000000080029b        0x1 00
                0x000000000080029c                _edata = .
                0x000000000080029c                PROVIDE (__data_end, .)

.bss            0x000000000080029c      0x1b3
                0x000000000080029c                PROVIDE (__bss_start, .)
 *(.bss)
 *(.bss*)
 .bss._ZN11FlexiTimer210time_unitsE
                0x000000000080029c        0x4 ./src/lib/FlexiTimer2.o
                0x000000000080029c                FlexiTimer2::time_units
 .bss._ZN11FlexiTimer24funcE
                0x00000000008002a0        0x2 ./src/lib/FlexiTimer2.o
                0x00000000008002a0                FlexiTimer2::func
 .bss._ZN11FlexiTimer25countE
                0x00000000008002a2        0x4 ./src/lib/FlexiTimer2.o
                0x00000000008002a2                FlexiTimer2::count
 .bss._ZN11FlexiTimer211overflowingE
                0x00000000008002a6        0x1 ./src/lib/FlexiTimer2.o
                0x00000000008002a6                FlexiTimer2::overflowing
 .bss._ZN11FlexiTimer25tcnt2E
                0x00000000008002a7        0x2 ./src/lib/FlexiTimer2.o
                0x00000000008002a7                FlexiTimer2::tcnt2
 .bss._ZN13NewSoftSerial13active_objectE
                0x00000000008002a9        0x2 ./src/lib/NewSoftSerial.o
                0x00000000008002a9                NewSoftSerial::active_object
 .bss._ZN13NewSoftSerial15_receive_bufferE
                0x00000000008002ab       0x40 ./src/lib/NewSoftSerial.o
                0x00000000008002ab                NewSoftSerial::_receive_buffer
 .bss._ZN13NewSoftSerial20_receive_buffer_tailE
                0x00000000008002eb        0x1 ./src/lib/NewSoftSerial.o
                0x00000000008002eb                NewSoftSerial::_receive_buffer_tail
 .bss._ZN13NewSoftSerial20_receive_buffer_headE
                0x00000000008002ec        0x1 ./src/lib/NewSoftSerial.o
                0x00000000008002ec                NewSoftSerial::_receive_buffer_head
 .bss.nexTime   0x00000000008002ed        0x4 ./src/Main.o
                0x00000000008002ed                nexTime
 .bss.cTime     0x00000000008002f1        0x4 ./src/Main.o
                0x00000000008002f1                cTime
 .bss.ledTime   0x00000000008002f5        0x4 ./src/Main.o
                0x00000000008002f5                ledTime
 .bss.lSet      0x00000000008002f9        0x4 ./src/Main.o
                0x00000000008002f9                lSet
 .bss.rSet      0x00000000008002fd        0x4 ./src/Main.o
                0x00000000008002fd                rSet
 .bss.lMeasSpeed
                0x0000000000800301        0x4 ./src/Main.o
                0x0000000000800301                lMeasSpeed
 .bss.rMeasSpeed
                0x0000000000800305        0x4 ./src/Main.o
                0x0000000000800305                rMeasSpeed
 .bss.lacc      0x0000000000800309        0x4 ./src/Main.o
                0x0000000000800309                lacc
 .bss.racc      0x000000000080030d        0x4 ./src/Main.o
                0x000000000080030d                racc
 .bss.lprev     0x0000000000800311        0x4 ./src/Main.o
                0x0000000000800311                lprev
 .bss.rprev     0x0000000000800315        0x4 ./src/Main.o
                0x0000000000800315                rprev
 .bss.lout      0x0000000000800319        0x4 ./src/Main.o
                0x0000000000800319                lout
 .bss.rout      0x000000000080031d        0x4 ./src/Main.o
                0x000000000080031d                rout
 .bss.leftEncCount
                0x0000000000800321        0x4 ./src/Main.o
                0x0000000000800321                leftEncCount
 .bss.rightEncCount
                0x0000000000800325        0x4 ./src/Main.o
                0x0000000000800325                rightEncCount
 .bss.pleftEncCount
                0x0000000000800329        0x4 ./src/Main.o
                0x0000000000800329                pleftEncCount
 .bss.prightEncCount
                0x000000000080032d        0x4 ./src/Main.o
                0x000000000080032d                prightEncCount
 .bss.leftEncBSet
                0x0000000000800331        0x1 ./src/Main.o
                0x0000000000800331                leftEncBSet
 .bss.rightEncBSet
                0x0000000000800332        0x1 ./src/Main.o
                0x0000000000800332                rightEncBSet
 .bss.lspeed    0x0000000000800333        0x2 ./src/Main.o
                0x0000000000800333                lspeed
 .bss.rspeed    0x0000000000800335        0x2 ./src/Main.o
                0x0000000000800335                rspeed
 .bss.mux       0x0000000000800337        0x6 ./src/Main.o
                0x0000000000800337                mux
 .bss.batt      0x000000000080033d        0x2 ./src/Main.o
                0x000000000080033d                batt
 .bss.yawGyro   0x000000000080033f        0xd ./src/Main.o
                0x000000000080033f                yawGyro
 .bss.yawVal    0x000000000080034c        0x4 ./src/Main.o
                0x000000000080034c                yawVal
 .bss.yawRate   0x0000000000800350        0x4 ./src/Main.o
                0x0000000000800350                yawRate
 .bss.panServo  0x0000000000800354        0x3 ./src/Main.o
                0x0000000000800354                panServo
 .bss.tiltServo
                0x0000000000800357        0x3 ./src/Main.o
                0x0000000000800357                tiltServo
 .bss.lMot      0x000000000080035a        0x3 ./src/Main.o
                0x000000000080035a                lMot
 .bss.rMot      0x000000000080035d        0x3 ./src/Main.o
                0x000000000080035d                rMot
 .bss.cmd       0x0000000000800360       0x25 ./src/Main.o
                0x0000000000800360                cmd
 .bss.rx_buffer
                0x0000000000800385       0x84 /home/rbtying/robot/firmware/Arduino-328P/Debug/libArduino.a(HardwareSerial.o)
                0x0000000000800385                rx_buffer
 .bss.Serial    0x0000000000800409       0x13 /home/rbtying/robot/firmware/Arduino-328P/Debug/libArduino.a(HardwareSerial.o)
                0x0000000000800409                Serial
 .bss.intFunc   0x000000000080041c        0x4 /home/rbtying/robot/firmware/Arduino-328P/Debug/libArduino.a(WInterrupts.o)
 .bss.timer0_overflow_count
                0x0000000000800420        0x4 /home/rbtying/robot/firmware/Arduino-328P/Debug/libArduino.a(wiring.o)
                0x0000000000800420                timer0_overflow_count
 .bss.timer0_millis
                0x0000000000800424        0x4 /home/rbtying/robot/firmware/Arduino-328P/Debug/libArduino.a(wiring.o)
                0x0000000000800424                timer0_millis
 .bss.timer0_fract
                0x0000000000800428        0x1 /home/rbtying/robot/firmware/Arduino-328P/Debug/libArduino.a(wiring.o)
 .bss.ServoCount
                0x0000000000800429        0x1 /home/rbtying/robot/firmware/Arduino-328P/Debug/libArduino.a(Servo.o)
                0x0000000000800429                ServoCount
 .bss._ZL6servos
                0x000000000080042a       0x24 /home/rbtying/robot/firmware/Arduino-328P/Debug/libArduino.a(Servo.o)
 .bss._ZL7Channel
                0x000000000080044e        0x1 /home/rbtying/robot/firmware/Arduino-328P/Debug/libArduino.a(Servo.o)
 *(COMMON)
                0x000000000080044f                PROVIDE (__bss_end, .)
                0x0000000000003c54                __data_load_start = LOADADDR (.data)
                0x0000000000003df0                __data_load_end = (__data_load_start + SIZEOF (.data))

.noinit         0x000000000080044f        0x0
                0x000000000080044f                PROVIDE (__noinit_start, .)
 *(.noinit*)
                0x000000000080044f                PROVIDE (__noinit_end, .)
                0x000000000080044f                _end = .
                0x000000000080044f                PROVIDE (__heap_start, .)

.eeprom         0x0000000000810000        0x0
 *(.eeprom*)
                0x0000000000810000                __eeprom_end = .

.fuse
 *(.fuse)
 *(.lfuse)
 *(.hfuse)
 *(.efuse)

.lock
 *(.lock*)

.signature
 *(.signature*)

.stab           0x0000000000000000     0x1260
 *(.stab)
 .stab          0x0000000000000000      0x6b4 /usr/lib/gcc/avr/4.3.5/../../../avr/lib/avr5/crtm328p.o
 .stab          0x00000000000006b4      0x360 /usr/lib/gcc/avr/4.3.5/../../../avr/lib/avr5/libc.a(malloc.o)
                                        0x6fc (size before relaxing)
 .stab          0x0000000000000a14      0x12c /usr/lib/gcc/avr/4.3.5/../../../avr/lib/avr5/libc.a(random.o)
                                        0x33c (size before relaxing)
 .stab          0x0000000000000b40       0x18 /usr/lib/gcc/avr/4.3.5/../../../avr/lib/avr5/libc.a(isspace.o)
                                         0xa8 (size before relaxing)
 .stab          0x0000000000000b58       0x18 /usr/lib/gcc/avr/4.3.5/../../../avr/lib/avr5/libc.a(tolower.o)
                                         0xa8 (size before relaxing)
 .stab          0x0000000000000b70       0x18 /usr/lib/gcc/avr/4.3.5/../../../avr/lib/avr5/libc.a(toupper.o)
                                         0xa8 (size before relaxing)
 .stab          0x0000000000000b88       0x9c /usr/lib/gcc/avr/4.3.5/../../../avr/lib/avr5/libc.a(strcat.o)
                                         0xa8 (size before relaxing)
 .stab          0x0000000000000c24       0x9c /usr/lib/gcc/avr/4.3.5/../../../avr/lib/avr5/libc.a(strchr.o)
                                         0xa8 (size before relaxing)
 .stab          0x0000000000000cc0       0x84 /usr/lib/gcc/avr/4.3.5/../../../avr/lib/avr5/libc.a(strcmp.o)
                                         0x90 (size before relaxing)
 .stab          0x0000000000000d44       0x6c /usr/lib/gcc/avr/4.3.5/../../../avr/lib/avr5/libc.a(strcpy.o)
                                         0x78 (size before relaxing)
 .stab          0x0000000000000db0       0xc0 /usr/lib/gcc/avr/4.3.5/../../../avr/lib/avr5/libc.a(strncmp.o)
                                         0xcc (size before relaxing)
 .stab          0x0000000000000e70       0xcc /usr/lib/gcc/avr/4.3.5/../../../avr/lib/avr5/libc.a(strncpy.o)
                                         0xd8 (size before relaxing)
 .stab          0x0000000000000f3c       0x9c /usr/lib/gcc/avr/4.3.5/../../../avr/lib/avr5/libc.a(strrchr.o)
                                         0xa8 (size before relaxing)
 .stab          0x0000000000000fd8      0x150 /usr/lib/gcc/avr/4.3.5/../../../avr/lib/avr5/libc.a(strstr.o)
                                        0x15c (size before relaxing)
 .stab          0x0000000000001128       0x18 /usr/lib/gcc/avr/4.3.5/../../../avr/lib/avr5/libc.a(itoa.o)
                                        0x1bc (size before relaxing)
 .stab          0x0000000000001140       0x18 /usr/lib/gcc/avr/4.3.5/../../../avr/lib/avr5/libc.a(ltoa.o)
                                        0x2a0 (size before relaxing)
 .stab          0x0000000000001158       0x18 /usr/lib/gcc/avr/4.3.5/../../../avr/lib/avr5/libc.a(ultoa.o)
                                        0x1ec (size before relaxing)
 .stab          0x0000000000001170       0x18 /usr/lib/gcc/avr/4.3.5/../../../avr/lib/avr5/libc.a(cty_isfalse.o)
                                         0x6c (size before relaxing)
 .stab          0x0000000000001188       0xd8 /usr/lib/gcc/avr/4.3.5/../../../avr/lib/avr5/libc.a(strrev.o)
                                         0xe4 (size before relaxing)

.stabstr        0x0000000000000000      0xbf8
 *(.stabstr)
 .stabstr       0x0000000000000000      0xbf8 /usr/lib/gcc/avr/4.3.5/../../../avr/lib/avr5/crtm328p.o

.stab.excl
 *(.stab.excl)

.stab.exclstr
 *(.stab.exclstr)

.stab.index
 *(.stab.index)

.stab.indexstr
 *(.stab.indexstr)

.comment
 *(.comment)

.debug
 *(.debug)

.line
 *(.line)

.debug_srcinfo
 *(.debug_srcinfo)

.debug_sfnames
 *(.debug_sfnames)

.debug_aranges
 *(.debug_aranges)

.debug_pubnames
 *(.debug_pubnames)

.debug_info
 *(.debug_info)
 *(.gnu.linkonce.wi.*)

.debug_abbrev
 *(.debug_abbrev)

.debug_line
 *(.debug_line)

.debug_frame
 *(.debug_frame)

.debug_str
 *(.debug_str)

.debug_loc
 *(.debug_loc)

.debug_macinfo
 *(.debug_macinfo)
OUTPUT(ROS_mini.elf elf32-avr)
LOAD linker stubs

Cross Reference Table

Symbol                                            File
CD74HC4067::CD74HC4067(unsigned char, unsigned char, unsigned char, unsigned char, unsigned char) ./src/lib/CD74HC4067.o
CD74HC4067::CD74HC4067(unsigned char, unsigned char, unsigned char, unsigned char, unsigned char) ./src/lib/CD74HC4067.o
                                                  ./src/Main.o
CD74HC4067::readADC(unsigned char)                ./src/lib/CD74HC4067.o
                                                  ./src/lib/Gyro.o
CD74HC4067::readDigital(unsigned char)            ./src/lib/CD74HC4067.o
CD74HC4067::setMux(unsigned char)                 ./src/lib/CD74HC4067.o
Controller::Controller(double*, double*, double*, double*, long*, long*, PowerMonitor*, double*, double*, Servo*, Servo*) ./src/lib/Controller.o
Controller::Controller(double*, double*, double*, double*, long*, long*, PowerMonitor*, double*, double*, Servo*, Servo*) ./src/lib/Controller.o
                                                  ./src/Main.o
Controller::flush()                               ./src/lib/Controller.o
Controller::nextByte(unsigned long)               ./src/lib/Controller.o
Controller::printInfo()                           ./src/lib/Controller.o
Controller::processCommand()                      ./src/lib/Controller.o
Controller::update()                              ./src/lib/Controller.o
                                                  ./src/Main.o
FlexiTimer2::_overflow()                          ./src/lib/FlexiTimer2.o
FlexiTimer2::count                                ./src/lib/FlexiTimer2.o
FlexiTimer2::func                                 ./src/lib/FlexiTimer2.o
FlexiTimer2::overflowing                          ./src/lib/FlexiTimer2.o
FlexiTimer2::set(unsigned long, double, void (*)()) ./src/lib/FlexiTimer2.o
FlexiTimer2::set(unsigned long, void (*)())       ./src/lib/FlexiTimer2.o
FlexiTimer2::start()                              ./src/lib/FlexiTimer2.o
FlexiTimer2::stop()                               ./src/lib/FlexiTimer2.o
FlexiTimer2::tcnt2                                ./src/lib/FlexiTimer2.o
FlexiTimer2::time_units                           ./src/lib/FlexiTimer2.o
Gyro::Gyro(CD74HC4067*, unsigned char, unsigned char, float) ./src/lib/Gyro.o
                                                  ./src/Main.o
Gyro::Gyro(CD74HC4067*, unsigned char, unsigned char, float) ./src/lib/Gyro.o
Gyro::Gyro(unsigned char, unsigned char, float)   ./src/lib/Gyro.o
Gyro::Gyro(unsigned char, unsigned char, float)   ./src/lib/Gyro.o
Gyro::calibrate(unsigned int, bool)               ./src/lib/Gyro.o
                                                  ./src/Main.o
Gyro::getValue()                                  ./src/lib/Gyro.o
                                                  ./src/Main.o
HardwareSerial::HardwareSerial(ring_buffer*, unsigned char volatile*, unsigned char volatile*, unsigned char volatile*, unsigned char volatile*, unsigned char volatile*, unsigned char, unsigned char, unsigned char, unsigned char, unsigned char) /home/rbtying/robot/firmware/Arduino-328P/Debug/libArduino.a(HardwareSerial.o)
HardwareSerial::HardwareSerial(ring_buffer*, unsigned char volatile*, unsigned char volatile*, unsigned char volatile*, unsigned char volatile*, unsigned char volatile*, unsigned char, unsigned char, unsigned char, unsigned char, unsigned char) /home/rbtying/robot/firmware/Arduino-328P/Debug/libArduino.a(HardwareSerial.o)
HardwareSerial::available()                       /home/rbtying/robot/firmware/Arduino-328P/Debug/libArduino.a(HardwareSerial.o)
                                                  ./src/lib/Controller.o
HardwareSerial::begin(long)                       /home/rbtying/robot/firmware/Arduino-328P/Debug/libArduino.a(HardwareSerial.o)
                                                  ./src/Main.o
HardwareSerial::end()                             /home/rbtying/robot/firmware/Arduino-328P/Debug/libArduino.a(HardwareSerial.o)
HardwareSerial::flush()                           /home/rbtying/robot/firmware/Arduino-328P/Debug/libArduino.a(HardwareSerial.o)
HardwareSerial::peek()                            /home/rbtying/robot/firmware/Arduino-328P/Debug/libArduino.a(HardwareSerial.o)
HardwareSerial::read()                            /home/rbtying/robot/firmware/Arduino-328P/Debug/libArduino.a(HardwareSerial.o)
                                                  ./src/lib/Controller.o
HardwareSerial::write(unsigned char)              /home/rbtying/robot/firmware/Arduino-328P/Debug/libArduino.a(HardwareSerial.o)
LEDDisplay::LEDDisplay(unsigned char)             ./src/lib/LEDDisplay.o
LEDDisplay::LEDDisplay(unsigned char)             ./src/lib/LEDDisplay.o
LEDDisplay::display(int, char)                    ./src/lib/LEDDisplay.o
LEDDisplay::findNumDigits(int, int)               ./src/lib/LEDDisplay.o
LEDDisplay::setDots(bool, bool, bool, bool, bool, bool) ./src/lib/LEDDisplay.o
LineSensor::LineSensor(unsigned char, unsigned char) ./src/lib/LineSensor.o
LineSensor::LineSensor(unsigned char, unsigned char) ./src/lib/LineSensor.o
LineSensor::getLinePos()                          ./src/lib/LineSensor.o
LineSensor::getSensorValues(unsigned int*)        ./src/lib/LineSensor.o
LineSensor::nextByte(unsigned long)               ./src/lib/LineSensor.o
LineSensor::setCalibrate(bool)                    ./src/lib/LineSensor.o
MaxSonar::MaxSonar(unsigned char)                 ./src/lib/MaxSonar.o
MaxSonar::MaxSonar(unsigned char)                 ./src/lib/MaxSonar.o
MaxSonar::get_dist()                              ./src/lib/MaxSonar.o
NewSoftSerial::NewSoftSerial(unsigned char, unsigned char, bool) ./src/lib/NewSoftSerial.o
                                                  ./src/lib/RoboClaw.o
                                                  ./src/lib/LineSensor.o
                                                  ./src/lib/LEDDisplay.o
NewSoftSerial::NewSoftSerial(unsigned char, unsigned char, bool) ./src/lib/NewSoftSerial.o
NewSoftSerial::_receive_buffer                    ./src/lib/NewSoftSerial.o
NewSoftSerial::_receive_buffer_head               ./src/lib/NewSoftSerial.o
NewSoftSerial::_receive_buffer_tail               ./src/lib/NewSoftSerial.o
NewSoftSerial::activate()                         ./src/lib/NewSoftSerial.o
NewSoftSerial::active_object                      ./src/lib/NewSoftSerial.o
NewSoftSerial::available()                        ./src/lib/NewSoftSerial.o
                                                  ./src/lib/RoboClaw.o
                                                  ./src/lib/LineSensor.o
NewSoftSerial::begin(long)                        ./src/lib/NewSoftSerial.o
                                                  ./src/lib/RoboClaw.o
                                                  ./src/lib/LineSensor.o
                                                  ./src/lib/LEDDisplay.o
NewSoftSerial::enable_timer0(bool)                ./src/lib/NewSoftSerial.o
NewSoftSerial::end()                              ./src/lib/NewSoftSerial.o
NewSoftSerial::flush()                            ./src/lib/NewSoftSerial.o
NewSoftSerial::handle_interrupt()                 ./src/lib/NewSoftSerial.o
NewSoftSerial::read()                             ./src/lib/NewSoftSerial.o
                                                  ./src/lib/RoboClaw.o
                                                  ./src/lib/LineSensor.o
NewSoftSerial::recv()                             ./src/lib/NewSoftSerial.o
NewSoftSerial::rx_pin_read()                      ./src/lib/NewSoftSerial.o
NewSoftSerial::setRX(unsigned char)               ./src/lib/NewSoftSerial.o
NewSoftSerial::setTX(unsigned char)               ./src/lib/NewSoftSerial.o
NewSoftSerial::tx_pin_write(unsigned char)        ./src/lib/NewSoftSerial.o
NewSoftSerial::write(unsigned char)               ./src/lib/NewSoftSerial.o
                                                  ./src/lib/RoboClaw.o
                                                  ./src/lib/LineSensor.o
                                                  ./src/lib/LEDDisplay.o
NewSoftSerial::~NewSoftSerial()                   ./src/lib/NewSoftSerial.o
NewSoftSerial::~NewSoftSerial()                   ./src/lib/NewSoftSerial.o
Ping::Ping(unsigned char)                         ./src/lib/Ping.o
Ping::Ping(unsigned char)                         ./src/lib/Ping.o
Ping::getDistance()                               ./src/lib/Ping.o
PowerMonitor::PowerMonitor(unsigned char, unsigned char) ./src/lib/PowerMonitor.o
                                                  ./src/Main.o
PowerMonitor::PowerMonitor(unsigned char, unsigned char) ./src/lib/PowerMonitor.o
PowerMonitor::getCurrent()                        ./src/lib/PowerMonitor.o
                                                  ./src/lib/Controller.o
PowerMonitor::getVoltage()                        ./src/lib/PowerMonitor.o
                                                  ./src/lib/Controller.o
Print::print(String const&)                       /home/rbtying/robot/firmware/Arduino-328P/Debug/libArduino.a(Print.o)
Print::print(char const*)                         /home/rbtying/robot/firmware/Arduino-328P/Debug/libArduino.a(Print.o)
                                                  ./src/lib/LEDDisplay.o
                                                  ./src/lib/Controller.o
Print::print(char, int)                           /home/rbtying/robot/firmware/Arduino-328P/Debug/libArduino.a(Print.o)
                                                  ./src/lib/LineSensor.o
                                                  ./src/lib/LEDDisplay.o
Print::print(double, int)                         /home/rbtying/robot/firmware/Arduino-328P/Debug/libArduino.a(Print.o)
                                                  ./src/lib/Controller.o
Print::print(int, int)                            /home/rbtying/robot/firmware/Arduino-328P/Debug/libArduino.a(Print.o)
                                                  ./src/lib/RoboClaw.o
                                                  ./src/lib/LEDDisplay.o
                                                  ./src/lib/Controller.o
Print::print(long, int)                           /home/rbtying/robot/firmware/Arduino-328P/Debug/libArduino.a(Print.o)
Print::print(unsigned char, int)                  /home/rbtying/robot/firmware/Arduino-328P/Debug/libArduino.a(Print.o)
                                                  ./src/lib/RoboClaw.o
                                                  ./src/lib/LEDDisplay.o
                                                  ./src/lib/Controller.o
Print::print(unsigned int, int)                   /home/rbtying/robot/firmware/Arduino-328P/Debug/libArduino.a(Print.o)
Print::print(unsigned long, int)                  /home/rbtying/robot/firmware/Arduino-328P/Debug/libArduino.a(Print.o)
Print::printFloat(double, unsigned char)          /home/rbtying/robot/firmware/Arduino-328P/Debug/libArduino.a(Print.o)
Print::printNumber(unsigned long, unsigned char)  /home/rbtying/robot/firmware/Arduino-328P/Debug/libArduino.a(Print.o)
Print::println()                                  /home/rbtying/robot/firmware/Arduino-328P/Debug/libArduino.a(Print.o)
Print::println(String const&)                     /home/rbtying/robot/firmware/Arduino-328P/Debug/libArduino.a(Print.o)
Print::println(char const*)                       /home/rbtying/robot/firmware/Arduino-328P/Debug/libArduino.a(Print.o)
                                                  ./src/lib/Controller.o
Print::println(char, int)                         /home/rbtying/robot/firmware/Arduino-328P/Debug/libArduino.a(Print.o)
Print::println(double, int)                       /home/rbtying/robot/firmware/Arduino-328P/Debug/libArduino.a(Print.o)
                                                  ./src/lib/Controller.o
Print::println(int, int)                          /home/rbtying/robot/firmware/Arduino-328P/Debug/libArduino.a(Print.o)
Print::println(long, int)                         /home/rbtying/robot/firmware/Arduino-328P/Debug/libArduino.a(Print.o)
Print::println(unsigned char, int)                /home/rbtying/robot/firmware/Arduino-328P/Debug/libArduino.a(Print.o)
Print::println(unsigned int, int)                 /home/rbtying/robot/firmware/Arduino-328P/Debug/libArduino.a(Print.o)
Print::println(unsigned long, int)                /home/rbtying/robot/firmware/Arduino-328P/Debug/libArduino.a(Print.o)
Print::write(char const*)                         /home/rbtying/robot/firmware/Arduino-328P/Debug/libArduino.a(Print.o)
                                                  /home/rbtying/robot/firmware/Arduino-328P/Debug/libArduino.a(HardwareSerial.o)
                                                  ./src/lib/RoboClaw.o
                                                  ./src/lib/NewSoftSerial.o
                                                  ./src/lib/LineSensor.o
                                                  ./src/lib/LEDDisplay.o
Print::write(unsigned char const*, unsigned int)  /home/rbtying/robot/firmware/Arduino-328P/Debug/libArduino.a(Print.o)
                                                  /home/rbtying/robot/firmware/Arduino-328P/Debug/libArduino.a(HardwareSerial.o)
                                                  ./src/lib/RoboClaw.o
                                                  ./src/lib/NewSoftSerial.o
                                                  ./src/lib/LineSensor.o
                                                  ./src/lib/LEDDisplay.o
RC_CTRL::RC_CTRL(unsigned char, unsigned char, unsigned char, unsigned char, unsigned char) ./src/lib/RC_CTRL.o
RC_CTRL::RC_CTRL(unsigned char, unsigned char, unsigned char, unsigned char, unsigned char) ./src/lib/RC_CTRL.o
RC_CTRL::deadBandProcessor(signed char, unsigned char) ./src/lib/RC_CTRL.o
RC_CTRL::getChannel(unsigned char)                ./src/lib/RC_CTRL.o
RC_CTRL::getKnob()                                ./src/lib/RC_CTRL.o
RC_CTRL::getThrottle(bool, unsigned char)         ./src/lib/RC_CTRL.o
RC_CTRL::getYaw(bool, unsigned char)              ./src/lib/RC_CTRL.o
RC_CTRL::readRC(unsigned char)                    ./src/lib/RC_CTRL.o
RC_CTRL::update()                                 ./src/lib/RC_CTRL.o
RoboClaw::RoboClaw(unsigned char, unsigned char, unsigned char) ./src/lib/RoboClaw.o
RoboClaw::RoboClaw(unsigned char, unsigned char, unsigned char) ./src/lib/RoboClaw.o
RoboClaw::advPtr()                                ./src/lib/RoboClaw.o
RoboClaw::getEncLeft(long*)                       ./src/lib/RoboClaw.o
RoboClaw::getEncRight(long*)                      ./src/lib/RoboClaw.o
RoboClaw::getEncoderSpeedLeft(double*)            ./src/lib/RoboClaw.o
RoboClaw::getEncoderSpeedRight(double*)           ./src/lib/RoboClaw.o
RoboClaw::getMotorBatteryVoltage()                ./src/lib/RoboClaw.o
RoboClaw::nextByte(unsigned long)                 ./src/lib/RoboClaw.o
RoboClaw::reset()                                 ./src/lib/RoboClaw.o
RoboClaw::setPID(long, long, long, long)          ./src/lib/RoboClaw.o
RoboClaw::setSpeedDutyCycle(int, int)             ./src/lib/RoboClaw.o
RoboClaw::setSpeedPID(double, double)             ./src/lib/RoboClaw.o
RoboClaw::updateEnc(long*, long*)                 ./src/lib/RoboClaw.o
RoboClaw::updateSpeed(double*, double*)           ./src/lib/RoboClaw.o
RoboClaw::updateState(double*, double*, long*, long*) ./src/lib/RoboClaw.o
Serial                                            /home/rbtying/robot/firmware/Arduino-328P/Debug/libArduino.a(HardwareSerial.o)
                                                  ./src/Main.o
                                                  ./src/lib/Controller.o
Servo::Servo()                                    /home/rbtying/robot/firmware/Arduino-328P/Debug/libArduino.a(Servo.o)
Servo::Servo()                                    /home/rbtying/robot/firmware/Arduino-328P/Debug/libArduino.a(Servo.o)
                                                  ./src/Main.o
Servo::attach(int)                                /home/rbtying/robot/firmware/Arduino-328P/Debug/libArduino.a(Servo.o)
                                                  ./src/Main.o
Servo::attach(int, int, int)                      /home/rbtying/robot/firmware/Arduino-328P/Debug/libArduino.a(Servo.o)
Servo::attached()                                 /home/rbtying/robot/firmware/Arduino-328P/Debug/libArduino.a(Servo.o)
Servo::detach()                                   /home/rbtying/robot/firmware/Arduino-328P/Debug/libArduino.a(Servo.o)
Servo::read()                                     /home/rbtying/robot/firmware/Arduino-328P/Debug/libArduino.a(Servo.o)
                                                  ./src/lib/Controller.o
Servo::readMicroseconds()                         /home/rbtying/robot/firmware/Arduino-328P/Debug/libArduino.a(Servo.o)
Servo::write(int)                                 /home/rbtying/robot/firmware/Arduino-328P/Debug/libArduino.a(Servo.o)
                                                  ./src/Main.o
                                                  ./src/lib/Controller.o
Servo::writeMicroseconds(int)                     /home/rbtying/robot/firmware/Arduino-328P/Debug/libArduino.a(Servo.o)
                                                  ./src/Main.o
ServoCount                                        /home/rbtying/robot/firmware/Arduino-328P/Debug/libArduino.a(Servo.o)
Sharp_IR::Sharp_IR(unsigned char, unsigned char)  ./src/lib/Sharp_IR.o
Sharp_IR::Sharp_IR(unsigned char, unsigned char)  ./src/lib/Sharp_IR.o
Sharp_IR::get_dist()                              ./src/lib/Sharp_IR.o
String::String(String const&)                     /home/rbtying/robot/firmware/Arduino-328P/Debug/libArduino.a(WString.o)
String::String(String const&)                     /home/rbtying/robot/firmware/Arduino-328P/Debug/libArduino.a(WString.o)
String::String(char const*)                       /home/rbtying/robot/firmware/Arduino-328P/Debug/libArduino.a(WString.o)
String::String(char const*)                       /home/rbtying/robot/firmware/Arduino-328P/Debug/libArduino.a(WString.o)
String::String(char)                              /home/rbtying/robot/firmware/Arduino-328P/Debug/libArduino.a(WString.o)
String::String(char)                              /home/rbtying/robot/firmware/Arduino-328P/Debug/libArduino.a(WString.o)
String::String(int, int)                          /home/rbtying/robot/firmware/Arduino-328P/Debug/libArduino.a(WString.o)
String::String(int, int)                          /home/rbtying/robot/firmware/Arduino-328P/Debug/libArduino.a(WString.o)
String::String(long, int)                         /home/rbtying/robot/firmware/Arduino-328P/Debug/libArduino.a(WString.o)
String::String(long, int)                         /home/rbtying/robot/firmware/Arduino-328P/Debug/libArduino.a(WString.o)
String::String(unsigned char)                     /home/rbtying/robot/firmware/Arduino-328P/Debug/libArduino.a(WString.o)
String::String(unsigned char)                     /home/rbtying/robot/firmware/Arduino-328P/Debug/libArduino.a(WString.o)
String::String(unsigned int, int)                 /home/rbtying/robot/firmware/Arduino-328P/Debug/libArduino.a(WString.o)
String::String(unsigned int, int)                 /home/rbtying/robot/firmware/Arduino-328P/Debug/libArduino.a(WString.o)
String::String(unsigned long, int)                /home/rbtying/robot/firmware/Arduino-328P/Debug/libArduino.a(WString.o)
String::String(unsigned long, int)                /home/rbtying/robot/firmware/Arduino-328P/Debug/libArduino.a(WString.o)
String::charAt(unsigned int) const                /home/rbtying/robot/firmware/Arduino-328P/Debug/libArduino.a(WString.o)
String::compareTo(String const&) const            /home/rbtying/robot/firmware/Arduino-328P/Debug/libArduino.a(WString.o)
String::concat(String const&)                     /home/rbtying/robot/firmware/Arduino-328P/Debug/libArduino.a(WString.o)
String::endsWith(String const&) const             /home/rbtying/robot/firmware/Arduino-328P/Debug/libArduino.a(WString.o)
String::equals(String const&) const               /home/rbtying/robot/firmware/Arduino-328P/Debug/libArduino.a(WString.o)
String::equalsIgnoreCase(String const&) const     /home/rbtying/robot/firmware/Arduino-328P/Debug/libArduino.a(WString.o)
String::getBuffer(unsigned int)                   /home/rbtying/robot/firmware/Arduino-328P/Debug/libArduino.a(WString.o)
String::getBytes(unsigned char*, unsigned int)    /home/rbtying/robot/firmware/Arduino-328P/Debug/libArduino.a(WString.o)
String::indexOf(String const&) const              /home/rbtying/robot/firmware/Arduino-328P/Debug/libArduino.a(WString.o)
String::indexOf(String const&, unsigned int) const /home/rbtying/robot/firmware/Arduino-328P/Debug/libArduino.a(WString.o)
String::indexOf(char) const                       /home/rbtying/robot/firmware/Arduino-328P/Debug/libArduino.a(WString.o)
String::indexOf(char, unsigned int) const         /home/rbtying/robot/firmware/Arduino-328P/Debug/libArduino.a(WString.o)
String::lastIndexOf(String const&) const          /home/rbtying/robot/firmware/Arduino-328P/Debug/libArduino.a(WString.o)
String::lastIndexOf(String const&, unsigned int) const /home/rbtying/robot/firmware/Arduino-328P/Debug/libArduino.a(WString.o)
String::lastIndexOf(char) const                   /home/rbtying/robot/firmware/Arduino-328P/Debug/libArduino.a(WString.o)
String::lastIndexOf(char, unsigned int) const     /home/rbtying/robot/firmware/Arduino-328P/Debug/libArduino.a(WString.o)
String::operator!=(String const&) const           /home/rbtying/robot/firmware/Arduino-328P/Debug/libArduino.a(WString.o)
String::operator+=(String const&)                 /home/rbtying/robot/firmware/Arduino-328P/Debug/libArduino.a(WString.o)
String::operator<(String const&) const            /home/rbtying/robot/firmware/Arduino-328P/Debug/libArduino.a(WString.o)
String::operator<=(String const&) const           /home/rbtying/robot/firmware/Arduino-328P/Debug/libArduino.a(WString.o)
String::operator=(String const&)                  /home/rbtying/robot/firmware/Arduino-328P/Debug/libArduino.a(WString.o)
String::operator==(String const&) const           /home/rbtying/robot/firmware/Arduino-328P/Debug/libArduino.a(WString.o)
String::operator>(String const&) const            /home/rbtying/robot/firmware/Arduino-328P/Debug/libArduino.a(WString.o)
String::operator>=(String const&) const           /home/rbtying/robot/firmware/Arduino-328P/Debug/libArduino.a(WString.o)
String::operator[](unsigned int)                  /home/rbtying/robot/firmware/Arduino-328P/Debug/libArduino.a(WString.o)
String::operator[](unsigned int) const            /home/rbtying/robot/firmware/Arduino-328P/Debug/libArduino.a(WString.o)
                                                  /home/rbtying/robot/firmware/Arduino-328P/Debug/libArduino.a(Print.o)
String::replace(String const&, String const&)     /home/rbtying/robot/firmware/Arduino-328P/Debug/libArduino.a(WString.o)
String::replace(char, char)                       /home/rbtying/robot/firmware/Arduino-328P/Debug/libArduino.a(WString.o)
String::setCharAt(unsigned int, char)             /home/rbtying/robot/firmware/Arduino-328P/Debug/libArduino.a(WString.o)
String::startsWith(String const&) const           /home/rbtying/robot/firmware/Arduino-328P/Debug/libArduino.a(WString.o)
String::startsWith(String const&, unsigned int) const /home/rbtying/robot/firmware/Arduino-328P/Debug/libArduino.a(WString.o)
String::substring(unsigned int) const             /home/rbtying/robot/firmware/Arduino-328P/Debug/libArduino.a(WString.o)
String::substring(unsigned int, unsigned int) const /home/rbtying/robot/firmware/Arduino-328P/Debug/libArduino.a(WString.o)
String::toCharArray(char*, unsigned int)          /home/rbtying/robot/firmware/Arduino-328P/Debug/libArduino.a(WString.o)
String::toLowerCase() const                       /home/rbtying/robot/firmware/Arduino-328P/Debug/libArduino.a(WString.o)
String::toUpperCase() const                       /home/rbtying/robot/firmware/Arduino-328P/Debug/libArduino.a(WString.o)
String::trim() const                              /home/rbtying/robot/firmware/Arduino-328P/Debug/libArduino.a(WString.o)
String::~String()                                 /home/rbtying/robot/firmware/Arduino-328P/Debug/libArduino.a(WString.o)
TSL1401::TSL1401(unsigned char, unsigned char, unsigned char, unsigned int) ./src/lib/TSL1401.o
TSL1401::TSL1401(unsigned char, unsigned char, unsigned char, unsigned int) ./src/lib/TSL1401.o
TSL1401::flush()                                  ./src/lib/TSL1401.o
TSL1401::getDataPointer()                         ./src/lib/TSL1401.o
TSL1401::getDataSize()                            ./src/lib/TSL1401.o
TSL1401::getLinePos(unsigned int, unsigned int)   ./src/lib/TSL1401.o
TSL1401::prepFrame()                              ./src/lib/TSL1401.o
TSL1401::resetSensor()                            ./src/lib/TSL1401.o
TSL1401::setExpo(unsigned int)                    ./src/lib/TSL1401.o
TSL1401::updateReadings()                         ./src/lib/TSL1401.o
TSL1401::~TSL1401()                               ./src/lib/TSL1401.o
TSL1401::~TSL1401()                               ./src/lib/TSL1401.o
__addsf3                                          /usr/lib/gcc/avr/4.3.5/avr5/libgcc.a(_addsub_sf.o)
                                                  /home/rbtying/robot/firmware/Arduino-328P/Debug/libm.a(log.o)
                                                  /home/rbtying/robot/firmware/Arduino-328P/Debug/libArduino.a(Print.o)
                                                  ./src/Main.o
                                                  ./src/lib/Gyro.o
__addsf3x                                         /home/rbtying/robot/firmware/Arduino-328P/Debug/libm.a(addsf3x.o)
                                                  /home/rbtying/robot/firmware/Arduino-328P/Debug/libm.a(log.o)
                                                  /home/rbtying/robot/firmware/Arduino-328P/Debug/libm.a(fp_powser.o)
__bad_interrupt                                   /usr/lib/gcc/avr/4.3.5/../../../avr/lib/avr5/crtm328p.o
__brkval                                          /usr/lib/gcc/avr/4.3.5/../../../avr/lib/avr5/libc.a(malloc.o)
__bss_end                                         /usr/lib/gcc/avr/4.3.5/avr5/libgcc.a(_clear_bss.o)
__bss_start                                       /usr/lib/gcc/avr/4.3.5/avr5/libgcc.a(_clear_bss.o)
__clz_tab                                         /usr/lib/gcc/avr/4.3.5/avr5/libgcc.a(_clz.o)
                                                  /usr/lib/gcc/avr/4.3.5/avr5/libgcc.a(_clzsi2.o)
__clzsi2                                          /usr/lib/gcc/avr/4.3.5/avr5/libgcc.a(_clzsi2.o)
                                                  /usr/lib/gcc/avr/4.3.5/avr5/libgcc.a(_usi_to_sf.o)
                                                  /usr/lib/gcc/avr/4.3.5/avr5/libgcc.a(_si_to_sf.o)
__ctors_end                                       /usr/lib/gcc/avr/4.3.5/avr5/libgcc.a(_ctors.o)
__ctors_start                                     /usr/lib/gcc/avr/4.3.5/avr5/libgcc.a(_ctors.o)
__ctype_isfalse                                   /usr/lib/gcc/avr/4.3.5/../../../avr/lib/avr5/libc.a(cty_isfalse.o)
                                                  /usr/lib/gcc/avr/4.3.5/../../../avr/lib/avr5/libc.a(isspace.o)
__ctype_istrue                                    /usr/lib/gcc/avr/4.3.5/../../../avr/lib/avr5/libc.a(cty_isfalse.o)
__cxa_pure_virtual                                /home/rbtying/robot/firmware/Arduino-328P/Debug/libArduino.a(missing.o)
                                                  /home/rbtying/robot/firmware/Arduino-328P/Debug/libArduino.a(Print.o)
                                                  /home/rbtying/robot/firmware/Arduino-328P/Debug/libArduino.a(HardwareSerial.o)
__data_end                                        /usr/lib/gcc/avr/4.3.5/avr5/libgcc.a(_copy_data.o)
__data_load_start                                 /usr/lib/gcc/avr/4.3.5/avr5/libgcc.a(_copy_data.o)
__data_start                                      /usr/lib/gcc/avr/4.3.5/avr5/libgcc.a(_copy_data.o)
__divmodhi4                                       /usr/lib/gcc/avr/4.3.5/avr5/libgcc.a(_divmodhi4.o)
                                                  /home/rbtying/robot/firmware/Arduino-328P/Debug/libArduino.a(Servo.o)
                                                  /home/rbtying/robot/firmware/Arduino-328P/Debug/libArduino.a(HardwareSerial.o)
                                                  ./src/lib/Sharp_IR.o
                                                  ./src/lib/RoboClaw.o
                                                  ./src/lib/NewSoftSerial.o
                                                  ./src/lib/LEDDisplay.o
__divmodsi4                                       /usr/lib/gcc/avr/4.3.5/avr5/libgcc.a(_divmodsi4.o)
                                                  /usr/lib/gcc/avr/4.3.5/../../../avr/lib/avr5/libc.a(random.o)
                                                  /home/rbtying/robot/firmware/Arduino-328P/Debug/libArduino.a(WMath.o)
__divsf3                                          /usr/lib/gcc/avr/4.3.5/avr5/libgcc.a(_div_sf.o)
                                                  /home/rbtying/robot/firmware/Arduino-328P/Debug/libm.a(inverse.o)
                                                  /home/rbtying/robot/firmware/Arduino-328P/Debug/libArduino.a(Print.o)
                                                  ./src/Main.o
                                                  ./src/lib/Gyro.o
__do_clear_bss                                    /usr/lib/gcc/avr/4.3.5/avr5/libgcc.a(_clear_bss.o)
                                                  /usr/lib/gcc/avr/4.3.5/../../../avr/lib/avr5/libc.a(malloc.o)
                                                  /home/rbtying/robot/firmware/Arduino-328P/Debug/libArduino.a(Servo.o)
                                                  /home/rbtying/robot/firmware/Arduino-328P/Debug/libArduino.a(wiring.o)
                                                  /home/rbtying/robot/firmware/Arduino-328P/Debug/libArduino.a(WString.o)
                                                  /home/rbtying/robot/firmware/Arduino-328P/Debug/libArduino.a(WInterrupts.o)
                                                  /home/rbtying/robot/firmware/Arduino-328P/Debug/libArduino.a(HardwareSerial.o)
                                                  ./src/Main.o
                                                  ./src/lib/NewSoftSerial.o
                                                  ./src/lib/FlexiTimer2.o
__do_copy_data                                    /usr/lib/gcc/avr/4.3.5/avr5/libgcc.a(_copy_data.o)
                                                  /usr/lib/gcc/avr/4.3.5/../../../avr/lib/avr5/libc.a(random.o)
                                                  /usr/lib/gcc/avr/4.3.5/../../../avr/lib/avr5/libc.a(malloc.o)
                                                  /usr/lib/gcc/avr/4.3.5/avr5/libgcc.a(_clz.o)
                                                  /usr/lib/gcc/avr/4.3.5/avr5/libgcc.a(_thenan_sf.o)
                                                  /home/rbtying/robot/firmware/Arduino-328P/Debug/libArduino.a(wiring_analog.o)
                                                  /home/rbtying/robot/firmware/Arduino-328P/Debug/libArduino.a(WString.o)
                                                  /home/rbtying/robot/firmware/Arduino-328P/Debug/libArduino.a(Print.o)
                                                  /home/rbtying/robot/firmware/Arduino-328P/Debug/libArduino.a(HardwareSerial.o)
                                                  ./src/Main.o
                                                  ./src/lib/RoboClaw.o
                                                  ./src/lib/NewSoftSerial.o
                                                  ./src/lib/LineSensor.o
                                                  ./src/lib/LEDDisplay.o
                                                  ./src/lib/Controller.o
__do_global_ctors                                 /usr/lib/gcc/avr/4.3.5/avr5/libgcc.a(_ctors.o)
                                                  /home/rbtying/robot/firmware/Arduino-328P/Debug/libArduino.a(HardwareSerial.o)
                                                  ./src/Main.o
__epilogue_restores__                             /usr/lib/gcc/avr/4.3.5/avr5/libgcc.a(_epilogue.o)
                                                  /usr/lib/gcc/avr/4.3.5/../../../avr/lib/avr5/libc.a(random.o)
                                                  /usr/lib/gcc/avr/4.3.5/avr5/libgcc.a(_usi_to_sf.o)
                                                  /usr/lib/gcc/avr/4.3.5/avr5/libgcc.a(_sf_to_si.o)
                                                  /usr/lib/gcc/avr/4.3.5/avr5/libgcc.a(_si_to_sf.o)
                                                  /usr/lib/gcc/avr/4.3.5/avr5/libgcc.a(_le_sf.o)
                                                  /usr/lib/gcc/avr/4.3.5/avr5/libgcc.a(_lt_sf.o)
                                                  /usr/lib/gcc/avr/4.3.5/avr5/libgcc.a(_ge_sf.o)
                                                  /usr/lib/gcc/avr/4.3.5/avr5/libgcc.a(_gt_sf.o)
                                                  /usr/lib/gcc/avr/4.3.5/avr5/libgcc.a(_eq_sf.o)
                                                  /usr/lib/gcc/avr/4.3.5/avr5/libgcc.a(_div_sf.o)
                                                  /usr/lib/gcc/avr/4.3.5/avr5/libgcc.a(_mul_sf.o)
                                                  /usr/lib/gcc/avr/4.3.5/avr5/libgcc.a(_addsub_sf.o)
__eqsf2                                           /usr/lib/gcc/avr/4.3.5/avr5/libgcc.a(_eq_sf.o)
                                                  ./src/Main.o
__fixsfsi                                         /usr/lib/gcc/avr/4.3.5/avr5/libgcc.a(_sf_to_si.o)
                                                  /usr/lib/gcc/avr/4.3.5/avr5/libgcc.a(_fixunssfsi.o)
                                                  /home/rbtying/robot/firmware/Arduino-328P/Debug/libArduino.a(Print.o)
                                                  ./src/Main.o
                                                  ./src/lib/RoboClaw.o
                                                  ./src/lib/MaxSonar.o
                                                  ./src/lib/FlexiTimer2.o
                                                  ./src/lib/Controller.o
__fixunssfsi                                      /usr/lib/gcc/avr/4.3.5/avr5/libgcc.a(_fixunssfsi.o)
                                                  /home/rbtying/robot/firmware/Arduino-328P/Debug/libArduino.a(Print.o)
__floatsisf                                       /usr/lib/gcc/avr/4.3.5/avr5/libgcc.a(_si_to_sf.o)
                                                  /home/rbtying/robot/firmware/Arduino-328P/Debug/libm.a(log.o)
                                                  /home/rbtying/robot/firmware/Arduino-328P/Debug/libArduino.a(Print.o)
                                                  ./src/Main.o
                                                  ./src/lib/Sharp_IR.o
                                                  ./src/lib/RoboClaw.o
                                                  ./src/lib/MaxSonar.o
                                                  ./src/lib/Gyro.o
                                                  ./src/lib/Controller.o
__floatunsisf                                     /usr/lib/gcc/avr/4.3.5/avr5/libgcc.a(_usi_to_sf.o)
                                                  /home/rbtying/robot/firmware/Arduino-328P/Debug/libArduino.a(Print.o)
                                                  ./src/Main.o
                                                  ./src/lib/PowerMonitor.o
                                                  ./src/lib/Gyro.o
__flp                                             /usr/lib/gcc/avr/4.3.5/../../../avr/lib/avr5/libc.a(malloc.o)
__fp_inf                                          /home/rbtying/robot/firmware/Arduino-328P/Debug/libm.a(fp_inf.o)
                                                  /home/rbtying/robot/firmware/Arduino-328P/Debug/libm.a(addsf3x.o)
                                                  /home/rbtying/robot/firmware/Arduino-328P/Debug/libm.a(mulsf3x.o)
                                                  /home/rbtying/robot/firmware/Arduino-328P/Debug/libm.a(log.o)
                                                  /home/rbtying/robot/firmware/Arduino-328P/Debug/libm.a(ldexp.o)
                                                  /home/rbtying/robot/firmware/Arduino-328P/Debug/libm.a(exp.o)
__fp_mpack                                        /home/rbtying/robot/firmware/Arduino-328P/Debug/libm.a(fp_mpack.o)
                                                  /home/rbtying/robot/firmware/Arduino-328P/Debug/libm.a(log.o)
                                                  /home/rbtying/robot/firmware/Arduino-328P/Debug/libm.a(ldexp.o)
__fp_mpack_finite                                 /home/rbtying/robot/firmware/Arduino-328P/Debug/libm.a(fp_mpack.o)
__fp_nan                                          /home/rbtying/robot/firmware/Arduino-328P/Debug/libm.a(fp_nan.o)
                                                  /home/rbtying/robot/firmware/Arduino-328P/Debug/libm.a(addsf3x.o)
                                                  /home/rbtying/robot/firmware/Arduino-328P/Debug/libm.a(mulsf3x.o)
                                                  /home/rbtying/robot/firmware/Arduino-328P/Debug/libm.a(log.o)
                                                  /home/rbtying/robot/firmware/Arduino-328P/Debug/libm.a(exp.o)
                                                  /home/rbtying/robot/firmware/Arduino-328P/Debug/libm.a(pow.o)
__fp_powser                                       /home/rbtying/robot/firmware/Arduino-328P/Debug/libm.a(fp_powser.o)
                                                  /home/rbtying/robot/firmware/Arduino-328P/Debug/libm.a(log.o)
                                                  /home/rbtying/robot/firmware/Arduino-328P/Debug/libm.a(exp.o)
__fp_pscA                                         /home/rbtying/robot/firmware/Arduino-328P/Debug/libm.a(fp_pscA.o)
                                                  /home/rbtying/robot/firmware/Arduino-328P/Debug/libm.a(addsf3x.o)
                                                  /home/rbtying/robot/firmware/Arduino-328P/Debug/libm.a(mulsf3x.o)
__fp_pscB                                         /home/rbtying/robot/firmware/Arduino-328P/Debug/libm.a(fp_pscB.o)
                                                  /home/rbtying/robot/firmware/Arduino-328P/Debug/libm.a(addsf3x.o)
                                                  /home/rbtying/robot/firmware/Arduino-328P/Debug/libm.a(mulsf3x.o)
__fp_round                                        /home/rbtying/robot/firmware/Arduino-328P/Debug/libm.a(fp_round.o)
                                                  /home/rbtying/robot/firmware/Arduino-328P/Debug/libm.a(log.o)
__fp_split3                                       /home/rbtying/robot/firmware/Arduino-328P/Debug/libm.a(fp_split3.o)
                                                  /home/rbtying/robot/firmware/Arduino-328P/Debug/libm.a(addsf3x.o)
                                                  /home/rbtying/robot/firmware/Arduino-328P/Debug/libm.a(mulsf3x.o)
__fp_splitA                                       /home/rbtying/robot/firmware/Arduino-328P/Debug/libm.a(fp_split3.o)
                                                  /home/rbtying/robot/firmware/Arduino-328P/Debug/libm.a(log.o)
                                                  /home/rbtying/robot/firmware/Arduino-328P/Debug/libm.a(ldexp.o)
                                                  /home/rbtying/robot/firmware/Arduino-328P/Debug/libm.a(exp.o)
__fp_szero                                        /home/rbtying/robot/firmware/Arduino-328P/Debug/libm.a(fp_zero.o)
                                                  /home/rbtying/robot/firmware/Arduino-328P/Debug/libm.a(mulsf3x.o)
                                                  /home/rbtying/robot/firmware/Arduino-328P/Debug/libm.a(ldexp.o)
__fp_zero                                         /home/rbtying/robot/firmware/Arduino-328P/Debug/libm.a(fp_zero.o)
                                                  /home/rbtying/robot/firmware/Arduino-328P/Debug/libm.a(addsf3x.o)
                                                  /home/rbtying/robot/firmware/Arduino-328P/Debug/libm.a(exp.o)
__fpcmp_parts_f                                   /usr/lib/gcc/avr/4.3.5/avr5/libgcc.a(_fpcmp_parts_sf.o)
                                                  /usr/lib/gcc/avr/4.3.5/avr5/libgcc.a(_le_sf.o)
                                                  /usr/lib/gcc/avr/4.3.5/avr5/libgcc.a(_lt_sf.o)
                                                  /usr/lib/gcc/avr/4.3.5/avr5/libgcc.a(_ge_sf.o)
                                                  /usr/lib/gcc/avr/4.3.5/avr5/libgcc.a(_gt_sf.o)
                                                  /usr/lib/gcc/avr/4.3.5/avr5/libgcc.a(_eq_sf.o)
__gesf2                                           /usr/lib/gcc/avr/4.3.5/avr5/libgcc.a(_ge_sf.o)
                                                  /usr/lib/gcc/avr/4.3.5/avr5/libgcc.a(_fixunssfsi.o)
                                                  ./src/Main.o
__gtsf2                                           /usr/lib/gcc/avr/4.3.5/avr5/libgcc.a(_gt_sf.o)
                                                  ./src/Main.o
__heap_end                                        /usr/lib/gcc/avr/4.3.5/../../../avr/lib/avr5/crtm328p.o
                                                  /usr/lib/gcc/avr/4.3.5/../../../avr/lib/avr5/libc.a(malloc.o)
__heap_start                                      /usr/lib/gcc/avr/4.3.5/../../../avr/lib/avr5/libc.a(malloc.o)
__init                                            /usr/lib/gcc/avr/4.3.5/../../../avr/lib/avr5/crtm328p.o
__lesf2                                           /usr/lib/gcc/avr/4.3.5/avr5/libgcc.a(_le_sf.o)
                                                  ./src/Main.o
__ltsf2                                           /usr/lib/gcc/avr/4.3.5/avr5/libgcc.a(_lt_sf.o)
                                                  /home/rbtying/robot/firmware/Arduino-328P/Debug/libArduino.a(Print.o)
                                                  ./src/Main.o
__malloc_heap_end                                 /usr/lib/gcc/avr/4.3.5/../../../avr/lib/avr5/libc.a(malloc.o)
__malloc_heap_start                               /usr/lib/gcc/avr/4.3.5/../../../avr/lib/avr5/libc.a(malloc.o)
__malloc_margin                                   /usr/lib/gcc/avr/4.3.5/../../../avr/lib/avr5/libc.a(malloc.o)
__mulsf3                                          /usr/lib/gcc/avr/4.3.5/avr5/libgcc.a(_mul_sf.o)
                                                  /home/rbtying/robot/firmware/Arduino-328P/Debug/libm.a(pow.o)
                                                  /home/rbtying/robot/firmware/Arduino-328P/Debug/libArduino.a(Print.o)
                                                  ./src/Main.o
                                                  ./src/lib/Sharp_IR.o
                                                  ./src/lib/RoboClaw.o
                                                  ./src/lib/PowerMonitor.o
                                                  ./src/lib/MaxSonar.o
                                                  ./src/lib/Gyro.o
                                                  ./src/lib/FlexiTimer2.o
                                                  ./src/lib/Controller.o
__mulsf3_pse                                      /home/rbtying/robot/firmware/Arduino-328P/Debug/libm.a(mulsf3x.o)
                                                  /home/rbtying/robot/firmware/Arduino-328P/Debug/libm.a(exp.o)
__mulsf3x                                         /home/rbtying/robot/firmware/Arduino-328P/Debug/libm.a(mulsf3x.o)
                                                  /home/rbtying/robot/firmware/Arduino-328P/Debug/libm.a(log.o)
                                                  /home/rbtying/robot/firmware/Arduino-328P/Debug/libm.a(fp_powser.o)
__mulsi3                                          /usr/lib/gcc/avr/4.3.5/avr5/libgcc.a(_mulsi3.o)
                                                  /usr/lib/gcc/avr/4.3.5/../../../avr/lib/avr5/libc.a(random.o)
                                                  /home/rbtying/robot/firmware/Arduino-328P/Debug/libArduino.a(wiring_pulse.o)
                                                  /home/rbtying/robot/firmware/Arduino-328P/Debug/libArduino.a(WMath.o)
                                                  /home/rbtying/robot/firmware/Arduino-328P/Debug/libArduino.a(HardwareSerial.o)
__pack_f                                          /usr/lib/gcc/avr/4.3.5/avr5/libgcc.a(_pack_sf.o)
                                                  /usr/lib/gcc/avr/4.3.5/avr5/libgcc.a(_usi_to_sf.o)
                                                  /usr/lib/gcc/avr/4.3.5/avr5/libgcc.a(_si_to_sf.o)
                                                  /usr/lib/gcc/avr/4.3.5/avr5/libgcc.a(_div_sf.o)
                                                  /usr/lib/gcc/avr/4.3.5/avr5/libgcc.a(_mul_sf.o)
                                                  /usr/lib/gcc/avr/4.3.5/avr5/libgcc.a(_addsub_sf.o)
__prologue_saves__                                /usr/lib/gcc/avr/4.3.5/avr5/libgcc.a(_prologue.o)
                                                  /usr/lib/gcc/avr/4.3.5/../../../avr/lib/avr5/libc.a(random.o)
                                                  /usr/lib/gcc/avr/4.3.5/avr5/libgcc.a(_usi_to_sf.o)
                                                  /usr/lib/gcc/avr/4.3.5/avr5/libgcc.a(_sf_to_si.o)
                                                  /usr/lib/gcc/avr/4.3.5/avr5/libgcc.a(_si_to_sf.o)
                                                  /usr/lib/gcc/avr/4.3.5/avr5/libgcc.a(_le_sf.o)
                                                  /usr/lib/gcc/avr/4.3.5/avr5/libgcc.a(_lt_sf.o)
                                                  /usr/lib/gcc/avr/4.3.5/avr5/libgcc.a(_ge_sf.o)
                                                  /usr/lib/gcc/avr/4.3.5/avr5/libgcc.a(_gt_sf.o)
                                                  /usr/lib/gcc/avr/4.3.5/avr5/libgcc.a(_eq_sf.o)
                                                  /usr/lib/gcc/avr/4.3.5/avr5/libgcc.a(_div_sf.o)
                                                  /usr/lib/gcc/avr/4.3.5/avr5/libgcc.a(_mul_sf.o)
                                                  /usr/lib/gcc/avr/4.3.5/avr5/libgcc.a(_addsub_sf.o)
__stack                                           /usr/lib/gcc/avr/4.3.5/../../../avr/lib/avr5/crtm328p.o
__subsf3                                          /usr/lib/gcc/avr/4.3.5/avr5/libgcc.a(_addsub_sf.o)
                                                  /home/rbtying/robot/firmware/Arduino-328P/Debug/libm.a(modf.o)
                                                  /usr/lib/gcc/avr/4.3.5/avr5/libgcc.a(_fixunssfsi.o)
                                                  /home/rbtying/robot/firmware/Arduino-328P/Debug/libArduino.a(Print.o)
                                                  ./src/Main.o
                                                  ./src/lib/Gyro.o
__tablejump2__                                    /usr/lib/gcc/avr/4.3.5/avr5/libgcc.a(_tablejump.o)
__tablejump__                                     /usr/lib/gcc/avr/4.3.5/avr5/libgcc.a(_tablejump.o)
                                                  /usr/lib/gcc/avr/4.3.5/avr5/libgcc.a(_ctors.o)
__thenan_sf                                       /usr/lib/gcc/avr/4.3.5/avr5/libgcc.a(_thenan_sf.o)
                                                  /usr/lib/gcc/avr/4.3.5/avr5/libgcc.a(_div_sf.o)
                                                  /usr/lib/gcc/avr/4.3.5/avr5/libgcc.a(_mul_sf.o)
                                                  /usr/lib/gcc/avr/4.3.5/avr5/libgcc.a(_addsub_sf.o)
__udivmodhi4                                      /usr/lib/gcc/avr/4.3.5/avr5/libgcc.a(_udivmodhi4.o)
                                                  /usr/lib/gcc/avr/4.3.5/../../../avr/lib/avr5/libc.a(itoa.o)
                                                  /usr/lib/gcc/avr/4.3.5/avr5/libgcc.a(_divmodhi4.o)
                                                  ./src/lib/RoboClaw.o
                                                  ./src/lib/Ping.o
__udivmodqi4                                      /usr/lib/gcc/avr/4.3.5/avr5/libgcc.a(_udivmodqi4.o)
                                                  /home/rbtying/robot/firmware/Arduino-328P/Debug/libArduino.a(Servo.o)
__udivmodsi4                                      /usr/lib/gcc/avr/4.3.5/avr5/libgcc.a(_udivmodsi4.o)
                                                  /usr/lib/gcc/avr/4.3.5/../../../avr/lib/avr5/libc.a(ultoa.o)
                                                  /usr/lib/gcc/avr/4.3.5/../../../avr/lib/avr5/libc.a(ltoa.o)
                                                  /usr/lib/gcc/avr/4.3.5/avr5/libgcc.a(_divmodsi4.o)
                                                  /home/rbtying/robot/firmware/Arduino-328P/Debug/libArduino.a(Print.o)
                                                  /home/rbtying/robot/firmware/Arduino-328P/Debug/libArduino.a(HardwareSerial.o)
                                                  ./src/lib/TSL1401.o
__unpack_f                                        /usr/lib/gcc/avr/4.3.5/avr5/libgcc.a(_unpack_sf.o)
                                                  /usr/lib/gcc/avr/4.3.5/avr5/libgcc.a(_sf_to_si.o)
                                                  /usr/lib/gcc/avr/4.3.5/avr5/libgcc.a(_le_sf.o)
                                                  /usr/lib/gcc/avr/4.3.5/avr5/libgcc.a(_lt_sf.o)
                                                  /usr/lib/gcc/avr/4.3.5/avr5/libgcc.a(_ge_sf.o)
                                                  /usr/lib/gcc/avr/4.3.5/avr5/libgcc.a(_gt_sf.o)
                                                  /usr/lib/gcc/avr/4.3.5/avr5/libgcc.a(_eq_sf.o)
                                                  /usr/lib/gcc/avr/4.3.5/avr5/libgcc.a(_div_sf.o)
                                                  /usr/lib/gcc/avr/4.3.5/avr5/libgcc.a(_mul_sf.o)
                                                  /usr/lib/gcc/avr/4.3.5/avr5/libgcc.a(_addsub_sf.o)
__vector_1                                        /home/rbtying/robot/firmware/Arduino-328P/Debug/libArduino.a(WInterrupts.o)
                                                  /usr/lib/gcc/avr/4.3.5/../../../avr/lib/avr5/crtm328p.o
__vector_10                                       /usr/lib/gcc/avr/4.3.5/../../../avr/lib/avr5/crtm328p.o
__vector_11                                       /home/rbtying/robot/firmware/Arduino-328P/Debug/libArduino.a(Servo.o)
                                                  /usr/lib/gcc/avr/4.3.5/../../../avr/lib/avr5/crtm328p.o
__vector_12                                       /usr/lib/gcc/avr/4.3.5/../../../avr/lib/avr5/crtm328p.o
__vector_13                                       /usr/lib/gcc/avr/4.3.5/../../../avr/lib/avr5/crtm328p.o
__vector_14                                       /usr/lib/gcc/avr/4.3.5/../../../avr/lib/avr5/crtm328p.o
__vector_15                                       /usr/lib/gcc/avr/4.3.5/../../../avr/lib/avr5/crtm328p.o
__vector_16                                       /home/rbtying/robot/firmware/Arduino-328P/Debug/libArduino.a(wiring.o)
                                                  /usr/lib/gcc/avr/4.3.5/../../../avr/lib/avr5/crtm328p.o
__vector_17                                       /usr/lib/gcc/avr/4.3.5/../../../avr/lib/avr5/crtm328p.o
__vector_18                                       /home/rbtying/robot/firmware/Arduino-328P/Debug/libArduino.a(HardwareSerial.o)
                                                  /usr/lib/gcc/avr/4.3.5/../../../avr/lib/avr5/crtm328p.o
__vector_19                                       /usr/lib/gcc/avr/4.3.5/../../../avr/lib/avr5/crtm328p.o
__vector_2                                        /home/rbtying/robot/firmware/Arduino-328P/Debug/libArduino.a(WInterrupts.o)
                                                  /usr/lib/gcc/avr/4.3.5/../../../avr/lib/avr5/crtm328p.o
__vector_20                                       /usr/lib/gcc/avr/4.3.5/../../../avr/lib/avr5/crtm328p.o
__vector_21                                       /usr/lib/gcc/avr/4.3.5/../../../avr/lib/avr5/crtm328p.o
__vector_22                                       /usr/lib/gcc/avr/4.3.5/../../../avr/lib/avr5/crtm328p.o
__vector_23                                       /usr/lib/gcc/avr/4.3.5/../../../avr/lib/avr5/crtm328p.o
__vector_24                                       /usr/lib/gcc/avr/4.3.5/../../../avr/lib/avr5/crtm328p.o
__vector_25                                       /usr/lib/gcc/avr/4.3.5/../../../avr/lib/avr5/crtm328p.o
__vector_3                                        ./src/lib/NewSoftSerial.o
                                                  /usr/lib/gcc/avr/4.3.5/../../../avr/lib/avr5/crtm328p.o
__vector_4                                        ./src/lib/NewSoftSerial.o
                                                  /usr/lib/gcc/avr/4.3.5/../../../avr/lib/avr5/crtm328p.o
__vector_5                                        ./src/lib/NewSoftSerial.o
                                                  /usr/lib/gcc/avr/4.3.5/../../../avr/lib/avr5/crtm328p.o
__vector_6                                        /usr/lib/gcc/avr/4.3.5/../../../avr/lib/avr5/crtm328p.o
__vector_7                                        /usr/lib/gcc/avr/4.3.5/../../../avr/lib/avr5/crtm328p.o
__vector_8                                        /usr/lib/gcc/avr/4.3.5/../../../avr/lib/avr5/crtm328p.o
__vector_9                                        ./src/lib/FlexiTimer2.o
                                                  /usr/lib/gcc/avr/4.3.5/../../../avr/lib/avr5/crtm328p.o
__vector_default                                  /usr/lib/gcc/avr/4.3.5/../../../avr/lib/avr5/crtm328p.o
__vectors                                         /usr/lib/gcc/avr/4.3.5/../../../avr/lib/avr5/crtm328p.o
_div                                              /usr/lib/gcc/avr/4.3.5/avr5/libgcc.a(_divmodhi4.o)
_exit                                             /usr/lib/gcc/avr/4.3.5/avr5/libgcc.a(_exit.o)
analogRead                                        /home/rbtying/robot/firmware/Arduino-328P/Debug/libArduino.a(wiring_analog.o)
                                                  ./src/lib/TSL1401.o
                                                  ./src/lib/Sharp_IR.o
                                                  ./src/lib/PowerMonitor.o
                                                  ./src/lib/MaxSonar.o
                                                  ./src/lib/Gyro.o
                                                  ./src/lib/CD74HC4067.o
analogReference                                   /home/rbtying/robot/firmware/Arduino-328P/Debug/libArduino.a(wiring_analog.o)
analogWrite                                       /home/rbtying/robot/firmware/Arduino-328P/Debug/libArduino.a(wiring_analog.o)
analog_reference                                  /home/rbtying/robot/firmware/Arduino-328P/Debug/libArduino.a(wiring_analog.o)
attachInterrupt                                   /home/rbtying/robot/firmware/Arduino-328P/Debug/libArduino.a(WInterrupts.o)
                                                  ./src/Main.o
batt                                              ./src/Main.o
cTime                                             ./src/Main.o
cmd                                               ./src/Main.o
delay                                             /home/rbtying/robot/firmware/Arduino-328P/Debug/libArduino.a(wiring.o)
                                                  ./src/lib/RoboClaw.o
                                                  ./src/lib/Gyro.o
delayMicroseconds                                 /home/rbtying/robot/firmware/Arduino-328P/Debug/libArduino.a(wiring.o)
                                                  ./src/lib/TSL1401.o
                                                  ./src/lib/Ping.o
detachInterrupt                                   /home/rbtying/robot/firmware/Arduino-328P/Debug/libArduino.a(WInterrupts.o)
digitalRead                                       /home/rbtying/robot/firmware/Arduino-328P/Debug/libArduino.a(wiring_digital.o)