Archive member included because of file (symbol)

/home/rbtying/robot/firmware/Arduino-328P/Debug/libArduino.a(wiring.o)
                              ./src/Main.o (delay)
/home/rbtying/robot/firmware/Arduino-328P/Debug/libArduino.a(wiring_digital.o)
                              ./src/Main.o (pinMode)
/home/rbtying/robot/firmware/Arduino-328P/Debug/libArduino.a(pins_arduino.o)
                              /home/rbtying/robot/firmware/Arduino-328P/Debug/libArduino.a(wiring_digital.o) (port_to_mode_PGM)
/usr/lib/gcc/avr/4.5.3/avr5/libgcc.a(_exit.o)
                              /usr/lib/gcc/avr/4.5.3/../../../avr/lib/avr5/crtm328p.o (exit)
/usr/lib/gcc/avr/4.5.3/avr5/libgcc.a(_clear_bss.o)
                              /home/rbtying/robot/firmware/Arduino-328P/Debug/libArduino.a(wiring.o) (__do_clear_bss)

Discarded input sections

 .data          0x0000000000000000        0x0 /usr/lib/gcc/avr/4.5.3/../../../avr/lib/avr5/crtm328p.o
 .bss           0x0000000000000000        0x0 /usr/lib/gcc/avr/4.5.3/../../../avr/lib/avr5/crtm328p.o
 .text          0x0000000000000000        0x0 ./src/Main.o
 .data          0x0000000000000000        0x0 ./src/Main.o
 .bss           0x0000000000000000        0x0 ./src/Main.o
 .text          0x0000000000000000        0x0 /home/rbtying/robot/firmware/Arduino-328P/Debug/libArduino.a(wiring.o)
 .data          0x0000000000000000        0x0 /home/rbtying/robot/firmware/Arduino-328P/Debug/libArduino.a(wiring.o)
 .bss           0x0000000000000000        0x0 /home/rbtying/robot/firmware/Arduino-328P/Debug/libArduino.a(wiring.o)
 .text.millis   0x0000000000000000       0x1c /home/rbtying/robot/firmware/Arduino-328P/Debug/libArduino.a(wiring.o)
 .text.delayMicroseconds
                0x0000000000000000       0x14 /home/rbtying/robot/firmware/Arduino-328P/Debug/libArduino.a(wiring.o)
 .text          0x0000000000000000        0x0 /home/rbtying/robot/firmware/Arduino-328P/Debug/libArduino.a(wiring_digital.o)
 .data          0x0000000000000000        0x0 /home/rbtying/robot/firmware/Arduino-328P/Debug/libArduino.a(wiring_digital.o)
 .bss           0x0000000000000000        0x0 /home/rbtying/robot/firmware/Arduino-328P/Debug/libArduino.a(wiring_digital.o)
 .text.digitalRead
                0x0000000000000000       0x9e /home/rbtying/robot/firmware/Arduino-328P/Debug/libArduino.a(wiring_digital.o)
 .text          0x0000000000000000        0x0 /home/rbtying/robot/firmware/Arduino-328P/Debug/libArduino.a(pins_arduino.o)
 .data          0x0000000000000000        0x0 /home/rbtying/robot/firmware/Arduino-328P/Debug/libArduino.a(pins_arduino.o)
 .bss           0x0000000000000000        0x0 /home/rbtying/robot/firmware/Arduino-328P/Debug/libArduino.a(pins_arduino.o)
 .text          0x0000000000000000        0x0 /usr/lib/gcc/avr/4.5.3/avr5/libgcc.a(_exit.o)
 .data          0x0000000000000000        0x0 /usr/lib/gcc/avr/4.5.3/avr5/libgcc.a(_exit.o)
 .bss           0x0000000000000000        0x0 /usr/lib/gcc/avr/4.5.3/avr5/libgcc.a(_exit.o)
 .text.libgcc   0x0000000000000000        0x0 /usr/lib/gcc/avr/4.5.3/avr5/libgcc.a(_exit.o)
 .text          0x0000000000000000        0x0 /usr/lib/gcc/avr/4.5.3/avr5/libgcc.a(_clear_bss.o)
 .data          0x0000000000000000        0x0 /usr/lib/gcc/avr/4.5.3/avr5/libgcc.a(_clear_bss.o)
 .bss           0x0000000000000000        0x0 /usr/lib/gcc/avr/4.5.3/avr5/libgcc.a(_clear_bss.o)
 .text.libgcc   0x0000000000000000        0x0 /usr/lib/gcc/avr/4.5.3/avr5/libgcc.a(_clear_bss.o)

Memory Configuration

Name             Origin             Length             Attributes
text             0x0000000000000000 0x0000000000020000 xr
data             0x0000000000800060 0x000000000000ffa0 rw !x
eeprom           0x0000000000810000 0x0000000000010000 rw !x
fuse             0x0000000000820000 0x0000000000000400 rw !x
lock             0x0000000000830000 0x0000000000000400 rw !x
signature        0x0000000000840000 0x0000000000000400 rw !x
*default*        0x0000000000000000 0xffffffffffffffff

Linker script and memory map

Address of section .data set to 0x800100
LOAD /usr/lib/gcc/avr/4.5.3/../../../avr/lib/avr5/crtm328p.o
LOAD ./src/Main.o
LOAD /home/rbtying/robot/firmware/Arduino-328P/Debug/libArduino.a
LOAD /usr/lib/gcc/avr/4.5.3/avr5/libgcc.a
LOAD /home/rbtying/robot/firmware/Arduino-328P/Debug/libm.a
LOAD /usr/lib/gcc/avr/4.5.3/avr5/libgcc.a
LOAD /usr/lib/gcc/avr/4.5.3/../../../avr/lib/avr5/libc.a
LOAD /usr/lib/gcc/avr/4.5.3/avr5/libgcc.a

.hash
 *(.hash)

.dynsym
 *(.dynsym)

.dynstr
 *(.dynstr)

.gnu.version
 *(.gnu.version)

.gnu.version_d
 *(.gnu.version_d)

.gnu.version_r
 *(.gnu.version_r)

.rel.init
 *(.rel.init)

.rela.init
 *(.rela.init)

.rel.text
 *(.rel.text)
 *(.rel.text.*)
 *(.rel.gnu.linkonce.t*)

.rela.text
 *(.rela.text)
 *(.rela.text.*)
 *(.rela.gnu.linkonce.t*)

.rel.fini
 *(.rel.fini)

.rela.fini
 *(.rela.fini)

.rel.rodata
 *(.rel.rodata)
 *(.rel.rodata.*)
 *(.rel.gnu.linkonce.r*)

.rela.rodata
 *(.rela.rodata)
 *(.rela.rodata.*)
 *(.rela.gnu.linkonce.r*)

.rel.data
 *(.rel.data)
 *(.rel.data.*)
 *(.rel.gnu.linkonce.d*)

.rela.data
 *(.rela.data)
 *(.rela.data.*)
 *(.rela.gnu.linkonce.d*)

.rel.ctors
 *(.rel.ctors)

.rela.ctors
 *(.rela.ctors)

.rel.dtors
 *(.rel.dtors)

.rela.dtors
 *(.rela.dtors)

.rel.got
 *(.rel.got)

.rela.got
 *(.rela.got)

.rel.bss
 *(.rel.bss)

.rela.bss
 *(.rela.bss)

.rel.plt
 *(.rel.plt)

.rela.plt
 *(.rela.plt)

.text           0x0000000000000000      0x3c2
 *(.vectors)
 .vectors       0x0000000000000000       0x68 /usr/lib/gcc/avr/4.5.3/../../../avr/lib/avr5/crtm328p.o
                0x0000000000000000                __vectors
                0x0000000000000000                __vector_default
 *(.vectors)
 *(.progmem.gcc*)
 *(.progmem*)
 .progmem.data  0x0000000000000068       0x5a /home/rbtying/robot/firmware/Arduino-328P/Debug/libArduino.a(pins_arduino.o)
                0x0000000000000068                port_to_mode_PGM
                0x0000000000000072                port_to_output_PGM
                0x000000000000007c                port_to_input_PGM
                0x0000000000000086                digital_pin_to_port_PGM
                0x000000000000009a                digital_pin_to_bit_mask_PGM
                0x00000000000000ae                digital_pin_to_timer_PGM
                0x00000000000000c2                . = ALIGN (0x2)
                0x00000000000000c2                __trampolines_start = .
 *(.trampolines)
 .trampolines   0x00000000000000c2        0x0 linker stubs
 *(.trampolines*)
                0x00000000000000c2                __trampolines_end = .
 *(.jumptables)
 *(.jumptables*)
 *(.lowtext)
 *(.lowtext*)
                0x00000000000000c2                __ctors_start = .
 *(.ctors)
                0x00000000000000c2                __ctors_end = .
                0x00000000000000c2                __dtors_start = .
 *(.dtors)
                0x00000000000000c2                __dtors_end = .
 SORT(*)(.ctors)
 SORT(*)(.dtors)
 *(.init0)
 .init0         0x00000000000000c2        0x0 /usr/lib/gcc/avr/4.5.3/../../../avr/lib/avr5/crtm328p.o
                0x00000000000000c2                __init
 *(.init0)
 *(.init1)
 *(.init1)
 *(.init2)
 .init2         0x00000000000000c2        0xc /usr/lib/gcc/avr/4.5.3/../../../avr/lib/avr5/crtm328p.o
 *(.init2)
 *(.init3)
 *(.init3)
 *(.init4)
 .init4         0x00000000000000ce       0x10 /usr/lib/gcc/avr/4.5.3/avr5/libgcc.a(_clear_bss.o)
                0x00000000000000ce                __do_clear_bss
 *(.init4)
 *(.init5)
 *(.init5)
 *(.init6)
 *(.init6)
 *(.init7)
 *(.init7)
 *(.init8)
 *(.init8)
 *(.init9)
 .init9         0x00000000000000de        0x8 /usr/lib/gcc/avr/4.5.3/../../../avr/lib/avr5/crtm328p.o
 *(.init9)
 *(.text)
 .text          0x00000000000000e6        0x4 /usr/lib/gcc/avr/4.5.3/../../../avr/lib/avr5/crtm328p.o
                0x00000000000000e6                __vector_22
                0x00000000000000e6                __vector_1
                0x00000000000000e6                __vector_24
                0x00000000000000e6                __vector_12
                0x00000000000000e6                __bad_interrupt
                0x00000000000000e6                __vector_6
                0x00000000000000e6                __vector_3
                0x00000000000000e6                __vector_23
                0x00000000000000e6                __vector_25
                0x00000000000000e6                __vector_11
                0x00000000000000e6                __vector_13
                0x00000000000000e6                __vector_17
                0x00000000000000e6                __vector_19
                0x00000000000000e6                __vector_7
                0x00000000000000e6                __vector_5
                0x00000000000000e6                __vector_4
                0x00000000000000e6                __vector_9
                0x00000000000000e6                __vector_2
                0x00000000000000e6                __vector_21
                0x00000000000000e6                __vector_15
                0x00000000000000e6                __vector_8
                0x00000000000000e6                __vector_14
                0x00000000000000e6                __vector_10
                0x00000000000000e6                __vector_18
                0x00000000000000e6                __vector_20
                0x00000000000000ea                . = ALIGN (0x2)
 *(.text.*)
 .text.loop     0x00000000000000ea       0x2a ./src/Main.o
                0x00000000000000ea                loop
 .text.setup    0x0000000000000114        0xa ./src/Main.o
                0x0000000000000114                setup
 .text.main     0x000000000000011e        0xe ./src/Main.o
                0x000000000000011e                main
 .text.__vector_16
                0x000000000000012c       0x90 /home/rbtying/robot/firmware/Arduino-328P/Debug/libArduino.a(wiring.o)
                0x000000000000012c                __vector_16
 .text.micros   0x00000000000001bc       0x4c /home/rbtying/robot/firmware/Arduino-328P/Debug/libArduino.a(wiring.o)
                0x00000000000001bc                micros
 .text.delay    0x0000000000000208       0x4c /home/rbtying/robot/firmware/Arduino-328P/Debug/libArduino.a(wiring.o)
                0x0000000000000208                delay
 .text.init     0x0000000000000254       0x76 /home/rbtying/robot/firmware/Arduino-328P/Debug/libArduino.a(wiring.o)
                0x0000000000000254                init
 .text.pinMode  0x00000000000002ca       0x4c /home/rbtying/robot/firmware/Arduino-328P/Debug/libArduino.a(wiring_digital.o)
                0x00000000000002ca                pinMode
 .text.digitalWrite
                0x0000000000000316       0xa8 /home/rbtying/robot/firmware/Arduino-328P/Debug/libArduino.a(wiring_digital.o)
                0x0000000000000316                digitalWrite
                0x00000000000003be                . = ALIGN (0x2)
 *(.fini9)
 .fini9         0x00000000000003be        0x0 /usr/lib/gcc/avr/4.5.3/avr5/libgcc.a(_exit.o)
                0x00000000000003be                exit
                0x00000000000003be                _exit
 *(.fini9)
 *(.fini8)
 *(.fini8)
 *(.fini7)
 *(.fini7)
 *(.fini6)
 *(.fini6)
 *(.fini5)
 *(.fini5)
 *(.fini4)
 *(.fini4)
 *(.fini3)
 *(.fini3)
 *(.fini2)
 *(.fini2)
 *(.fini1)
 *(.fini1)
 *(.fini0)
 .fini0         0x00000000000003be        0x4 /usr/lib/gcc/avr/4.5.3/avr5/libgcc.a(_exit.o)
 *(.fini0)
                0x00000000000003c2                _etext = .

.data           0x0000000000800100        0x0 load address 0x00000000000003c2
                0x0000000000800100                PROVIDE (__data_start, .)
 *(.data)
 *(.data*)
 *(.rodata)
 *(.rodata*)
 *(.gnu.linkonce.d*)
                0x0000000000800100                . = ALIGN (0x2)
                0x0000000000800100                _edata = .
                0x0000000000800100                PROVIDE (__data_end, .)

.bss            0x0000000000800100        0x9
                0x0000000000800100                PROVIDE (__bss_start, .)
 *(.bss)
 *(.bss*)
 .bss.timer0_overflow_count
                0x0000000000800100        0x4 /home/rbtying/robot/firmware/Arduino-328P/Debug/libArduino.a(wiring.o)
                0x0000000000800100                timer0_overflow_count
 .bss.timer0_millis
                0x0000000000800104        0x4 /home/rbtying/robot/firmware/Arduino-328P/Debug/libArduino.a(wiring.o)
                0x0000000000800104                timer0_millis
 .bss.timer0_fract
                0x0000000000800108        0x1 /home/rbtying/robot/firmware/Arduino-328P/Debug/libArduino.a(wiring.o)
 *(COMMON)
                0x0000000000800109                PROVIDE (__bss_end, .)
                0x00000000000003c2                __data_load_start = LOADADDR (.data)
                0x00000000000003c2                __data_load_end = (__data_load_start + SIZEOF (.data))

.noinit         0x0000000000800109        0x0
                0x0000000000800109                PROVIDE (__noinit_start, .)
 *(.noinit*)
                0x0000000000800109                PROVIDE (__noinit_end, .)
                0x0000000000800109                _end = .
                0x0000000000800109                PROVIDE (__heap_start, .)

.eeprom         0x0000000000810000        0x0
 *(.eeprom*)
                0x0000000000810000                __eeprom_end = .

.fuse
 *(.fuse)
 *(.lfuse)
 *(.hfuse)
 *(.efuse)

.lock
 *(.lock*)

.signature
 *(.signature*)

.stab           0x0000000000000000      0x6cc
 *(.stab)
 .stab          0x0000000000000000      0x6cc /usr/lib/gcc/avr/4.5.3/../../../avr/lib/avr5/crtm328p.o

.stabstr        0x0000000000000000       0x54
 *(.stabstr)
 .stabstr       0x0000000000000000       0x54 /usr/lib/gcc/avr/4.5.3/../../../avr/lib/avr5/crtm328p.o

.stab.excl
 *(.stab.excl)

.stab.exclstr
 *(.stab.exclstr)

.stab.index
 *(.stab.index)

.stab.indexstr
 *(.stab.indexstr)

.comment
 *(.comment)

.debug
 *(.debug)

.line
 *(.line)

.debug_srcinfo
 *(.debug_srcinfo)

.debug_sfnames
 *(.debug_sfnames)

.debug_aranges
 *(.debug_aranges)

.debug_pubnames
 *(.debug_pubnames)

.debug_info
 *(.debug_info)
 *(.gnu.linkonce.wi.*)

.debug_abbrev
 *(.debug_abbrev)

.debug_line
 *(.debug_line)

.debug_frame
 *(.debug_frame)

.debug_str
 *(.debug_str)

.debug_loc
 *(.debug_loc)

.debug_macinfo
 *(.debug_macinfo)
OUTPUT(ROS_mini.elf elf32-avr)
LOAD linker stubs

Cross Reference Table

Symbol                                            File
__bad_interrupt                                   /usr/lib/gcc/avr/4.5.3/../../../avr/lib/avr5/crtm328p.o
__bss_end                                         /usr/lib/gcc/avr/4.5.3/avr5/libgcc.a(_clear_bss.o)
__bss_start                                       /usr/lib/gcc/avr/4.5.3/avr5/libgcc.a(_clear_bss.o)
__do_clear_bss                                    /usr/lib/gcc/avr/4.5.3/avr5/libgcc.a(_clear_bss.o)
                                                  /home/rbtying/robot/firmware/Arduino-328P/Debug/libArduino.a(wiring.o)
__heap_end                                        /usr/lib/gcc/avr/4.5.3/../../../avr/lib/avr5/crtm328p.o
__init                                            /usr/lib/gcc/avr/4.5.3/../../../avr/lib/avr5/crtm328p.o
__stack                                           /usr/lib/gcc/avr/4.5.3/../../../avr/lib/avr5/crtm328p.o
__vector_1                                        /usr/lib/gcc/avr/4.5.3/../../../avr/lib/avr5/crtm328p.o
__vector_10                                       /usr/lib/gcc/avr/4.5.3/../../../avr/lib/avr5/crtm328p.o
__vector_11                                       /usr/lib/gcc/avr/4.5.3/../../../avr/lib/avr5/crtm328p.o
__vector_12                                       /usr/lib/gcc/avr/4.5.3/../../../avr/lib/avr5/crtm328p.o
__vector_13                                       /usr/lib/gcc/avr/4.5.3/../../../avr/lib/avr5/crtm328p.o
__vector_14                                       /usr/lib/gcc/avr/4.5.3/../../../avr/lib/avr5/crtm328p.o
__vector_15                                       /usr/lib/gcc/avr/4.5.3/../../../avr/lib/avr5/crtm328p.o
__vector_16                                       /home/rbtying/robot/firmware/Arduino-328P/Debug/libArduino.a(wiring.o)
                                                  /usr/lib/gcc/avr/4.5.3/../../../avr/lib/avr5/crtm328p.o
__vector_17                                       /usr/lib/gcc/avr/4.5.3/../../../avr/lib/avr5/crtm328p.o
__vector_18                                       /usr/lib/gcc/avr/4.5.3/../../../avr/lib/avr5/crtm328p.o
__vector_19                                       /usr/lib/gcc/avr/4.5.3/../../../avr/lib/avr5/crtm328p.o
__vector_2                                        /usr/lib/gcc/avr/4.5.3/../../../avr/lib/avr5/crtm328p.o
__vector_20                                       /usr/lib/gcc/avr/4.5.3/../../../avr/lib/avr5/crtm328p.o
__vector_21                                       /usr/lib/gcc/avr/4.5.3/../../../avr/lib/avr5/crtm328p.o
__vector_22                                       /usr/lib/gcc/avr/4.5.3/../../../avr/lib/avr5/crtm328p.o
__vector_23                                       /usr/lib/gcc/avr/4.5.3/../../../avr/lib/avr5/crtm328p.o
__vector_24                                       /usr/lib/gcc/avr/4.5.3/../../../avr/lib/avr5/crtm328p.o
__vector_25                                       /usr/lib/gcc/avr/4.5.3/../../../avr/lib/avr5/crtm328p.o
__vector_3                                        /usr/lib/gcc/avr/4.5.3/../../../avr/lib/avr5/crtm328p.o
__vector_4                                        /usr/lib/gcc/avr/4.5.3/../../../avr/lib/avr5/crtm328p.o
__vector_5                                        /usr/lib/gcc/avr/4.5.3/../../../avr/lib/avr5/crtm328p.o
__vector_6                                        /usr/lib/gcc/avr/4.5.3/../../../avr/lib/avr5/crtm328p.o
__vector_7                                        /usr/lib/gcc/avr/4.5.3/../../../avr/lib/avr5/crtm328p.o
__vector_8                                        /usr/lib/gcc/avr/4.5.3/../../../avr/lib/avr5/crtm328p.o
__vector_9                                        /usr/lib/gcc/avr/4.5.3/../../../avr/lib/avr5/crtm328p.o
__vector_default                                  /usr/lib/gcc/avr/4.5.3/../../../avr/lib/avr5/crtm328p.o
__vectors                                         /usr/lib/gcc/avr/4.5.3/../../../avr/lib/avr5/crtm328p.o
_exit                                             /usr/lib/gcc/avr/4.5.3/avr5/libgcc.a(_exit.o)
delay                                             /home/rbtying/robot/firmware/Arduino-328P/Debug/libArduino.a(wiring.o)
                                                  ./src/Main.o
delayMicroseconds                                 /home/rbtying/robot/firmware/Arduino-328P/Debug/libArduino.a(wiring.o)
digitalRead                                       /home/rbtying/robot/firmware/Arduino-328P/Debug/libArduino.a(wiring_digital.o)
digitalWrite                                      /home/rbtying/robot/firmware/Arduino-328P/Debug/libArduino.a(wiring_digital.o)
                                                  ./src/Main.o
digital_pin_to_bit_mask_PGM                       /home/rbtying/robot/firmware/Arduino-328P/Debug/libArduino.a(pins_arduino.o)
                                                  /home/rbtying/robot/firmware/Arduino-328P/Debug/libArduino.a(wiring_digital.o)
digital_pin_to_port_PGM                           /home/rbtying/robot/firmware/Arduino-328P/Debug/libArduino.a(pins_arduino.o)
                                                  /home/rbtying/robot/firmware/Arduino-328P/Debug/libArduino.a(wiring_digital.o)
digital_pin_to_timer_PGM                          /home/rbtying/robot/firmware/Arduino-328P/Debug/libArduino.a(pins_arduino.o)
                                                  /home/rbtying/robot/firmware/Arduino-328P/Debug/libArduino.a(wiring_digital.o)
exit                                              /usr/lib/gcc/avr/4.5.3/avr5/libgcc.a(_exit.o)
                                                  /usr/lib/gcc/avr/4.5.3/../../../avr/lib/avr5/crtm328p.o
init                                              /home/rbtying/robot/firmware/Arduino-328P/Debug/libArduino.a(wiring.o)
                                                  ./src/Main.o
loop                                              ./src/Main.o
main                                              ./src/Main.o
                                                  /usr/lib/gcc/avr/4.5.3/../../../avr/lib/avr5/crtm328p.o
micros                                            /home/rbtying/robot/firmware/Arduino-328P/Debug/libArduino.a(wiring.o)
millis                                            /home/rbtying/robot/firmware/Arduino-328P/Debug/libArduino.a(wiring.o)
pinMode                                           /home/rbtying/robot/firmware/Arduino-328P/Debug/libArduino.a(wiring_digital.o)
                                                  ./src/Main.o
port_to_input_PGM                                 /home/rbtying/robot/firmware/Arduino-328P/Debug/libArduino.a(pins_arduino.o)
                                                  /home/rbtying/robot/firmware/Arduino-328P/Debug/libArduino.a(wiring_digital.o)
port_to_mode_PGM                                  /home/rbtying/robot/firmware/Arduino-328P/Debug/libArduino.a(pins_arduino.o)
                                                  /home/rbtying/robot/firmware/Arduino-328P/Debug/libArduino.a(wiring_digital.o)
port_to_output_PGM                                /home/rbtying/robot/firmware/Arduino-328P/Debug/libArduino.a(pins_arduino.o)
                                                  /home/rbtying/robot/firmware/Arduino-328P/Debug/libArduino.a(wiring_digital.o)
setup                                             ./src/Main.o
timer0_millis                                     /home/rbtying/robot/firmware/Arduino-328P/Debug/libArduino.a(wiring.o)
timer0_overflow_count                             /home/rbtying/robot/firmware/Arduino-328P/Debug/libArduino.a(wiring.o)
