Archive member included because of file (symbol)

/home/rbtying/robot/firmware/Arduino-2560/Debug/libArduino.a(HardwareSerial.o)
                              ./src/Main.o (HardwareSerial::begin(long))
/home/rbtying/robot/firmware/Arduino-2560/Debug/libArduino.a(Print.o)
                              ./src/lib/LEDDisplay.o (Print::write(char const*))
/home/rbtying/robot/firmware/Arduino-2560/Debug/libArduino.a(WInterrupts.o)
                              ./src/Main.o (attachInterrupt)
/home/rbtying/robot/firmware/Arduino-2560/Debug/libArduino.a(WMath.o)
                              ./src/lib/RC_CTRL.o (map(long, long, long, long, long))
/home/rbtying/robot/firmware/Arduino-2560/Debug/libArduino.a(WString.o)
                              /home/rbtying/robot/firmware/Arduino-2560/Debug/libArduino.a(Print.o) (String::operator[](unsigned int) const)
/home/rbtying/robot/firmware/Arduino-2560/Debug/libArduino.a(missing.o)
                              /home/rbtying/robot/firmware/Arduino-2560/Debug/libArduino.a(HardwareSerial.o) (__cxa_pure_virtual)
/home/rbtying/robot/firmware/Arduino-2560/Debug/libArduino.a(pins_arduino.o)
                              ./src/lib/NewSoftSerial.o (port_to_output_PGM)
/home/rbtying/robot/firmware/Arduino-2560/Debug/libArduino.a(wiring.o)
                              ./src/lib/Controller.o (millis)
/home/rbtying/robot/firmware/Arduino-2560/Debug/libArduino.a(wiring_analog.o)
                              ./src/lib/CD74HC4067.o (analogRead)
/home/rbtying/robot/firmware/Arduino-2560/Debug/libArduino.a(wiring_digital.o)
                              ./src/lib/CD74HC4067.o (pinMode)
/home/rbtying/robot/firmware/Arduino-2560/Debug/libArduino.a(wiring_pulse.o)
                              ./src/lib/Ping.o (pulseIn)
/home/rbtying/robot/firmware/Arduino-2560/Debug/libArduino.a(Servo.o)
                              ./src/Main.o (Servo::Servo())
/home/rbtying/robot/firmware/Arduino-2560/Debug/libArduino.a(LiquidCrystal.o)
                              ./src/Main.o (LiquidCrystal::LiquidCrystal(unsigned char, unsigned char, unsigned char, unsigned char, unsigned char, unsigned char, unsigned char))
/usr/lib/gcc/avr/4.3.5/avr6/libgcc.a(_mulsi3.o)
                              /home/rbtying/robot/firmware/Arduino-2560/Debug/libArduino.a(HardwareSerial.o) (__mulsi3)
/usr/lib/gcc/avr/4.3.5/avr6/libgcc.a(_udivmodqi4.o)
                              /home/rbtying/robot/firmware/Arduino-2560/Debug/libArduino.a(Servo.o) (__udivmodqi4)
/usr/lib/gcc/avr/4.3.5/avr6/libgcc.a(_udivmodhi4.o)
                              ./src/lib/Ping.o (__udivmodhi4)
/usr/lib/gcc/avr/4.3.5/avr6/libgcc.a(_divmodhi4.o)
                              ./src/lib/LEDDisplay.o (__divmodhi4)
/usr/lib/gcc/avr/4.3.5/avr6/libgcc.a(_udivmodsi4.o)
                              ./src/lib/TSL1401.o (__udivmodsi4)
/usr/lib/gcc/avr/4.3.5/avr6/libgcc.a(_divmodsi4.o)
                              /home/rbtying/robot/firmware/Arduino-2560/Debug/libArduino.a(WMath.o) (__divmodsi4)
/usr/lib/gcc/avr/4.3.5/avr6/libgcc.a(_exit.o)
                              /usr/lib/gcc/avr/4.3.5/../../../avr/lib/avr6/crtm2560.o (exit)
/usr/lib/gcc/avr/4.3.5/avr6/libgcc.a(_clear_bss.o)
                              ./src/lib/FlexiTimer2.o (__do_clear_bss)
/usr/lib/gcc/avr/4.3.5/avr6/libgcc.a(_ctors.o)
                              ./src/Main.o (__do_global_ctors)
/usr/lib/gcc/avr/4.3.5/avr6/libgcc.a(_fixunssfsi.o)
                              ./src/lib/Controller.o (__fixunssfsi)
/usr/lib/gcc/avr/4.3.5/avr6/libgcc.a(_addsub_sf.o)
                              ./src/lib/Gyro.o (__subsf3)
/usr/lib/gcc/avr/4.3.5/avr6/libgcc.a(_mul_sf.o)
                              ./src/lib/Controller.o (__mulsf3)
/usr/lib/gcc/avr/4.3.5/avr6/libgcc.a(_div_sf.o)
                              ./src/lib/FlexiTimer2.o (__divsf3)
/usr/lib/gcc/avr/4.3.5/avr6/libgcc.a(_eq_sf.o)
                              ./src/Main.o (__eqsf2)
/usr/lib/gcc/avr/4.3.5/avr6/libgcc.a(_gt_sf.o)
                              ./src/lib/Controller.o (__gtsf2)
/usr/lib/gcc/avr/4.3.5/avr6/libgcc.a(_ge_sf.o)
                              ./src/lib/Controller.o (__gesf2)
/usr/lib/gcc/avr/4.3.5/avr6/libgcc.a(_lt_sf.o)
                              ./src/Main.o (__ltsf2)
/usr/lib/gcc/avr/4.3.5/avr6/libgcc.a(_le_sf.o)
                              ./src/Main.o (__lesf2)
/usr/lib/gcc/avr/4.3.5/avr6/libgcc.a(_si_to_sf.o)
                              ./src/lib/Controller.o (__floatsisf)
/usr/lib/gcc/avr/4.3.5/avr6/libgcc.a(_sf_to_si.o)
                              ./src/lib/Controller.o (__fixsfsi)
/usr/lib/gcc/avr/4.3.5/avr6/libgcc.a(_thenan_sf.o)
                              /usr/lib/gcc/avr/4.3.5/avr6/libgcc.a(_addsub_sf.o) (__thenan_sf)
/usr/lib/gcc/avr/4.3.5/avr6/libgcc.a(_usi_to_sf.o)
                              ./src/lib/Gyro.o (__floatunsisf)
/usr/lib/gcc/avr/4.3.5/avr6/libgcc.a(_prologue.o)
                              /usr/lib/gcc/avr/4.3.5/avr6/libgcc.a(_addsub_sf.o) (__prologue_saves__)
[...]
Memory Configuration

Name             Origin             Length             Attributes
text             0x0000000000000000 0x0000000000100000 xr
data             0x0000000000800200 0x000000000000fe00 rw !x
eeprom           0x0000000000810000 0x0000000000010000 rw !x
fuse             0x0000000000820000 0x0000000000000400 rw !x
lock             0x0000000000830000 0x0000000000000400 rw !x
signature        0x0000000000840000 0x0000000000000400 rw !x
*default*        0x0000000000000000 0xffffffffffffffff

Linker script and memory map

Address of section .data set to 0x800200
LOAD /usr/lib/gcc/avr/4.3.5/../../../avr/lib/avr6/crtm2560.o
LOAD ./src/lib/CD74HC4067.o
LOAD ./src/lib/Controller.o
LOAD ./src/lib/FlexiTimer2.o
LOAD ./src/lib/Gyro.o
LOAD ./src/lib/LEDDisplay.o
LOAD ./src/lib/LineSensor.o
LOAD ./src/lib/MaxSonar.o
LOAD ./src/lib/NewSoftSerial.o
LOAD ./src/lib/Ping.o
LOAD ./src/lib/PowerMonitor.o
LOAD ./src/lib/RC_CTRL.o
LOAD ./src/lib/RoboClaw.o
LOAD ./src/lib/Sabertooth.o
LOAD ./src/lib/Sharp_IR.o
LOAD ./src/lib/TSL1401.o
LOAD ./src/Main.o
LOAD /home/rbtying/robot/firmware/Arduino-2560/Debug/libArduino.a
LOAD /usr/lib/gcc/avr/4.3.5/avr6/libgcc.a
LOAD /usr/lib/gcc/avr/4.3.5/../../../avr/lib/avr6/libm.a
LOAD /usr/lib/gcc/avr/4.3.5/avr6/libgcc.a
LOAD /usr/lib/gcc/avr/4.3.5/../../../avr/lib/avr6/libc.a
LOAD /usr/lib/gcc/avr/4.3.5/avr6/libgcc.a

.hash
 *(.hash)

.dynsym
 *(.dynsym)

.dynstr
 *(.dynstr)

.gnu.version
 *(.gnu.version)

.gnu.version_d
 *(.gnu.version_d)

.gnu.version_r
 *(.gnu.version_r)

.rel.init
 *(.rel.init)

.rela.init
 *(.rela.init)

.rel.text
 *(.rel.text)
 *(.rel.text.*)
 *(.rel.gnu.linkonce.t*)

.rela.text
 *(.rela.text)
 *(.rela.text.*)
 *(.rela.gnu.linkonce.t*)

.rel.fini
 *(.rel.fini)

.rela.fini
 *(.rela.fini)

.rel.rodata
 *(.rel.rodata)
 *(.rel.rodata.*)
 *(.rel.gnu.linkonce.r*)

.rela.rodata
 *(.rela.rodata)
 *(.rela.rodata.*)
 *(.rela.gnu.linkonce.r*)

.rel.data
 *(.rel.data)
 *(.rel.data.*)
 *(.rel.gnu.linkonce.d*)

.rela.data
 *(.rela.data)
 *(.rela.data.*)
 *(.rela.gnu.linkonce.d*)

.rel.ctors
 *(.rel.ctors)

.rela.ctors
 *(.rela.ctors)

.rel.dtors
 *(.rel.dtors)

.rela.dtors
 *(.rela.dtors)

.rel.got
 *(.rel.got)

.rela.got
 *(.rela.got)

.rel.bss
 *(.rel.bss)

.rela.bss
 *(.rela.bss)

.rel.plt
 *(.rel.plt)

.rela.plt
 *(.rela.plt)

.text           0x0000000000000000     0x4e86
 *(.vectors)
 .vectors       0x0000000000000000       0xe4 /usr/lib/gcc/avr/4.3.5/../../../avr/lib/avr6/crtm2560.o
                0x0000000000000000                __vectors
                0x0000000000000000                __vector_default
 *(.vectors)
 *(.progmem.gcc*)
 *(.progmem*)
 .progmem.data  0x00000000000000e4      0x120 /home/rbtying/robot/firmware/Arduino-2560/Debug/libArduino.a(pins_arduino.o)
                0x00000000000000e4                port_to_mode_PGM
                0x00000000000000fe                port_to_output_PGM
                0x0000000000000118                port_to_input_PGM
                0x0000000000000132                digital_pin_to_port_PGM
                0x0000000000000178                digital_pin_to_bit_mask_PGM
                0x00000000000001be                digital_pin_to_timer_PGM
                0x0000000000000204                . = ALIGN (0x2)
                0x0000000000000204                __trampolines_start = .
 *(.trampolines)
 .trampolines   0x0000000000000204        0x0 linker stubs
 *(.trampolines*)
                0x0000000000000204                __trampolines_end = .
 *(.jumptables)
 *(.jumptables*)
 *(.lowtext)
 *(.lowtext*)
                0x0000000000000204                __ctors_start = .
 *(.ctors)
 .ctors         0x0000000000000204        0x2 ./src/Main.o
 .ctors         0x0000000000000206        0x2 /home/rbtying/robot/firmware/Arduino-2560/Debug/libArduino.a(HardwareSerial.o)
                0x0000000000000208                __ctors_end = .
                0x0000000000000208                __dtors_start = .
 *(.dtors)
                0x0000000000000208                __dtors_end = .
 SORT(*)(.ctors)
 SORT(*)(.dtors)
 *(.init0)
 .init0         0x0000000000000208        0x0 /usr/lib/gcc/avr/4.3.5/../../../avr/lib/avr6/crtm2560.o
                0x0000000000000208                __init
 *(.init0)
 *(.init1)
 *(.init1)
 *(.init2)
 .init2         0x0000000000000208       0x10 /usr/lib/gcc/avr/4.3.5/../../../avr/lib/avr6/crtm2560.o
 *(.init2)
 *(.init3)
 *(.init3)
 *(.init4)
 .init4         0x0000000000000218       0x1a /usr/lib/gcc/avr/4.3.5/../../../avr/lib/avr6/crtm2560.o
                0x0000000000000218                __do_copy_data
 .init4         0x0000000000000232       0x10 /usr/lib/gcc/avr/4.3.5/avr6/libgcc.a(_clear_bss.o)
                0x0000000000000232                __do_clear_bss
 *(.init4)
 *(.init5)
 *(.init5)
 *(.init6)
 .init6         0x0000000000000242       0x16 /usr/lib/gcc/avr/4.3.5/avr6/libgcc.a(_ctors.o)
                0x0000000000000242                __do_global_ctors
 *(.init6)
 *(.init7)
 *(.init7)
 *(.init8)
 *(.init8)
 *(.init9)
 .init9         0x0000000000000258        0x8 /usr/lib/gcc/avr/4.3.5/../../../avr/lib/avr6/crtm2560.o
 *(.init9)
 *(.text)
 .text          0x0000000000000260        0x4 /usr/lib/gcc/avr/4.3.5/../../../avr/lib/avr6/crtm2560.o
                0x0000000000000260                __vector_38
                0x0000000000000260                __vector_22
                0x0000000000000260                __vector_28
                0x0000000000000260                __vector_34
                0x0000000000000260                __vector_24
                0x0000000000000260                __vector_12
                0x0000000000000260                __vector_55
                0x0000000000000260                __vector_46
                0x0000000000000260                __bad_interrupt
                0x0000000000000260                __vector_31
                0x0000000000000260                __vector_35
                0x0000000000000260                __vector_39
                0x0000000000000260                __vector_30
                0x0000000000000260                __vector_45
                0x0000000000000260                __vector_13
                0x0000000000000260                __vector_19
                0x0000000000000260                __vector_56
                0x0000000000000260                __vector_49
                0x0000000000000260                __vector_41
                0x0000000000000260                __vector_43
                0x0000000000000260                __vector_27
                0x0000000000000260                __vector_33
                0x0000000000000260                __vector_52
                0x0000000000000260                __vector_37
                0x0000000000000260                __vector_44
                0x0000000000000260                __vector_21
                0x0000000000000260                __vector_29
                0x0000000000000260                __vector_40
                0x0000000000000260                __vector_26
                0x0000000000000260                __vector_48
                0x0000000000000260                __vector_14
                0x0000000000000260                __vector_53
                0x0000000000000260                __vector_50
                0x0000000000000260                __vector_16
                0x0000000000000260                __vector_18
                0x0000000000000260                __vector_20
 .text          0x0000000000000264       0x58 /usr/lib/gcc/avr/4.3.5/avr6/libgcc.a(_fixunssfsi.o)
                0x0000000000000264                __fixunssfsi
 .text          0x00000000000002bc      0x354 /usr/lib/gcc/avr/4.3.5/avr6/libgcc.a(_addsub_sf.o)
                0x0000000000000554                __subsf3
                0x00000000000005b6                __addsf3
 .text          0x0000000000000610      0x1f4 /usr/lib/gcc/avr/4.3.5/avr6/libgcc.a(_mul_sf.o)
                0x0000000000000610                __mulsf3
 .text          0x0000000000000804      0x158 /usr/lib/gcc/avr/4.3.5/avr6/libgcc.a(_div_sf.o)
                0x0000000000000804                __divsf3
 .text          0x000000000000095c       0x60 /usr/lib/gcc/avr/4.3.5/avr6/libgcc.a(_eq_sf.o)
                0x000000000000095c                __eqsf2
 .text          0x00000000000009bc       0x60 /usr/lib/gcc/avr/4.3.5/avr6/libgcc.a(_gt_sf.o)
                0x00000000000009bc                __gtsf2
 .text          0x0000000000000a1c       0x60 /usr/lib/gcc/avr/4.3.5/avr6/libgcc.a(_ge_sf.o)
                0x0000000000000a1c                __gesf2
 .text          0x0000000000000a7c       0x60 /usr/lib/gcc/avr/4.3.5/avr6/libgcc.a(_lt_sf.o)
                0x0000000000000a7c                __ltsf2
 .text          0x0000000000000adc       0x60 /usr/lib/gcc/avr/4.3.5/avr6/libgcc.a(_le_sf.o)
                0x0000000000000adc                __lesf2
 .text          0x0000000000000b3c       0xbc /usr/lib/gcc/avr/4.3.5/avr6/libgcc.a(_si_to_sf.o)
                0x0000000000000b3c                __floatsisf
 .text          0x0000000000000bf8       0xa8 /usr/lib/gcc/avr/4.3.5/avr6/libgcc.a(_sf_to_si.o)
                0x0000000000000bf8                __fixsfsi
 .text          0x0000000000000ca0       0xf2 /usr/lib/gcc/avr/4.3.5/avr6/libgcc.a(_usi_to_sf.o)
                0x0000000000000ca0                __floatunsisf
 .text          0x0000000000000d92       0x9e /usr/lib/gcc/avr/4.3.5/avr6/libgcc.a(_clzsi2.o)
                0x0000000000000d92                __clzsi2
 .text          0x0000000000000e30      0x1ac /usr/lib/gcc/avr/4.3.5/avr6/libgcc.a(_pack_sf.o)
                0x0000000000000e30                __pack_f
 .text          0x0000000000000fdc       0xf0 /usr/lib/gcc/avr/4.3.5/avr6/libgcc.a(_unpack_sf.o)
                0x0000000000000fdc                __unpack_f
 .text          0x00000000000010cc       0xb2 /usr/lib/gcc/avr/4.3.5/avr6/libgcc.a(_fpcmp_parts_sf.o)
                0x00000000000010cc                __fpcmp_parts_f
                0x000000000000117e                . = ALIGN (0x2)
 *(.text.*)
 .text._ZN10CD74HC40676setMuxEh
                0x000000000000117e       0x7e ./src/lib/CD74HC4067.o
                0x000000000000117e                CD74HC4067::setMux(unsigned char)
 .text._ZN10CD74HC40677readADCEh
                0x00000000000011fc       0x18 ./src/lib/CD74HC4067.o
                0x00000000000011fc                CD74HC4067::readADC(unsigned char)
 .text._ZN10CD74HC4067C1Ehhhhh
                0x0000000000001214       0x56 ./src/lib/CD74HC4067.o
                0x0000000000001214                CD74HC4067::CD74HC4067(unsigned char, unsigned char, unsigned char, unsigned char, unsigned char)
 .text._ZN10ControllerC1EP12control_data
                0x000000000000126a       0x18 ./src/lib/Controller.o
                0x000000000000126a                Controller::Controller(control_data*)
 .text._ZN10Controller8nextByteEm
                0x0000000000001282       0x6a ./src/lib/Controller.o
                0x0000000000001282                Controller::nextByte(unsigned long)
 .text._ZN10Controller14sendDataPacketEv
                0x00000000000012ec      0x4dc ./src/lib/Controller.o
                0x00000000000012ec                Controller::sendDataPacket()
 .text._ZN10Controller14processCommandEv
                0x00000000000017c8      0x7ca ./src/lib/Controller.o
                0x00000000000017c8                Controller::processCommand()
 .text._ZN10Controller6updateEv
                0x0000000000001f92       0xd0 ./src/lib/Controller.o
                0x0000000000001f92                Controller::update()
 .text._ZN11FlexiTimer29_overflowEv
                0x0000000000002062       0x7e ./src/lib/FlexiTimer2.o
                0x0000000000002062                FlexiTimer2::_overflow()
 .text.__vector_15
                0x00000000000020e0       0x50 ./src/lib/FlexiTimer2.o
                0x00000000000020e0                __vector_15
 .text._ZN4GyroC1EP10CD74HC4067hhf
                0x0000000000002130       0x28 ./src/lib/Gyro.o
                0x0000000000002130                Gyro::Gyro(CD74HC4067*, unsigned char, unsigned char, float)
 .text._ZN4Gyro8getValueEv
                0x0000000000002158       0x6a ./src/lib/Gyro.o
                0x0000000000002158                Gyro::getValue()
 .text._ZN4Gyro9calibrateEjb
                0x00000000000021c2      0x186 ./src/lib/Gyro.o
                0x00000000000021c2                Gyro::calibrate(unsigned int, bool)
 .text._ZN13NewSoftSerial4recvEv
                0x0000000000002348       0xd4 ./src/lib/NewSoftSerial.o
                0x0000000000002348                NewSoftSerial::recv()
 .text._ZN13NewSoftSerial16handle_interruptEv
                0x000000000000241c       0x12 ./src/lib/NewSoftSerial.o
                0x000000000000241c                NewSoftSerial::handle_interrupt()
 .text.__vector_9
                0x000000000000242e       0x50 ./src/lib/NewSoftSerial.o
                0x000000000000242e                __vector_9
 .text.__vector_10
                0x000000000000247e       0x50 ./src/lib/NewSoftSerial.o
                0x000000000000247e                __vector_10
 .text.__vector_11
                0x00000000000024ce       0x50 ./src/lib/NewSoftSerial.o
                0x00000000000024ce                __vector_11
 .text._ZN12PowerMonitor10getCurrentEv
                0x000000000000251e       0x32 ./src/lib/PowerMonitor.o
                0x000000000000251e                PowerMonitor::getCurrent()
 .text._ZN12PowerMonitor10getVoltageEv
                0x0000000000002550       0x32 ./src/lib/PowerMonitor.o
                0x0000000000002550                PowerMonitor::getVoltage()
 .text._ZN12PowerMonitor3setEP10CD74HC4067hh
                0x0000000000002582       0x50 ./src/lib/PowerMonitor.o
                0x0000000000002582                PowerMonitor::set(CD74HC4067*, unsigned char, unsigned char)
 .text._ZN12PowerMonitorC1Ehh
                0x00000000000025d2       0x10 ./src/lib/PowerMonitor.o
                0x00000000000025d2                PowerMonitor::PowerMonitor(unsigned char, unsigned char)
 .text._ZN12PowerMonitorC1Ev
                0x00000000000025e2       0x2a ./src/lib/PowerMonitor.o
                0x00000000000025e2                PowerMonitor::PowerMonitor()
 .text._Z10processPIDP10PID_paramsf
                0x000000000000260c      0x14a ./src/Main.o
                0x000000000000260c                processPID(PID_params*, float)
 .text._GLOBAL__I_nexTime
                0x0000000000002756       0xc0 ./src/Main.o
 .text._Z11rEncHandlerv
                0x0000000000002816       0x94 ./src/Main.o
                0x0000000000002816                rEncHandler()
 .text._Z11lEncHandlerv
                0x00000000000028aa       0x92 ./src/Main.o
                0x00000000000028aa                lEncHandler()
 .text._Z9setSpeedsaa
                0x000000000000293c      0x106 ./src/Main.o
                0x000000000000293c                setSpeeds(signed char, signed char)
 .text.main     0x0000000000002a42      0x5d0 ./src/Main.o
                0x0000000000002a42                main
 .text._Z10store_charhP11ring_buffer
                0x0000000000003012       0x4e /home/rbtying/robot/firmware/Arduino-2560/Debug/libArduino.a(HardwareSerial.o)
                0x0000000000003012                store_char(unsigned char, ring_buffer*)
 .text.__vector_25
                0x0000000000003060       0x58 /home/rbtying/robot/firmware/Arduino-2560/Debug/libArduino.a(HardwareSerial.o)
                0x0000000000003060                __vector_25
 .text.__vector_36
                0x00000000000030b8       0x58 /home/rbtying/robot/firmware/Arduino-2560/Debug/libArduino.a(HardwareSerial.o)
                0x00000000000030b8                __vector_36
 .text.__vector_51
                0x0000000000003110       0x58 /home/rbtying/robot/firmware/Arduino-2560/Debug/libArduino.a(HardwareSerial.o)
                0x0000000000003110                __vector_51
 .text.__vector_54
                0x0000000000003168       0x58 /home/rbtying/robot/firmware/Arduino-2560/Debug/libArduino.a(HardwareSerial.o)
                0x0000000000003168                __vector_54
 .text._ZN14HardwareSerial5beginEl
                0x00000000000031c0      0x1e2 /home/rbtying/robot/firmware/Arduino-2560/Debug/libArduino.a(HardwareSerial.o)
                0x00000000000031c0                HardwareSerial::begin(long)
 .text._ZN14HardwareSerial9availableEv
                0x00000000000033a2       0x28 /home/rbtying/robot/firmware/Arduino-2560/Debug/libArduino.a(HardwareSerial.o)
                0x00000000000033a2                HardwareSerial::available()
 .text._ZN14HardwareSerial4peekEv
                0x00000000000033ca       0x34 /home/rbtying/robot/firmware/Arduino-2560/Debug/libArduino.a(HardwareSerial.o)
                0x00000000000033ca                HardwareSerial::peek()
 .text._ZN14HardwareSerial4readEv
                0x00000000000033fe       0x50 /home/rbtying/robot/firmware/Arduino-2560/Debug/libArduino.a(HardwareSerial.o)
                0x00000000000033fe                HardwareSerial::read()
 .text._ZN14HardwareSerial5flushEv
                0x000000000000344e       0x18 /home/rbtying/robot/firmware/Arduino-2560/Debug/libArduino.a(HardwareSerial.o)
                0x000000000000344e                HardwareSerial::flush()
 .text._ZN14HardwareSerial5writeEh
                0x0000000000003466       0x26 /home/rbtying/robot/firmware/Arduino-2560/Debug/libArduino.a(HardwareSerial.o)
                0x0000000000003466                HardwareSerial::write(unsigned char)
 .text._GLOBAL__I_rx_buffer
                0x000000000000348c      0x1a0 /home/rbtying/robot/firmware/Arduino-2560/Debug/libArduino.a(HardwareSerial.o)
 .text._ZN5Print5writeEPKc
                0x000000000000362c       0x30 /home/rbtying/robot/firmware/Arduino-2560/Debug/libArduino.a(Print.o)
                0x000000000000362c                Print::write(char const*)
 .text._ZN5Print5writeEPKhj
                0x000000000000365c       0x3e /home/rbtying/robot/firmware/Arduino-2560/Debug/libArduino.a(Print.o)
                0x000000000000365c                Print::write(unsigned char const*, unsigned int)
 .text._ZN5Print5printEPKc
                0x000000000000369a       0x10 /home/rbtying/robot/firmware/Arduino-2560/Debug/libArduino.a(Print.o)
                0x000000000000369a                Print::print(char const*)
 .text._ZN5Print11printNumberEmh
                0x00000000000036aa      0x130 /home/rbtying/robot/firmware/Arduino-2560/Debug/libArduino.a(Print.o)
                0x00000000000036aa                Print::printNumber(unsigned long, unsigned char)
 .text._ZN5Print5printEmi
                0x00000000000037da       0x1e /home/rbtying/robot/firmware/Arduino-2560/Debug/libArduino.a(Print.o)
                0x00000000000037da                Print::print(unsigned long, int)
 .text._ZN5Print5printEli
                0x00000000000037f8       0x6c /home/rbtying/robot/firmware/Arduino-2560/Debug/libArduino.a(Print.o)
                0x00000000000037f8                Print::print(long, int)
 .text._ZN5Print7printlnEv
                0x0000000000003864       0x2e /home/rbtying/robot/firmware/Arduino-2560/Debug/libArduino.a(Print.o)
                0x0000000000003864                Print::println()
 .text._ZN5Print7printlnEPKc
                0x0000000000003892       0x16 /home/rbtying/robot/firmware/Arduino-2560/Debug/libArduino.a(Print.o)
                0x0000000000003892                Print::println(char const*)
 .text._ZN5Print10printFloatEdh
                0x00000000000038a8      0x118 /home/rbtying/robot/firmware/Arduino-2560/Debug/libArduino.a(Print.o)
                0x00000000000038a8                Print::printFloat(double, unsigned char)
 .text._ZN5Print5printEdi
                0x00000000000039c0        0x6 /home/rbtying/robot/firmware/Arduino-2560/Debug/libArduino.a(Print.o)
                0x00000000000039c0                Print::print(double, int)
 .text._ZN5Print7printlnEdi
                0x00000000000039c6       0x16 /home/rbtying/robot/firmware/Arduino-2560/Debug/libArduino.a(Print.o)
                0x00000000000039c6                Print::println(double, int)
 .text.attachInterrupt
                0x00000000000039dc       0xf8 /home/rbtying/robot/firmware/Arduino-2560/Debug/libArduino.a(WInterrupts.o)
                0x00000000000039dc                attachInterrupt
 .text.__vector_1
                0x0000000000003ad4       0x62 /home/rbtying/robot/firmware/Arduino-2560/Debug/libArduino.a(WInterrupts.o)
                0x0000000000003ad4                __vector_1
 .text.__vector_2
                0x0000000000003b36       0x62 /home/rbtying/robot/firmware/Arduino-2560/Debug/libArduino.a(WInterrupts.o)
                0x0000000000003b36                __vector_2
 .text.__vector_3
                0x0000000000003b98       0x62 /home/rbtying/robot/firmware/Arduino-2560/Debug/libArduino.a(WInterrupts.o)
                0x0000000000003b98                __vector_3
 .text.__vector_4
                0x0000000000003bfa       0x62 /home/rbtying/robot/firmware/Arduino-2560/Debug/libArduino.a(WInterrupts.o)
                0x0000000000003bfa                __vector_4
 .text.__vector_5
                0x0000000000003c5c       0x62 /home/rbtying/robot/firmware/Arduino-2560/Debug/libArduino.a(WInterrupts.o)
                0x0000000000003c5c                __vector_5
 .text.__vector_6
                0x0000000000003cbe       0x62 /home/rbtying/robot/firmware/Arduino-2560/Debug/libArduino.a(WInterrupts.o)
                0x0000000000003cbe                __vector_6
 .text.__vector_7
                0x0000000000003d20       0x62 /home/rbtying/robot/firmware/Arduino-2560/Debug/libArduino.a(WInterrupts.o)
                0x0000000000003d20                __vector_7
 .text.__vector_8
                0x0000000000003d82       0x62 /home/rbtying/robot/firmware/Arduino-2560/Debug/libArduino.a(WInterrupts.o)
                0x0000000000003d82                __vector_8
 .text._Z3maplllll
                0x0000000000003de4       0x92 /home/rbtying/robot/firmware/Arduino-2560/Debug/libArduino.a(WMath.o)
                0x0000000000003de4                map(long, long, long, long, long)
 .text.__vector_23
                0x0000000000003e76       0x90 /home/rbtying/robot/firmware/Arduino-2560/Debug/libArduino.a(wiring.o)
                0x0000000000003e76                __vector_23
 .text.millis   0x0000000000003f06       0x1c /home/rbtying/robot/firmware/Arduino-2560/Debug/libArduino.a(wiring.o)
                0x0000000000003f06                millis
 .text.micros   0x0000000000003f22       0x4c /home/rbtying/robot/firmware/Arduino-2560/Debug/libArduino.a(wiring.o)
                0x0000000000003f22                micros
 .text.delay    0x0000000000003f6e       0x4c /home/rbtying/robot/firmware/Arduino-2560/Debug/libArduino.a(wiring.o)
                0x0000000000003f6e                delay
 .text.delayMicroseconds
                0x0000000000003fba       0x14 /home/rbtying/robot/firmware/Arduino-2560/Debug/libArduino.a(wiring.o)
                0x0000000000003fba                delayMicroseconds
 .text.init     0x0000000000003fce       0xc4 /home/rbtying/robot/firmware/Arduino-2560/Debug/libArduino.a(wiring.o)
                0x0000000000003fce                init
 .text.analogRead
                0x0000000000004092       0x68 /home/rbtying/robot/firmware/Arduino-2560/Debug/libArduino.a(wiring_analog.o)
                0x0000000000004092                analogRead
 .text.pinMode  0x00000000000040fa       0x4c /home/rbtying/robot/firmware/Arduino-2560/Debug/libArduino.a(wiring_digital.o)
                0x00000000000040fa                pinMode
 .text.digitalWrite
                0x0000000000004146      0x122 /home/rbtying/robot/firmware/Arduino-2560/Debug/libArduino.a(wiring_digital.o)
                0x0000000000004146                digitalWrite
 .text._ZN5ServoC1Ev
                0x0000000000004268       0x34 /home/rbtying/robot/firmware/Arduino-2560/Debug/libArduino.a(Servo.o)
                0x0000000000004268                Servo::Servo()
 .text._ZN5Servo17writeMicrosecondsEi
                0x000000000000429c       0x8e /home/rbtying/robot/firmware/Arduino-2560/Debug/libArduino.a(Servo.o)
                0x000000000000429c                Servo::writeMicroseconds(int)
 .text._ZN5Servo16readMicrosecondsEv
                0x000000000000432a       0x3e /home/rbtying/robot/firmware/Arduino-2560/Debug/libArduino.a(Servo.o)
                0x000000000000432a                Servo::readMicroseconds()
 .text._ZN5Servo4readEv
                0x0000000000004368       0xaa /home/rbtying/robot/firmware/Arduino-2560/Debug/libArduino.a(Servo.o)
                0x0000000000004368                Servo::read()
 .text._ZN5Servo5writeEi
                0x0000000000004412       0xd0 /home/rbtying/robot/firmware/Arduino-2560/Debug/libArduino.a(Servo.o)
                0x0000000000004412                Servo::write(int)
 .text._ZN5Servo6attachEiii
                0x00000000000044e2      0x158 /home/rbtying/robot/firmware/Arduino-2560/Debug/libArduino.a(Servo.o)
                0x00000000000044e2                Servo::attach(int, int, int)
 .text._ZN5Servo6attachEi
                0x000000000000463a        0xe /home/rbtying/robot/firmware/Arduino-2560/Debug/libArduino.a(Servo.o)
                0x000000000000463a                Servo::attach(int)
 .text._ZL17handle_interrupts18timer16_Sequence_tPVjS1_
                0x0000000000004648      0x184 /home/rbtying/robot/firmware/Arduino-2560/Debug/libArduino.a(Servo.o)
 .text.__vector_47
                0x00000000000047cc       0x5a /home/rbtying/robot/firmware/Arduino-2560/Debug/libArduino.a(Servo.o)
                0x00000000000047cc                __vector_47
 .text.__vector_42
                0x0000000000004826       0x5a /home/rbtying/robot/firmware/Arduino-2560/Debug/libArduino.a(Servo.o)
                0x0000000000004826                __vector_42
 .text.__vector_32
                0x0000000000004880       0x5a /home/rbtying/robot/firmware/Arduino-2560/Debug/libArduino.a(Servo.o)
                0x0000000000004880                __vector_32
 .text.__vector_17
                0x00000000000048da       0x5a /home/rbtying/robot/firmware/Arduino-2560/Debug/libArduino.a(Servo.o)
                0x00000000000048da                __vector_17
 .text._ZN13LiquidCrystal11pulseEnableEv
                0x0000000000004934       0x42 /home/rbtying/robot/firmware/Arduino-2560/Debug/libArduino.a(LiquidCrystal.o)
                0x0000000000004934                LiquidCrystal::pulseEnable()
 .text._ZN13LiquidCrystal10write8bitsEh
                0x0000000000004976       0x6c /home/rbtying/robot/firmware/Arduino-2560/Debug/libArduino.a(LiquidCrystal.o)
                0x0000000000004976                LiquidCrystal::write8bits(unsigned char)
 .text._ZN13LiquidCrystal10write4bitsEh
                0x00000000000049e2       0x6c /home/rbtying/robot/firmware/Arduino-2560/Debug/libArduino.a(LiquidCrystal.o)
                0x00000000000049e2                LiquidCrystal::write4bits(unsigned char)
 .text._ZN13LiquidCrystal4sendEhh
                0x0000000000004a4e       0x52 /home/rbtying/robot/firmware/Arduino-2560/Debug/libArduino.a(LiquidCrystal.o)
                0x0000000000004a4e                LiquidCrystal::send(unsigned char, unsigned char)
 .text._ZN13LiquidCrystal5writeEh
                0x0000000000004aa0        0x8 /home/rbtying/robot/firmware/Arduino-2560/Debug/libArduino.a(LiquidCrystal.o)
                0x0000000000004aa0                LiquidCrystal::write(unsigned char)
 .text._ZN13LiquidCrystal7commandEh
                0x0000000000004aa8        0x8 /home/rbtying/robot/firmware/Arduino-2560/Debug/libArduino.a(LiquidCrystal.o)
                0x0000000000004aa8                LiquidCrystal::command(unsigned char)
 .text._ZN13LiquidCrystal7displayEv
                0x0000000000004ab0       0x14 /home/rbtying/robot/firmware/Arduino-2560/Debug/libArduino.a(LiquidCrystal.o)
                0x0000000000004ab0                LiquidCrystal::display()
 .text._ZN13LiquidCrystal5clearEv
                0x0000000000004ac4       0x10 /home/rbtying/robot/firmware/Arduino-2560/Debug/libArduino.a(LiquidCrystal.o)
                0x0000000000004ac4                LiquidCrystal::clear()
 .text._ZN13LiquidCrystal5beginEhhh
                0x0000000000004ad4       0xde /home/rbtying/robot/firmware/Arduino-2560/Debug/libArduino.a(LiquidCrystal.o)
                0x0000000000004ad4                LiquidCrystal::begin(unsigned char, unsigned char, unsigned char)
 .text._ZN13LiquidCrystal4initEhhhhhhhhhhhh
                0x0000000000004bb2       0x8e /home/rbtying/robot/firmware/Arduino-2560/Debug/libArduino.a(LiquidCrystal.o)
                0x0000000000004bb2                LiquidCrystal::init(unsigned char, unsigned char, unsigned char, unsigned char, unsigned char, unsigned char, unsigned char, unsigned char, unsigned char, unsigned char, unsigned char, unsigned char)
 .text._ZN13LiquidCrystalC1Ehhhhhhh
                0x0000000000004c40       0x76 /home/rbtying/robot/firmware/Arduino-2560/Debug/libArduino.a(LiquidCrystal.o)
                0x0000000000004c40                LiquidCrystal::LiquidCrystal(unsigned char, unsigned char, unsigned char, unsigned char, unsigned char, unsigned char, unsigned char)
 .text.libgcc   0x0000000000004cb6       0x3e /usr/lib/gcc/avr/4.3.5/avr6/libgcc.a(_mulsi3.o)
                0x0000000000004cb6                __mulsi3
 .text.libgcc   0x0000000000004cf4       0x18 /usr/lib/gcc/avr/4.3.5/avr6/libgcc.a(_udivmodqi4.o)
                0x0000000000004cf4                __udivmodqi4
 .text.libgcc   0x0000000000004d0c       0x28 /usr/lib/gcc/avr/4.3.5/avr6/libgcc.a(_udivmodhi4.o)
                0x0000000000004d0c                __udivmodhi4
 .text.libgcc   0x0000000000004d34       0x26 /usr/lib/gcc/avr/4.3.5/avr6/libgcc.a(_divmodhi4.o)
                0x0000000000004d34                __divmodhi4
                0x0000000000004d34                _div
 .text.libgcc   0x0000000000004d5a       0x44 /usr/lib/gcc/avr/4.3.5/avr6/libgcc.a(_udivmodsi4.o)
                0x0000000000004d5a                __udivmodsi4
 .text.libgcc   0x0000000000004d9e       0x36 /usr/lib/gcc/avr/4.3.5/avr6/libgcc.a(_divmodsi4.o)
                0x0000000000004d9e                __divmodsi4
 .text.libgcc   0x0000000000004dd4       0x38 /usr/lib/gcc/avr/4.3.5/avr6/libgcc.a(_prologue.o)
                0x0000000000004dd4                __prologue_saves__
 .text.libgcc   0x0000000000004e0c       0x36 /usr/lib/gcc/avr/4.3.5/avr6/libgcc.a(_epilogue.o)
                0x0000000000004e0c                __epilogue_restores__
 .text.libgcc   0x0000000000004e42        0xc /usr/lib/gcc/avr/4.3.5/avr6/libgcc.a(_tablejump.o)
                0x0000000000004e42                __tablejump2__
                0x0000000000004e46                __tablejump__
 .text.avr-libc
                0x0000000000004e4e       0x34 /usr/lib/gcc/avr/4.3.5/../../../avr/lib/avr6/libc.a(strstr.o)
                0x0000000000004e4e                strstr
                0x0000000000004e82                . = ALIGN (0x2)
 *(.fini9)
 .fini9         0x0000000000004e82        0x0 /usr/lib/gcc/avr/4.3.5/avr6/libgcc.a(_exit.o)
                0x0000000000004e82                exit
                0x0000000000004e82                _exit
 *(.fini9)
 *(.fini8)
 *(.fini8)
 *(.fini7)
 *(.fini7)
 *(.fini6)
 *(.fini6)
 *(.fini5)
 *(.fini5)
 *(.fini4)
 *(.fini4)
 *(.fini3)
 *(.fini3)
 *(.fini2)
 *(.fini2)
 *(.fini1)
 *(.fini1)
 *(.fini0)
 .fini0         0x0000000000004e82        0x4 /usr/lib/gcc/avr/4.3.5/avr6/libgcc.a(_exit.o)
 *(.fini0)
                0x0000000000004e86                _etext = .

.data           0x0000000000800200      0x1ba load address 0x0000000000004e86
                0x0000000000800200                PROVIDE (__data_start, .)
 *(.data)
 .data          0x0000000000800200       0x93 ./src/lib/Controller.o
 .data          0x0000000000800293        0x2 /home/rbtying/robot/firmware/Arduino-2560/Debug/libArduino.a(Print.o)
 .data          0x0000000000800295        0x8 /usr/lib/gcc/avr/4.3.5/avr6/libgcc.a(_thenan_sf.o)
                0x0000000000800295                __thenan_sf
 .data          0x000000000080029d      0x100 /usr/lib/gcc/avr/4.3.5/avr6/libgcc.a(_clz.o)
                0x000000000080029d                __clz_tab
 *(.data*)
 .data.analog_reference
                0x000000000080039d        0x1 /home/rbtying/robot/firmware/Arduino-2560/Debug/libArduino.a(wiring_analog.o)
                0x000000000080039d                analog_reference
 *(.rodata)
 *(.rodata*)
 .rodata._ZTV14HardwareSerial
                0x000000000080039e       0x12 /home/rbtying/robot/firmware/Arduino-2560/Debug/libArduino.a(HardwareSerial.o)
                0x000000000080039e                vtable for HardwareSerial
 .rodata._ZTV13LiquidCrystal
                0x00000000008003b0        0xa /home/rbtying/robot/firmware/Arduino-2560/Debug/libArduino.a(LiquidCrystal.o)
                0x00000000008003b0                vtable for LiquidCrystal
 *(.gnu.linkonce.d*)
                0x00000000008003ba                . = ALIGN (0x2)
                0x00000000008003ba                _edata = .
                0x00000000008003ba                PROVIDE (__data_end, .)

.bss            0x00000000008003ba      0x486
                0x00000000008003ba                PROVIDE (__bss_start, .)
 *(.bss)
 *(.bss*)
 .bss._ZN11FlexiTimer210time_unitsE
                0x00000000008003ba        0x4 ./src/lib/FlexiTimer2.o
                0x00000000008003ba                FlexiTimer2::time_units
 .bss._ZN11FlexiTimer24funcE
                0x00000000008003be        0x2 ./src/lib/FlexiTimer2.o
                0x00000000008003be                FlexiTimer2::func
 .bss._ZN11FlexiTimer25countE
                0x00000000008003c0        0x4 ./src/lib/FlexiTimer2.o
                0x00000000008003c0                FlexiTimer2::count
 .bss._ZN11FlexiTimer211overflowingE
                0x00000000008003c4        0x1 ./src/lib/FlexiTimer2.o
                0x00000000008003c4                FlexiTimer2::overflowing
 .bss._ZN13NewSoftSerial13active_objectE
                0x00000000008003c5        0x2 ./src/lib/NewSoftSerial.o
                0x00000000008003c5                NewSoftSerial::active_object
 .bss._ZN13NewSoftSerial15_receive_bufferE
                0x00000000008003c7       0x40 ./src/lib/NewSoftSerial.o
                0x00000000008003c7                NewSoftSerial::_receive_buffer
 .bss._ZN13NewSoftSerial20_receive_buffer_tailE
                0x0000000000800407        0x1 ./src/lib/NewSoftSerial.o
                0x0000000000800407                NewSoftSerial::_receive_buffer_tail
 .bss._ZN13NewSoftSerial20_receive_buffer_headE
                0x0000000000800408        0x1 ./src/lib/NewSoftSerial.o
                0x0000000000800408                NewSoftSerial::_receive_buffer_head
 .bss.nexTime   0x0000000000800409        0x4 ./src/Main.o
                0x0000000000800409                nexTime
 .bss.cTime     0x000000000080040d        0x4 ./src/Main.o
                0x000000000080040d                cTime
 .bss.ledTime   0x0000000000800411        0x4 ./src/Main.o
                0x0000000000800411                ledTime
 .bss.ctrl      0x0000000000800415       0x9e ./src/Main.o
                0x0000000000800415                ctrl
 .bss.mux       0x00000000008004b3        0x6 ./src/Main.o
                0x00000000008004b3                mux
 .bss.lcd       0x00000000008004b9       0x13 ./src/Main.o
                0x00000000008004b9                lcd
 .bss.yawGyro   0x00000000008004cc        0xd ./src/Main.o
                0x00000000008004cc                yawGyro
 .bss.yawRate   0x00000000008004d9        0x4 ./src/Main.o
                0x00000000008004d9                yawRate
 .bss.lMot      0x00000000008004dd        0x3 ./src/Main.o
                0x00000000008004dd                lMot
 .bss.rMot      0x00000000008004e0        0x3 ./src/Main.o
                0x00000000008004e0                rMot
 .bss.cmd       0x00000000008004e3       0x53 ./src/Main.o
                0x00000000008004e3                cmd
 .bss.rx_buffer
                0x0000000000800536       0x84 /home/rbtying/robot/firmware/Arduino-2560/Debug/libArduino.a(HardwareSerial.o)
                0x0000000000800536                rx_buffer
 .bss.rx_buffer1
                0x00000000008005ba       0x84 /home/rbtying/robot/firmware/Arduino-2560/Debug/libArduino.a(HardwareSerial.o)
                0x00000000008005ba                rx_buffer1
 .bss.rx_buffer2
                0x000000000080063e       0x84 /home/rbtying/robot/firmware/Arduino-2560/Debug/libArduino.a(HardwareSerial.o)
                0x000000000080063e                rx_buffer2
 .bss.rx_buffer3
                0x00000000008006c2       0x84 /home/rbtying/robot/firmware/Arduino-2560/Debug/libArduino.a(HardwareSerial.o)
                0x00000000008006c2                rx_buffer3
 .bss.Serial    0x0000000000800746       0x13 /home/rbtying/robot/firmware/Arduino-2560/Debug/libArduino.a(HardwareSerial.o)
                0x0000000000800746                Serial
 .bss.Serial1   0x0000000000800759       0x13 /home/rbtying/robot/firmware/Arduino-2560/Debug/libArduino.a(HardwareSerial.o)
                0x0000000000800759                Serial1
 .bss.Serial2   0x000000000080076c       0x13 /home/rbtying/robot/firmware/Arduino-2560/Debug/libArduino.a(HardwareSerial.o)
                0x000000000080076c                Serial2
 .bss.Serial3   0x000000000080077f       0x13 /home/rbtying/robot/firmware/Arduino-2560/Debug/libArduino.a(HardwareSerial.o)
                0x000000000080077f                Serial3
 .bss.intFunc   0x0000000000800792       0x10 /home/rbtying/robot/firmware/Arduino-2560/Debug/libArduino.a(WInterrupts.o)
 .bss.timer0_overflow_count
                0x00000000008007a2        0x4 /home/rbtying/robot/firmware/Arduino-2560/Debug/libArduino.a(wiring.o)
                0x00000000008007a2                timer0_overflow_count
 .bss.timer0_millis
                0x00000000008007a6        0x4 /home/rbtying/robot/firmware/Arduino-2560/Debug/libArduino.a(wiring.o)
                0x00000000008007a6                timer0_millis
 .bss.timer0_fract
                0x00000000008007aa        0x1 /home/rbtying/robot/firmware/Arduino-2560/Debug/libArduino.a(wiring.o)
 .bss.ServoCount
                0x00000000008007ab        0x1 /home/rbtying/robot/firmware/Arduino-2560/Debug/libArduino.a(Servo.o)
                0x00000000008007ab                ServoCount
 .bss._ZL6servos
                0x00000000008007ac       0x90 /home/rbtying/robot/firmware/Arduino-2560/Debug/libArduino.a(Servo.o)
 .bss._ZL7Channel
                0x000000000080083c        0x4 /home/rbtying/robot/firmware/Arduino-2560/Debug/libArduino.a(Servo.o)
 *(COMMON)
                0x0000000000800840                PROVIDE (__bss_end, .)
                0x0000000000004e86                __data_load_start = LOADADDR (.data)
                0x0000000000005040                __data_load_end = (__data_load_start + SIZEOF (.data))

.noinit         0x0000000000800840        0x0
                0x0000000000800840                PROVIDE (__noinit_start, .)
 *(.noinit*)
                0x0000000000800840                PROVIDE (__noinit_end, .)
                0x0000000000800840                _end = .
                0x0000000000800840                PROVIDE (__heap_start, .)

.eeprom         0x0000000000810000        0x0
 *(.eeprom*)
                0x0000000000810000                __eeprom_end = .

.fuse
 *(.fuse)
 *(.lfuse)
 *(.hfuse)
 *(.efuse)

.lock
 *(.lock*)

.signature
 *(.signature*)

.stab           0x0000000000000000     0x3450
 *(.stab)
 .stab          0x0000000000000000      0x768 /usr/lib/gcc/avr/4.3.5/../../../avr/lib/avr6/crtm2560.o
 .stab          0x0000000000000768      0x3c0 /usr/lib/gcc/avr/4.3.5/../../../avr/lib/avr6/libm.a(pow.o)
                                        0x3cc (size before relaxing)
 .stab          0x0000000000000b28      0x288 /usr/lib/gcc/avr/4.3.5/../../../avr/lib/avr6/libm.a(exp.o)
                                        0x294 (size before relaxing)
 .stab          0x0000000000000db0       0x78 /usr/lib/gcc/avr/4.3.5/../../../avr/lib/avr6/libm.a(fp_inf.o)
                                         0x84 (size before relaxing)
 .stab          0x0000000000000e28       0x54 /usr/lib/gcc/avr/4.3.5/../../../avr/lib/avr6/libm.a(fp_nan.o)
                                         0x60 (size before relaxing)
 .stab          0x0000000000000e7c      0x1ec /usr/lib/gcc/avr/4.3.5/../../../avr/lib/avr6/libm.a(fp_powser.o)
                                        0x1f8 (size before relaxing)
 .stab          0x0000000000001068      0x1d4 /usr/lib/gcc/avr/4.3.5/../../../avr/lib/avr6/libm.a(fp_split3.o)
                                        0x1e0 (size before relaxing)
 .stab          0x000000000000123c       0x90 /usr/lib/gcc/avr/4.3.5/../../../avr/lib/avr6/libm.a(fp_zero.o)
                                         0x9c (size before relaxing)
 .stab          0x00000000000012cc       0x84 /usr/lib/gcc/avr/4.3.5/../../../avr/lib/avr6/libm.a(inverse.o)
                                         0x90 (size before relaxing)
 .stab          0x0000000000001350      0x2c4 /usr/lib/gcc/avr/4.3.5/../../../avr/lib/avr6/libm.a(ldexp.o)
                                        0x2d0 (size before relaxing)
 .stab          0x0000000000001614      0x378 /usr/lib/gcc/avr/4.3.5/../../../avr/lib/avr6/libm.a(log.o)
                                        0x384 (size before relaxing)
 .stab          0x000000000000198c      0x2a0 /usr/lib/gcc/avr/4.3.5/../../../avr/lib/avr6/libm.a(modf.o)
                                        0x2ac (size before relaxing)
 .stab          0x0000000000001c2c      0x4d4 /usr/lib/gcc/avr/4.3.5/../../../avr/lib/avr6/libm.a(mulsf3x.o)
                                        0x4e0 (size before relaxing)
 .stab          0x0000000000002100      0x4bc /usr/lib/gcc/avr/4.3.5/../../../avr/lib/avr6/libm.a(addsf3x.o)
                                        0x4c8 (size before relaxing)
 .stab          0x00000000000025bc       0xe4 /usr/lib/gcc/avr/4.3.5/../../../avr/lib/avr6/libm.a(fp_mpack.o)
                                         0xf0 (size before relaxing)
 .stab          0x00000000000026a0       0x84 /usr/lib/gcc/avr/4.3.5/../../../avr/lib/avr6/libm.a(fp_pscA.o)
                                         0x90 (size before relaxing)
 .stab          0x0000000000002724       0x84 /usr/lib/gcc/avr/4.3.5/../../../avr/lib/avr6/libm.a(fp_pscB.o)
                                         0x90 (size before relaxing)
 .stab          0x00000000000027a8       0xfc /usr/lib/gcc/avr/4.3.5/../../../avr/lib/avr6/libm.a(fp_round.o)
                                        0x108 (size before relaxing)
 .stab          0x00000000000028a4      0x360 /usr/lib/gcc/avr/4.3.5/../../../avr/lib/avr6/libc.a(malloc.o)
                                        0x6fc (size before relaxing)
 .stab          0x0000000000002c04      0x12c /usr/lib/gcc/avr/4.3.5/../../../avr/lib/avr6/libc.a(random.o)
                                        0x33c (size before relaxing)
 .stab          0x0000000000002d30       0x18 /usr/lib/gcc/avr/4.3.5/../../../avr/lib/avr6/libc.a(isspace.o)
                                         0xa8 (size before relaxing)
 .stab          0x0000000000002d48       0x18 /usr/lib/gcc/avr/4.3.5/../../../avr/lib/avr6/libc.a(tolower.o)
                                         0xa8 (size before relaxing)
 .stab          0x0000000000002d60       0x18 /usr/lib/gcc/avr/4.3.5/../../../avr/lib/avr6/libc.a(toupper.o)
                                         0xa8 (size before relaxing)
 .stab          0x0000000000002d78       0x9c /usr/lib/gcc/avr/4.3.5/../../../avr/lib/avr6/libc.a(strcat.o)
                                         0xa8 (size before relaxing)
 .stab          0x0000000000002e14       0x9c /usr/lib/gcc/avr/4.3.5/../../../avr/lib/avr6/libc.a(strchr.o)
                                         0xa8 (size before relaxing)
 .stab          0x0000000000002eb0       0x84 /usr/lib/gcc/avr/4.3.5/../../../avr/lib/avr6/libc.a(strcmp.o)
                                         0x90 (size before relaxing)
 .stab          0x0000000000002f34       0x6c /usr/lib/gcc/avr/4.3.5/../../../avr/lib/avr6/libc.a(strcpy.o)
                                         0x78 (size before relaxing)
 .stab          0x0000000000002fa0       0xc0 /usr/lib/gcc/avr/4.3.5/../../../avr/lib/avr6/libc.a(strncmp.o)
                                         0xcc (size before relaxing)
 .stab          0x0000000000003060       0xcc /usr/lib/gcc/avr/4.3.5/../../../avr/lib/avr6/libc.a(strncpy.o)
                                         0xd8 (size before relaxing)
 .stab          0x000000000000312c       0x9c /usr/lib/gcc/avr/4.3.5/../../../avr/lib/avr6/libc.a(strrchr.o)
                                         0xa8 (size before relaxing)
 .stab          0x00000000000031c8      0x150 /usr/lib/gcc/avr/4.3.5/../../../avr/lib/avr6/libc.a(strstr.o)
                                        0x15c (size before relaxing)
 .stab          0x0000000000003318       0x18 /usr/lib/gcc/avr/4.3.5/../../../avr/lib/avr6/libc.a(itoa.o)
                                        0x1bc (size before relaxing)
 .stab          0x0000000000003330       0x18 /usr/lib/gcc/avr/4.3.5/../../../avr/lib/avr6/libc.a(ltoa.o)
                                        0x2a0 (size before relaxing)
 .stab          0x0000000000003348       0x18 /usr/lib/gcc/avr/4.3.5/../../../avr/lib/avr6/libc.a(ultoa.o)
                                        0x1ec (size before relaxing)
 .stab          0x0000000000003360       0x18 /usr/lib/gcc/avr/4.3.5/../../../avr/lib/avr6/libc.a(cty_isfalse.o)
                                         0x6c (size before relaxing)
 .stab          0x0000000000003378       0xd8 /usr/lib/gcc/avr/4.3.5/../../../avr/lib/avr6/libc.a(strrev.o)
                                         0xe4 (size before relaxing)

.stabstr        0x0000000000000000      0xef9
 *(.stabstr)
 .stabstr       0x0000000000000000      0xef9 /usr/lib/gcc/avr/4.3.5/../../../avr/lib/avr6/crtm2560.o

.stab.excl
 *(.stab.excl)

.stab.exclstr
 *(.stab.exclstr)

.stab.index
 *(.stab.index)

.stab.indexstr
 *(.stab.indexstr)

.comment
 *(.comment)

.debug
 *(.debug)

.line
 *(.line)

.debug_srcinfo
 *(.debug_srcinfo)

.debug_sfnames
 *(.debug_sfnames)

.debug_aranges
 *(.debug_aranges)

.debug_pubnames
 *(.debug_pubnames)

.debug_info
 *(.debug_info)
 *(.gnu.linkonce.wi.*)

.debug_abbrev
 *(.debug_abbrev)

.debug_line
 *(.debug_line)

.debug_frame
 *(.debug_frame)

.debug_str
 *(.debug_str)

.debug_loc
 *(.debug_loc)

.debug_macinfo
 *(.debug_macinfo)
OUTPUT(ROS_mini.elf elf32-avr)
LOAD linker stubs

Cross Reference Table

Symbol                                            File
CD74HC4067::CD74HC4067(unsigned char, unsigned char, unsigned char, unsigned char, unsigned char) ./src/lib/CD74HC4067.o
CD74HC4067::CD74HC4067(unsigned char, unsigned char, unsigned char, unsigned char, unsigned char) ./src/lib/CD74HC4067.o
                                                  ./src/Main.o
CD74HC4067::readADC(unsigned char)                ./src/lib/CD74HC4067.o
                                                  ./src/lib/PowerMonitor.o
                                                  ./src/lib/Gyro.o
CD74HC4067::readDigital(unsigned char)            ./src/lib/CD74HC4067.o
CD74HC4067::setMux(unsigned char)                 ./src/lib/CD74HC4067.o
Controller::Controller(control_data*)             ./src/lib/Controller.o
                                                  ./src/Main.o
Controller::Controller(control_data*)             ./src/lib/Controller.o
Controller::flush()                               ./src/lib/Controller.o
Controller::nextByte(unsigned long)               ./src/lib/Controller.o
Controller::processCommand()                      ./src/lib/Controller.o
Controller::sendDataPacket()                      ./src/lib/Controller.o
Controller::update()                              ./src/lib/Controller.o
                                                  ./src/Main.o
FlexiTimer2::_overflow()                          ./src/lib/FlexiTimer2.o
FlexiTimer2::count                                ./src/lib/FlexiTimer2.o
FlexiTimer2::func                                 ./src/lib/FlexiTimer2.o
FlexiTimer2::overflowing                          ./src/lib/FlexiTimer2.o
FlexiTimer2::set(unsigned long, double, void (*)()) ./src/lib/FlexiTimer2.o
FlexiTimer2::set(unsigned long, void (*)())       ./src/lib/FlexiTimer2.o
FlexiTimer2::start()                              ./src/lib/FlexiTimer2.o
FlexiTimer2::stop()                               ./src/lib/FlexiTimer2.o
FlexiTimer2::tcnt2                                ./src/lib/FlexiTimer2.o
FlexiTimer2::time_units                           ./src/lib/FlexiTimer2.o
Gyro::Gyro(CD74HC4067*, unsigned char, unsigned char, float) ./src/lib/Gyro.o
                                                  ./src/Main.o
Gyro::Gyro(CD74HC4067*, unsigned char, unsigned char, float) ./src/lib/Gyro.o
Gyro::Gyro(unsigned char, unsigned char, float)   ./src/lib/Gyro.o
Gyro::Gyro(unsigned char, unsigned char, float)   ./src/lib/Gyro.o
Gyro::calibrate(unsigned int, bool)               ./src/lib/Gyro.o
                                                  ./src/Main.o
Gyro::getValue()                                  ./src/lib/Gyro.o
                                                  ./src/Main.o
HardwareSerial::HardwareSerial(ring_buffer*, unsigned char volatile*, unsigned char volatile*, unsigned char volatile*, unsigned char volatile*, unsigned char volatile*, unsigned char, unsigned char, unsigned char, unsigned char, unsigned char) /home/rbtying/robot/firmware/Arduino-2560/Debug/libArduino.a(HardwareSerial.o)
HardwareSerial::HardwareSerial(ring_buffer*, unsigned char volatile*, unsigned char volatile*, unsigned char volatile*, unsigned char volatile*, unsigned char volatile*, unsigned char, unsigned char, unsigned char, unsigned char, unsigned char) /home/rbtying/robot/firmware/Arduino-2560/Debug/libArduino.a(HardwareSerial.o)
HardwareSerial::available()                       /home/rbtying/robot/firmware/Arduino-2560/Debug/libArduino.a(HardwareSerial.o)
                                                  ./src/lib/Controller.o
HardwareSerial::begin(long)                       /home/rbtying/robot/firmware/Arduino-2560/Debug/libArduino.a(HardwareSerial.o)
                                                  ./src/Main.o
HardwareSerial::end()                             /home/rbtying/robot/firmware/Arduino-2560/Debug/libArduino.a(HardwareSerial.o)
HardwareSerial::flush()                           /home/rbtying/robot/firmware/Arduino-2560/Debug/libArduino.a(HardwareSerial.o)
HardwareSerial::peek()                            /home/rbtying/robot/firmware/Arduino-2560/Debug/libArduino.a(HardwareSerial.o)
HardwareSerial::read()                            /home/rbtying/robot/firmware/Arduino-2560/Debug/libArduino.a(HardwareSerial.o)
                                                  ./src/lib/Controller.o
HardwareSerial::write(unsigned char)              /home/rbtying/robot/firmware/Arduino-2560/Debug/libArduino.a(HardwareSerial.o)
LEDDisplay::LEDDisplay(unsigned char)             ./src/lib/LEDDisplay.o
LEDDisplay::LEDDisplay(unsigned char)             ./src/lib/LEDDisplay.o
LEDDisplay::display(int, char)                    ./src/lib/LEDDisplay.o
LEDDisplay::findNumDigits(int, int)               ./src/lib/LEDDisplay.o
LEDDisplay::setDots(bool, bool, bool, bool, bool, bool) ./src/lib/LEDDisplay.o
LineSensor::LineSensor(unsigned char, unsigned char) ./src/lib/LineSensor.o
LineSensor::LineSensor(unsigned char, unsigned char) ./src/lib/LineSensor.o
LineSensor::getLinePos()                          ./src/lib/LineSensor.o
LineSensor::getSensorValues(unsigned int*)        ./src/lib/LineSensor.o
LineSensor::nextByte(unsigned long)               ./src/lib/LineSensor.o
LineSensor::setCalibrate(bool)                    ./src/lib/LineSensor.o
LiquidCrystal::LiquidCrystal(unsigned char, unsigned char, unsigned char, unsigned char, unsigned char, unsigned char) /home/rbtying/robot/firmware/Arduino-2560/Debug/libArduino.a(LiquidCrystal.o)
LiquidCrystal::LiquidCrystal(unsigned char, unsigned char, unsigned char, unsigned char, unsigned char, unsigned char) /home/rbtying/robot/firmware/Arduino-2560/Debug/libArduino.a(LiquidCrystal.o)
LiquidCrystal::LiquidCrystal(unsigned char, unsigned char, unsigned char, unsigned char, unsigned char, unsigned char, unsigned char) /home/rbtying/robot/firmware/Arduino-2560/Debug/libArduino.a(LiquidCrystal.o)
                                                  ./src/Main.o
LiquidCrystal::LiquidCrystal(unsigned char, unsigned char, unsigned char, unsigned char, unsigned char, unsigned char, unsigned char) /home/rbtying/robot/firmware/Arduino-2560/Debug/libArduino.a(LiquidCrystal.o)
LiquidCrystal::LiquidCrystal(unsigned char, unsigned char, unsigned char, unsigned char, unsigned char, unsigned char, unsigned char, unsigned char, unsigned char, unsigned char) /home/rbtying/robot/firmware/Arduino-2560/Debug/libArduino.a(LiquidCrystal.o)
LiquidCrystal::LiquidCrystal(unsigned char, unsigned char, unsigned char, unsigned char, unsigned char, unsigned char, unsigned char, unsigned char, unsigned char, unsigned char) /home/rbtying/robot/firmware/Arduino-2560/Debug/libArduino.a(LiquidCrystal.o)
LiquidCrystal::LiquidCrystal(unsigned char, unsigned char, unsigned char, unsigned char, unsigned char, unsigned char, unsigned char, unsigned char, unsigned char, unsigned char, unsigned char) /home/rbtying/robot/firmware/Arduino-2560/Debug/libArduino.a(LiquidCrystal.o)
LiquidCrystal::LiquidCrystal(unsigned char, unsigned char, unsigned char, unsigned char, unsigned char, unsigned char, unsigned char, unsigned char, unsigned char, unsigned char, unsigned char) /home/rbtying/robot/firmware/Arduino-2560/Debug/libArduino.a(LiquidCrystal.o)
LiquidCrystal::autoscroll()                       /home/rbtying/robot/firmware/Arduino-2560/Debug/libArduino.a(LiquidCrystal.o)
LiquidCrystal::begin(unsigned char, unsigned char, unsigned char) /home/rbtying/robot/firmware/Arduino-2560/Debug/libArduino.a(LiquidCrystal.o)
LiquidCrystal::blink()                            /home/rbtying/robot/firmware/Arduino-2560/Debug/libArduino.a(LiquidCrystal.o)
LiquidCrystal::clear()                            /home/rbtying/robot/firmware/Arduino-2560/Debug/libArduino.a(LiquidCrystal.o)
LiquidCrystal::command(unsigned char)             /home/rbtying/robot/firmware/Arduino-2560/Debug/libArduino.a(LiquidCrystal.o)
LiquidCrystal::createChar(unsigned char, unsigned char*) /home/rbtying/robot/firmware/Arduino-2560/Debug/libArduino.a(LiquidCrystal.o)
LiquidCrystal::cursor()                           /home/rbtying/robot/firmware/Arduino-2560/Debug/libArduino.a(LiquidCrystal.o)
LiquidCrystal::display()                          /home/rbtying/robot/firmware/Arduino-2560/Debug/libArduino.a(LiquidCrystal.o)
LiquidCrystal::home()                             /home/rbtying/robot/firmware/Arduino-2560/Debug/libArduino.a(LiquidCrystal.o)
LiquidCrystal::init(unsigned char, unsigned char, unsigned char, unsigned char, unsigned char, unsigned char, unsigned char, unsigned char, unsigned char, unsigned char, unsigned char, unsigned char) /home/rbtying/robot/firmware/Arduino-2560/Debug/libArduino.a(LiquidCrystal.o)
LiquidCrystal::leftToRight()                      /home/rbtying/robot/firmware/Arduino-2560/Debug/libArduino.a(LiquidCrystal.o)
LiquidCrystal::noAutoscroll()                     /home/rbtying/robot/firmware/Arduino-2560/Debug/libArduino.a(LiquidCrystal.o)
LiquidCrystal::noBlink()                          /home/rbtying/robot/firmware/Arduino-2560/Debug/libArduino.a(LiquidCrystal.o)
LiquidCrystal::noCursor()                         /home/rbtying/robot/firmware/Arduino-2560/Debug/libArduino.a(LiquidCrystal.o)
LiquidCrystal::noDisplay()                        /home/rbtying/robot/firmware/Arduino-2560/Debug/libArduino.a(LiquidCrystal.o)
LiquidCrystal::pulseEnable()                      /home/rbtying/robot/firmware/Arduino-2560/Debug/libArduino.a(LiquidCrystal.o)
LiquidCrystal::rightToLeft()                      /home/rbtying/robot/firmware/Arduino-2560/Debug/libArduino.a(LiquidCrystal.o)
LiquidCrystal::scrollDisplayLeft()                /home/rbtying/robot/firmware/Arduino-2560/Debug/libArduino.a(LiquidCrystal.o)
LiquidCrystal::scrollDisplayRight()               /home/rbtying/robot/firmware/Arduino-2560/Debug/libArduino.a(LiquidCrystal.o)
LiquidCrystal::send(unsigned char, unsigned char) /home/rbtying/robot/firmware/Arduino-2560/Debug/libArduino.a(LiquidCrystal.o)
LiquidCrystal::setCursor(unsigned char, unsigned char) /home/rbtying/robot/firmware/Arduino-2560/Debug/libArduino.a(LiquidCrystal.o)
LiquidCrystal::write(unsigned char)               /home/rbtying/robot/firmware/Arduino-2560/Debug/libArduino.a(LiquidCrystal.o)
LiquidCrystal::write4bits(unsigned char)          /home/rbtying/robot/firmware/Arduino-2560/Debug/libArduino.a(LiquidCrystal.o)
LiquidCrystal::write8bits(unsigned char)          /home/rbtying/robot/firmware/Arduino-2560/Debug/libArduino.a(LiquidCrystal.o)
MaxSonar::MaxSonar(unsigned char)                 ./src/lib/MaxSonar.o
MaxSonar::MaxSonar(unsigned char)                 ./src/lib/MaxSonar.o
MaxSonar::get_dist()                              ./src/lib/MaxSonar.o
NewSoftSerial::NewSoftSerial(unsigned char, unsigned char, bool) ./src/lib/NewSoftSerial.o
                                                  ./src/lib/RoboClaw.o
                                                  ./src/lib/LineSensor.o
                                                  ./src/lib/LEDDisplay.o
NewSoftSerial::NewSoftSerial(unsigned char, unsigned char, bool) ./src/lib/NewSoftSerial.o
NewSoftSerial::_receive_buffer                    ./src/lib/NewSoftSerial.o
NewSoftSerial::_receive_buffer_head               ./src/lib/NewSoftSerial.o
NewSoftSerial::_receive_buffer_tail               ./src/lib/NewSoftSerial.o
NewSoftSerial::activate()                         ./src/lib/NewSoftSerial.o
NewSoftSerial::active_object                      ./src/lib/NewSoftSerial.o
NewSoftSerial::available()                        ./src/lib/NewSoftSerial.o
                                                  ./src/lib/RoboClaw.o
                                                  ./src/lib/LineSensor.o
NewSoftSerial::begin(long)                        ./src/lib/NewSoftSerial.o
                                                  ./src/lib/RoboClaw.o
                                                  ./src/lib/LineSensor.o
                                                  ./src/lib/LEDDisplay.o
NewSoftSerial::enable_timer0(bool)                ./src/lib/NewSoftSerial.o
NewSoftSerial::end()                              ./src/lib/NewSoftSerial.o
NewSoftSerial::flush()                            ./src/lib/NewSoftSerial.o
NewSoftSerial::handle_interrupt()                 ./src/lib/NewSoftSerial.o
NewSoftSerial::read()                             ./src/lib/NewSoftSerial.o
                                                  ./src/lib/RoboClaw.o
                                                  ./src/lib/LineSensor.o
NewSoftSerial::recv()                             ./src/lib/NewSoftSerial.o
NewSoftSerial::rx_pin_read()                      ./src/lib/NewSoftSerial.o
NewSoftSerial::setRX(unsigned char)               ./src/lib/NewSoftSerial.o
NewSoftSerial::setTX(unsigned char)               ./src/lib/NewSoftSerial.o
NewSoftSerial::tx_pin_write(unsigned char)        ./src/lib/NewSoftSerial.o
NewSoftSerial::write(unsigned char)               ./src/lib/NewSoftSerial.o
                                                  ./src/lib/RoboClaw.o
                                                  ./src/lib/LineSensor.o
                                                  ./src/lib/LEDDisplay.o
NewSoftSerial::~NewSoftSerial()                   ./src/lib/NewSoftSerial.o
NewSoftSerial::~NewSoftSerial()                   ./src/lib/NewSoftSerial.o
Ping::Ping(unsigned char)                         ./src/lib/Ping.o
Ping::Ping(unsigned char)                         ./src/lib/Ping.o
Ping::getDistance()                               ./src/lib/Ping.o
PowerMonitor::PowerMonitor()                      ./src/lib/PowerMonitor.o
                                                  ./src/Main.o
PowerMonitor::PowerMonitor()                      ./src/lib/PowerMonitor.o
PowerMonitor::PowerMonitor(CD74HC4067*, unsigned char, unsigned char) ./src/lib/PowerMonitor.o
PowerMonitor::PowerMonitor(CD74HC4067*, unsigned char, unsigned char) ./src/lib/PowerMonitor.o
PowerMonitor::PowerMonitor(unsigned char, unsigned char) ./src/lib/PowerMonitor.o
PowerMonitor::PowerMonitor(unsigned char, unsigned char) ./src/lib/PowerMonitor.o
PowerMonitor::getCurrent()                        ./src/lib/PowerMonitor.o
                                                  ./src/lib/Controller.o
PowerMonitor::getVoltage()                        ./src/lib/PowerMonitor.o
                                                  ./src/lib/Controller.o
PowerMonitor::set(CD74HC4067*, unsigned char, unsigned char) ./src/lib/PowerMonitor.o
                                                  ./src/Main.o
Print::print(String const&)                       /home/rbtying/robot/firmware/Arduino-2560/Debug/libArduino.a(Print.o)
Print::print(char const*)                         /home/rbtying/robot/firmware/Arduino-2560/Debug/libArduino.a(Print.o)
                                                  ./src/lib/LEDDisplay.o
                                                  ./src/lib/Controller.o
Print::print(char, int)                           /home/rbtying/robot/firmware/Arduino-2560/Debug/libArduino.a(Print.o)
                                                  ./src/lib/LineSensor.o
                                                  ./src/lib/LEDDisplay.o
Print::print(double, int)                         /home/rbtying/robot/firmware/Arduino-2560/Debug/libArduino.a(Print.o)
                                                  ./src/lib/Controller.o
Print::print(int, int)                            /home/rbtying/robot/firmware/Arduino-2560/Debug/libArduino.a(Print.o)
                                                  ./src/lib/RoboClaw.o
                                                  ./src/lib/LEDDisplay.o
Print::print(long, int)                           /home/rbtying/robot/firmware/Arduino-2560/Debug/libArduino.a(Print.o)
Print::print(unsigned char, int)                  /home/rbtying/robot/firmware/Arduino-2560/Debug/libArduino.a(Print.o)
                                                  ./src/lib/RoboClaw.o
                                                  ./src/lib/LEDDisplay.o
Print::print(unsigned int, int)                   /home/rbtying/robot/firmware/Arduino-2560/Debug/libArduino.a(Print.o)
Print::print(unsigned long, int)                  /home/rbtying/robot/firmware/Arduino-2560/Debug/libArduino.a(Print.o)
Print::printFloat(double, unsigned char)          /home/rbtying/robot/firmware/Arduino-2560/Debug/libArduino.a(Print.o)
Print::printNumber(unsigned long, unsigned char)  /home/rbtying/robot/firmware/Arduino-2560/Debug/libArduino.a(Print.o)
Print::println()                                  /home/rbtying/robot/firmware/Arduino-2560/Debug/libArduino.a(Print.o)
Print::println(String const&)                     /home/rbtying/robot/firmware/Arduino-2560/Debug/libArduino.a(Print.o)
Print::println(char const*)                       /home/rbtying/robot/firmware/Arduino-2560/Debug/libArduino.a(Print.o)
                                                  ./src/lib/Controller.o
Print::println(char, int)                         /home/rbtying/robot/firmware/Arduino-2560/Debug/libArduino.a(Print.o)
Print::println(double, int)                       /home/rbtying/robot/firmware/Arduino-2560/Debug/libArduino.a(Print.o)
                                                  ./src/lib/Controller.o
Print::println(int, int)                          /home/rbtying/robot/firmware/Arduino-2560/Debug/libArduino.a(Print.o)
Print::println(long, int)                         /home/rbtying/robot/firmware/Arduino-2560/Debug/libArduino.a(Print.o)
Print::println(unsigned char, int)                /home/rbtying/robot/firmware/Arduino-2560/Debug/libArduino.a(Print.o)
Print::println(unsigned int, int)                 /home/rbtying/robot/firmware/Arduino-2560/Debug/libArduino.a(Print.o)
Print::println(unsigned long, int)                /home/rbtying/robot/firmware/Arduino-2560/Debug/libArduino.a(Print.o)
Print::write(char const*)                         /home/rbtying/robot/firmware/Arduino-2560/Debug/libArduino.a(Print.o)
                                                  /home/rbtying/robot/firmware/Arduino-2560/Debug/libArduino.a(LiquidCrystal.o)
                                                  /home/rbtying/robot/firmware/Arduino-2560/Debug/libArduino.a(HardwareSerial.o)
                                                  ./src/lib/RoboClaw.o
                                                  ./src/lib/NewSoftSerial.o
                                                  ./src/lib/LineSensor.o
                                                  ./src/lib/LEDDisplay.o
Print::write(unsigned char const*, unsigned int)  /home/rbtying/robot/firmware/Arduino-2560/Debug/libArduino.a(Print.o)
                                                  /home/rbtying/robot/firmware/Arduino-2560/Debug/libArduino.a(LiquidCrystal.o)
                                                  /home/rbtying/robot/firmware/Arduino-2560/Debug/libArduino.a(HardwareSerial.o)
                                                  ./src/lib/RoboClaw.o
                                                  ./src/lib/NewSoftSerial.o
                                                  ./src/lib/LineSensor.o
                                                  ./src/lib/LEDDisplay.o
                                                  ./src/lib/Controller.o
RC_CTRL::RC_CTRL(unsigned char, unsigned char, unsigned char, unsigned char, unsigned char) ./src/lib/RC_CTRL.o
RC_CTRL::RC_CTRL(unsigned char, unsigned char, unsigned char, unsigned char, unsigned char) ./src/lib/RC_CTRL.o
RC_CTRL::deadBandProcessor(signed char, unsigned char) ./src/lib/RC_CTRL.o
RC_CTRL::getChannel(unsigned char)                ./src/lib/RC_CTRL.o
RC_CTRL::getKnob()                                ./src/lib/RC_CTRL.o
RC_CTRL::getThrottle(bool, unsigned char)         ./src/lib/RC_CTRL.o
RC_CTRL::getYaw(bool, unsigned char)              ./src/lib/RC_CTRL.o
RC_CTRL::readRC(unsigned char)                    ./src/lib/RC_CTRL.o
RC_CTRL::update()                                 ./src/lib/RC_CTRL.o
RoboClaw::RoboClaw(unsigned char, unsigned char, unsigned char) ./src/lib/RoboClaw.o
RoboClaw::RoboClaw(unsigned char, unsigned char, unsigned char) ./src/lib/RoboClaw.o
RoboClaw::advPtr()                                ./src/lib/RoboClaw.o
RoboClaw::getEncLeft(long*)                       ./src/lib/RoboClaw.o
RoboClaw::getEncRight(long*)                      ./src/lib/RoboClaw.o
RoboClaw::getEncoderSpeedLeft(double*)            ./src/lib/RoboClaw.o
RoboClaw::getEncoderSpeedRight(double*)           ./src/lib/RoboClaw.o
RoboClaw::getMotorBatteryVoltage()                ./src/lib/RoboClaw.o
RoboClaw::nextByte(unsigned long)                 ./src/lib/RoboClaw.o
RoboClaw::reset()                                 ./src/lib/RoboClaw.o
RoboClaw::setPID(long, long, long, long)          ./src/lib/RoboClaw.o
RoboClaw::setSpeedDutyCycle(int, int)             ./src/lib/RoboClaw.o
RoboClaw::setSpeedPID(double, double)             ./src/lib/RoboClaw.o
RoboClaw::updateEnc(long*, long*)                 ./src/lib/RoboClaw.o
RoboClaw::updateSpeed(double*, double*)           ./src/lib/RoboClaw.o
RoboClaw::updateState(double*, double*, long*, long*) ./src/lib/RoboClaw.o
Sabertooth::Sabertooth(unsigned char, unsigned char) ./src/lib/Sabertooth.o
Sabertooth::Sabertooth(unsigned char, unsigned char) ./src/lib/Sabertooth.o
Sabertooth::checksum(unsigned char, unsigned char) ./src/lib/Sabertooth.o
Sabertooth::getLeftSpeed()                        ./src/lib/Sabertooth.o
Sabertooth::getRightSpeed()                       ./src/lib/Sabertooth.o
Sabertooth::reset()                               ./src/lib/Sabertooth.o
Sabertooth::sendPacket(unsigned char, unsigned char) ./src/lib/Sabertooth.o
Sabertooth::setLeftSpeed(signed char)             ./src/lib/Sabertooth.o
Sabertooth::setMaxVoltage(float)                  ./src/lib/Sabertooth.o
Sabertooth::setMinVoltage(float)                  ./src/lib/Sabertooth.o
Sabertooth::setMotorSpeed(unsigned char, unsigned char) ./src/lib/Sabertooth.o
Sabertooth::setRightSpeed(signed char)            ./src/lib/Sabertooth.o
Sabertooth::setSpeed(signed char, signed char)    ./src/lib/Sabertooth.o
Sabertooth::setSpeed(signed char, signed char, bool, bool) ./src/lib/Sabertooth.o
Sabertooth::write(unsigned char)                  ./src/lib/Sabertooth.o
Serial                                            /home/rbtying/robot/firmware/Arduino-2560/Debug/libArduino.a(HardwareSerial.o)
                                                  ./src/Main.o
                                                  ./src/lib/Controller.o
Serial1                                           /home/rbtying/robot/firmware/Arduino-2560/Debug/libArduino.a(HardwareSerial.o)
Serial2                                           /home/rbtying/robot/firmware/Arduino-2560/Debug/libArduino.a(HardwareSerial.o)
Serial3                                           /home/rbtying/robot/firmware/Arduino-2560/Debug/libArduino.a(HardwareSerial.o)
Servo::Servo()                                    /home/rbtying/robot/firmware/Arduino-2560/Debug/libArduino.a(Servo.o)
Servo::Servo()                                    /home/rbtying/robot/firmware/Arduino-2560/Debug/libArduino.a(Servo.o)
                                                  ./src/Main.o
Servo::attach(int)                                /home/rbtying/robot/firmware/Arduino-2560/Debug/libArduino.a(Servo.o)
                                                  ./src/Main.o
Servo::attach(int, int, int)                      /home/rbtying/robot/firmware/Arduino-2560/Debug/libArduino.a(Servo.o)
Servo::attached()                                 /home/rbtying/robot/firmware/Arduino-2560/Debug/libArduino.a(Servo.o)
Servo::detach()                                   /home/rbtying/robot/firmware/Arduino-2560/Debug/libArduino.a(Servo.o)
Servo::read()                                     /home/rbtying/robot/firmware/Arduino-2560/Debug/libArduino.a(Servo.o)
                                                  ./src/lib/Controller.o
Servo::readMicroseconds()                         /home/rbtying/robot/firmware/Arduino-2560/Debug/libArduino.a(Servo.o)
Servo::write(int)                                 /home/rbtying/robot/firmware/Arduino-2560/Debug/libArduino.a(Servo.o)
                                                  ./src/Main.o
                                                  ./src/lib/Controller.o
Servo::writeMicroseconds(int)                     /home/rbtying/robot/firmware/Arduino-2560/Debug/libArduino.a(Servo.o)
                                                  ./src/Main.o
ServoCount                                        /home/rbtying/robot/firmware/Arduino-2560/Debug/libArduino.a(Servo.o)
Sharp_IR::Sharp_IR(unsigned char, unsigned char)  ./src/lib/Sharp_IR.o
Sharp_IR::Sharp_IR(unsigned char, unsigned char)  ./src/lib/Sharp_IR.o
Sharp_IR::get_dist()                              ./src/lib/Sharp_IR.o
String::String(String const&)                     /home/rbtying/robot/firmware/Arduino-2560/Debug/libArduino.a(WString.o)
String::String(String const&)                     /home/rbtying/robot/firmware/Arduino-2560/Debug/libArduino.a(WString.o)
String::String(char const*)                       /home/rbtying/robot/firmware/Arduino-2560/Debug/libArduino.a(WString.o)
String::String(char const*)                       /home/rbtying/robot/firmware/Arduino-2560/Debug/libArduino.a(WString.o)
String::String(char)                              /home/rbtying/robot/firmware/Arduino-2560/Debug/libArduino.a(WString.o)
String::String(char)                              /home/rbtying/robot/firmware/Arduino-2560/Debug/libArduino.a(WString.o)
String::String(int, int)                          /home/rbtying/robot/firmware/Arduino-2560/Debug/libArduino.a(WString.o)
String::String(int, int)                          /home/rbtying/robot/firmware/Arduino-2560/Debug/libArduino.a(WString.o)
String::String(long, int)                         /home/rbtying/robot/firmware/Arduino-2560/Debug/libArduino.a(WString.o)
String::String(long, int)                         /home/rbtying/robot/firmware/Arduino-2560/Debug/libArduino.a(WString.o)
String::String(unsigned char)                     /home/rbtying/robot/firmware/Arduino-2560/Debug/libArduino.a(WString.o)
String::String(unsigned char)                     /home/rbtying/robot/firmware/Arduino-2560/Debug/libArduino.a(WString.o)
String::String(unsigned int, int)                 /home/rbtying/robot/firmware/Arduino-2560/Debug/libArduino.a(WString.o)
String::String(unsigned int, int)                 /home/rbtying/robot/firmware/Arduino-2560/Debug/libArduino.a(WString.o)
String::String(unsigned long, int)                /home/rbtying/robot/firmware/Arduino-2560/Debug/libArduino.a(WString.o)
String::String(unsigned long, int)                /home/rbtying/robot/firmware/Arduino-2560/Debug/libArduino.a(WString.o)
String::charAt(unsigned int) const                /home/rbtying/robot/firmware/Arduino-2560/Debug/libArduino.a(WString.o)
String::compareTo(String const&) const            /home/rbtying/robot/firmware/Arduino-2560/Debug/libArduino.a(WString.o)
String::concat(String const&)                     /home/rbtying/robot/firmware/Arduino-2560/Debug/libArduino.a(WString.o)
String::endsWith(String const&) const             /home/rbtying/robot/firmware/Arduino-2560/Debug/libArduino.a(WString.o)
String::equals(String const&) const               /home/rbtying/robot/firmware/Arduino-2560/Debug/libArduino.a(WString.o)
String::equalsIgnoreCase(String const&) const     /home/rbtying/robot/firmware/Arduino-2560/Debug/libArduino.a(WString.o)
String::getBuffer(unsigned int)                   /home/rbtying/robot/firmware/Arduino-2560/Debug/libArduino.a(WString.o)
String::getBytes(unsigned char*, unsigned int)    /home/rbtying/robot/firmware/Arduino-2560/Debug/libArduino.a(WString.o)
String::indexOf(String const&) const              /home/rbtying/robot/firmware/Arduino-2560/Debug/libArduino.a(WString.o)
String::indexOf(String const&, unsigned int) const /home/rbtying/robot/firmware/Arduino-2560/Debug/libArduino.a(WString.o)
String::indexOf(char) const                       /home/rbtying/robot/firmware/Arduino-2560/Debug/libArduino.a(WString.o)
String::indexOf(char, unsigned int) const         /home/rbtying/robot/firmware/Arduino-2560/Debug/libArduino.a(WString.o)
String::lastIndexOf(String const&) const          /home/rbtying/robot/firmware/Arduino-2560/Debug/libArduino.a(WString.o)
String::lastIndexOf(String const&, unsigned int) const /home/rbtying/robot/firmware/Arduino-2560/Debug/libArduino.a(WString.o)
String::lastIndexOf(char) const                   /home/rbtying/robot/firmware/Arduino-2560/Debug/libArduino.a(WString.o)
String::lastIndexOf(char, unsigned int) const     /home/rbtying/robot/firmware/Arduino-2560/Debug/libArduino.a(WString.o)
String::operator!=(String const&) const           /home/rbtying/robot/firmware/Arduino-2560/Debug/libArduino.a(WString.o)
String::operator+=(String const&)                 /home/rbtying/robot/firmware/Arduino-2560/Debug/libArduino.a(WString.o)
String::operator<(String const&) const            /home/rbtying/robot/firmware/Arduino-2560/Debug/libArduino.a(WString.o)
String::operator<=(String const&) const           /home/rbtying/robot/firmware/Arduino-2560/Debug/libArduino.a(WString.o)
String::operator=(String const&)                  /home/rbtying/robot/firmware/Arduino-2560/Debug/libArduino.a(WString.o)
String::operator==(String const&) const           /home/rbtying/robot/firmware/Arduino-2560/Debug/libArduino.a(WString.o)
String::operator>(String const&) const            /home/rbtying/robot/firmware/Arduino-2560/Debug/libArduino.a(WString.o)
String::operator>=(String const&) const           /home/rbtying/robot/firmware/Arduino-2560/Debug/libArduino.a(WString.o)
String::operator[](unsigned int)                  /home/rbtying/robot/firmware/Arduino-2560/Debug/libArduino.a(WString.o)
String::operator[](unsigned int) const            /home/rbtying/robot/firmware/Arduino-2560/Debug/libArduino.a(WString.o)
                                                  /home/rbtying/robot/firmware/Arduino-2560/Debug/libArduino.a(Print.o)
String::replace(String const&, String const&)     /home/rbtying/robot/firmware/Arduino-2560/Debug/libArduino.a(WString.o)
String::replace(char, char)                       /home/rbtying/robot/firmware/Arduino-2560/Debug/libArduino.a(WString.o)
String::setCharAt(unsigned int, char)             /home/rbtying/robot/firmware/Arduino-2560/Debug/libArduino.a(WString.o)
String::startsWith(String const&) const           /home/rbtying/robot/firmware/Arduino-2560/Debug/libArduino.a(WString.o)
String::startsWith(String const&, unsigned int) const /home/rbtying/robot/firmware/Arduino-2560/Debug/libArduino.a(WString.o)
String::substring(unsigned int) const             /home/rbtying/robot/firmware/Arduino-2560/Debug/libArduino.a(WString.o)
String::substring(unsigned int, unsigned int) const /home/rbtying/robot/firmware/Arduino-2560/Debug/libArduino.a(WString.o)
String::toCharArray(char*, unsigned int)          /home/rbtying/robot/firmware/Arduino-2560/Debug/libArduino.a(WString.o)
String::toLowerCase() const                       /home/rbtying/robot/firmware/Arduino-2560/Debug/libArduino.a(WString.o)
String::toUpperCase() const                       /home/rbtying/robot/firmware/Arduino-2560/Debug/libArduino.a(WString.o)
String::trim() const                              /home/rbtying/robot/firmware/Arduino-2560/Debug/libArduino.a(WString.o)
String::~String()                                 /home/rbtying/robot/firmware/Arduino-2560/Debug/libArduino.a(WString.o)
TSL1401::TSL1401(unsigned char, unsigned char, unsigned char, unsigned int) ./src/lib/TSL1401.o
TSL1401::TSL1401(unsigned char, unsigned char, unsigned char, unsigned int) ./src/lib/TSL1401.o
TSL1401::flush()                                  ./src/lib/TSL1401.o
TSL1401::getDataPointer()                         ./src/lib/TSL1401.o
TSL1401::getDataSize()                            ./src/lib/TSL1401.o
TSL1401::getLinePos(unsigned int, unsigned int)   ./src/lib/TSL1401.o
TSL1401::prepFrame()                              ./src/lib/TSL1401.o
TSL1401::resetSensor()                            ./src/lib/TSL1401.o
TSL1401::setExpo(unsigned int)                    ./src/lib/TSL1401.o
TSL1401::updateReadings()                         ./src/lib/TSL1401.o
TSL1401::~TSL1401()                               ./src/lib/TSL1401.o
TSL1401::~TSL1401()                               ./src/lib/TSL1401.o
__addsf3                                          /usr/lib/gcc/avr/4.3.5/avr6/libgcc.a(_addsub_sf.o)
                                                  /usr/lib/gcc/avr/4.3.5/../../../avr/lib/avr6/libm.a(log.o)
                                                  /home/rbtying/robot/firmware/Arduino-2560/Debug/libArduino.a(Print.o)
                                                  ./src/Main.o
                                                  ./src/lib/Gyro.o
__addsf3x                                         /usr/lib/gcc/avr/4.3.5/../../../avr/lib/avr6/libm.a(addsf3x.o)
                                                  /usr/lib/gcc/avr/4.3.5/../../../avr/lib/avr6/libm.a(log.o)
                                                  /usr/lib/gcc/avr/4.3.5/../../../avr/lib/avr6/libm.a(fp_powser.o)
__bad_interrupt                                   /usr/lib/gcc/avr/4.3.5/../../../avr/lib/avr6/crtm2560.o
__brkval                                          /usr/lib/gcc/avr/4.3.5/../../../avr/lib/avr6/libc.a(malloc.o)
__bss_end                                         /usr/lib/gcc/avr/4.3.5/avr6/libgcc.a(_clear_bss.o)
__bss_start                                       /usr/lib/gcc/avr/4.3.5/avr6/libgcc.a(_clear_bss.o)
__clz_tab                                         /usr/lib/gcc/avr/4.3.5/avr6/libgcc.a(_clz.o)
                                                  /usr/lib/gcc/avr/4.3.5/avr6/libgcc.a(_clzsi2.o)
__clzsi2                                          /usr/lib/gcc/avr/4.3.5/avr6/libgcc.a(_clzsi2.o)
                                                  /usr/lib/gcc/avr/4.3.5/avr6/libgcc.a(_usi_to_sf.o)
                                                  /usr/lib/gcc/avr/4.3.5/avr6/libgcc.a(_si_to_sf.o)
__ctors_end                                       /usr/lib/gcc/avr/4.3.5/avr6/libgcc.a(_ctors.o)
__ctors_start                                     /usr/lib/gcc/avr/4.3.5/avr6/libgcc.a(_ctors.o)
__ctype_isfalse                                   /usr/lib/gcc/avr/4.3.5/../../../avr/lib/avr6/libc.a(cty_isfalse.o)
                                                  /usr/lib/gcc/avr/4.3.5/../../../avr/lib/avr6/libc.a(isspace.o)
__ctype_istrue                                    /usr/lib/gcc/avr/4.3.5/../../../avr/lib/avr6/libc.a(cty_isfalse.o)
__cxa_pure_virtual                                /home/rbtying/robot/firmware/Arduino-2560/Debug/libArduino.a(missing.o)
                                                  /home/rbtying/robot/firmware/Arduino-2560/Debug/libArduino.a(Print.o)
                                                  /home/rbtying/robot/firmware/Arduino-2560/Debug/libArduino.a(HardwareSerial.o)
__data_end                                        /usr/lib/gcc/avr/4.3.5/../../../avr/lib/avr6/crtm2560.o
__data_load_start                                 /usr/lib/gcc/avr/4.3.5/../../../avr/lib/avr6/crtm2560.o
__data_start                                      /usr/lib/gcc/avr/4.3.5/../../../avr/lib/avr6/crtm2560.o
__divmodhi4                                       /usr/lib/gcc/avr/4.3.5/avr6/libgcc.a(_divmodhi4.o)
                                                  /home/rbtying/robot/firmware/Arduino-2560/Debug/libArduino.a(Servo.o)
                                                  /home/rbtying/robot/firmware/Arduino-2560/Debug/libArduino.a(HardwareSerial.o)
                                                  ./src/lib/Sharp_IR.o
                                                  ./src/lib/RoboClaw.o
                                                  ./src/lib/NewSoftSerial.o
                                                  ./src/lib/LEDDisplay.o
__divmodsi4                                       /usr/lib/gcc/avr/4.3.5/avr6/libgcc.a(_divmodsi4.o)
                                                  /usr/lib/gcc/avr/4.3.5/../../../avr/lib/avr6/libc.a(random.o)
                                                  /home/rbtying/robot/firmware/Arduino-2560/Debug/libArduino.a(WMath.o)
__divsf3                                          /usr/lib/gcc/avr/4.3.5/avr6/libgcc.a(_div_sf.o)
                                                  /usr/lib/gcc/avr/4.3.5/../../../avr/lib/avr6/libm.a(inverse.o)
                                                  /home/rbtying/robot/firmware/Arduino-2560/Debug/libArduino.a(Print.o)
                                                  ./src/Main.o
                                                  ./src/lib/Gyro.o
                                                  ./src/lib/FlexiTimer2.o
__do_clear_bss                                    /usr/lib/gcc/avr/4.3.5/avr6/libgcc.a(_clear_bss.o)
                                                  /usr/lib/gcc/avr/4.3.5/../../../avr/lib/avr6/libc.a(malloc.o)
                                                  /home/rbtying/robot/firmware/Arduino-2560/Debug/libArduino.a(Servo.o)
                                                  /home/rbtying/robot/firmware/Arduino-2560/Debug/libArduino.a(wiring.o)
                                                  /home/rbtying/robot/firmware/Arduino-2560/Debug/libArduino.a(WString.o)
                                                  /home/rbtying/robot/firmware/Arduino-2560/Debug/libArduino.a(WInterrupts.o)
                                                  /home/rbtying/robot/firmware/Arduino-2560/Debug/libArduino.a(HardwareSerial.o)
                                                  ./src/Main.o
                                                  ./src/lib/NewSoftSerial.o
                                                  ./src/lib/FlexiTimer2.o
__do_copy_data                                    /usr/lib/gcc/avr/4.3.5/../../../avr/lib/avr6/crtm2560.o
                                                  /usr/lib/gcc/avr/4.3.5/../../../avr/lib/avr6/libc.a(random.o)
                                                  /usr/lib/gcc/avr/4.3.5/../../../avr/lib/avr6/libc.a(malloc.o)
                                                  /usr/lib/gcc/avr/4.3.5/avr6/libgcc.a(_clz.o)
                                                  /usr/lib/gcc/avr/4.3.5/avr6/libgcc.a(_thenan_sf.o)
                                                  /home/rbtying/robot/firmware/Arduino-2560/Debug/libArduino.a(LiquidCrystal.o)
                                                  /home/rbtying/robot/firmware/Arduino-2560/Debug/libArduino.a(wiring_analog.o)
                                                  /home/rbtying/robot/firmware/Arduino-2560/Debug/libArduino.a(WString.o)
                                                  /home/rbtying/robot/firmware/Arduino-2560/Debug/libArduino.a(Print.o)
                                                  /home/rbtying/robot/firmware/Arduino-2560/Debug/libArduino.a(HardwareSerial.o)
                                                  ./src/lib/Sabertooth.o
                                                  ./src/lib/RoboClaw.o
                                                  ./src/lib/NewSoftSerial.o
                                                  ./src/lib/LineSensor.o
                                                  ./src/lib/LEDDisplay.o
                                                  ./src/lib/Controller.o
__do_global_ctors                                 /usr/lib/gcc/avr/4.3.5/avr6/libgcc.a(_ctors.o)
                                                  /home/rbtying/robot/firmware/Arduino-2560/Debug/libArduino.a(HardwareSerial.o)
                                                  ./src/Main.o
__epilogue_restores__                             /usr/lib/gcc/avr/4.3.5/avr6/libgcc.a(_epilogue.o)
                                                  /usr/lib/gcc/avr/4.3.5/avr6/libgcc.a(_usi_to_sf.o)
                                                  /usr/lib/gcc/avr/4.3.5/avr6/libgcc.a(_sf_to_si.o)
                                                  /usr/lib/gcc/avr/4.3.5/avr6/libgcc.a(_si_to_sf.o)
                                                  /usr/lib/gcc/avr/4.3.5/avr6/libgcc.a(_le_sf.o)
                                                  /usr/lib/gcc/avr/4.3.5/avr6/libgcc.a(_lt_sf.o)
                                                  /usr/lib/gcc/avr/4.3.5/avr6/libgcc.a(_ge_sf.o)
                                                  /usr/lib/gcc/avr/4.3.5/avr6/libgcc.a(_gt_sf.o)
                                                  /usr/lib/gcc/avr/4.3.5/avr6/libgcc.a(_eq_sf.o)
                                                  /usr/lib/gcc/avr/4.3.5/avr6/libgcc.a(_div_sf.o)
                                                  /usr/lib/gcc/avr/4.3.5/avr6/libgcc.a(_mul_sf.o)
                                                  /usr/lib/gcc/avr/4.3.5/avr6/libgcc.a(_addsub_sf.o)
__eqsf2                                           /usr/lib/gcc/avr/4.3.5/avr6/libgcc.a(_eq_sf.o)
                                                  ./src/Main.o
__fixsfsi                                         /usr/lib/gcc/avr/4.3.5/avr6/libgcc.a(_sf_to_si.o)
                                                  /usr/lib/gcc/avr/4.3.5/avr6/libgcc.a(_fixunssfsi.o)
                                                  /home/rbtying/robot/firmware/Arduino-2560/Debug/libArduino.a(Print.o)
                                                  ./src/Main.o
                                                  ./src/lib/RoboClaw.o
                                                  ./src/lib/MaxSonar.o
                                                  ./src/lib/FlexiTimer2.o
                                                  ./src/lib/Controller.o
__fixunssfsi                                      /usr/lib/gcc/avr/4.3.5/avr6/libgcc.a(_fixunssfsi.o)
                                                  /home/rbtying/robot/firmware/Arduino-2560/Debug/libArduino.a(Print.o)
                                                  ./src/lib/Sabertooth.o
                                                  ./src/lib/Controller.o
__floatsisf                                       /usr/lib/gcc/avr/4.3.5/avr6/libgcc.a(_si_to_sf.o)
                                                  /usr/lib/gcc/avr/4.3.5/../../../avr/lib/avr6/libm.a(log.o)
                                                  /home/rbtying/robot/firmware/Arduino-2560/Debug/libArduino.a(Print.o)
                                                  ./src/Main.o
                                                  ./src/lib/Sharp_IR.o
                                                  ./src/lib/RoboClaw.o
                                                  ./src/lib/MaxSonar.o
                                                  ./src/lib/Gyro.o
                                                  ./src/lib/Controller.o
__floatunsisf                                     /usr/lib/gcc/avr/4.3.5/avr6/libgcc.a(_usi_to_sf.o)
                                                  /home/rbtying/robot/firmware/Arduino-2560/Debug/libArduino.a(Print.o)
                                                  ./src/Main.o
                                                  ./src/lib/PowerMonitor.o
                                                  ./src/lib/Gyro.o
__flp                                             /usr/lib/gcc/avr/4.3.5/../../../avr/lib/avr6/libc.a(malloc.o)
__fp_inf                                          /usr/lib/gcc/avr/4.3.5/../../../avr/lib/avr6/libm.a(fp_inf.o)
                                                  /usr/lib/gcc/avr/4.3.5/../../../avr/lib/avr6/libm.a(addsf3x.o)
                                                  /usr/lib/gcc/avr/4.3.5/../../../avr/lib/avr6/libm.a(mulsf3x.o)
                                                  /usr/lib/gcc/avr/4.3.5/../../../avr/lib/avr6/libm.a(log.o)
                                                  /usr/lib/gcc/avr/4.3.5/../../../avr/lib/avr6/libm.a(ldexp.o)
                                                  /usr/lib/gcc/avr/4.3.5/../../../avr/lib/avr6/libm.a(exp.o)
__fp_mpack                                        /usr/lib/gcc/avr/4.3.5/../../../avr/lib/avr6/libm.a(fp_mpack.o)
                                                  /usr/lib/gcc/avr/4.3.5/../../../avr/lib/avr6/libm.a(log.o)
                                                  /usr/lib/gcc/avr/4.3.5/../../../avr/lib/avr6/libm.a(ldexp.o)
__fp_mpack_finite                                 /usr/lib/gcc/avr/4.3.5/../../../avr/lib/avr6/libm.a(fp_mpack.o)
__fp_nan                                          /usr/lib/gcc/avr/4.3.5/../../../avr/lib/avr6/libm.a(fp_nan.o)
                                                  /usr/lib/gcc/avr/4.3.5/../../../avr/lib/avr6/libm.a(addsf3x.o)
                                                  /usr/lib/gcc/avr/4.3.5/../../../avr/lib/avr6/libm.a(mulsf3x.o)
                                                  /usr/lib/gcc/avr/4.3.5/../../../avr/lib/avr6/libm.a(log.o)
                                                  /usr/lib/gcc/avr/4.3.5/../../../avr/lib/avr6/libm.a(exp.o)
                                                  /usr/lib/gcc/avr/4.3.5/../../../avr/lib/avr6/libm.a(pow.o)
__fp_powser                                       /usr/lib/gcc/avr/4.3.5/../../../avr/lib/avr6/libm.a(fp_powser.o)
                                                  /usr/lib/gcc/avr/4.3.5/../../../avr/lib/avr6/libm.a(log.o)
                                                  /usr/lib/gcc/avr/4.3.5/../../../avr/lib/avr6/libm.a(exp.o)
__fp_pscA                                         /usr/lib/gcc/avr/4.3.5/../../../avr/lib/avr6/libm.a(fp_pscA.o)
                                                  /usr/lib/gcc/avr/4.3.5/../../../avr/lib/avr6/libm.a(addsf3x.o)
                                                  /usr/lib/gcc/avr/4.3.5/../../../avr/lib/avr6/libm.a(mulsf3x.o)
__fp_pscB                                         /usr/lib/gcc/avr/4.3.5/../../../avr/lib/avr6/libm.a(fp_pscB.o)
                                                  /usr/lib/gcc/avr/4.3.5/../../../avr/lib/avr6/libm.a(addsf3x.o)
                                                  /usr/lib/gcc/avr/4.3.5/../../../avr/lib/avr6/libm.a(mulsf3x.o)
__fp_round                                        /usr/lib/gcc/avr/4.3.5/../../../avr/lib/avr6/libm.a(fp_round.o)
                                                  /usr/lib/gcc/avr/4.3.5/../../../avr/lib/avr6/libm.a(log.o)
__fp_split3                                       /usr/lib/gcc/avr/4.3.5/../../../avr/lib/avr6/libm.a(fp_split3.o)
                                                  /usr/lib/gcc/avr/4.3.5/../../../avr/lib/avr6/libm.a(addsf3x.o)
                                                  /usr/lib/gcc/avr/4.3.5/../../../avr/lib/avr6/libm.a(mulsf3x.o)
__fp_splitA                                       /usr/lib/gcc/avr/4.3.5/../../../avr/lib/avr6/libm.a(fp_split3.o)
                                                  /usr/lib/gcc/avr/4.3.5/../../../avr/lib/avr6/libm.a(log.o)
                                                  /usr/lib/gcc/avr/4.3.5/../../../avr/lib/avr6/libm.a(ldexp.o)
                                                  /usr/lib/gcc/avr/4.3.5/../../../avr/lib/avr6/libm.a(exp.o)
__fp_szero                                        /usr/lib/gcc/avr/4.3.5/../../../avr/lib/avr6/libm.a(fp_zero.o)
                                                  /usr/lib/gcc/avr/4.3.5/../../../avr/lib/avr6/libm.a(mulsf3x.o)
                                                  /usr/lib/gcc/avr/4.3.5/../../../avr/lib/avr6/libm.a(ldexp.o)
__fp_zero                                         /usr/lib/gcc/avr/4.3.5/../../../avr/lib/avr6/libm.a(fp_zero.o)