Archive member included because of file (symbol)

/home/rbtying/robot/firmware/Arduino-2560/Debug/libArduino.a(HardwareSerial.o)
                              ./src/lib/motors/RoboClaw.o (_ZN14HardwareSerial5beginEl)
/home/rbtying/robot/firmware/Arduino-2560/Debug/libArduino.a(Print.o)
                              ./src/lib/devices/LCD.o (_ZN5Print5writeEPKc)
/home/rbtying/robot/firmware/Arduino-2560/Debug/libArduino.a(WMath.o)
                              ./src/lib/sensors/TSL1401.o (_Z3maplllll)
/home/rbtying/robot/firmware/Arduino-2560/Debug/libArduino.a(WString.o)
                              /home/rbtying/robot/firmware/Arduino-2560/Debug/libArduino.a(Print.o) (_ZNK6StringixEj)
/home/rbtying/robot/firmware/Arduino-2560/Debug/libArduino.a(missing.o)
                              ./src/lib/motors/Sabertooth.o (__cxa_pure_virtual)
/home/rbtying/robot/firmware/Arduino-2560/Debug/libArduino.a(pins_arduino.o)
                              ./src/lib/motors/Sabertooth.o (port_to_output_PGM)
/home/rbtying/robot/firmware/Arduino-2560/Debug/libArduino.a(wiring.o)
                              ./src/lib/motors/RoboClaw.o (millis)
/home/rbtying/robot/firmware/Arduino-2560/Debug/libArduino.a(wiring_analog.o)
                              ./src/lib/sensors/rangefinders/MaxSonar.o (analogRead)
/home/rbtying/robot/firmware/Arduino-2560/Debug/libArduino.a(wiring_digital.o)
                              ./src/lib/sensors/rangefinders/Ping.o (pinMode)
/home/rbtying/robot/firmware/Arduino-2560/Debug/libArduino.a(wiring_pulse.o)
                              ./src/lib/sensors/rangefinders/Ping.o (pulseIn)
/home/rbtying/robot/firmware/Arduino-2560/Debug/libArduino.a(Wire.o)
                              ./src/Main.o (_ZN7TwoWire5beginEv)
/home/rbtying/robot/firmware/Arduino-2560/Debug/libArduino.a(Servo.o)
                              ./src/lib/motors/ServoMotor.o (_ZN5ServoC1Ev)
/home/rbtying/robot/firmware/Arduino-2560/Debug/libArduino.a(twi.o)
                              /home/rbtying/robot/firmware/Arduino-2560/Debug/libArduino.a(Wire.o) (twi_init)
/usr/lib/gcc/avr/4.5.3/../../../avr/lib/avr6/libc.a(malloc.o)
                              ./src/Main.o (malloc)
/usr/lib/gcc/avr/4.5.3/../../../avr/lib/avr6/libc.a(random.o)
                              /home/rbtying/robot/firmware/Arduino-2560/Debug/libArduino.a(WMath.o) (random)
/usr/lib/gcc/avr/4.5.3/../../../avr/lib/avr6/libc.a(realloc.o)
                              ./src/Main.o (realloc)
/usr/lib/gcc/avr/4.5.3/../../../avr/lib/avr6/libc.a(exit.o)
                              /usr/lib/gcc/avr/4.5.3/../../../avr/lib/avr6/crtm2560.o (exit)
/usr/lib/gcc/avr/4.5.3/../../../avr/lib/avr6/libc.a(isspace.o)
                              /home/rbtying/robot/firmware/Arduino-2560/Debug/libArduino.a(WString.o) (isspace)
/usr/lib/gcc/avr/4.5.3/../../../avr/lib/avr6/libc.a(tolower.o)
                              /home/rbtying/robot/firmware/Arduino-2560/Debug/libArduino.a(WString.o) (tolower)
/usr/lib/gcc/avr/4.5.3/../../../avr/lib/avr6/libc.a(toupper.o)
                              /home/rbtying/robot/firmware/Arduino-2560/Debug/libArduino.a(WString.o) (toupper)
/usr/lib/gcc/avr/4.5.3/../../../avr/lib/avr6/libc.a(memcpy.o)
                              ./src/Main.o (memcpy)
/usr/lib/gcc/avr/4.5.3/../../../avr/lib/avr6/libc.a(strcat.o)
                              /home/rbtying/robot/firmware/Arduino-2560/Debug/libArduino.a(WString.o) (strcat)
/usr/lib/gcc/avr/4.5.3/../../../avr/lib/avr6/libc.a(strchr.o)
                              /home/rbtying/robot/firmware/Arduino-2560/Debug/libArduino.a(WString.o) (strchr)
/usr/lib/gcc/avr/4.5.3/../../../avr/lib/avr6/libc.a(strcmp.o)
                              /home/rbtying/robot/firmware/Arduino-2560/Debug/libArduino.a(WString.o) (strcmp)
/usr/lib/gcc/avr/4.5.3/../../../avr/lib/avr6/libc.a(strcpy.o)
                              /home/rbtying/robot/firmware/Arduino-2560/Debug/libArduino.a(WString.o) (strcpy)
/usr/lib/gcc/avr/4.5.3/../../../avr/lib/avr6/libc.a(strncmp.o)
                              /home/rbtying/robot/firmware/Arduino-2560/Debug/libArduino.a(WString.o) (strncmp)
/usr/lib/gcc/avr/4.5.3/../../../avr/lib/avr6/libc.a(strncpy.o)
                              /home/rbtying/robot/firmware/Arduino-2560/Debug/libArduino.a(WString.o) (strncpy)
/usr/lib/gcc/avr/4.5.3/../../../avr/lib/avr6/libc.a(strrchr.o)
                              /home/rbtying/robot/firmware/Arduino-2560/Debug/libArduino.a(WString.o) (strrchr)
/usr/lib/gcc/avr/4.5.3/../../../avr/lib/avr6/libc.a(strstr.o)
                              /home/rbtying/robot/firmware/Arduino-2560/Debug/libArduino.a(WString.o) (strstr)
/usr/lib/gcc/avr/4.5.3/../../../avr/lib/avr6/libc.a(itoa.o)
                              /home/rbtying/robot/firmware/Arduino-2560/Debug/libArduino.a(WString.o) (itoa)
/usr/lib/gcc/avr/4.5.3/../../../avr/lib/avr6/libc.a(ltoa.o)
                              /home/rbtying/robot/firmware/Arduino-2560/Debug/libArduino.a(WString.o) (ltoa)
[...]
Memory Configuration

Name             Origin             Length             Attributes
text             0x0000000000000000 0x0000000000100000 xr
data             0x0000000000800200 0x000000000000fe00 rw !x
eeprom           0x0000000000810000 0x0000000000010000 rw !x
fuse             0x0000000000820000 0x0000000000000400 rw !x
lock             0x0000000000830000 0x0000000000000400 rw !x
signature        0x0000000000840000 0x0000000000000400 rw !x
*default*        0x0000000000000000 0xffffffffffffffff

Linker script and memory map

Address of section .data set to 0x800200
LOAD /usr/lib/gcc/avr/4.5.3/../../../avr/lib/avr6/crtm2560.o
LOAD ./src/ros_lib/duration.o
LOAD ./src/ros_lib/time.o
LOAD ./src/lib/utilities/FlexiTimer2.o
LOAD ./src/lib/utilities/PID.o
LOAD ./src/lib/sensors/rangefinders/MaxSonar.o
LOAD ./src/lib/sensors/rangefinders/Ping.o
LOAD ./src/lib/sensors/rangefinders/Sharp_IR.o
LOAD ./src/lib/sensors/imu/L3G4200D.o
LOAD ./src/lib/sensors/imu/LSM303.o
LOAD ./src/lib/sensors/Battery.o
LOAD ./src/lib/sensors/Gyro.o
LOAD ./src/lib/sensors/TSL1401.o
LOAD ./src/lib/motors/RoboClaw.o
LOAD ./src/lib/motors/Sabertooth.o
LOAD ./src/lib/motors/ServoMotor.o
LOAD ./src/lib/devices/CD74HC4067.o
LOAD ./src/lib/devices/LCD.o
LOAD ./src/lib/devices/StrongDriveOutput.o
LOAD ./src/Main.o
LOAD /home/rbtying/robot/firmware/Arduino-2560/Debug/libArduino.a
LOAD /usr/lib/gcc/avr/4.5.3/../../../avr/lib/avr6/libc.a
LOAD /usr/lib/gcc/avr/4.5.3/avr6/libgcc.a
LOAD /usr/lib/gcc/avr/4.5.3/../../../avr/lib/avr6/libm.a
LOAD /usr/lib/gcc/avr/4.5.3/../../../avr/lib/avr6/libc.a
LOAD /usr/lib/gcc/avr/4.5.3/avr6/libgcc.a
LOAD /usr/lib/gcc/avr/4.5.3/../../../avr/lib/avr6/libc.a
LOAD /usr/lib/gcc/avr/4.5.3/avr6/libgcc.a

.hash
 *(.hash)

.dynsym
 *(.dynsym)

.dynstr
 *(.dynstr)

.gnu.version
 *(.gnu.version)

.gnu.version_d
 *(.gnu.version_d)

.gnu.version_r
 *(.gnu.version_r)

.rel.init
 *(.rel.init)

.rela.init
 *(.rela.init)

.rel.text
 *(.rel.text)
 *(.rel.text.*)
 *(.rel.gnu.linkonce.t*)

.rela.text
 *(.rela.text)
 *(.rela.text.*)
 *(.rela.gnu.linkonce.t*)

.rel.fini
 *(.rel.fini)

.rela.fini
 *(.rela.fini)

.rel.rodata
 *(.rel.rodata)
 *(.rel.rodata.*)
 *(.rel.gnu.linkonce.r*)

.rela.rodata
 *(.rela.rodata)
 *(.rela.rodata.*)
 *(.rela.gnu.linkonce.r*)

.rel.data
 *(.rel.data)
 *(.rel.data.*)
 *(.rel.gnu.linkonce.d*)

.rela.data
 *(.rela.data)
 *(.rela.data.*)
 *(.rela.gnu.linkonce.d*)

.rel.ctors
 *(.rel.ctors)

.rela.ctors
 *(.rela.ctors)

.rel.dtors
 *(.rel.dtors)

.rela.dtors
 *(.rela.dtors)

.rel.got
 *(.rel.got)

.rela.got
 *(.rela.got)

.rel.bss
 *(.rel.bss)

.rela.bss
 *(.rela.bss)

.rel.plt
 *(.rel.plt)

.rela.plt
 *(.rela.plt)

.text           0x0000000000000000     0x836e
 *(.vectors)
 .vectors       0x0000000000000000       0xe4 /usr/lib/gcc/avr/4.5.3/../../../avr/lib/avr6/crtm2560.o
                0x0000000000000000                __vectors
                0x0000000000000000                __vector_default
 *(.vectors)
 *(.progmem.gcc*)
 .progmem.gcc_fplib
                0x00000000000000e4       0x14 /usr/lib/gcc/avr/4.5.3/../../../avr/lib/avr6/libc.a(asin.o)
 .progmem.gcc_fplib
                0x00000000000000f8       0x2d /usr/lib/gcc/avr/4.5.3/../../../avr/lib/avr6/libc.a(atan.o)
 .progmem.gcc_fplib
                0x0000000000000125       0x28 /usr/lib/gcc/avr/4.5.3/../../../avr/lib/avr6/libc.a(fp_arccos.o)
 .progmem.gcc_fplib
                0x000000000000014d       0x1e /usr/lib/gcc/avr/4.5.3/../../../avr/lib/avr6/libc.a(fp_sinus.o)
 *(.progmem*)
 .progmem.data  0x000000000000016b      0x120 /home/rbtying/robot/firmware/Arduino-2560/Debug/libArduino.a(pins_arduino.o)
                0x000000000000016b                port_to_mode_PGM
                0x0000000000000185                port_to_output_PGM
                0x000000000000019f                port_to_input_PGM
                0x00000000000001b9                digital_pin_to_port_PGM
                0x00000000000001ff                digital_pin_to_bit_mask_PGM
                0x0000000000000245                digital_pin_to_timer_PGM
                0x000000000000028c                . = ALIGN (0x2)
 *fill*         0x000000000000028b        0x1 00
                0x000000000000028c                __trampolines_start = .
 *(.trampolines)
 .trampolines   0x000000000000028c        0x0 linker stubs
 *(.trampolines*)
                0x000000000000028c                __trampolines_end = .
 *(.jumptables)
 *(.jumptables*)
 *(.lowtext)
 *(.lowtext*)
                0x000000000000028c                __ctors_start = .
 *(.ctors)
 .ctors         0x000000000000028c        0x2 ./src/Main.o
 .ctors         0x000000000000028e        0x2 /home/rbtying/robot/firmware/Arduino-2560/Debug/libArduino.a(HardwareSerial.o)
 .ctors         0x0000000000000290        0x2 /home/rbtying/robot/firmware/Arduino-2560/Debug/libArduino.a(Wire.o)
                0x0000000000000292                __ctors_end = .
                0x0000000000000292                __dtors_start = .
 *(.dtors)
 .dtors         0x0000000000000292        0x2 ./src/Main.o
                0x0000000000000294                __dtors_end = .
 SORT(*)(.ctors)
 SORT(*)(.dtors)
 *(.init0)
 .init0         0x0000000000000294        0x0 /usr/lib/gcc/avr/4.5.3/../../../avr/lib/avr6/crtm2560.o
                0x0000000000000294                __init
 *(.init0)
 *(.init1)
 *(.init1)
 *(.init2)
 .init2         0x0000000000000294       0x10 /usr/lib/gcc/avr/4.5.3/../../../avr/lib/avr6/crtm2560.o
 *(.init2)
 *(.init3)
 *(.init3)
 *(.init4)
 .init4         0x00000000000002a4       0x1a /usr/lib/gcc/avr/4.5.3/avr6/libgcc.a(_copy_data.o)
                0x00000000000002a4                __do_copy_data
 .init4         0x00000000000002be       0x10 /usr/lib/gcc/avr/4.5.3/avr6/libgcc.a(_clear_bss.o)
                0x00000000000002be                __do_clear_bss
 *(.init4)
 *(.init5)
 *(.init5)
 *(.init6)
 .init6         0x00000000000002ce       0x20 /usr/lib/gcc/avr/4.5.3/avr6/libgcc.a(_ctors.o)
                0x00000000000002ce                __do_global_ctors
 *(.init6)
 *(.init7)
 *(.init7)
 *(.init8)
 *(.init8)
 *(.init9)
 .init9         0x00000000000002ee        0x8 /usr/lib/gcc/avr/4.5.3/../../../avr/lib/avr6/crtm2560.o
 *(.init9)
 *(.text)
 .text          0x00000000000002f6        0x4 /usr/lib/gcc/avr/4.5.3/../../../avr/lib/avr6/crtm2560.o
                0x00000000000002f6                __vector_38
                0x00000000000002f6                __vector_22
                0x00000000000002f6                __vector_28
                0x00000000000002f6                __vector_1
                0x00000000000002f6                __vector_34
                0x00000000000002f6                __vector_24
                0x00000000000002f6                __vector_12
                0x00000000000002f6                __vector_55
                0x00000000000002f6                __vector_46
                0x00000000000002f6                __bad_interrupt
                0x00000000000002f6                __vector_6
                0x00000000000002f6                __vector_31
                0x00000000000002f6                __vector_35
                0x00000000000002f6                __vector_3
                0x00000000000002f6                __vector_30
                0x00000000000002f6                __vector_45
                0x00000000000002f6                __vector_11
                0x00000000000002f6                __vector_13
                0x00000000000002f6                __vector_19
                0x00000000000002f6                __vector_56
                0x00000000000002f6                __vector_7
                0x00000000000002f6                __vector_49
                0x00000000000002f6                __vector_41
                0x00000000000002f6                __vector_43
                0x00000000000002f6                __vector_27
                0x00000000000002f6                __vector_5
                0x00000000000002f6                __vector_33
                0x00000000000002f6                __vector_52
                0x00000000000002f6                __vector_37
                0x00000000000002f6                __vector_4
                0x00000000000002f6                __vector_44
                0x00000000000002f6                __vector_9
                0x00000000000002f6                __vector_2
                0x00000000000002f6                __vector_21
                0x00000000000002f6                __vector_29
                0x00000000000002f6                __vector_40
                0x00000000000002f6                __vector_8
                0x00000000000002f6                __vector_26
                0x00000000000002f6                __vector_48
                0x00000000000002f6                __vector_14
                0x00000000000002f6                __vector_53
                0x00000000000002f6                __vector_10
                0x00000000000002f6                __vector_50
                0x00000000000002f6                __vector_16
                0x00000000000002f6                __vector_18
                0x00000000000002f6                __vector_20
                0x00000000000002fa                . = ALIGN (0x2)
 *(.text.*)
 .text._ZN3ros16normalizeSecNSecERmS0_
                0x00000000000002fa       0x62 ./src/ros_lib/time.o
                0x00000000000002fa                _ZN3ros16normalizeSecNSecERmS0_
 .text._ZN11FlexiTimer29_overflowEv
                0x000000000000035c       0x7e ./src/lib/utilities/FlexiTimer2.o
                0x000000000000035c                _ZN11FlexiTimer29_overflowEv
 .text.__vector_15
                0x00000000000003da       0x50 ./src/lib/utilities/FlexiTimer2.o
                0x00000000000003da                __vector_15
 .text._ZN8L3G4200D8writeRegEhh
                0x000000000000042a       0x4c ./src/lib/sensors/imu/L3G4200D.o
                0x000000000000042a                _ZN8L3G4200D8writeRegEhh
 .text._ZN8L3G4200D4readEv
                0x0000000000000476       0xfc ./src/lib/sensors/imu/L3G4200D.o
                0x0000000000000476                _ZN8L3G4200D4readEv
 .text._ZN6LSM303C2Ev
                0x0000000000000572       0x6c ./src/lib/sensors/imu/LSM303.o
                0x0000000000000572                _ZN6LSM303C2Ev
                0x0000000000000572                _ZN6LSM303C1Ev
 .text._ZN6LSM30311writeAccRegEhh
                0x00000000000005de       0x4c ./src/lib/sensors/imu/LSM303.o
                0x00000000000005de                _ZN6LSM30311writeAccRegEhh
 .text._ZN6LSM30311writeMagRegEhh
                0x000000000000062a       0x4c ./src/lib/sensors/imu/LSM303.o
                0x000000000000062a                _ZN6LSM30311writeMagRegEhh
 .text._ZN6LSM30310readMagRegEi
                0x0000000000000676       0xb8 ./src/lib/sensors/imu/LSM303.o
                0x0000000000000676                _ZN6LSM30310readMagRegEi
 .text._ZN6LSM3037readAccEv
                0x000000000000072e      0x114 ./src/lib/sensors/imu/LSM303.o
                0x000000000000072e                _ZN6LSM3037readAccEv
 .text._ZN6LSM3037readMagEv
                0x0000000000000842      0x12c ./src/lib/sensors/imu/LSM303.o
                0x0000000000000842                _ZN6LSM3037readMagEv
 .text._ZN6LSM30311detectSA0_AEv
                0x000000000000096e       0x4c ./src/lib/sensors/imu/LSM303.o
                0x000000000000096e                _ZN6LSM30311detectSA0_AEv
 .text._ZN6LSM3034initEhh
                0x00000000000009ba       0x5c ./src/lib/sensors/imu/LSM303.o
                0x00000000000009ba                _ZN6LSM3034initEhh
 .text._ZN7Battery3setEP10CD74HC4067hh
                0x0000000000000a16       0x50 ./src/lib/sensors/Battery.o
                0x0000000000000a16                _ZN7Battery3setEP10CD74HC4067hh
 .text._ZN7BatteryC2Ehh
                0x0000000000000a66       0x10 ./src/lib/sensors/Battery.o
                0x0000000000000a66                _ZN7BatteryC1Ehh
                0x0000000000000a66                _ZN7BatteryC2Ehh
 .text._ZN7BatteryC2Ev
                0x0000000000000a76       0x2a ./src/lib/sensors/Battery.o
                0x0000000000000a76                _ZN7BatteryC1Ev
                0x0000000000000a76                _ZN7BatteryC2Ev
 .text._ZN7Battery10getVoltageEv
                0x0000000000000aa0       0x36 ./src/lib/sensors/Battery.o
                0x0000000000000aa0                _ZN7Battery10getVoltageEv
 .text._ZN7Battery10getCurrentEv
                0x0000000000000ad6       0x36 ./src/lib/sensors/Battery.o
                0x0000000000000ad6                _ZN7Battery10getCurrentEv
 .text._ZN8RoboClawC2EP14HardwareSerialm
                0x0000000000000b0c       0x12 ./src/lib/motors/RoboClaw.o
                0x0000000000000b0c                _ZN8RoboClawC1EP14HardwareSerialm
                0x0000000000000b0c                _ZN8RoboClawC2EP14HardwareSerialm
 .text._ZN8RoboClawD2Ev
                0x0000000000000b1e        0x2 ./src/lib/motors/RoboClaw.o
                0x0000000000000b1e                _ZN8RoboClawD1Ev
                0x0000000000000b1e                _ZN8RoboClawD2Ev
 .text._ZN8RoboClaw7write_nEhz
                0x0000000000000b20       0x78 ./src/lib/motors/RoboClaw.o
                0x0000000000000b20                _ZN8RoboClaw7write_nEhz
 .text._ZN8RoboClaw24SetMinVoltageMainBatteryEhh
                0x0000000000000b98       0x50 ./src/lib/motors/RoboClaw.o
                0x0000000000000b98                _ZN8RoboClaw24SetMinVoltageMainBatteryEhh
 .text._ZN8RoboClaw25SetMinVoltageLogicBatteryEhh
                0x0000000000000be8       0x50 ./src/lib/motors/RoboClaw.o
                0x0000000000000be8                _ZN8RoboClaw25SetMinVoltageLogicBatteryEhh
 .text._ZN8RoboClaw14SetM1ConstantsEhmmmm
                0x0000000000000c38       0xc4 ./src/lib/motors/RoboClaw.o
                0x0000000000000c38                _ZN8RoboClaw14SetM1ConstantsEhmmmm
 .text._ZN8RoboClaw14SetM2ConstantsEhmmmm
                0x0000000000000cfc       0xc4 ./src/lib/motors/RoboClaw.o
                0x0000000000000cfc                _ZN8RoboClaw14SetM2ConstantsEhmmmm
 .text._ZN8RoboClaw8DutyM1M2Ehjj
                0x0000000000000dc0       0x54 ./src/lib/motors/RoboClaw.o
                0x0000000000000dc0                _ZN8RoboClaw8DutyM1M2Ehjj
 .text._ZN8RoboClaw7SpeedM1Ehl
                0x0000000000000e14       0x54 ./src/lib/motors/RoboClaw.o
                0x0000000000000e14                _ZN8RoboClaw7SpeedM1Ehl
 .text._ZN8RoboClaw7SpeedM2Ehl
                0x0000000000000e68       0x54 ./src/lib/motors/RoboClaw.o
                0x0000000000000e68                _ZN8RoboClaw7SpeedM2Ehl
 .text._ZN8RoboClaw8ReadByteEm
                0x0000000000000ebc       0x68 ./src/lib/motors/RoboClaw.o
                0x0000000000000ebc                _ZN8RoboClaw8ReadByteEm
 .text._ZN8RoboClaw7Read4_1EhhPhPb
                0x0000000000000f24      0x15a ./src/lib/motors/RoboClaw.o
                0x0000000000000f24                _ZN8RoboClaw7Read4_1EhhPhPb
 .text._ZN8RoboClaw12ReadISpeedM2EhPhPb
                0x000000000000107e       0x16 ./src/lib/motors/RoboClaw.o
                0x000000000000107e                _ZN8RoboClaw12ReadISpeedM2EhPhPb
 .text._ZN8RoboClaw12ReadISpeedM1EhPhPb
                0x0000000000001094       0x16 ./src/lib/motors/RoboClaw.o
                0x0000000000001094                _ZN8RoboClaw12ReadISpeedM1EhPhPb
 .text._ZN8RoboClaw9ReadEncM2EhPhPb
                0x00000000000010aa       0x16 ./src/lib/motors/RoboClaw.o
                0x00000000000010aa                _ZN8RoboClaw9ReadEncM2EhPhPb
 .text._ZN8RoboClaw9ReadEncM1EhPhPb
                0x00000000000010c0       0x16 ./src/lib/motors/RoboClaw.o
                0x00000000000010c0                _ZN8RoboClaw9ReadEncM1EhPhPb
 .text._ZN10CD74HC40676setMuxEh
                0x00000000000010d6       0x82 ./src/lib/devices/CD74HC4067.o
                0x00000000000010d6                _ZN10CD74HC40676setMuxEh
 .text._ZN10CD74HC40677readADCEh
                0x0000000000001158       0x16 ./src/lib/devices/CD74HC4067.o
                0x0000000000001158                _ZN10CD74HC40677readADCEh
 .text._ZN17StrongDriveOutputC2Ehb
                0x000000000000116e      0x160 ./src/lib/devices/StrongDriveOutput.o
                0x000000000000116e                _ZN17StrongDriveOutputC1Ehb
                0x000000000000116e                _ZN17StrongDriveOutputC2Ehb
 .text._ZN17StrongDriveOutput2onEv
                0x00000000000012ce       0x42 ./src/lib/devices/StrongDriveOutput.o
                0x00000000000012ce                _ZN17StrongDriveOutput2onEv
 .text._ZN17StrongDriveOutput3offEv
                0x0000000000001310       0x42 ./src/lib/devices/StrongDriveOutput.o
                0x0000000000001310                _ZN17StrongDriveOutput3offEv
 .text._ZN17StrongDriveOutput3getEv
                0x0000000000001352        0x6 ./src/lib/devices/StrongDriveOutput.o
                0x0000000000001352                _ZN17StrongDriveOutput3getEv
 .text._ZNK8std_msgs4Time9serializeEPh
                0x0000000000001358       0x46 ./src/Main.o
                0x0000000000001358                _ZNK8std_msgs4Time9serializeEPh
 .text._ZN8std_msgs4Time11deserializeEPh
                0x000000000000139e      0x130 ./src/Main.o
                0x000000000000139e                _ZN8std_msgs4Time11deserializeEPh
 .text._ZN8std_msgs4Time7getTypeEv
                0x00000000000014ce        0x6 ./src/Main.o
                0x00000000000014ce                _ZN8std_msgs4Time7getTypeEv
 .text._ZN8std_msgs4Time6getMD5Ev
                0x00000000000014d4        0x6 ./src/Main.o
                0x00000000000014d4                _ZN8std_msgs4Time6getMD5Ev
 .text._ZN14rosserial_msgs9TopicInfo11deserializeEPh
                0x00000000000014da      0x1ec ./src/Main.o
                0x00000000000014da                _ZN14rosserial_msgs9TopicInfo11deserializeEPh
 .text._ZN14rosserial_msgs9TopicInfo7getTypeEv
                0x00000000000016c6        0x6 ./src/Main.o
                0x00000000000016c6                _ZN14rosserial_msgs9TopicInfo7getTypeEv
 .text._ZN14rosserial_msgs9TopicInfo6getMD5Ev
                0x00000000000016cc        0x6 ./src/Main.o
                0x00000000000016cc                _ZN14rosserial_msgs9TopicInfo6getMD5Ev
 .text._ZN14rosserial_msgs3Log11deserializeEPh
                0x00000000000016d2       0x8a ./src/Main.o
                0x00000000000016d2                _ZN14rosserial_msgs3Log11deserializeEPh
 .text._ZN14rosserial_msgs3Log7getTypeEv
                0x000000000000175c        0x6 ./src/Main.o
                0x000000000000175c                _ZN14rosserial_msgs3Log7getTypeEv
 .text._ZN14rosserial_msgs3Log6getMD5Ev
                0x0000000000001762        0x6 ./src/Main.o
                0x0000000000001762                _ZN14rosserial_msgs3Log6getMD5Ev
 .text._ZN14rosserial_msgs20RequestParamResponse7getTypeEv
                0x0000000000001768        0x6 ./src/Main.o
                0x0000000000001768                _ZN14rosserial_msgs20RequestParamResponse7getTypeEv
 .text._ZN14rosserial_msgs20RequestParamResponse6getMD5Ev
                0x000000000000176e        0x6 ./src/Main.o
                0x000000000000176e                _ZN14rosserial_msgs20RequestParamResponse6getMD5Ev
 .text._ZNK5rover7Enabled9serializeEPh
                0x0000000000001774       0x16 ./src/Main.o
                0x0000000000001774                _ZNK5rover7Enabled9serializeEPh
 .text._ZN5rover7Enabled11deserializeEPh
                0x000000000000178a       0x16 ./src/Main.o
                0x000000000000178a                _ZN5rover7Enabled11deserializeEPh
 .text._ZN5rover7Enabled7getTypeEv
                0x00000000000017a0        0x6 ./src/Main.o
                0x00000000000017a0                _ZN5rover7Enabled7getTypeEv
 .text._ZN5rover7Enabled6getMD5Ev
                0x00000000000017a6        0x6 ./src/Main.o
                0x00000000000017a6                _ZN5rover7Enabled6getMD5Ev
 .text._ZN8std_msgs6Header11deserializeEPh
                0x00000000000017ac      0x22a ./src/Main.o
                0x00000000000017ac                _ZN8std_msgs6Header11deserializeEPh
 .text._ZN8std_msgs6Header7getTypeEv
                0x00000000000019d6        0x6 ./src/Main.o
                0x00000000000019d6                _ZN8std_msgs6Header7getTypeEv
 .text._ZN8std_msgs6Header6getMD5Ev
                0x00000000000019dc        0x6 ./src/Main.o
                0x00000000000019dc                _ZN8std_msgs6Header6getMD5Ev
 .text._ZN5rover6Motors11deserializeEPh
                0x00000000000019e2       0xf2 ./src/Main.o
                0x00000000000019e2                _ZN5rover6Motors11deserializeEPh
 .text._ZN5rover6Motors7getTypeEv
                0x0000000000001ad4        0x6 ./src/Main.o
                0x0000000000001ad4                _ZN5rover6Motors7getTypeEv
 .text._ZN5rover6Motors6getMD5Ev
                0x0000000000001ada        0x6 ./src/Main.o
                0x0000000000001ada                _ZN5rover6Motors6getMD5Ev
 .text._ZN5rover7Battery11deserializeEPh
                0x0000000000001ae0       0xf2 ./src/Main.o
                0x0000000000001ae0                _ZN5rover7Battery11deserializeEPh
 .text._ZN5rover7Battery7getTypeEv
                0x0000000000001bd2        0x6 ./src/Main.o
                0x0000000000001bd2                _ZN5rover7Battery7getTypeEv
 .text._ZN5rover7Battery6getMD5Ev
                0x0000000000001bd8        0x6 ./src/Main.o
                0x0000000000001bd8                _ZN5rover7Battery6getMD5Ev
 .text._ZN5rover7Encoder11deserializeEPh
                0x0000000000001bde      0x338 ./src/Main.o
                0x0000000000001bde                _ZN5rover7Encoder11deserializeEPh
 .text._ZN5rover7Encoder7getTypeEv
                0x0000000000001f16        0x6 ./src/Main.o
                0x0000000000001f16                _ZN5rover7Encoder7getTypeEv
 .text._ZN5rover7Encoder6getMD5Ev
                0x0000000000001f1c        0x6 ./src/Main.o
                0x0000000000001f1c                _ZN5rover7Encoder6getMD5Ev
 .text._ZN5rover12CondensedIMU11deserializeEPh
                0x0000000000001f22      0x3e2 ./src/Main.o
                0x0000000000001f22                _ZN5rover12CondensedIMU11deserializeEPh
 .text._ZN5rover12CondensedIMU7getTypeEv
                0x0000000000002304        0x6 ./src/Main.o
                0x0000000000002304                _ZN5rover12CondensedIMU7getTypeEv
 .text._ZN5rover12CondensedIMU6getMD5Ev
                0x000000000000230a        0x6 ./src/Main.o
                0x000000000000230a                _ZN5rover12CondensedIMU6getMD5Ev
 .text._ZN8std_msgs19MultiArrayDimension11deserializeEPh
                0x0000000000002310      0x19c ./src/Main.o
                0x0000000000002310                _ZN8std_msgs19MultiArrayDimension11deserializeEPh
 .text._ZN8std_msgs19MultiArrayDimension7getTypeEv
                0x00000000000024ac        0x6 ./src/Main.o
                0x00000000000024ac                _ZN8std_msgs19MultiArrayDimension7getTypeEv
 .text._ZN8std_msgs19MultiArrayDimension6getMD5Ev
                0x00000000000024b2        0x6 ./src/Main.o
                0x00000000000024b2                _ZN8std_msgs19MultiArrayDimension6getMD5Ev
 .text._ZNK8std_msgs16MultiArrayLayout9serializeEPh
                0x00000000000024b8       0xb6 ./src/Main.o
                0x00000000000024b8                _ZNK8std_msgs16MultiArrayLayout9serializeEPh
 .text._ZN8std_msgs16MultiArrayLayout7getTypeEv
                0x000000000000256e        0x6 ./src/Main.o
                0x000000000000256e                _ZN8std_msgs16MultiArrayLayout7getTypeEv
 .text._ZN8std_msgs16MultiArrayLayout6getMD5Ev
                0x0000000000002574        0x6 ./src/Main.o
                0x0000000000002574                _ZN8std_msgs16MultiArrayLayout6getMD5Ev
 .text._ZNK8std_msgs15UInt8MultiArray9serializeEPh
                0x000000000000257a       0x84 ./src/Main.o
                0x000000000000257a                _ZNK8std_msgs15UInt8MultiArray9serializeEPh
 .text._ZN8std_msgs15UInt8MultiArray7getTypeEv
                0x00000000000025fe        0x6 ./src/Main.o
                0x00000000000025fe                _ZN8std_msgs15UInt8MultiArray7getTypeEv
 .text._ZN8std_msgs15UInt8MultiArray6getMD5Ev
                0x0000000000002604        0x6 ./src/Main.o
                0x0000000000002604                _ZN8std_msgs15UInt8MultiArray6getMD5Ev
 .text._Z8enablecbRKN5rover7EnabledE
                0x000000000000260a       0x10 ./src/Main.o
                0x000000000000260a                _Z8enablecbRKN5rover7EnabledE
 .text._ZN3ros11NodeHandle_I15ArduinoHardwareLi25ELi25ELi512ELi512EE9connectedEv
                0x000000000000261a        0xa ./src/Main.o
                0x000000000000261a                _ZN3ros11NodeHandle_I15ArduinoHardwareLi25ELi25ELi512ELi512EE9connectedEv
 .text._ZN3ros10SubscriberIN8std_msgs15UInt8MultiArrayEE15getEndpointTypeEv
                0x0000000000002624        0x8 ./src/Main.o
                0x0000000000002624                _ZN3ros10SubscriberIN8std_msgs15UInt8MultiArrayEE15getEndpointTypeEv
 .text._ZN3ros10SubscriberIN8std_msgs15UInt8MultiArrayEE10getMsgTypeEv
                0x000000000000262c        0x6 ./src/Main.o
                0x000000000000262c                _ZN3ros10SubscriberIN8std_msgs15UInt8MultiArrayEE10getMsgTypeEv
 .text._ZN3ros10SubscriberIN8std_msgs15UInt8MultiArrayEE9getMsgMD5Ev
                0x0000000000002632        0x6 ./src/Main.o
                0x0000000000002632                _ZN3ros10SubscriberIN8std_msgs15UInt8MultiArrayEE9getMsgMD5Ev
 .text._ZN3ros10SubscriberIN5rover7EnabledEE8callbackEPh
                0x0000000000002638       0x28 ./src/Main.o
                0x0000000000002638                _ZN3ros10SubscriberIN5rover7EnabledEE8callbackEPh
 .text._ZN3ros10SubscriberIN5rover7EnabledEE15getEndpointTypeEv
                0x0000000000002660        0x8 ./src/Main.o
                0x0000000000002660                _ZN3ros10SubscriberIN5rover7EnabledEE15getEndpointTypeEv
 .text._ZN3ros10SubscriberIN5rover7EnabledEE10getMsgTypeEv
                0x0000000000002668        0x6 ./src/Main.o
                0x0000000000002668                _ZN3ros10SubscriberIN5rover7EnabledEE10getMsgTypeEv
 .text._ZN3ros10SubscriberIN5rover7EnabledEE9getMsgMD5Ev
                0x000000000000266e        0x6 ./src/Main.o
                0x000000000000266e                _ZN3ros10SubscriberIN5rover7EnabledEE9getMsgMD5Ev
 .text._ZN3ros10SubscriberIN5rover6MotorsEE8callbackEPh
                0x0000000000002674       0x28 ./src/Main.o
                0x0000000000002674                _ZN3ros10SubscriberIN5rover6MotorsEE8callbackEPh
 .text._ZN3ros10SubscriberIN5rover6MotorsEE15getEndpointTypeEv
                0x000000000000269c        0x8 ./src/Main.o
                0x000000000000269c                _ZN3ros10SubscriberIN5rover6MotorsEE15getEndpointTypeEv
 .text._ZN3ros10SubscriberIN5rover6MotorsEE10getMsgTypeEv
                0x00000000000026a4        0x6 ./src/Main.o
                0x00000000000026a4                _ZN3ros10SubscriberIN5rover6MotorsEE10getMsgTypeEv
 .text._ZN3ros10SubscriberIN5rover6MotorsEE9getMsgMD5Ev
                0x00000000000026aa        0x6 ./src/Main.o
                0x00000000000026aa                _ZN3ros10SubscriberIN5rover6MotorsEE9getMsgMD5Ev
 .text._ZNK14rosserial_msgs9TopicInfo9serializeEPh
                0x00000000000026b0      0x13e ./src/Main.o
                0x00000000000026b0                _ZNK14rosserial_msgs9TopicInfo9serializeEPh
 .text._ZNK14rosserial_msgs3Log9serializeEPh
                0x00000000000027ee       0x4c ./src/Main.o
                0x00000000000027ee                _ZNK14rosserial_msgs3Log9serializeEPh
 .text._ZNK14rosserial_msgs20RequestParamResponse9serializeEPh
                0x000000000000283a      0x1e8 ./src/Main.o
                0x000000000000283a                _ZNK14rosserial_msgs20RequestParamResponse9serializeEPh
 .text._ZNK8std_msgs6Header9serializeEPh
                0x0000000000002a22       0x78 ./src/Main.o
                0x0000000000002a22                _ZNK8std_msgs6Header9serializeEPh
 .text._ZNK5rover7Encoder9serializeEPh
                0x0000000000002a9a       0xf0 ./src/Main.o
                0x0000000000002a9a                _ZNK5rover7Encoder9serializeEPh
 .text._ZNK5rover7Battery9serializeEPh
                0x0000000000002b8a       0x54 ./src/Main.o
                0x0000000000002b8a                _ZNK5rover7Battery9serializeEPh
 .text._ZNK5rover12CondensedIMU9serializeEPh
                0x0000000000002bde      0x124 ./src/Main.o
                0x0000000000002bde                _ZNK5rover12CondensedIMU9serializeEPh
 .text._ZNK5rover6Motors9serializeEPh
                0x0000000000002d02       0x54 ./src/Main.o
                0x0000000000002d02                _ZNK5rover6Motors9serializeEPh
 .text._ZNK8std_msgs19MultiArrayDimension9serializeEPh
                0x0000000000002d56       0x80 ./src/Main.o
                0x0000000000002d56                _ZNK8std_msgs19MultiArrayDimension9serializeEPh
 .text._ZN14rosserial_msgs20RequestParamResponse11deserializeEPh
                0x0000000000002dd6      0x29c ./src/Main.o
                0x0000000000002dd6                _ZN14rosserial_msgs20RequestParamResponse11deserializeEPh
 .text._ZN8std_msgs16MultiArrayLayout11deserializeEPh
                0x0000000000003072      0x15e ./src/Main.o
                0x0000000000003072                _ZN8std_msgs16MultiArrayLayout11deserializeEPh
 .text._ZN8std_msgs15UInt8MultiArray11deserializeEPh
                0x00000000000031d0       0x84 ./src/Main.o
                0x00000000000031d0                _ZN8std_msgs15UInt8MultiArray11deserializeEPh
 .text._ZN3ros10SubscriberIN8std_msgs15UInt8MultiArrayEE8callbackEPh
                0x0000000000003254       0x28 ./src/Main.o
                0x0000000000003254                _ZN3ros10SubscriberIN8std_msgs15UInt8MultiArrayEE8callbackEPh
 .text._Z7servocbRKN8std_msgs15UInt8MultiArrayE
                0x000000000000327c       0x50 ./src/Main.o
                0x000000000000327c                _Z7servocbRKN8std_msgs15UInt8MultiArrayE
 .text._Z7drivecbRKN5rover6MotorsE
                0x00000000000032cc       0xd2 ./src/Main.o
                0x00000000000032cc                _Z7drivecbRKN5rover6MotorsE
 .text._ZN3ros9Publisher7publishEPKNS_3MsgE
                0x000000000000339e       0x22 ./src/Main.o
                0x000000000000339e                _ZN3ros9Publisher7publishEPKNS_3MsgE
 .text._ZN15ArduinoHardware4initEv
                0x00000000000033c0       0x14 ./src/Main.o
                0x00000000000033c0                _ZN15ArduinoHardware4initEv
 .text._ZN3IMU15Compass_HeadingEv
                0x00000000000033d4      0x348 ./src/Main.o
                0x00000000000033d4                _ZN3IMU15Compass_HeadingEv
 .text._ZN3IMU12Euler_anglesEv
                0x000000000000371c       0x90 ./src/Main.o
                0x000000000000371c                _ZN3IMU12Euler_anglesEv
 .text._ZN3IMU7initI2CEv
                0x00000000000037ac        0xa ./src/Main.o
                0x00000000000037ac                _ZN3IMU7initI2CEv
 .text._ZN3IMU8initGyroEv
                0x00000000000037b6       0x22 ./src/Main.o
                0x00000000000037b6                _ZN3IMU8initGyroEv
 .text._ZN3IMU8readGyroEv
                0x00000000000037d8       0xf2 ./src/Main.o
                0x00000000000037d8                _ZN3IMU8readGyroEv
 .text._ZN3IMU9initAccelEv
                0x00000000000038ca       0x22 ./src/Main.o
                0x00000000000038ca                _ZN3IMU9initAccelEv
 .text._ZN3IMU9readAccelEv
                0x00000000000038ec       0xf2 ./src/Main.o
                0x00000000000038ec                _ZN3IMU9readAccelEv
 .text._ZN3IMU11initCompassEv
                0x00000000000039de       0x22 ./src/Main.o
                0x00000000000039de                _ZN3IMU11initCompassEv
 .text._ZN3IMU7initIMUEv
                0x0000000000003a00      0x146 ./src/Main.o
                0x0000000000003a00                _ZN3IMU7initIMUEv
 .text._ZN3IMU11readCompassEv
                0x0000000000003b46       0xa6 ./src/Main.o
                0x0000000000003b46                _ZN3IMU11readCompassEv
 .text._ZN3IMU16vectorDotProductEPfS0_
                0x0000000000003bec       0x86 ./src/Main.o
                0x0000000000003bec                _ZN3IMU16vectorDotProductEPfS0_
 .text._ZN3IMU18vectorCrossProductEPfS0_S0_
                0x0000000000003c72      0x102 ./src/Main.o
                0x0000000000003c72                _ZN3IMU18vectorCrossProductEPfS0_S0_
 .text._ZN3IMU11vectorScaleEPfS0_f
                0x0000000000003d74       0x74 ./src/Main.o
                0x0000000000003d74                _ZN3IMU11vectorScaleEPfS0_f
 .text._ZN3IMU9vectorAddEPfS0_S0_
                0x0000000000003de8       0x62 ./src/Main.o
                0x0000000000003de8                _ZN3IMU9vectorAddEPfS0_S0_
 .text._ZN3IMU16Drift_correctionEv
                0x0000000000003e4a      0x324 ./src/Main.o
                0x0000000000003e4a                _ZN3IMU16Drift_correctionEv
 .text._ZN3IMU9NormalizeEv
                0x000000000000416e      0x172 ./src/Main.o
                0x000000000000416e                _ZN3IMU9NormalizeEv
 .text._ZN3IMU14matrixMultiplyEPA3_fS1_S1_
                0x00000000000042e0      0x134 ./src/Main.o
                0x00000000000042e0                _ZN3IMU14matrixMultiplyEPA3_fS1_S1_
 .text._ZN3IMU13Matrix_updateEv
                0x0000000000004414      0x366 ./src/Main.o
                0x0000000000004414                _ZN3IMU13Matrix_updateEv
 .text._ZN3IMU9updateIMUEv
                0x000000000000477a      0x112 ./src/Main.o
                0x000000000000477a                _ZN3IMU9updateIMUEv
 .text._ZN12control_dataC1Ev
                0x000000000000488c       0x20 ./src/Main.o
                0x000000000000488c                _ZN12control_dataC1Ev
 .text._Z41__static_initialization_and_destruction_0ii.clone.11
                0x00000000000048ac      0x2da ./src/Main.o
 .text._ZN3ros11NodeHandle_I15ArduinoHardwareLi25ELi25ELi512ELi512EE3nowEv
                0x0000000000004b86       0xcc ./src/Main.o
                0x0000000000004b86                _ZN3ros11NodeHandle_I15ArduinoHardwareLi25ELi25ELi512ELi512EE3nowEv
 .text._Z7publishv
                0x0000000000004c52      0x41e ./src/Main.o
                0x0000000000004c52                _Z7publishv
 .text._ZN3ros11NodeHandle_I15ArduinoHardwareLi25ELi25ELi512ELi512EE9advertiseERNS_9PublisherE
                0x0000000000005070       0x4e ./src/Main.o
                0x0000000000005070                _ZN3ros11NodeHandle_I15ArduinoHardwareLi25ELi25ELi512ELi512EE9advertiseERNS_9PublisherE
 .text._ZN3ros11NodeHandle_I15ArduinoHardwareLi25ELi25ELi512ELi512EE9subscribeIN5rover7EnabledEEEbRNS_10SubscriberIT_EE
                0x00000000000050be       0x42 ./src/Main.o
                0x00000000000050be                _ZN3ros11NodeHandle_I15ArduinoHardwareLi25ELi25ELi512ELi512EE9subscribeIN5rover7EnabledEEEbRNS_10SubscriberIT_EE
 .text._ZN3ros11NodeHandle_I15ArduinoHardwareLi25ELi25ELi512ELi512EE9subscribeIN5rover6MotorsEEEbRNS_10SubscriberIT_EE
                0x0000000000005100       0x42 ./src/Main.o
                0x0000000000005100                _ZN3ros11NodeHandle_I15ArduinoHardwareLi25ELi25ELi512ELi512EE9subscribeIN5rover6MotorsEEEbRNS_10SubscriberIT_EE
 .text._ZN3ros11NodeHandle_I15ArduinoHardwareLi25ELi25ELi512ELi512EE9subscribeIN8std_msgs15UInt8MultiArrayEEEbRNS_10SubscriberIT_EE
                0x0000000000005142       0x42 ./src/Main.o
                0x0000000000005142                _ZN3ros11NodeHandle_I15ArduinoHardwareLi25ELi25ELi512ELi512EE9subscribeIN8std_msgs15UInt8MultiArrayEEEbRNS_10SubscriberIT_EE
 .text._ZN3ros11NodeHandle_I15ArduinoHardwareLi25ELi25ELi512ELi512EE15requestSyncTimeEv
                0x0000000000005184       0x70 ./src/Main.o
                0x0000000000005184                _ZN3ros11NodeHandle_I15ArduinoHardwareLi25ELi25ELi512ELi512EE15requestSyncTimeEv
 .text._ZN3ros11NodeHandle_I15ArduinoHardwareLi25ELi25ELi512ELi512EE15negotiateTopicsEv
                0x00000000000051f4      0x1da ./src/Main.o
                0x00000000000051f4                _ZN3ros11NodeHandle_I15ArduinoHardwareLi25ELi25ELi512ELi512EE15negotiateTopicsEv
 .text._ZN3ros11NodeHandle_I15ArduinoHardwareLi25ELi25ELi512ELi512EE6setNowERNS_4TimeE
                0x00000000000053ce       0x9e ./src/Main.o
                0x00000000000053ce                _ZN3ros11NodeHandle_I15ArduinoHardwareLi25ELi25ELi512ELi512EE6setNowERNS_4TimeE
 .text._ZN3ros11NodeHandle_I15ArduinoHardwareLi25ELi25ELi512ELi512EE8syncTimeEPh
                0x000000000000546c       0xfc ./src/Main.o
                0x000000000000546c                _ZN3ros11NodeHandle_I15ArduinoHardwareLi25ELi25ELi512ELi512EE8syncTimeEPh
 .text._ZN3ros11NodeHandle_I15ArduinoHardwareLi25ELi25ELi512ELi512EE8spinOnceEv
                0x0000000000005568      0x3cc ./src/Main.o
                0x0000000000005568                _ZN3ros11NodeHandle_I15ArduinoHardwareLi25ELi25ELi512ELi512EE8spinOnceEv
 .text.main     0x0000000000005934      0x502 ./src/Main.o
                0x0000000000005934                main
 .text._ZN3ros11NodeHandle_I15ArduinoHardwareLi25ELi25ELi512ELi512EE3logEcPKc
                0x0000000000005e36       0x44 ./src/Main.o
                0x0000000000005e36                _ZN3ros11NodeHandle_I15ArduinoHardwareLi25ELi25ELi512ELi512EE3logEcPKc
 .text._ZN3ros11NodeHandle_I15ArduinoHardwareLi25ELi25ELi512ELi512EE8logerrorEPKc
                0x0000000000005e7a        0xa ./src/Main.o
                0x0000000000005e7a                _ZN3ros11NodeHandle_I15ArduinoHardwareLi25ELi25ELi512ELi512EE8logerrorEPKc
 .text._ZN3ros11NodeHandle_I15ArduinoHardwareLi25ELi25ELi512ELi512EE7publishEiPKNS_3MsgE
                0x0000000000005e84      0x102 ./src/Main.o
                0x0000000000005e84                _ZN3ros11NodeHandle_I15ArduinoHardwareLi25ELi25ELi512ELi512EE7publishEiPKNS_3MsgE
 .text._GLOBAL__I__ZN3IMU11SENSOR_SIGNE
                0x0000000000005f86        0xa ./src/Main.o
 .text._GLOBAL__D__ZN3IMU11SENSOR_SIGNE
                0x0000000000005f90        0xa ./src/Main.o
 .text._ZN14HardwareSerial9availableEv
                0x0000000000005f9a       0x2c /home/rbtying/robot/firmware/Arduino-2560/Debug/libArduino.a(HardwareSerial.o)
                0x0000000000005f9a                _ZN14HardwareSerial9availableEv
 .text._ZN14HardwareSerial4peekEv
                0x0000000000005fc6       0x34 /home/rbtying/robot/firmware/Arduino-2560/Debug/libArduino.a(HardwareSerial.o)
                0x0000000000005fc6                _ZN14HardwareSerial4peekEv
 .text._ZN14HardwareSerial4readEv
                0x0000000000005ffa       0x48 /home/rbtying/robot/firmware/Arduino-2560/Debug/libArduino.a(HardwareSerial.o)
                0x0000000000005ffa                _ZN14HardwareSerial4readEv
 .text._ZN14HardwareSerial5flushEv
                0x0000000000006042       0x22 /home/rbtying/robot/firmware/Arduino-2560/Debug/libArduino.a(HardwareSerial.o)
                0x0000000000006042                _ZN14HardwareSerial5flushEv
 .text._ZN14HardwareSerial5writeEh
                0x0000000000006064       0x26 /home/rbtying/robot/firmware/Arduino-2560/Debug/libArduino.a(HardwareSerial.o)
                0x0000000000006064                _ZN14HardwareSerial5writeEh
 .text._Z10store_charhP11ring_buffer
                0x000000000000608a       0x46 /home/rbtying/robot/firmware/Arduino-2560/Debug/libArduino.a(HardwareSerial.o)
                0x000000000000608a                _Z10store_charhP11ring_buffer
 .text.__vector_25
                0x00000000000060d0       0x58 /home/rbtying/robot/firmware/Arduino-2560/Debug/libArduino.a(HardwareSerial.o)
                0x00000000000060d0                __vector_25
 .text.__vector_36
                0x0000000000006128       0x58 /home/rbtying/robot/firmware/Arduino-2560/Debug/libArduino.a(HardwareSerial.o)
                0x0000000000006128                __vector_36
 .text.__vector_51
                0x0000000000006180       0x58 /home/rbtying/robot/firmware/Arduino-2560/Debug/libArduino.a(HardwareSerial.o)
                0x0000000000006180                __vector_51
 .text.__vector_54
                0x00000000000061d8       0x58 /home/rbtying/robot/firmware/Arduino-2560/Debug/libArduino.a(HardwareSerial.o)
                0x00000000000061d8                __vector_54
 .text._ZN14HardwareSerial5beginEl
                0x0000000000006230      0x1ce /home/rbtying/robot/firmware/Arduino-2560/Debug/libArduino.a(HardwareSerial.o)
                0x0000000000006230                _ZN14HardwareSerial5beginEl
 .text._GLOBAL__I_rx_buffer
                0x00000000000063fe      0x1a0 /home/rbtying/robot/firmware/Arduino-2560/Debug/libArduino.a(HardwareSerial.o)
 .text._ZN5Print5writeEPKc
                0x000000000000659e       0x32 /home/rbtying/robot/firmware/Arduino-2560/Debug/libArduino.a(Print.o)
                0x000000000000659e                _ZN5Print5writeEPKc
 .text._ZN5Print5writeEPKhj
                0x00000000000065d0       0x3e /home/rbtying/robot/firmware/Arduino-2560/Debug/libArduino.a(Print.o)
                0x00000000000065d0                _ZN5Print5writeEPKhj
 .text._ZN5Print5printEPKc
                0x000000000000660e       0x10 /home/rbtying/robot/firmware/Arduino-2560/Debug/libArduino.a(Print.o)
                0x000000000000660e                _ZN5Print5printEPKc
 .text._ZN5Print11printNumberEmh
                0x000000000000661e      0x106 /home/rbtying/robot/firmware/Arduino-2560/Debug/libArduino.a(Print.o)
                0x000000000000661e                _ZN5Print11printNumberEmh
 .text._ZN5Print5printEli
                0x0000000000006724       0x6c /home/rbtying/robot/firmware/Arduino-2560/Debug/libArduino.a(Print.o)
                0x0000000000006724                _ZN5Print5printEli
 .text._ZN5Print7printlnEv
                0x0000000000006790       0x2e /home/rbtying/robot/firmware/Arduino-2560/Debug/libArduino.a(Print.o)
                0x0000000000006790                _ZN5Print7printlnEv
 .text._ZN5Print7printlnEPKc
                0x00000000000067be       0x16 /home/rbtying/robot/firmware/Arduino-2560/Debug/libArduino.a(Print.o)
                0x00000000000067be                _ZN5Print7printlnEPKc
 .text._ZN5Print7printlnEli
                0x00000000000067d4       0x16 /home/rbtying/robot/firmware/Arduino-2560/Debug/libArduino.a(Print.o)
                0x00000000000067d4                _ZN5Print7printlnEli
 .text._ZN5Print7printlnEii
                0x00000000000067ea       0x26 /home/rbtying/robot/firmware/Arduino-2560/Debug/libArduino.a(Print.o)
                0x00000000000067ea                _ZN5Print7printlnEii
 .text._Z3maplllll
                0x0000000000006810       0x92 /home/rbtying/robot/firmware/Arduino-2560/Debug/libArduino.a(WMath.o)
                0x0000000000006810                _Z3maplllll
 .text.__vector_23
                0x00000000000068a2       0x90 /home/rbtying/robot/firmware/Arduino-2560/Debug/libArduino.a(wiring.o)
                0x00000000000068a2                __vector_23
 .text.millis   0x0000000000006932       0x1c /home/rbtying/robot/firmware/Arduino-2560/Debug/libArduino.a(wiring.o)
                0x0000000000006932                millis
 .text.micros   0x000000000000694e       0x4c /home/rbtying/robot/firmware/Arduino-2560/Debug/libArduino.a(wiring.o)
                0x000000000000694e                micros
 .text.delay    0x000000000000699a       0x4e /home/rbtying/robot/firmware/Arduino-2560/Debug/libArduino.a(wiring.o)
                0x000000000000699a                delay
 .text.init     0x00000000000069e8       0xc4 /home/rbtying/robot/firmware/Arduino-2560/Debug/libArduino.a(wiring.o)
                0x00000000000069e8                init
 .text.analogRead
                0x0000000000006aac       0x66 /home/rbtying/robot/firmware/Arduino-2560/Debug/libArduino.a(wiring_analog.o)
                0x0000000000006aac                analogRead
 .text.pinMode  0x0000000000006b12       0x48 /home/rbtying/robot/firmware/Arduino-2560/Debug/libArduino.a(wiring_digital.o)
                0x0000000000006b12                pinMode
 .text.digitalWrite
                0x0000000000006b5a      0x11e /home/rbtying/robot/firmware/Arduino-2560/Debug/libArduino.a(wiring_digital.o)
                0x0000000000006b5a                digitalWrite
 .text._ZN7TwoWire5beginEv
                0x0000000000006c78       0x16 /home/rbtying/robot/firmware/Arduino-2560/Debug/libArduino.a(Wire.o)
                0x0000000000006c78                _ZN7TwoWire5beginEv
 .text._ZN7TwoWire11requestFromEhh
                0x0000000000006c8e       0x1a /home/rbtying/robot/firmware/Arduino-2560/Debug/libArduino.a(Wire.o)
                0x0000000000006c8e                _ZN7TwoWire11requestFromEhh
 .text._ZN7TwoWire11requestFromEii
                0x0000000000006ca8        0x6 /home/rbtying/robot/firmware/Arduino-2560/Debug/libArduino.a(Wire.o)
                0x0000000000006ca8                _ZN7TwoWire11requestFromEii
 .text._ZN7TwoWire17beginTransmissionEh
                0x0000000000006cae       0x14 /home/rbtying/robot/firmware/Arduino-2560/Debug/libArduino.a(Wire.o)
                0x0000000000006cae                _ZN7TwoWire17beginTransmissionEh
 .text._ZN7TwoWire17beginTransmissionEi
                0x0000000000006cc2        0x6 /home/rbtying/robot/firmware/Arduino-2560/Debug/libArduino.a(Wire.o)
                0x0000000000006cc2                _ZN7TwoWire17beginTransmissionEi
 .text._ZN7TwoWire15endTransmissionEv
                0x0000000000006cc8       0x20 /home/rbtying/robot/firmware/Arduino-2560/Debug/libArduino.a(Wire.o)
                0x0000000000006cc8                _ZN7TwoWire15endTransmissionEv
 .text._ZN7TwoWire4sendEh
                0x0000000000006ce8       0x48 /home/rbtying/robot/firmware/Arduino-2560/Debug/libArduino.a(Wire.o)
                0x0000000000006ce8                _ZN7TwoWire4sendEh
 .text._ZN7TwoWire4sendEi
                0x0000000000006d30        0x6 /home/rbtying/robot/firmware/Arduino-2560/Debug/libArduino.a(Wire.o)
                0x0000000000006d30                _ZN7TwoWire4sendEi
 .text._ZN7TwoWire9availableEv
                0x0000000000006d36        0xc /home/rbtying/robot/firmware/Arduino-2560/Debug/libArduino.a(Wire.o)
                0x0000000000006d36                _ZN7TwoWire9availableEv
 .text._ZN7TwoWire7receiveEv
                0x0000000000006d42       0x22 /home/rbtying/robot/firmware/Arduino-2560/Debug/libArduino.a(Wire.o)
                0x0000000000006d42                _ZN7TwoWire7receiveEv
 .text._GLOBAL__I__ZN7TwoWire8rxBufferE
                0x0000000000006d64        0x2 /home/rbtying/robot/firmware/Arduino-2560/Debug/libArduino.a(Wire.o)
 .text._ZL17handle_interrupts18timer16_Sequence_tPVjS1_
                0x0000000000006d66      0x18e /home/rbtying/robot/firmware/Arduino-2560/Debug/libArduino.a(Servo.o)
 .text.__vector_17
                0x0000000000006ef4       0x5a /home/rbtying/robot/firmware/Arduino-2560/Debug/libArduino.a(Servo.o)
                0x0000000000006ef4                __vector_17
 .text.__vector_32
                0x0000000000006f4e       0x5a /home/rbtying/robot/firmware/Arduino-2560/Debug/libArduino.a(Servo.o)
                0x0000000000006f4e                __vector_32
 .text.__vector_42
                0x0000000000006fa8       0x5a /home/rbtying/robot/firmware/Arduino-2560/Debug/libArduino.a(Servo.o)
                0x0000000000006fa8                __vector_42
 .text.__vector_47
                0x0000000000007002       0x5a /home/rbtying/robot/firmware/Arduino-2560/Debug/libArduino.a(Servo.o)
                0x0000000000007002                __vector_47
 .text._ZN5ServoC2Ev
                0x000000000000705c       0x34 /home/rbtying/robot/firmware/Arduino-2560/Debug/libArduino.a(Servo.o)
                0x000000000000705c                _ZN5ServoC2Ev
                0x000000000000705c                _ZN5ServoC1Ev
 .text._ZN5Servo17writeMicrosecondsEi
                0x0000000000007090       0x8a /home/rbtying/robot/firmware/Arduino-2560/Debug/libArduino.a(Servo.o)
                0x0000000000007090                _ZN5Servo17writeMicrosecondsEi
 .text._ZN5Servo5writeEi
                0x000000000000711a       0xc8 /home/rbtying/robot/firmware/Arduino-2560/Debug/libArduino.a(Servo.o)
                0x000000000000711a                _ZN5Servo5writeEi
 .text._ZN5Servo16readMicrosecondsEv
                0x00000000000071e2       0x3e /home/rbtying/robot/firmware/Arduino-2560/Debug/libArduino.a(Servo.o)
                0x00000000000071e2                _ZN5Servo16readMicrosecondsEv
 .text._ZN5Servo4readEv
                0x0000000000007220       0xb2 /home/rbtying/robot/firmware/Arduino-2560/Debug/libArduino.a(Servo.o)
                0x0000000000007220                _ZN5Servo4readEv
 .text.twi_init
                0x00000000000072d2       0x26 /home/rbtying/robot/firmware/Arduino-2560/Debug/libArduino.a(twi.o)
                0x00000000000072d2                twi_init
 .text.twi_readFrom
                0x00000000000072f8       0x6c /home/rbtying/robot/firmware/Arduino-2560/Debug/libArduino.a(twi.o)
                0x00000000000072f8                twi_readFrom
 .text.twi_writeTo
                0x0000000000007364       0x80 /home/rbtying/robot/firmware/Arduino-2560/Debug/libArduino.a(twi.o)
                0x0000000000007364                twi_writeTo
 .text.twi_transmit
                0x00000000000073e4       0x34 /home/rbtying/robot/firmware/Arduino-2560/Debug/libArduino.a(twi.o)
                0x00000000000073e4                twi_transmit
 .text.twi_reply
                0x0000000000007418       0x10 /home/rbtying/robot/firmware/Arduino-2560/Debug/libArduino.a(twi.o)
                0x0000000000007418                twi_reply
 .text.twi_stop
                0x0000000000007428       0x14 /home/rbtying/robot/firmware/Arduino-2560/Debug/libArduino.a(twi.o)
                0x0000000000007428                twi_stop
 .text.twi_releaseBus
                0x000000000000743c        0xc /home/rbtying/robot/firmware/Arduino-2560/Debug/libArduino.a(twi.o)
                0x000000000000743c                twi_releaseBus
 .text.__vector_39
                0x0000000000007448      0x2b4 /home/rbtying/robot/firmware/Arduino-2560/Debug/libArduino.a(twi.o)
                0x0000000000007448                __vector_39
 .text.avr-libc
                0x00000000000076fc      0x266 /usr/lib/gcc/avr/4.5.3/../../../avr/lib/avr6/libc.a(malloc.o)
                0x00000000000076fc                malloc
                0x0000000000007830                free
 .text.avr-libc
                0x0000000000007962      0x1b2 /usr/lib/gcc/avr/4.5.3/../../../avr/lib/avr6/libc.a(realloc.o)
                0x0000000000007962                realloc
 .text.avr-libc
                0x0000000000007b14        0x6 /usr/lib/gcc/avr/4.5.3/../../../avr/lib/avr6/libc.a(exit.o)
                0x0000000000007b14                exit
 .text.avr-libc
                0x0000000000007b1a       0x12 /usr/lib/gcc/avr/4.5.3/../../../avr/lib/avr6/libc.a(memcpy.o)
                0x0000000000007b1a                memcpy
 .text.avr-libc.fplib
                0x0000000000007b2c        0xa /usr/lib/gcc/avr/4.5.3/../../../avr/lib/avr6/libc.a(addsf3.o)
                0x0000000000007b2c                __subsf3
                0x0000000000007b2e                __addsf3
 .text.avr-libc.fplib
                0x0000000000007b36       0xc0 /usr/lib/gcc/avr/4.5.3/../../../avr/lib/avr6/libc.a(addsf3x.o)
                0x0000000000007b50                __addsf3x
 .text.avr-libc.fplib
                0x0000000000007bf6       0x2e /usr/lib/gcc/avr/4.5.3/../../../avr/lib/avr6/libc.a(asin.o)
                0x0000000000007bf6                asin
 .text.avr-libc.fplib
                0x0000000000007c24       0x74 /usr/lib/gcc/avr/4.5.3/../../../avr/lib/avr6/libc.a(atan2.o)
                0x0000000000007c42                atan2
 .text.avr-libc.fplib
                0x0000000000007c98       0x50 /usr/lib/gcc/avr/4.5.3/../../../avr/lib/avr6/libc.a(atan.o)
                0x0000000000007c98                atan
 .text.avr-libc.fplib
                0x0000000000007ce8        0x8 /usr/lib/gcc/avr/4.5.3/../../../avr/lib/avr6/libc.a(cmpsf2.o)
                0x0000000000007ce8                __lesf2
                0x0000000000007ce8                __nesf2
                0x0000000000007ce8                __eqsf2
                0x0000000000007ce8                __cmpsf2
                0x0000000000007ce8                __ltsf2
 .text.avr-libc.fplib
                0x0000000000007cf0        0x6 /usr/lib/gcc/avr/4.5.3/../../../avr/lib/avr6/libc.a(cos.o)
                0x0000000000007cf0                cos
 .text.avr-libc.fplib
                0x0000000000007cf6        0x4 /usr/lib/gcc/avr/4.5.3/../../../avr/lib/avr6/libc.a(divsf3.o)
                0x0000000000007cf6                __divsf3
 .text.avr-libc.fplib
                0x0000000000007cfa       0xcc /usr/lib/gcc/avr/4.5.3/../../../avr/lib/avr6/libc.a(divsf3x.o)
                0x0000000000007d10                __divsf3x
                0x0000000000007d14                __divsf3_pse
 .text.avr-libc.fplib
                0x0000000000007dc6        0xa /usr/lib/gcc/avr/4.5.3/../../../avr/lib/avr6/libc.a(fixsfsi.o)
                0x0000000000007dc6                __fixsfsi
 .text.avr-libc.fplib
                0x0000000000007dd0       0x58 /usr/lib/gcc/avr/4.5.3/../../../avr/lib/avr6/libc.a(fixunssfsi.o)
                0x0000000000007dd0                __fixunssfsi
 .text.avr-libc.fplib
                0x0000000000007e28       0x7a /usr/lib/gcc/avr/4.5.3/../../../avr/lib/avr6/libc.a(floatsisf.o)
                0x0000000000007e28                __floatunsisf
                0x0000000000007e2c                __floatsisf
 .text.avr-libc.fplib
                0x0000000000007ea2       0x36 /usr/lib/gcc/avr/4.5.3/../../../avr/lib/avr6/libc.a(fp_arccos.o)
                0x0000000000007ea2                __fp_arccos
 .text.avr-libc.fplib
                0x0000000000007ed8       0x48 /usr/lib/gcc/avr/4.5.3/../../../avr/lib/avr6/libc.a(fp_cmp.o)
                0x0000000000007ed8                __fp_cmp
 .text.avr-libc.fplib
                0x0000000000007f20        0xc /usr/lib/gcc/avr/4.5.3/../../../avr/lib/avr6/libc.a(fp_inf.o)
                0x0000000000007f20                __fp_inf
 .text.avr-libc.fplib
                0x0000000000007f2c        0x6 /usr/lib/gcc/avr/4.5.3/../../../avr/lib/avr6/libc.a(fp_nan.o)
                0x0000000000007f2c                __fp_nan
 .text.avr-libc.fplib
                0x0000000000007f32       0x4a /usr/lib/gcc/avr/4.5.3/../../../avr/lib/avr6/libc.a(fp_powser.o)
                0x0000000000007f32                __fp_powser
 .text.avr-libc.fplib
                0x0000000000007f7c       0x22 /usr/lib/gcc/avr/4.5.3/../../../avr/lib/avr6/libc.a(fp_powsodd.o)
                0x0000000000007f7c                __fp_powsodd
 .text.avr-libc.fplib
                0x0000000000007f9e        0xe /usr/lib/gcc/avr/4.5.3/../../../avr/lib/avr6/libc.a(fp_pscA.o)
                0x0000000000007f9e                __fp_pscA
 .text.avr-libc.fplib
                0x0000000000007fac        0xe /usr/lib/gcc/avr/4.5.3/../../../avr/lib/avr6/libc.a(fp_pscB.o)
                0x0000000000007fac                __fp_pscB
 .text.avr-libc.fplib
                0x0000000000007fba       0x50 /usr/lib/gcc/avr/4.5.3/../../../avr/lib/avr6/libc.a(fp_rempio2.o)
                0x0000000000007fbc                __fp_rempio2
 .text.avr-libc.fplib
                0x000000000000800a       0x22 /usr/lib/gcc/avr/4.5.3/../../../avr/lib/avr6/libc.a(fp_round.o)
                0x000000000000800a                __fp_round
 .text.avr-libc.fplib
                0x000000000000802c       0x22 /usr/lib/gcc/avr/4.5.3/../../../avr/lib/avr6/libc.a(fp_sinus.o)
                0x000000000000802c                __fp_sinus
 .text.avr-libc.fplib
                0x000000000000804e       0x44 /usr/lib/gcc/avr/4.5.3/../../../avr/lib/avr6/libc.a(fp_split3.o)
                0x000000000000804e                __fp_split3
                0x000000000000805e                __fp_splitA
 .text.avr-libc.fplib
                0x0000000000008092        0xe /usr/lib/gcc/avr/4.5.3/../../../avr/lib/avr6/libc.a(fp_zero.o)
                0x0000000000008092                __fp_zero
                0x0000000000008094                __fp_szero
 .text.avr-libc.fplib
                0x00000000000080a0        0x8 /usr/lib/gcc/avr/4.5.3/../../../avr/lib/avr6/libc.a(gesf2.o)
                0x00000000000080a0                __gtsf2
                0x00000000000080a0                __gesf2
 .text.avr-libc.fplib
                0x00000000000080a8        0xe /usr/lib/gcc/avr/4.5.3/../../../avr/lib/avr6/libc.a(inverse.o)
                0x00000000000080a8                inverse
 .text.avr-libc.fplib
                0x00000000000080b6        0x4 /usr/lib/gcc/avr/4.5.3/../../../avr/lib/avr6/libc.a(mulsf3.o)
                0x00000000000080b6                __mulsf3
 .text.avr-libc.fplib
                0x00000000000080ba       0xc2 /usr/lib/gcc/avr/4.5.3/../../../avr/lib/avr6/libc.a(mulsf3x.o)
                0x00000000000080ce                __mulsf3x
                0x00000000000080d2                __mulsf3_pse
 .text.avr-libc.fplib
                0x000000000000817c        0xc /usr/lib/gcc/avr/4.5.3/../../../avr/lib/avr6/libc.a(sin.o)
                0x000000000000817c                sin
 .text.avr-libc.fplib
                0x0000000000008188       0x84 /usr/lib/gcc/avr/4.5.3/../../../avr/lib/avr6/libc.a(sqrt.o)
                0x0000000000008190                sqrt
 .text.avr-libc.fplib
                0x000000000000820c        0x6 /usr/lib/gcc/avr/4.5.3/../../../avr/lib/avr6/libc.a(square.o)
                0x000000000000820c                square
 .text.avr-libc.fplib
                0x0000000000008212       0x1c /usr/lib/gcc/avr/4.5.3/../../../avr/lib/avr6/libc.a(fp_mpack.o)
                0x0000000000008212                __fp_mpack
                0x0000000000008216                __fp_mpack_finite
 .text.avr-libc.fplib
                0x000000000000822e        0xe /usr/lib/gcc/avr/4.5.3/../../../avr/lib/avr6/libc.a(fp_norm2.o)
                0x000000000000822e                __fp_norm2
 .text.libgcc   0x000000000000823c       0x3e /usr/lib/gcc/avr/4.5.3/avr6/libgcc.a(_mulsi3.o)
                0x000000000000823c                __mulsi3
 .text.libgcc   0x000000000000827a       0x28 /usr/lib/gcc/avr/4.5.3/avr6/libgcc.a(_udivmodhi4.o)
                0x000000000000827a                __udivmodhi4
 .text.libgcc   0x00000000000082a2       0x26 /usr/lib/gcc/avr/4.5.3/avr6/libgcc.a(_divmodhi4.o)
                0x00000000000082a2                __divmodhi4
                0x00000000000082a2                _div
 .text.libgcc   0x00000000000082c8       0x44 /usr/lib/gcc/avr/4.5.3/avr6/libgcc.a(_udivmodsi4.o)
                0x00000000000082c8                __udivmodsi4
 .text.libgcc   0x000000000000830c       0x36 /usr/lib/gcc/avr/4.5.3/avr6/libgcc.a(_divmodsi4.o)
                0x000000000000830c                __divmodsi4
 .text.libgcc   0x0000000000008342        0x8 /usr/lib/gcc/avr/4.5.3/avr6/libgcc.a(_tablejump_elpm.o)
                0x0000000000008342                __tablejump_elpm__
                0x000000000000834a                . = ALIGN (0x2)
 *(.fini9)
 .fini9         0x000000000000834a        0x0 /usr/lib/gcc/avr/4.5.3/avr6/libgcc.a(_exit.o)
                0x000000000000834a                _exit
 *(.fini9)
 *(.fini8)
 *(.fini8)
 *(.fini7)
 *(.fini7)
 *(.fini6)
 .fini6         0x000000000000834a       0x20 /usr/lib/gcc/avr/4.5.3/avr6/libgcc.a(_dtors.o)
                0x000000000000834a                __do_global_dtors
 *(.fini6)
 *(.fini5)
 *(.fini5)
 *(.fini4)
 *(.fini4)
 *(.fini3)
 *(.fini3)
 *(.fini2)
 *(.fini2)
 *(.fini1)
 *(.fini1)
 *(.fini0)
 .fini0         0x000000000000836a        0x4 /usr/lib/gcc/avr/4.5.3/avr6/libgcc.a(_exit.o)
 *(.fini0)
                0x000000000000836e                _etext = .

.data           0x0000000000800200      0x4a8 load address 0x000000000000836e
                0x0000000000800200                PROVIDE (__data_start, .)
 *(.data)
 .data          0x0000000000800200      0x33c ./src/Main.o
 .data          0x000000000080053c        0x6 /usr/lib/gcc/avr/4.5.3/../../../avr/lib/avr6/libc.a(malloc.o)
                0x000000000080053c                __malloc_margin
                0x000000000080053e                __malloc_heap_start
                0x0000000000800540                __malloc_heap_end
 *(.data*)
 .data._ZN3IMU11SENSOR_SIGNE
                0x0000000000800542       0x12 ./src/Main.o
                0x0000000000800542                _ZN3IMU11SENSOR_SIGNE
 .data._ZN3IMU4G_DtE
                0x0000000000800554        0x4 ./src/Main.o
                0x0000000000800554                _ZN3IMU4G_DtE
 .data._ZN3IMU10DCM_MatrixE
                0x0000000000800558       0x24 ./src/Main.o
                0x0000000000800558                _ZN3IMU10DCM_MatrixE
 .data._ZN3IMU13Update_MatrixE
                0x000000000080057c       0x24 ./src/Main.o
                0x000000000080057c                _ZN3IMU13Update_MatrixE
 .data.frameid  0x00000000008005a0        0xf ./src/Main.o
                0x00000000008005a0                frameid
 .data.analog_reference
                0x00000000008005af        0x1 /home/rbtying/robot/firmware/Arduino-2560/Debug/libArduino.a(wiring_analog.o)
                0x00000000008005af                analog_reference
 *(.rodata)
 *(.rodata*)
 .rodata._ZTVN3ros11NodeHandle_I15ArduinoHardwareLi25ELi25ELi512ELi512EEE
                0x00000000008005b0        0xa ./src/Main.o
                0x00000000008005b0                _ZTVN3ros11NodeHandle_I15ArduinoHardwareLi25ELi25ELi512ELi512EEE
 .rodata._ZTVN14rosserial_msgs9TopicInfoE
                0x00000000008005ba        0xc ./src/Main.o
                0x00000000008005ba                _ZTVN14rosserial_msgs9TopicInfoE
 .rodata._ZTVN8std_msgs4TimeE
                0x00000000008005c6        0xc ./src/Main.o
                0x00000000008005c6                _ZTVN8std_msgs4TimeE
 .rodata._ZTVN14rosserial_msgs3LogE
                0x00000000008005d2        0xc ./src/Main.o
                0x00000000008005d2                _ZTVN14rosserial_msgs3LogE
 .rodata._ZTVN14rosserial_msgs20RequestParamResponseE
                0x00000000008005de        0xc ./src/Main.o
                0x00000000008005de                _ZTVN14rosserial_msgs20RequestParamResponseE
 .rodata._ZN14rosserial_msgsL12REQUESTPARAME
                0x00000000008005ea       0x1c ./src/Main.o
 .rodata._ZTVN5rover7EnabledE
                0x0000000000800606        0xc ./src/Main.o
                0x0000000000800606                _ZTVN5rover7EnabledE
 .rodata._ZTVN5rover7EncoderE
                0x0000000000800612        0xc ./src/Main.o
                0x0000000000800612                _ZTVN5rover7EncoderE
 .rodata._ZTVN8std_msgs6HeaderE
                0x000000000080061e        0xc ./src/Main.o
                0x000000000080061e                _ZTVN8std_msgs6HeaderE
 .rodata._ZTVN5rover7BatteryE
                0x000000000080062a        0xc ./src/Main.o
                0x000000000080062a                _ZTVN5rover7BatteryE
 .rodata._ZTVN5rover12CondensedIMUE
                0x0000000000800636        0xc ./src/Main.o
                0x0000000000800636                _ZTVN5rover12CondensedIMUE
 .rodata._ZTVN8std_msgs15UInt8MultiArrayE
                0x0000000000800642        0xc ./src/Main.o
                0x0000000000800642                _ZTVN8std_msgs15UInt8MultiArrayE
 .rodata._ZTVN8std_msgs16MultiArrayLayoutE
                0x000000000080064e        0xc ./src/Main.o
                0x000000000080064e                _ZTVN8std_msgs16MultiArrayLayoutE
 .rodata._ZTVN8std_msgs19MultiArrayDimensionE
                0x000000000080065a        0xc ./src/Main.o
                0x000000000080065a                _ZTVN8std_msgs19MultiArrayDimensionE
 .rodata._ZTVN3ros10SubscriberIN5rover6MotorsEEE
                0x0000000000800666        0xc ./src/Main.o
                0x0000000000800666                _ZTVN3ros10SubscriberIN5rover6MotorsEEE
 .rodata._ZTVN5rover6MotorsE
                0x0000000000800672        0xc ./src/Main.o
                0x0000000000800672                _ZTVN5rover6MotorsE
 .rodata._ZTVN3ros10SubscriberIN5rover7EnabledEEE
                0x000000000080067e        0xc ./src/Main.o
                0x000000000080067e                _ZTVN3ros10SubscriberIN5rover7EnabledEEE
 .rodata._ZTVN3ros10SubscriberIN8std_msgs15UInt8MultiArrayEEE
                0x000000000080068a        0xc ./src/Main.o
                0x000000000080068a                _ZTVN3ros10SubscriberIN8std_msgs15UInt8MultiArrayEEE
 .rodata._ZTV14HardwareSerial
                0x0000000000800696       0x12 /home/rbtying/robot/firmware/Arduino-2560/Debug/libArduino.a(HardwareSerial.o)
                0x0000000000800696                _ZTV14HardwareSerial
 *(.gnu.linkonce.d*)
                0x00000000008006a8                . = ALIGN (0x2)
                0x00000000008006a8                _edata = .
                0x00000000008006a8                PROVIDE (__data_end, .)

.bss            0x00000000008006a8      0xb0d
                0x00000000008006a8                PROVIDE (__bss_start, .)
 *(.bss)
 *(.bss*)
 .bss._ZN11FlexiTimer210time_unitsE
                0x00000000008006a8        0x4 ./src/lib/utilities/FlexiTimer2.o
                0x00000000008006a8                _ZN11FlexiTimer210time_unitsE
 .bss._ZN11FlexiTimer24funcE
                0x00000000008006ac        0x2 ./src/lib/utilities/FlexiTimer2.o
                0x00000000008006ac                _ZN11FlexiTimer24funcE
 .bss._ZN11FlexiTimer25countE
                0x00000000008006ae        0x4 ./src/lib/utilities/FlexiTimer2.o
                0x00000000008006ae                _ZN11FlexiTimer25countE
 .bss._ZN11FlexiTimer211overflowingE
                0x00000000008006b2        0x1 ./src/lib/utilities/FlexiTimer2.o
                0x00000000008006b2                _ZN11FlexiTimer211overflowingE
 .bss._ZN3IMU5timerE
                0x00000000008006b3        0x4 ./src/Main.o
                0x00000000008006b3                _ZN3IMU5timerE
 .bss._ZN3IMU9timer_oldE
                0x00000000008006b7        0x4 ./src/Main.o
                0x00000000008006b7                _ZN3IMU9timer_oldE
 .bss._ZN3IMU2ANE
                0x00000000008006bb        0xc ./src/Main.o
                0x00000000008006bb                _ZN3IMU2ANE
 .bss._ZN3IMU9AN_OFFSETE
                0x00000000008006c7        0xc ./src/Main.o
                0x00000000008006c7                _ZN3IMU9AN_OFFSETE
 .bss._ZN3IMU6gyro_xE
                0x00000000008006d3        0x2 ./src/Main.o
                0x00000000008006d3                _ZN3IMU6gyro_xE
 .bss._ZN3IMU6gyro_yE
                0x00000000008006d5        0x2 ./src/Main.o
                0x00000000008006d5                _ZN3IMU6gyro_yE
 .bss._ZN3IMU6gyro_zE
                0x00000000008006d7        0x2 ./src/Main.o
                0x00000000008006d7                _ZN3IMU6gyro_zE
 .bss._ZN3IMU7accel_xE
                0x00000000008006d9        0x2 ./src/Main.o
                0x00000000008006d9                _ZN3IMU7accel_xE
 .bss._ZN3IMU7accel_yE
                0x00000000008006db        0x2 ./src/Main.o
                0x00000000008006db                _ZN3IMU7accel_yE
 .bss._ZN3IMU7accel_zE
                0x00000000008006dd        0x2 ./src/Main.o
                0x00000000008006dd                _ZN3IMU7accel_zE
 .bss._ZN3IMU10magnetom_xE
                0x00000000008006df        0x2 ./src/Main.o
                0x00000000008006df                _ZN3IMU10magnetom_xE
 .bss._ZN3IMU10magnetom_yE
                0x00000000008006e1        0x2 ./src/Main.o
                0x00000000008006e1                _ZN3IMU10magnetom_yE
 .bss._ZN3IMU10magnetom_zE
                0x00000000008006e3        0x2 ./src/Main.o
                0x00000000008006e3                _ZN3IMU10magnetom_zE
 .bss._ZN3IMU12c_magnetom_xE
                0x00000000008006e5        0x4 ./src/Main.o
                0x00000000008006e5                _ZN3IMU12c_magnetom_xE
 .bss._ZN3IMU12c_magnetom_yE
                0x00000000008006e9        0x4 ./src/Main.o
                0x00000000008006e9                _ZN3IMU12c_magnetom_yE
 .bss._ZN3IMU12c_magnetom_zE
                0x00000000008006ed        0x4 ./src/Main.o
                0x00000000008006ed                _ZN3IMU12c_magnetom_zE
 .bss._ZN3IMU11MAG_HeadingE
                0x00000000008006f1        0x4 ./src/Main.o
                0x00000000008006f1                _ZN3IMU11MAG_HeadingE
 .bss._ZN3IMU12Accel_VectorE
                0x00000000008006f5        0xc ./src/Main.o
                0x00000000008006f5                _ZN3IMU12Accel_VectorE
 .bss._ZN3IMU11Gyro_VectorE
                0x0000000000800701        0xc ./src/Main.o
                0x0000000000800701                _ZN3IMU11Gyro_VectorE
 .bss._ZN3IMU12Omega_VectorE
                0x000000000080070d        0xc ./src/Main.o
                0x000000000080070d                _ZN3IMU12Omega_VectorE
 .bss._ZN3IMU7Omega_PE
                0x0000000000800719        0xc ./src/Main.o
                0x0000000000800719                _ZN3IMU7Omega_PE
 .bss._ZN3IMU7Omega_IE
                0x0000000000800725        0xc ./src/Main.o
                0x0000000000800725                _ZN3IMU7Omega_IE
 .bss._ZN3IMU5OmegaE
                0x0000000000800731        0xc ./src/Main.o
                0x0000000000800731                _ZN3IMU5OmegaE
 .bss._ZN3IMU4rollE
                0x000000000080073d        0x4 ./src/Main.o
                0x000000000080073d                _ZN3IMU4rollE
 .bss._ZN3IMU5pitchE
                0x0000000000800741        0x4 ./src/Main.o
                0x0000000000800741                _ZN3IMU5pitchE
 .bss._ZN3IMU3yawE
                0x0000000000800745        0x4 ./src/Main.o
                0x0000000000800745                _ZN3IMU3yawE
 .bss._ZN3IMU14errorRollPitchE
                0x0000000000800749        0xc ./src/Main.o
                0x0000000000800749                _ZN3IMU14errorRollPitchE
 .bss._ZN3IMU8errorYawE
                0x0000000000800755        0xc ./src/Main.o
                0x0000000000800755                _ZN3IMU8errorYawE
 .bss._ZN3IMU7counterE
                0x0000000000800761        0x2 ./src/Main.o
                0x0000000000800761                _ZN3IMU7counterE
 .bss._ZN3IMU16Temporary_MatrixE
                0x0000000000800763       0x24 ./src/Main.o
                0x0000000000800763                _ZN3IMU16Temporary_MatrixE
 .bss._ZN3IMU4gyroE
                0x0000000000800787        0xc ./src/Main.o
                0x0000000000800787                _ZN3IMU4gyroE
 .bss._ZN3IMU7compassE
                0x0000000000800793       0x32 ./src/Main.o
                0x0000000000800793                _ZN3IMU7compassE
 .bss.nexTime   0x00000000008007c5        0x4 ./src/Main.o
                0x00000000008007c5                nexTime
 .bss.cTime     0x00000000008007c9        0x4 ./src/Main.o
                0x00000000008007c9                cTime
 .bss.ctrl      0x00000000008007cd       0x3c ./src/Main.o
                0x00000000008007cd                ctrl
 .bss.m         0x0000000000800809        0x2 ./src/Main.o
                0x0000000000800809                m
 .bss.motorRelay
                0x000000000080080b        0x5 ./src/Main.o
                0x000000000080080b                motorRelay
 .bss.nh        0x0000000000800810      0x4a5 ./src/Main.o
                0x0000000000800810                nh
 .bss.enablemsg
                0x0000000000800cb5        0x4 ./src/Main.o
                0x0000000000800cb5                enablemsg
 .bss.enablepub
                0x0000000000800cb9        0xa ./src/Main.o
                0x0000000000800cb9                enablepub
 .bss.encdata   0x0000000000800cc3       0x32 ./src/Main.o
                0x0000000000800cc3                encdata
 .bss.encpub    0x0000000000800cf5        0xa ./src/Main.o
                0x0000000000800cf5                encpub
 .bss.batterydata
                0x0000000000800cff       0x1a ./src/Main.o
                0x0000000000800cff                batterydata
 .bss.batterypub
                0x0000000000800d19        0xa ./src/Main.o
                0x0000000000800d19                batterypub
 .bss.imudata   0x0000000000800d23       0x3a ./src/Main.o
                0x0000000000800d23                imudata
 .bss.imupub    0x0000000000800d5d        0xa ./src/Main.o
                0x0000000000800d5d                imupub
 .bss.servodata
                0x0000000000800d67       0x1b ./src/Main.o
                0x0000000000800d67                servodata
 .bss.servopub  0x0000000000800d82        0xa ./src/Main.o
                0x0000000000800d82                servopub
 .bss.seq       0x0000000000800d8c        0x4 ./src/Main.o
                0x0000000000800d8c                seq
 .bss.nextCommTime
                0x0000000000800d90        0x4 ./src/Main.o
                0x0000000000800d90                nextCommTime
 .bss.publishSettingsDump
                0x0000000000800d94        0x1 ./src/Main.o
                0x0000000000800d94                publishSettingsDump
 .bss.drivesub  0x0000000000800d95       0x24 ./src/Main.o
                0x0000000000800d95                drivesub
 .bss.enablesub
                0x0000000000800db9        0xe ./src/Main.o
                0x0000000000800db9                enablesub
 .bss.servosub  0x0000000000800dc7       0x25 ./src/Main.o
                0x0000000000800dc7                servosub
 .bss._ZZN3IMU16Drift_correctionEvE14Scaled_Omega_I
                0x0000000000800dec        0xc ./src/Main.o
 .bss._ZZN3IMU16Drift_correctionEvE14Scaled_Omega_P
                0x0000000000800df8        0xc ./src/Main.o
 .bss.rx_buffer
                0x0000000000800e04       0x84 /home/rbtying/robot/firmware/Arduino-2560/Debug/libArduino.a(HardwareSerial.o)
                0x0000000000800e04                rx_buffer
 .bss.rx_buffer1
                0x0000000000800e88       0x84 /home/rbtying/robot/firmware/Arduino-2560/Debug/libArduino.a(HardwareSerial.o)
                0x0000000000800e88                rx_buffer1
 .bss.rx_buffer2
                0x0000000000800f0c       0x84 /home/rbtying/robot/firmware/Arduino-2560/Debug/libArduino.a(HardwareSerial.o)
                0x0000000000800f0c                rx_buffer2
 .bss.rx_buffer3
                0x0000000000800f90       0x84 /home/rbtying/robot/firmware/Arduino-2560/Debug/libArduino.a(HardwareSerial.o)
                0x0000000000800f90                rx_buffer3
 .bss.Serial    0x0000000000801014       0x13 /home/rbtying/robot/firmware/Arduino-2560/Debug/libArduino.a(HardwareSerial.o)
                0x0000000000801014                Serial
 .bss.Serial1   0x0000000000801027       0x13 /home/rbtying/robot/firmware/Arduino-2560/Debug/libArduino.a(HardwareSerial.o)
                0x0000000000801027                Serial1
 .bss.Serial2   0x000000000080103a       0x13 /home/rbtying/robot/firmware/Arduino-2560/Debug/libArduino.a(HardwareSerial.o)
                0x000000000080103a                Serial2
 .bss.Serial3   0x000000000080104d       0x13 /home/rbtying/robot/firmware/Arduino-2560/Debug/libArduino.a(HardwareSerial.o)
                0x000000000080104d                Serial3
 .bss.timer0_overflow_count
                0x0000000000801060        0x4 /home/rbtying/robot/firmware/Arduino-2560/Debug/libArduino.a(wiring.o)
                0x0000000000801060                timer0_overflow_count
 .bss.timer0_millis
                0x0000000000801064        0x4 /home/rbtying/robot/firmware/Arduino-2560/Debug/libArduino.a(wiring.o)
                0x0000000000801064                timer0_millis
 .bss.timer0_fract
                0x0000000000801068        0x1 /home/rbtying/robot/firmware/Arduino-2560/Debug/libArduino.a(wiring.o)
 .bss._ZN7TwoWire8rxBufferE
                0x0000000000801069       0x20 /home/rbtying/robot/firmware/Arduino-2560/Debug/libArduino.a(Wire.o)
                0x0000000000801069                _ZN7TwoWire8rxBufferE
 .bss._ZN7TwoWire13rxBufferIndexE
                0x0000000000801089        0x1 /home/rbtying/robot/firmware/Arduino-2560/Debug/libArduino.a(Wire.o)
                0x0000000000801089                _ZN7TwoWire13rxBufferIndexE
 .bss._ZN7TwoWire14rxBufferLengthE
                0x000000000080108a        0x1 /home/rbtying/robot/firmware/Arduino-2560/Debug/libArduino.a(Wire.o)
                0x000000000080108a                _ZN7TwoWire14rxBufferLengthE
 .bss._ZN7TwoWire9txAddressE
                0x000000000080108b        0x1 /home/rbtying/robot/firmware/Arduino-2560/Debug/libArduino.a(Wire.o)
                0x000000000080108b                _ZN7TwoWire9txAddressE
 .bss._ZN7TwoWire8txBufferE
                0x000000000080108c       0x20 /home/rbtying/robot/firmware/Arduino-2560/Debug/libArduino.a(Wire.o)
                0x000000000080108c                _ZN7TwoWire8txBufferE
 .bss._ZN7TwoWire13txBufferIndexE
                0x00000000008010ac        0x1 /home/rbtying/robot/firmware/Arduino-2560/Debug/libArduino.a(Wire.o)
                0x00000000008010ac                _ZN7TwoWire13txBufferIndexE
 .bss._ZN7TwoWire14txBufferLengthE
                0x00000000008010ad        0x1 /home/rbtying/robot/firmware/Arduino-2560/Debug/libArduino.a(Wire.o)
                0x00000000008010ad                _ZN7TwoWire14txBufferLengthE
 .bss._ZN7TwoWire12transmittingE
                0x00000000008010ae        0x1 /home/rbtying/robot/firmware/Arduino-2560/Debug/libArduino.a(Wire.o)
                0x00000000008010ae                _ZN7TwoWire12transmittingE
 .bss.Wire      0x00000000008010af        0x1 /home/rbtying/robot/firmware/Arduino-2560/Debug/libArduino.a(Wire.o)
                0x00000000008010af                Wire
 .bss.ServoCount
                0x00000000008010b0        0x1 /home/rbtying/robot/firmware/Arduino-2560/Debug/libArduino.a(Servo.o)
                0x00000000008010b0                ServoCount
 .bss._ZL6servos
                0x00000000008010b1       0x90 /home/rbtying/robot/firmware/Arduino-2560/Debug/libArduino.a(Servo.o)
 .bss._ZL7Channel
                0x0000000000801141        0x4 /home/rbtying/robot/firmware/Arduino-2560/Debug/libArduino.a(Servo.o)
 .bss.twi_slarw
                0x0000000000801145        0x1 /home/rbtying/robot/firmware/Arduino-2560/Debug/libArduino.a(twi.o)
 .bss.twi_masterBufferIndex
                0x0000000000801146        0x1 /home/rbtying/robot/firmware/Arduino-2560/Debug/libArduino.a(twi.o)
 .bss.twi_masterBufferLength
                0x0000000000801147        0x1 /home/rbtying/robot/firmware/Arduino-2560/Debug/libArduino.a(twi.o)
 .bss.twi_masterBuffer
                0x0000000000801148       0x20 /home/rbtying/robot/firmware/Arduino-2560/Debug/libArduino.a(twi.o)
 .bss.twi_error
                0x0000000000801168        0x1 /home/rbtying/robot/firmware/Arduino-2560/Debug/libArduino.a(twi.o)
 .bss.twi_state
                0x0000000000801169        0x1 /home/rbtying/robot/firmware/Arduino-2560/Debug/libArduino.a(twi.o)
 .bss.twi_rxBufferIndex
                0x000000000080116a        0x1 /home/rbtying/robot/firmware/Arduino-2560/Debug/libArduino.a(twi.o)
 .bss.twi_rxBuffer
                0x000000000080116b       0x20 /home/rbtying/robot/firmware/Arduino-2560/Debug/libArduino.a(twi.o)
 .bss.twi_onSlaveReceive
                0x000000000080118b        0x2 /home/rbtying/robot/firmware/Arduino-2560/Debug/libArduino.a(twi.o)
 .bss.twi_txBufferIndex
                0x000000000080118d        0x1 /home/rbtying/robot/firmware/Arduino-2560/Debug/libArduino.a(twi.o)
 .bss.twi_txBufferLength
                0x000000000080118e        0x1 /home/rbtying/robot/firmware/Arduino-2560/Debug/libArduino.a(twi.o)
 .bss.twi_onSlaveTransmit
                0x000000000080118f        0x2 /home/rbtying/robot/firmware/Arduino-2560/Debug/libArduino.a(twi.o)
 .bss.twi_txBuffer
                0x0000000000801191       0x20 /home/rbtying/robot/firmware/Arduino-2560/Debug/libArduino.a(twi.o)
 *(COMMON)
 COMMON         0x00000000008011b1        0x4 /usr/lib/gcc/avr/4.5.3/../../../avr/lib/avr6/libc.a(malloc.o)
                0x00000000008011b1                __brkval
                0x00000000008011b3                __flp
                0x00000000008011b5                PROVIDE (__bss_end, .)
                0x000000000000836e                __data_load_start = LOADADDR (.data)
                0x0000000000008816                __data_load_end = (__data_load_start + SIZEOF (.data))

.noinit         0x00000000008011b5        0x0
                0x00000000008011b5                PROVIDE (__noinit_start, .)
 *(.noinit*)
                0x00000000008011b5                PROVIDE (__noinit_end, .)
                0x00000000008011b5                _end = .
                0x00000000008011b5                PROVIDE (__heap_start, .)

.eeprom         0x0000000000810000        0x0
 *(.eeprom*)
                0x0000000000810000                __eeprom_end = .

.fuse
 *(.fuse)
 *(.lfuse)
 *(.hfuse)
 *(.efuse)

.lock
 *(.lock*)

.signature
 *(.signature*)

.stab           0x0000000000000000     0x5ee0
 *(.stab)
 .stab          0x0000000000000000      0x6e4 /usr/lib/gcc/avr/4.5.3/../../../avr/lib/avr6/crtm2560.o
 .stab          0x00000000000006e4      0x750 /usr/lib/gcc/avr/4.5.3/../../../avr/lib/avr6/libc.a(malloc.o)
                                        0x75c (size before relaxing)
 .stab          0x0000000000000e34      0x12c /usr/lib/gcc/avr/4.5.3/../../../avr/lib/avr6/libc.a(random.o)
                                        0x330 (size before relaxing)
 .stab          0x0000000000000f60      0x3cc /usr/lib/gcc/avr/4.5.3/../../../avr/lib/avr6/libc.a(realloc.o)
                                        0x5c4 (size before relaxing)
 .stab          0x000000000000132c       0x30 /usr/lib/gcc/avr/4.5.3/../../../avr/lib/avr6/libc.a(exit.o)
                                         0x3c (size before relaxing)
 .stab          0x000000000000135c       0x18 /usr/lib/gcc/avr/4.5.3/../../../avr/lib/avr6/libc.a(isspace.o)
                                         0xa8 (size before relaxing)
 .stab          0x0000000000001374       0x18 /usr/lib/gcc/avr/4.5.3/../../../avr/lib/avr6/libc.a(tolower.o)
                                         0xa8 (size before relaxing)
 .stab          0x000000000000138c       0x18 /usr/lib/gcc/avr/4.5.3/../../../avr/lib/avr6/libc.a(toupper.o)
                                         0xa8 (size before relaxing)
 .stab          0x00000000000013a4       0x84 /usr/lib/gcc/avr/4.5.3/../../../avr/lib/avr6/libc.a(memcpy.o)
                                         0x90 (size before relaxing)
 .stab          0x0000000000001428       0x9c /usr/lib/gcc/avr/4.5.3/../../../avr/lib/avr6/libc.a(strcat.o)
                                         0xa8 (size before relaxing)
 .stab          0x00000000000014c4       0x9c /usr/lib/gcc/avr/4.5.3/../../../avr/lib/avr6/libc.a(strchr.o)
                                         0xa8 (size before relaxing)
 .stab          0x0000000000001560       0x84 /usr/lib/gcc/avr/4.5.3/../../../avr/lib/avr6/libc.a(strcmp.o)
                                         0x90 (size before relaxing)
 .stab          0x00000000000015e4       0x6c /usr/lib/gcc/avr/4.5.3/../../../avr/lib/avr6/libc.a(strcpy.o)
                                         0x78 (size before relaxing)
 .stab          0x0000000000001650       0xc0 /usr/lib/gcc/avr/4.5.3/../../../avr/lib/avr6/libc.a(strncmp.o)
                                         0xcc (size before relaxing)
 .stab          0x0000000000001710       0xcc /usr/lib/gcc/avr/4.5.3/../../../avr/lib/avr6/libc.a(strncpy.o)
                                         0xd8 (size before relaxing)
 .stab          0x00000000000017dc       0x9c /usr/lib/gcc/avr/4.5.3/../../../avr/lib/avr6/libc.a(strrchr.o)
                                         0xa8 (size before relaxing)
 .stab          0x0000000000001878      0x150 /usr/lib/gcc/avr/4.5.3/../../../avr/lib/avr6/libc.a(strstr.o)
                                        0x15c (size before relaxing)
 .stab          0x00000000000019c8       0x18 /usr/lib/gcc/avr/4.5.3/../../../avr/lib/avr6/libc.a(itoa.o)
                                        0x1bc (size before relaxing)
 .stab          0x00000000000019e0       0x18 /usr/lib/gcc/avr/4.5.3/../../../avr/lib/avr6/libc.a(ltoa.o)
                                        0x2a0 (size before relaxing)
 .stab          0x00000000000019f8       0x18 /usr/lib/gcc/avr/4.5.3/../../../avr/lib/avr6/libc.a(ultoa.o)
                                        0x1ec (size before relaxing)
 .stab          0x0000000000001a10       0x78 /usr/lib/gcc/avr/4.5.3/../../../avr/lib/avr6/libc.a(addsf3.o)
                                         0x84 (size before relaxing)
 .stab          0x0000000000001a88      0x4bc /usr/lib/gcc/avr/4.5.3/../../../avr/lib/avr6/libc.a(addsf3x.o)
                                        0x4c8 (size before relaxing)
 .stab          0x0000000000001f44      0x144 /usr/lib/gcc/avr/4.5.3/../../../avr/lib/avr6/libc.a(asin.o)
                                        0x150 (size before relaxing)
 .stab          0x0000000000002088      0x2f4 /usr/lib/gcc/avr/4.5.3/../../../avr/lib/avr6/libc.a(atan2.o)
                                        0x300 (size before relaxing)
 .stab          0x000000000000237c      0x210 /usr/lib/gcc/avr/4.5.3/../../../avr/lib/avr6/libc.a(atan.o)
                                        0x21c (size before relaxing)
 .stab          0x000000000000258c       0x90 /usr/lib/gcc/avr/4.5.3/../../../avr/lib/avr6/libc.a(cmpsf2.o)
                                         0x9c (size before relaxing)
 .stab          0x000000000000261c       0x54 /usr/lib/gcc/avr/4.5.3/../../../avr/lib/avr6/libc.a(cos.o)
                                         0x60 (size before relaxing)
 .stab          0x0000000000002670       0x48 /usr/lib/gcc/avr/4.5.3/../../../avr/lib/avr6/libc.a(divsf3.o)
                                         0x54 (size before relaxing)
 .stab          0x00000000000026b8      0x510 /usr/lib/gcc/avr/4.5.3/../../../avr/lib/avr6/libc.a(divsf3x.o)
                                        0x51c (size before relaxing)
 .stab          0x0000000000002bc8       0x6c /usr/lib/gcc/avr/4.5.3/../../../avr/lib/avr6/libc.a(fixsfsi.o)
                                         0x78 (size before relaxing)
 .stab          0x0000000000002c34      0x240 /usr/lib/gcc/avr/4.5.3/../../../avr/lib/avr6/libc.a(fixunssfsi.o)
                                        0x24c (size before relaxing)
 .stab          0x0000000000002e74      0x318 /usr/lib/gcc/avr/4.5.3/../../../avr/lib/avr6/libc.a(floatsisf.o)
                                        0x324 (size before relaxing)
 .stab          0x000000000000318c      0x174 /usr/lib/gcc/avr/4.5.3/../../../avr/lib/avr6/libc.a(fp_arccos.o)
                                        0x180 (size before relaxing)
 .stab          0x0000000000003300      0x1e0 /usr/lib/gcc/avr/4.5.3/../../../avr/lib/avr6/libc.a(fp_cmp.o)
                                        0x1ec (size before relaxing)
 .stab          0x00000000000034e0       0x78 /usr/lib/gcc/avr/4.5.3/../../../avr/lib/avr6/libc.a(fp_inf.o)
                                         0x84 (size before relaxing)
 .stab          0x0000000000003558       0x54 /usr/lib/gcc/avr/4.5.3/../../../avr/lib/avr6/libc.a(fp_nan.o)
                                         0x60 (size before relaxing)
 .stab          0x00000000000035ac      0x1ec /usr/lib/gcc/avr/4.5.3/../../../avr/lib/avr6/libc.a(fp_powser.o)
                                        0x1f8 (size before relaxing)
 .stab          0x0000000000003798       0xfc /usr/lib/gcc/avr/4.5.3/../../../avr/lib/avr6/libc.a(fp_powsodd.o)
                                        0x108 (size before relaxing)
 .stab          0x0000000000003894       0x84 /usr/lib/gcc/avr/4.5.3/../../../avr/lib/avr6/libc.a(fp_pscA.o)
                                         0x90 (size before relaxing)
 .stab          0x0000000000003918       0x84 /usr/lib/gcc/avr/4.5.3/../../../avr/lib/avr6/libc.a(fp_pscB.o)
                                         0x90 (size before relaxing)
 .stab          0x000000000000399c      0x21c /usr/lib/gcc/avr/4.5.3/../../../avr/lib/avr6/libc.a(fp_rempio2.o)
                                        0x228 (size before relaxing)
 .stab          0x0000000000003bb8       0xfc /usr/lib/gcc/avr/4.5.3/../../../avr/lib/avr6/libc.a(fp_round.o)
                                        0x108 (size before relaxing)
 .stab          0x0000000000003cb4       0xfc /usr/lib/gcc/avr/4.5.3/../../../avr/lib/avr6/libc.a(fp_sinus.o)
                                        0x108 (size before relaxing)
 .stab          0x0000000000003db0      0x1d4 /usr/lib/gcc/avr/4.5.3/../../../avr/lib/avr6/libc.a(fp_split3.o)
                                        0x1e0 (size before relaxing)
 .stab          0x0000000000003f84       0x90 /usr/lib/gcc/avr/4.5.3/../../../avr/lib/avr6/libc.a(fp_zero.o)
                                         0x9c (size before relaxing)
 .stab          0x0000000000004014       0x6c /usr/lib/gcc/avr/4.5.3/../../../avr/lib/avr6/libc.a(gesf2.o)
                                         0x78 (size before relaxing)
 .stab          0x0000000000004080       0x84 /usr/lib/gcc/avr/4.5.3/../../../avr/lib/avr6/libc.a(inverse.o)
                                         0x90 (size before relaxing)
 .stab          0x0000000000004104       0x48 /usr/lib/gcc/avr/4.5.3/../../../avr/lib/avr6/libc.a(mulsf3.o)
                                         0x54 (size before relaxing)
 .stab          0x000000000000414c      0x4d4 /usr/lib/gcc/avr/4.5.3/../../../avr/lib/avr6/libc.a(mulsf3x.o)
                                        0x4e0 (size before relaxing)
 .stab          0x0000000000004620      0x3c0 /usr/lib/gcc/avr/4.5.3/../../../avr/lib/avr6/libc.a(pow.o)
                                        0x3cc (size before relaxing)
 .stab          0x00000000000049e0      0x1b0 /usr/lib/gcc/avr/4.5.3/../../../avr/lib/avr6/libc.a(round.o)
                                        0x1bc (size before relaxing)
 .stab          0x0000000000004b90       0x78 /usr/lib/gcc/avr/4.5.3/../../../avr/lib/avr6/libc.a(sin.o)
                                         0x84 (size before relaxing)
 .stab          0x0000000000004c08      0x354 /usr/lib/gcc/avr/4.5.3/../../../avr/lib/avr6/libc.a(sqrt.o)
                                        0x360 (size before relaxing)
 .stab          0x0000000000004f5c       0x54 /usr/lib/gcc/avr/4.5.3/../../../avr/lib/avr6/libc.a(square.o)
                                         0x60 (size before relaxing)
 .stab          0x0000000000004fb0       0x18 /usr/lib/gcc/avr/4.5.3/../../../avr/lib/avr6/libc.a(cty_isfalse.o)
                                         0x6c (size before relaxing)
 .stab          0x0000000000004fc8       0xd8 /usr/lib/gcc/avr/4.5.3/../../../avr/lib/avr6/libc.a(strrev.o)
                                         0xe4 (size before relaxing)
 .stab          0x00000000000050a0      0x288 /usr/lib/gcc/avr/4.5.3/../../../avr/lib/avr6/libc.a(exp.o)
                                        0x294 (size before relaxing)
 .stab          0x0000000000005328      0x174 /usr/lib/gcc/avr/4.5.3/../../../avr/lib/avr6/libc.a(fp_mintl.o)
                                        0x180 (size before relaxing)
 .stab          0x000000000000549c       0xe4 /usr/lib/gcc/avr/4.5.3/../../../avr/lib/avr6/libc.a(fp_mpack.o)
                                         0xf0 (size before relaxing)
 .stab          0x0000000000005580       0x84 /usr/lib/gcc/avr/4.5.3/../../../avr/lib/avr6/libc.a(fp_norm2.o)
                                         0x90 (size before relaxing)
 .stab          0x0000000000005604      0x2c4 /usr/lib/gcc/avr/4.5.3/../../../avr/lib/avr6/libc.a(ldexp.o)
                                        0x2d0 (size before relaxing)
 .stab          0x00000000000058c8      0x378 /usr/lib/gcc/avr/4.5.3/../../../avr/lib/avr6/libc.a(log.o)
                                        0x384 (size before relaxing)
 .stab          0x0000000000005c40      0x2a0 /usr/lib/gcc/avr/4.5.3/../../../avr/lib/avr6/libc.a(modf.o)
                                        0x2ac (size before relaxing)

.stabstr        0x0000000000000000     0x13de
 *(.stabstr)
 .stabstr       0x0000000000000000     0x13de /usr/lib/gcc/avr/4.5.3/../../../avr/lib/avr6/crtm2560.o

.stab.excl
 *(.stab.excl)

.stab.exclstr
 *(.stab.exclstr)

.stab.index
 *(.stab.index)

.stab.indexstr
 *(.stab.indexstr)

.comment
 *(.comment)

.debug
 *(.debug)

.line
 *(.line)

.debug_srcinfo
 *(.debug_srcinfo)

.debug_sfnames
 *(.debug_sfnames)

.debug_aranges
 *(.debug_aranges)

.debug_pubnames
 *(.debug_pubnames)

.debug_info
 *(.debug_info)
 *(.gnu.linkonce.wi.*)

.debug_abbrev
 *(.debug_abbrev)

.debug_line
 *(.debug_line)

.debug_frame
 *(.debug_frame)

.debug_str
 *(.debug_str)

.debug_loc
 *(.debug_loc)

.debug_macinfo
 *(.debug_macinfo)
OUTPUT(ROS_mega.elf elf32-avr)
LOAD linker stubs

Cross Reference Table

Symbol                                            File
ArduinoHardware::init()                           ./src/Main.o
Battery::Battery()                                ./src/lib/sensors/Battery.o
                                                  ./src/Main.o
Battery::Battery()                                ./src/lib/sensors/Battery.o
Battery::Battery(CD74HC4067*, unsigned char, unsigned char) ./src/lib/sensors/Battery.o
Battery::Battery(CD74HC4067*, unsigned char, unsigned char) ./src/lib/sensors/Battery.o
Battery::Battery(unsigned char, unsigned char)    ./src/lib/sensors/Battery.o
Battery::Battery(unsigned char, unsigned char)    ./src/lib/sensors/Battery.o
Battery::getCurrent()                             ./src/lib/sensors/Battery.o
                                                  ./src/Main.o
Battery::getVoltage()                             ./src/lib/sensors/Battery.o
                                                  ./src/Main.o
Battery::set(CD74HC4067*, unsigned char, unsigned char) ./src/lib/sensors/Battery.o
                                                  ./src/Main.o