Archive member included because of file (symbol)

/home/rbtying/robot/firmware/Arduino-2560/Debug/libArduino.a(HardwareSerial.o)
                              ./src/lib/motors/Sabertooth.o (HardwareSerial::begin(long))
/home/rbtying/robot/firmware/Arduino-2560/Debug/libArduino.a(Print.o)
                              ./src/lib/devices/LCD.o (Print::write(char const*))
/home/rbtying/robot/firmware/Arduino-2560/Debug/libArduino.a(WInterrupts.o)
                              ./src/Main.o (attachInterrupt)
/home/rbtying/robot/firmware/Arduino-2560/Debug/libArduino.a(WMath.o)
                              ./src/lib/utilities/RC_CTRL.o (map(long, long, long, long, long))
/home/rbtying/robot/firmware/Arduino-2560/Debug/libArduino.a(WString.o)
                              /home/rbtying/robot/firmware/Arduino-2560/Debug/libArduino.a(Print.o) (String::operator[](unsigned int) const)
/home/rbtying/robot/firmware/Arduino-2560/Debug/libArduino.a(missing.o)
                              ./src/lib/motors/Sabertooth.o (__cxa_pure_virtual)
/home/rbtying/robot/firmware/Arduino-2560/Debug/libArduino.a(pins_arduino.o)
                              ./src/lib/motors/Sabertooth.o (port_to_output_PGM)
/home/rbtying/robot/firmware/Arduino-2560/Debug/libArduino.a(wiring.o)
                              ./src/Controller.o (millis)
/home/rbtying/robot/firmware/Arduino-2560/Debug/libArduino.a(wiring_analog.o)
                              ./src/lib/sensors/rangefinders/MaxSonar.o (analogRead)
/home/rbtying/robot/firmware/Arduino-2560/Debug/libArduino.a(wiring_digital.o)
                              ./src/lib/utilities/RC_CTRL.o (pinMode)
/home/rbtying/robot/firmware/Arduino-2560/Debug/libArduino.a(wiring_pulse.o)
                              ./src/lib/utilities/RC_CTRL.o (pulseIn)
/home/rbtying/robot/firmware/Arduino-2560/Debug/libArduino.a(Servo.o)
                              ./src/lib/motors/ServoMotor.o (Servo::Servo())
/usr/lib/gcc/avr/4.3.5/avr6/libgcc.a(_mulsi3.o)
                              /home/rbtying/robot/firmware/Arduino-2560/Debug/libArduino.a(HardwareSerial.o) (__mulsi3)
/usr/lib/gcc/avr/4.3.5/avr6/libgcc.a(_udivmodqi4.o)
                              /home/rbtying/robot/firmware/Arduino-2560/Debug/libArduino.a(Servo.o) (__udivmodqi4)
/usr/lib/gcc/avr/4.3.5/avr6/libgcc.a(_udivmodhi4.o)
                              ./src/lib/sensors/rangefinders/Ping.o (__udivmodhi4)
/usr/lib/gcc/avr/4.3.5/avr6/libgcc.a(_divmodhi4.o)
                              ./src/lib/sensors/rangefinders/Sharp_IR.o (__divmodhi4)
/usr/lib/gcc/avr/4.3.5/avr6/libgcc.a(_udivmodsi4.o)
                              ./src/lib/sensors/TSL1401.o (__udivmodsi4)
/usr/lib/gcc/avr/4.3.5/avr6/libgcc.a(_divmodsi4.o)
                              /home/rbtying/robot/firmware/Arduino-2560/Debug/libArduino.a(WMath.o) (__divmodsi4)
/usr/lib/gcc/avr/4.3.5/avr6/libgcc.a(_exit.o)
                              /usr/lib/gcc/avr/4.3.5/../../../avr/lib/avr6/crtm2560.o (exit)
/usr/lib/gcc/avr/4.3.5/avr6/libgcc.a(_clear_bss.o)
                              ./src/lib/utilities/FlexiTimer2.o (__do_clear_bss)
/usr/lib/gcc/avr/4.3.5/avr6/libgcc.a(_ctors.o)
                              ./src/Main.o (__do_global_ctors)
/usr/lib/gcc/avr/4.3.5/avr6/libgcc.a(_fixunssfsi.o)
                              ./src/lib/motors/Sabertooth.o (__fixunssfsi)
/usr/lib/gcc/avr/4.3.5/avr6/libgcc.a(_addsub_sf.o)
                              ./src/lib/utilities/PID.o (__subsf3)
/usr/lib/gcc/avr/4.3.5/avr6/libgcc.a(_mul_sf.o)
                              ./src/lib/utilities/FlexiTimer2.o (__mulsf3)
/usr/lib/gcc/avr/4.3.5/avr6/libgcc.a(_div_sf.o)
                              ./src/lib/utilities/FlexiTimer2.o (__divsf3)
/usr/lib/gcc/avr/4.3.5/avr6/libgcc.a(_eq_sf.o)
                              ./src/Main.o (__eqsf2)
/usr/lib/gcc/avr/4.3.5/avr6/libgcc.a(_gt_sf.o)
                              ./src/lib/utilities/PID.o (__gtsf2)
/usr/lib/gcc/avr/4.3.5/avr6/libgcc.a(_ge_sf.o)
                              ./src/Controller.o (__gesf2)
/usr/lib/gcc/avr/4.3.5/avr6/libgcc.a(_lt_sf.o)
                              ./src/lib/utilities/PID.o (__ltsf2)
/usr/lib/gcc/avr/4.3.5/avr6/libgcc.a(_le_sf.o)
                              ./src/Main.o (__lesf2)
/usr/lib/gcc/avr/4.3.5/avr6/libgcc.a(_si_to_sf.o)
                              ./src/lib/sensors/rangefinders/MaxSonar.o (__floatsisf)
/usr/lib/gcc/avr/4.3.5/avr6/libgcc.a(_sf_to_si.o)
                              ./src/lib/utilities/FlexiTimer2.o (__fixsfsi)
/usr/lib/gcc/avr/4.3.5/avr6/libgcc.a(_thenan_sf.o)
                              /usr/lib/gcc/avr/4.3.5/avr6/libgcc.a(_addsub_sf.o) (__thenan_sf)
/usr/lib/gcc/avr/4.3.5/avr6/libgcc.a(_usi_to_sf.o)
                              ./src/lib/sensors/rangefinders/Ping.o (__floatunsisf)
/usr/lib/gcc/avr/4.3.5/avr6/libgcc.a(_prologue.o)
                              /usr/lib/gcc/avr/4.3.5/avr6/libgcc.a(_addsub_sf.o) (__prologue_saves__)
/usr/lib/gcc/avr/4.3.5/avr6/libgcc.a(_epilogue.o)
[...]
Memory Configuration

Name             Origin             Length             Attributes
text             0x0000000000000000 0x0000000000100000 xr
data             0x0000000000800200 0x000000000000fe00 rw !x
eeprom           0x0000000000810000 0x0000000000010000 rw !x
fuse             0x0000000000820000 0x0000000000000400 rw !x
lock             0x0000000000830000 0x0000000000000400 rw !x
signature        0x0000000000840000 0x0000000000000400 rw !x
*default*        0x0000000000000000 0xffffffffffffffff

Linker script and memory map

Address of section .data set to 0x800200
LOAD /usr/lib/gcc/avr/4.3.5/../../../avr/lib/avr6/crtm2560.o
LOAD ./src/lib/utilities/FlexiTimer2.o
LOAD ./src/lib/utilities/PID.o
LOAD ./src/lib/utilities/RC_CTRL.o
LOAD ./src/lib/sensors/rangefinders/MaxSonar.o
LOAD ./src/lib/sensors/rangefinders/Ping.o
LOAD ./src/lib/sensors/rangefinders/Sharp_IR.o
LOAD ./src/lib/sensors/Battery.o
LOAD ./src/lib/sensors/Gyro.o
LOAD ./src/lib/sensors/TSL1401.o
LOAD ./src/lib/motors/Sabertooth.o
LOAD ./src/lib/motors/ServoMotor.o
LOAD ./src/lib/devices/CD74HC4067.o
LOAD ./src/lib/devices/LCD.o
LOAD ./src/Controller.o
LOAD ./src/Main.o
LOAD /home/rbtying/robot/firmware/Arduino-2560/Debug/libArduino.a
LOAD /usr/lib/gcc/avr/4.3.5/avr6/libgcc.a
LOAD /usr/lib/gcc/avr/4.3.5/../../../avr/lib/avr6/libm.a
LOAD /usr/lib/gcc/avr/4.3.5/avr6/libgcc.a
LOAD /usr/lib/gcc/avr/4.3.5/../../../avr/lib/avr6/libc.a
LOAD /usr/lib/gcc/avr/4.3.5/avr6/libgcc.a

.hash
 *(.hash)

.dynsym
 *(.dynsym)

.dynstr
 *(.dynstr)

.gnu.version
 *(.gnu.version)

.gnu.version_d
 *(.gnu.version_d)

.gnu.version_r
 *(.gnu.version_r)

.rel.init
 *(.rel.init)

.rela.init
 *(.rela.init)

.rel.text
 *(.rel.text)
 *(.rel.text.*)
 *(.rel.gnu.linkonce.t*)

.rela.text
 *(.rela.text)
 *(.rela.text.*)
 *(.rela.gnu.linkonce.t*)

.rel.fini
 *(.rel.fini)

.rela.fini
 *(.rela.fini)

.rel.rodata
 *(.rel.rodata)
 *(.rel.rodata.*)
 *(.rel.gnu.linkonce.r*)

.rela.rodata
 *(.rela.rodata)
 *(.rela.rodata.*)
 *(.rela.gnu.linkonce.r*)

.rel.data
 *(.rel.data)
 *(.rel.data.*)
 *(.rel.gnu.linkonce.d*)

.rela.data
 *(.rela.data)
 *(.rela.data.*)
 *(.rela.gnu.linkonce.d*)

.rel.ctors
 *(.rel.ctors)

.rela.ctors
 *(.rela.ctors)

.rel.dtors
 *(.rel.dtors)

.rela.dtors
 *(.rela.dtors)

.rel.got
 *(.rel.got)

.rela.got
 *(.rela.got)

.rel.bss
 *(.rel.bss)

.rela.bss
 *(.rela.bss)

.rel.plt
 *(.rel.plt)

.rela.plt
 *(.rela.plt)

.text           0x0000000000000000     0x567c
 *(.vectors)
 .vectors       0x0000000000000000       0xe4 /usr/lib/gcc/avr/4.3.5/../../../avr/lib/avr6/crtm2560.o
                0x0000000000000000                __vectors
                0x0000000000000000                __vector_default
 *(.vectors)
 *(.progmem.gcc*)
 *(.progmem*)
 .progmem.data  0x00000000000000e4      0x120 /home/rbtying/robot/firmware/Arduino-2560/Debug/libArduino.a(pins_arduino.o)
                0x00000000000000e4                port_to_mode_PGM
                0x00000000000000fe                port_to_output_PGM
                0x0000000000000118                port_to_input_PGM
                0x0000000000000132                digital_pin_to_port_PGM
                0x0000000000000178                digital_pin_to_bit_mask_PGM
                0x00000000000001be                digital_pin_to_timer_PGM
                0x0000000000000204                . = ALIGN (0x2)
                0x0000000000000204                __trampolines_start = .
 *(.trampolines)
 .trampolines   0x0000000000000204        0x0 linker stubs
 *(.trampolines*)
                0x0000000000000204                __trampolines_end = .
 *(.jumptables)
 *(.jumptables*)
 *(.lowtext)
 *(.lowtext*)
                0x0000000000000204                __ctors_start = .
 *(.ctors)
 .ctors         0x0000000000000204        0x2 ./src/Main.o
 .ctors         0x0000000000000206        0x2 /home/rbtying/robot/firmware/Arduino-2560/Debug/libArduino.a(HardwareSerial.o)
                0x0000000000000208                __ctors_end = .
                0x0000000000000208                __dtors_start = .
 *(.dtors)
                0x0000000000000208                __dtors_end = .
 SORT(*)(.ctors)
 SORT(*)(.dtors)
 *(.init0)
 .init0         0x0000000000000208        0x0 /usr/lib/gcc/avr/4.3.5/../../../avr/lib/avr6/crtm2560.o
                0x0000000000000208                __init
 *(.init0)
 *(.init1)
 *(.init1)
 *(.init2)
 .init2         0x0000000000000208       0x10 /usr/lib/gcc/avr/4.3.5/../../../avr/lib/avr6/crtm2560.o
 *(.init2)
 *(.init3)
 *(.init3)
 *(.init4)
 .init4         0x0000000000000218       0x1a /usr/lib/gcc/avr/4.3.5/../../../avr/lib/avr6/crtm2560.o
                0x0000000000000218                __do_copy_data
 .init4         0x0000000000000232       0x10 /usr/lib/gcc/avr/4.3.5/avr6/libgcc.a(_clear_bss.o)
                0x0000000000000232                __do_clear_bss
 *(.init4)
 *(.init5)
 *(.init5)
 *(.init6)
 .init6         0x0000000000000242       0x16 /usr/lib/gcc/avr/4.3.5/avr6/libgcc.a(_ctors.o)
                0x0000000000000242                __do_global_ctors
 *(.init6)
 *(.init7)
 *(.init7)
 *(.init8)
 *(.init8)
 *(.init9)
 .init9         0x0000000000000258        0x8 /usr/lib/gcc/avr/4.3.5/../../../avr/lib/avr6/crtm2560.o
 *(.init9)
 *(.text)
 .text          0x0000000000000260        0x4 /usr/lib/gcc/avr/4.3.5/../../../avr/lib/avr6/crtm2560.o
                0x0000000000000260                __vector_38
                0x0000000000000260                __vector_22
                0x0000000000000260                __vector_28
                0x0000000000000260                __vector_34
                0x0000000000000260                __vector_24
                0x0000000000000260                __vector_12
                0x0000000000000260                __vector_55
                0x0000000000000260                __vector_46
                0x0000000000000260                __bad_interrupt
                0x0000000000000260                __vector_31
                0x0000000000000260                __vector_35
                0x0000000000000260                __vector_39
                0x0000000000000260                __vector_30
                0x0000000000000260                __vector_45
                0x0000000000000260                __vector_11
                0x0000000000000260                __vector_13
                0x0000000000000260                __vector_19
                0x0000000000000260                __vector_56
                0x0000000000000260                __vector_49
                0x0000000000000260                __vector_41
                0x0000000000000260                __vector_43
                0x0000000000000260                __vector_27
                0x0000000000000260                __vector_33
                0x0000000000000260                __vector_52
                0x0000000000000260                __vector_37
                0x0000000000000260                __vector_44
                0x0000000000000260                __vector_9
                0x0000000000000260                __vector_21
                0x0000000000000260                __vector_29
                0x0000000000000260                __vector_40
                0x0000000000000260                __vector_26
                0x0000000000000260                __vector_48
                0x0000000000000260                __vector_14
                0x0000000000000260                __vector_53
                0x0000000000000260                __vector_10
                0x0000000000000260                __vector_50
                0x0000000000000260                __vector_16
                0x0000000000000260                __vector_18
                0x0000000000000260                __vector_20
 .text          0x0000000000000264       0x58 /usr/lib/gcc/avr/4.3.5/avr6/libgcc.a(_fixunssfsi.o)
                0x0000000000000264                __fixunssfsi
 .text          0x00000000000002bc      0x354 /usr/lib/gcc/avr/4.3.5/avr6/libgcc.a(_addsub_sf.o)
                0x0000000000000554                __subsf3
                0x00000000000005b6                __addsf3
 .text          0x0000000000000610      0x1f4 /usr/lib/gcc/avr/4.3.5/avr6/libgcc.a(_mul_sf.o)
                0x0000000000000610                __mulsf3
 .text          0x0000000000000804      0x158 /usr/lib/gcc/avr/4.3.5/avr6/libgcc.a(_div_sf.o)
                0x0000000000000804                __divsf3
 .text          0x000000000000095c       0x60 /usr/lib/gcc/avr/4.3.5/avr6/libgcc.a(_eq_sf.o)
                0x000000000000095c                __eqsf2
 .text          0x00000000000009bc       0x60 /usr/lib/gcc/avr/4.3.5/avr6/libgcc.a(_gt_sf.o)
                0x00000000000009bc                __gtsf2
 .text          0x0000000000000a1c       0x60 /usr/lib/gcc/avr/4.3.5/avr6/libgcc.a(_ge_sf.o)
                0x0000000000000a1c                __gesf2
 .text          0x0000000000000a7c       0x60 /usr/lib/gcc/avr/4.3.5/avr6/libgcc.a(_lt_sf.o)
                0x0000000000000a7c                __ltsf2
 .text          0x0000000000000adc       0x60 /usr/lib/gcc/avr/4.3.5/avr6/libgcc.a(_le_sf.o)
                0x0000000000000adc                __lesf2
 .text          0x0000000000000b3c       0xbc /usr/lib/gcc/avr/4.3.5/avr6/libgcc.a(_si_to_sf.o)
                0x0000000000000b3c                __floatsisf
 .text          0x0000000000000bf8       0xa8 /usr/lib/gcc/avr/4.3.5/avr6/libgcc.a(_sf_to_si.o)
                0x0000000000000bf8                __fixsfsi
 .text          0x0000000000000ca0       0xf2 /usr/lib/gcc/avr/4.3.5/avr6/libgcc.a(_usi_to_sf.o)
                0x0000000000000ca0                __floatunsisf
 .text          0x0000000000000d92       0x9e /usr/lib/gcc/avr/4.3.5/avr6/libgcc.a(_clzsi2.o)
                0x0000000000000d92                __clzsi2
 .text          0x0000000000000e30      0x1ac /usr/lib/gcc/avr/4.3.5/avr6/libgcc.a(_pack_sf.o)
                0x0000000000000e30                __pack_f
 .text          0x0000000000000fdc       0xf0 /usr/lib/gcc/avr/4.3.5/avr6/libgcc.a(_unpack_sf.o)
                0x0000000000000fdc                __unpack_f
 .text          0x00000000000010cc       0xb2 /usr/lib/gcc/avr/4.3.5/avr6/libgcc.a(_fpcmp_parts_sf.o)
                0x00000000000010cc                __fpcmp_parts_f
                0x000000000000117e                . = ALIGN (0x2)
 *(.text.*)
 .text._ZN11FlexiTimer29_overflowEv
                0x000000000000117e       0x7e ./src/lib/utilities/FlexiTimer2.o
                0x000000000000117e                FlexiTimer2::_overflow()
 .text.__vector_15
                0x00000000000011fc       0x50 ./src/lib/utilities/FlexiTimer2.o
                0x00000000000011fc                __vector_15
 .text._ZN3PIDC1EP10PID_params
                0x000000000000124c        0x8 ./src/lib/utilities/PID.o
                0x000000000000124c                PID::PID(PID_params*)
 .text._ZN3PID8setInputEd
                0x0000000000001254       0x12 ./src/lib/utilities/PID.o
                0x0000000000001254                PID::setInput(double)
 .text._ZN3PID9getOutputEv
                0x0000000000001266       0x16 ./src/lib/utilities/PID.o
                0x0000000000001266                PID::getOutput()
 .text._ZN3PID7processEd
                0x000000000000127c      0x134 ./src/lib/utilities/PID.o
                0x000000000000127c                PID::process(double)
 .text._ZN7Battery10getCurrentEv
                0x00000000000013b0       0x32 ./src/lib/sensors/Battery.o
                0x00000000000013b0                Battery::getCurrent()
 .text._ZN7Battery10getVoltageEv
                0x00000000000013e2       0x32 ./src/lib/sensors/Battery.o
                0x00000000000013e2                Battery::getVoltage()
 .text._ZN7Battery3setEP10CD74HC4067hh
                0x0000000000001414       0x50 ./src/lib/sensors/Battery.o
                0x0000000000001414                Battery::set(CD74HC4067*, unsigned char, unsigned char)
 .text._ZN7BatteryC1Ehh
                0x0000000000001464       0x10 ./src/lib/sensors/Battery.o
                0x0000000000001464                Battery::Battery(unsigned char, unsigned char)
 .text._ZN7BatteryC1Ev
                0x0000000000001474       0x2a ./src/lib/sensors/Battery.o
                0x0000000000001474                Battery::Battery()
 .text._ZN4GyroC1EP10CD74HC4067hhf
                0x000000000000149e       0x28 ./src/lib/sensors/Gyro.o
                0x000000000000149e                Gyro::Gyro(CD74HC4067*, unsigned char, unsigned char, float)
 .text._ZN4Gyro8getValueEv
                0x00000000000014c6       0x6a ./src/lib/sensors/Gyro.o
                0x00000000000014c6                Gyro::getValue()
 .text._ZN4Gyro6updateEP9gyro_dataf
                0x0000000000001530       0x52 ./src/lib/sensors/Gyro.o
                0x0000000000001530                Gyro::update(gyro_data*, float)
 .text._ZN4Gyro9calibrateEjb
                0x0000000000001582      0x186 ./src/lib/sensors/Gyro.o
                0x0000000000001582                Gyro::calibrate(unsigned int, bool)
 .text._ZN10Sabertooth5resetEv
                0x0000000000001708       0x16 ./src/lib/motors/Sabertooth.o
                0x0000000000001708                Sabertooth::reset()
 .text._ZN10Sabertooth10sendPacketEhh
                0x000000000000171e       0x70 ./src/lib/motors/Sabertooth.o
                0x000000000000171e                Sabertooth::sendPacket(unsigned char, unsigned char)
 .text._ZN10Sabertooth13setMotorSpeedEhh
                0x000000000000178e        0xa ./src/lib/motors/Sabertooth.o
                0x000000000000178e                Sabertooth::setMotorSpeed(unsigned char, unsigned char)
 .text._ZN10Sabertooth10setM1SpeedEa
                0x0000000000001798       0x28 ./src/lib/motors/Sabertooth.o
                0x0000000000001798                Sabertooth::setM1Speed(signed char)
 .text._ZN10Sabertooth10setM2SpeedEa
                0x00000000000017c0       0x28 ./src/lib/motors/Sabertooth.o
                0x00000000000017c0                Sabertooth::setM2Speed(signed char)
 .text._ZN10Sabertooth8setSpeedEaa
                0x00000000000017e8       0x2c ./src/lib/motors/Sabertooth.o
                0x00000000000017e8                Sabertooth::setSpeed(signed char, signed char)
 .text._ZN10Sabertooth8setSpeedEaabb
                0x0000000000001814       0x56 ./src/lib/motors/Sabertooth.o
                0x0000000000001814                Sabertooth::setSpeed(signed char, signed char, bool, bool)
 .text._ZN10Sabertooth8setSpeedEP10motor_data
                0x000000000000186a       0x48 ./src/lib/motors/Sabertooth.o
                0x000000000000186a                Sabertooth::setSpeed(motor_data*)
 .text._ZN10Sabertooth5writeEh
                0x00000000000018b2       0xd8 ./src/lib/motors/Sabertooth.o
                0x00000000000018b2                Sabertooth::write(unsigned char)
 .text._ZN10SabertoothC1EhP14HardwareSerial
                0x000000000000198a       0x34 ./src/lib/motors/Sabertooth.o
                0x000000000000198a                Sabertooth::Sabertooth(unsigned char, HardwareSerial*)
 .text._ZN10CD74HC40676setMuxEh
                0x00000000000019be       0x7e ./src/lib/devices/CD74HC4067.o
                0x00000000000019be                CD74HC4067::setMux(unsigned char)
 .text._ZN10CD74HC40677readADCEh
                0x0000000000001a3c       0x18 ./src/lib/devices/CD74HC4067.o
                0x0000000000001a3c                CD74HC4067::readADC(unsigned char)
 .text._ZN10CD74HC4067C1Ehhhhh
                0x0000000000001a54       0x56 ./src/lib/devices/CD74HC4067.o
                0x0000000000001a54                CD74HC4067::CD74HC4067(unsigned char, unsigned char, unsigned char, unsigned char, unsigned char)
 .text._ZN3LCD10write4bitsEh
                0x0000000000001aaa       0x68 ./src/lib/devices/LCD.o
                0x0000000000001aaa                LCD::write4bits(unsigned char)
 .text._ZN3LCD12delayPerHomeEv
                0x0000000000001b12       0x1a ./src/lib/devices/LCD.o
                0x0000000000001b12                LCD::delayPerHome()
 .text._ZN3LCD4sendEhh
                0x0000000000001b2c      0x148 ./src/lib/devices/LCD.o
                0x0000000000001b2c                LCD::send(unsigned char, unsigned char)
 .text._ZN3LCD11commandBothEh
                0x0000000000001c74       0x42 ./src/lib/devices/LCD.o
                0x0000000000001c74                LCD::commandBoth(unsigned char)
 .text._ZN3LCD7commandEh
                0x0000000000001cb6        0x8 ./src/lib/devices/LCD.o
                0x0000000000001cb6                LCD::command(unsigned char)
 .text._ZN3LCD9setCursorEhh
                0x0000000000001cbe       0x82 ./src/lib/devices/LCD.o
                0x0000000000001cbe                LCD::setCursor(unsigned char, unsigned char)
 .text._ZN3LCD7displayEv
                0x0000000000001d40       0x28 ./src/lib/devices/LCD.o
                0x0000000000001d40                LCD::display()
 .text._ZN3LCD5clearEv
                0x0000000000001d68       0x4a ./src/lib/devices/LCD.o
                0x0000000000001d68                LCD::clear()
 .text._ZN3LCD6begin2Ehhhh
                0x0000000000001db2       0xbc ./src/lib/devices/LCD.o
                0x0000000000001db2                LCD::begin2(unsigned char, unsigned char, unsigned char, unsigned char)
 .text._ZN3LCD5beginEhhh
                0x0000000000001e6e       0x5a ./src/lib/devices/LCD.o
                0x0000000000001e6e                LCD::begin(unsigned char, unsigned char, unsigned char)
 .text._ZN3LCD4initEhhhhhhhhPFvaE
                0x0000000000001ec8       0xd0 ./src/lib/devices/LCD.o
                0x0000000000001ec8                LCD::init(unsigned char, unsigned char, unsigned char, unsigned char, unsigned char, unsigned char, unsigned char, unsigned char, void (*)(signed char))
 .text._ZN3LCDC1Ehhhhhhh
                0x0000000000001f98       0x4a ./src/lib/devices/LCD.o
                0x0000000000001f98                LCD::LCD(unsigned char, unsigned char, unsigned char, unsigned char, unsigned char, unsigned char, unsigned char)
 .text._ZN3LCD5writeEh
                0x0000000000001fe2       0x90 ./src/lib/devices/LCD.o
                0x0000000000001fe2                LCD::write(unsigned char)
 .text._ZN10ControllerC1EP12control_data
                0x0000000000002072       0x18 ./src/Controller.o
                0x0000000000002072                Controller::Controller(control_data*)
 .text._ZN10Controller8nextByteEm
                0x000000000000208a       0x6a ./src/Controller.o
                0x000000000000208a                Controller::nextByte(unsigned long)
 .text._ZN10Controller14sendDataPacketEv
                0x00000000000020f4      0x4dc ./src/Controller.o
                0x00000000000020f4                Controller::sendDataPacket()
 .text._ZN10Controller14processCommandEv
                0x00000000000025d0      0x538 ./src/Controller.o
                0x00000000000025d0                Controller::processCommand()
 .text._ZN10Controller6updateEv
                0x0000000000002b08       0xd0 ./src/Controller.o
                0x0000000000002b08                Controller::update()
 .text._ZN7Encoder6updateEP12encoder_dataf
                0x0000000000002bd8       0x6e ./src/Main.o
                0x0000000000002bd8                Encoder::update(encoder_data*, float)
 .text._GLOBAL__I_nexTime
                0x0000000000002c46       0xd8 ./src/Main.o
 .text._Z8printLCDv
                0x0000000000002d1e      0x1ba ./src/Main.o
                0x0000000000002d1e                printLCD()
 .text.main     0x0000000000002ed8      0x4dc ./src/Main.o
                0x0000000000002ed8                main
 .text._Z11rEncHandlerv
                0x00000000000033b4       0x94 ./src/Main.o
                0x00000000000033b4                rEncHandler()
 .text._Z11lEncHandlerv
                0x0000000000003448       0x92 ./src/Main.o
                0x0000000000003448                lEncHandler()
 .text._Z10store_charhP11ring_buffer
                0x00000000000034da       0x4e /home/rbtying/robot/firmware/Arduino-2560/Debug/libArduino.a(HardwareSerial.o)
                0x00000000000034da                store_char(unsigned char, ring_buffer*)
 .text.__vector_25
                0x0000000000003528       0x58 /home/rbtying/robot/firmware/Arduino-2560/Debug/libArduino.a(HardwareSerial.o)
                0x0000000000003528                __vector_25
 .text.__vector_36
                0x0000000000003580       0x58 /home/rbtying/robot/firmware/Arduino-2560/Debug/libArduino.a(HardwareSerial.o)
                0x0000000000003580                __vector_36
 .text.__vector_51
                0x00000000000035d8       0x58 /home/rbtying/robot/firmware/Arduino-2560/Debug/libArduino.a(HardwareSerial.o)
                0x00000000000035d8                __vector_51
 .text.__vector_54
                0x0000000000003630       0x58 /home/rbtying/robot/firmware/Arduino-2560/Debug/libArduino.a(HardwareSerial.o)
                0x0000000000003630                __vector_54
 .text._ZN14HardwareSerial5beginEl
                0x0000000000003688      0x1e2 /home/rbtying/robot/firmware/Arduino-2560/Debug/libArduino.a(HardwareSerial.o)
                0x0000000000003688                HardwareSerial::begin(long)
 .text._ZN14HardwareSerial9availableEv
                0x000000000000386a       0x28 /home/rbtying/robot/firmware/Arduino-2560/Debug/libArduino.a(HardwareSerial.o)
                0x000000000000386a                HardwareSerial::available()
 .text._ZN14HardwareSerial4peekEv
                0x0000000000003892       0x34 /home/rbtying/robot/firmware/Arduino-2560/Debug/libArduino.a(HardwareSerial.o)
                0x0000000000003892                HardwareSerial::peek()
 .text._ZN14HardwareSerial4readEv
                0x00000000000038c6       0x50 /home/rbtying/robot/firmware/Arduino-2560/Debug/libArduino.a(HardwareSerial.o)
                0x00000000000038c6                HardwareSerial::read()
 .text._ZN14HardwareSerial5flushEv
                0x0000000000003916       0x18 /home/rbtying/robot/firmware/Arduino-2560/Debug/libArduino.a(HardwareSerial.o)
                0x0000000000003916                HardwareSerial::flush()
 .text._ZN14HardwareSerial5writeEh
                0x000000000000392e       0x26 /home/rbtying/robot/firmware/Arduino-2560/Debug/libArduino.a(HardwareSerial.o)
                0x000000000000392e                HardwareSerial::write(unsigned char)
 .text._GLOBAL__I_rx_buffer
                0x0000000000003954      0x1a0 /home/rbtying/robot/firmware/Arduino-2560/Debug/libArduino.a(HardwareSerial.o)
 .text._ZN5Print5writeEPKc
                0x0000000000003af4       0x30 /home/rbtying/robot/firmware/Arduino-2560/Debug/libArduino.a(Print.o)
                0x0000000000003af4                Print::write(char const*)
 .text._ZN5Print5writeEPKhj
                0x0000000000003b24       0x3e /home/rbtying/robot/firmware/Arduino-2560/Debug/libArduino.a(Print.o)
                0x0000000000003b24                Print::write(unsigned char const*, unsigned int)
 .text._ZN5Print5printEPKc
                0x0000000000003b62       0x10 /home/rbtying/robot/firmware/Arduino-2560/Debug/libArduino.a(Print.o)
                0x0000000000003b62                Print::print(char const*)
 .text._ZN5Print11printNumberEmh
                0x0000000000003b72      0x130 /home/rbtying/robot/firmware/Arduino-2560/Debug/libArduino.a(Print.o)
                0x0000000000003b72                Print::printNumber(unsigned long, unsigned char)
 .text._ZN5Print5printEmi
                0x0000000000003ca2       0x1e /home/rbtying/robot/firmware/Arduino-2560/Debug/libArduino.a(Print.o)
                0x0000000000003ca2                Print::print(unsigned long, int)
 .text._ZN5Print5printEli
                0x0000000000003cc0       0x6c /home/rbtying/robot/firmware/Arduino-2560/Debug/libArduino.a(Print.o)
                0x0000000000003cc0                Print::print(long, int)
 .text._ZN5Print7printlnEv
                0x0000000000003d2c       0x2e /home/rbtying/robot/firmware/Arduino-2560/Debug/libArduino.a(Print.o)
                0x0000000000003d2c                Print::println()
 .text._ZN5Print7printlnEPKc
                0x0000000000003d5a       0x16 /home/rbtying/robot/firmware/Arduino-2560/Debug/libArduino.a(Print.o)
                0x0000000000003d5a                Print::println(char const*)
 .text._ZN5Print10printFloatEdh
                0x0000000000003d70      0x118 /home/rbtying/robot/firmware/Arduino-2560/Debug/libArduino.a(Print.o)
                0x0000000000003d70                Print::printFloat(double, unsigned char)
 .text._ZN5Print5printEdi
                0x0000000000003e88        0x6 /home/rbtying/robot/firmware/Arduino-2560/Debug/libArduino.a(Print.o)
                0x0000000000003e88                Print::print(double, int)
 .text.attachInterrupt
                0x0000000000003e8e       0xf8 /home/rbtying/robot/firmware/Arduino-2560/Debug/libArduino.a(WInterrupts.o)
                0x0000000000003e8e                attachInterrupt
 .text.__vector_1
                0x0000000000003f86       0x62 /home/rbtying/robot/firmware/Arduino-2560/Debug/libArduino.a(WInterrupts.o)
                0x0000000000003f86                __vector_1
 .text.__vector_2
                0x0000000000003fe8       0x62 /home/rbtying/robot/firmware/Arduino-2560/Debug/libArduino.a(WInterrupts.o)
                0x0000000000003fe8                __vector_2
 .text.__vector_3
                0x000000000000404a       0x62 /home/rbtying/robot/firmware/Arduino-2560/Debug/libArduino.a(WInterrupts.o)
                0x000000000000404a                __vector_3
 .text.__vector_4
                0x00000000000040ac       0x62 /home/rbtying/robot/firmware/Arduino-2560/Debug/libArduino.a(WInterrupts.o)
                0x00000000000040ac                __vector_4
 .text.__vector_5
                0x000000000000410e       0x62 /home/rbtying/robot/firmware/Arduino-2560/Debug/libArduino.a(WInterrupts.o)
                0x000000000000410e                __vector_5
 .text.__vector_6
                0x0000000000004170       0x62 /home/rbtying/robot/firmware/Arduino-2560/Debug/libArduino.a(WInterrupts.o)
                0x0000000000004170                __vector_6
 .text.__vector_7
                0x00000000000041d2       0x62 /home/rbtying/robot/firmware/Arduino-2560/Debug/libArduino.a(WInterrupts.o)
                0x00000000000041d2                __vector_7
 .text.__vector_8
                0x0000000000004234       0x62 /home/rbtying/robot/firmware/Arduino-2560/Debug/libArduino.a(WInterrupts.o)
                0x0000000000004234                __vector_8
 .text._Z3maplllll
                0x0000000000004296       0x92 /home/rbtying/robot/firmware/Arduino-2560/Debug/libArduino.a(WMath.o)
                0x0000000000004296                map(long, long, long, long, long)
 .text.__vector_23
                0x0000000000004328       0x90 /home/rbtying/robot/firmware/Arduino-2560/Debug/libArduino.a(wiring.o)
                0x0000000000004328                __vector_23
 .text.millis   0x00000000000043b8       0x1c /home/rbtying/robot/firmware/Arduino-2560/Debug/libArduino.a(wiring.o)
                0x00000000000043b8                millis
 .text.micros   0x00000000000043d4       0x4c /home/rbtying/robot/firmware/Arduino-2560/Debug/libArduino.a(wiring.o)
                0x00000000000043d4                micros
 .text.delay    0x0000000000004420       0x4c /home/rbtying/robot/firmware/Arduino-2560/Debug/libArduino.a(wiring.o)
                0x0000000000004420                delay
 .text.delayMicroseconds
                0x000000000000446c       0x14 /home/rbtying/robot/firmware/Arduino-2560/Debug/libArduino.a(wiring.o)
                0x000000000000446c                delayMicroseconds
 .text.init     0x0000000000004480       0xc4 /home/rbtying/robot/firmware/Arduino-2560/Debug/libArduino.a(wiring.o)
                0x0000000000004480                init
 .text.analogRead
                0x0000000000004544       0x68 /home/rbtying/robot/firmware/Arduino-2560/Debug/libArduino.a(wiring_analog.o)
                0x0000000000004544                analogRead
 .text.pinMode  0x00000000000045ac       0x4c /home/rbtying/robot/firmware/Arduino-2560/Debug/libArduino.a(wiring_digital.o)
                0x00000000000045ac                pinMode
 .text.digitalWrite
                0x00000000000045f8      0x122 /home/rbtying/robot/firmware/Arduino-2560/Debug/libArduino.a(wiring_digital.o)
                0x00000000000045f8                digitalWrite
 .text.digitalRead
                0x000000000000471a      0x118 /home/rbtying/robot/firmware/Arduino-2560/Debug/libArduino.a(wiring_digital.o)
                0x000000000000471a                digitalRead
 .text._ZN5ServoC1Ev
                0x0000000000004832       0x34 /home/rbtying/robot/firmware/Arduino-2560/Debug/libArduino.a(Servo.o)
                0x0000000000004832                Servo::Servo()
 .text._ZN5Servo17writeMicrosecondsEi
                0x0000000000004866       0x8e /home/rbtying/robot/firmware/Arduino-2560/Debug/libArduino.a(Servo.o)
                0x0000000000004866                Servo::writeMicroseconds(int)
 .text._ZN5Servo16readMicrosecondsEv
                0x00000000000048f4       0x3e /home/rbtying/robot/firmware/Arduino-2560/Debug/libArduino.a(Servo.o)
                0x00000000000048f4                Servo::readMicroseconds()
 .text._ZN5Servo4readEv
                0x0000000000004932       0xaa /home/rbtying/robot/firmware/Arduino-2560/Debug/libArduino.a(Servo.o)
                0x0000000000004932                Servo::read()
 .text._ZN5Servo5writeEi
                0x00000000000049dc       0xd0 /home/rbtying/robot/firmware/Arduino-2560/Debug/libArduino.a(Servo.o)
                0x00000000000049dc                Servo::write(int)
 .text._ZN5Servo6attachEiii
                0x0000000000004aac      0x158 /home/rbtying/robot/firmware/Arduino-2560/Debug/libArduino.a(Servo.o)
                0x0000000000004aac                Servo::attach(int, int, int)
 .text._ZN5Servo6attachEi
                0x0000000000004c04        0xe /home/rbtying/robot/firmware/Arduino-2560/Debug/libArduino.a(Servo.o)
                0x0000000000004c04                Servo::attach(int)
 .text._ZL17handle_interrupts18timer16_Sequence_tPVjS1_
                0x0000000000004c12      0x184 /home/rbtying/robot/firmware/Arduino-2560/Debug/libArduino.a(Servo.o)
 .text.__vector_47
                0x0000000000004d96       0x5a /home/rbtying/robot/firmware/Arduino-2560/Debug/libArduino.a(Servo.o)
                0x0000000000004d96                __vector_47
 .text.__vector_42
                0x0000000000004df0       0x5a /home/rbtying/robot/firmware/Arduino-2560/Debug/libArduino.a(Servo.o)
                0x0000000000004df0                __vector_42
 .text.__vector_32
                0x0000000000004e4a       0x5a /home/rbtying/robot/firmware/Arduino-2560/Debug/libArduino.a(Servo.o)
                0x0000000000004e4a                __vector_32
 .text.__vector_17
                0x0000000000004ea4       0x5a /home/rbtying/robot/firmware/Arduino-2560/Debug/libArduino.a(Servo.o)
                0x0000000000004ea4                __vector_17
 .text.libgcc   0x0000000000004efe       0x3e /usr/lib/gcc/avr/4.3.5/avr6/libgcc.a(_mulsi3.o)
                0x0000000000004efe                __mulsi3
 .text.libgcc   0x0000000000004f3c       0x18 /usr/lib/gcc/avr/4.3.5/avr6/libgcc.a(_udivmodqi4.o)
                0x0000000000004f3c                __udivmodqi4
 .text.libgcc   0x0000000000004f54       0x28 /usr/lib/gcc/avr/4.3.5/avr6/libgcc.a(_udivmodhi4.o)
                0x0000000000004f54                __udivmodhi4
 .text.libgcc   0x0000000000004f7c       0x26 /usr/lib/gcc/avr/4.3.5/avr6/libgcc.a(_divmodhi4.o)
                0x0000000000004f7c                __divmodhi4
                0x0000000000004f7c                _div
 .text.libgcc   0x0000000000004fa2       0x44 /usr/lib/gcc/avr/4.3.5/avr6/libgcc.a(_udivmodsi4.o)
                0x0000000000004fa2                __udivmodsi4
 .text.libgcc   0x0000000000004fe6       0x36 /usr/lib/gcc/avr/4.3.5/avr6/libgcc.a(_divmodsi4.o)
                0x0000000000004fe6                __divmodsi4
 .text.libgcc   0x000000000000501c       0x38 /usr/lib/gcc/avr/4.3.5/avr6/libgcc.a(_prologue.o)
                0x000000000000501c                __prologue_saves__
 .text.libgcc   0x0000000000005054       0x36 /usr/lib/gcc/avr/4.3.5/avr6/libgcc.a(_epilogue.o)
                0x0000000000005054                __epilogue_restores__
 .text.libgcc   0x000000000000508a        0xc /usr/lib/gcc/avr/4.3.5/avr6/libgcc.a(_tablejump.o)
                0x000000000000508a                __tablejump2__
                0x000000000000508e                __tablejump__
 .text.avr-libc
                0x0000000000005096       0x34 /usr/lib/gcc/avr/4.3.5/../../../avr/lib/avr6/libc.a(strstr.o)
                0x0000000000005096                strstr
 .text.avr-libc
                0x00000000000050ca       0x62 /usr/lib/gcc/avr/4.3.5/../../../avr/lib/avr6/libc.a(sprintf.o)
                0x00000000000050ca                sprintf
 .text.avr-libc
                0x000000000000512c      0x40c /usr/lib/gcc/avr/4.3.5/../../../avr/lib/avr6/libc.a(vfprintf_std.o)
                0x000000000000512c                vfprintf
 .text.avr-libc
                0x0000000000005538       0x16 /usr/lib/gcc/avr/4.3.5/../../../avr/lib/avr6/libc.a(strnlen_P.o)
                0x0000000000005538                strnlen_P
 .text.avr-libc
                0x000000000000554e       0x16 /usr/lib/gcc/avr/4.3.5/../../../avr/lib/avr6/libc.a(strnlen.o)
                0x000000000000554e                strnlen
 .text.avr-libc
                0x0000000000005564       0x58 /usr/lib/gcc/avr/4.3.5/../../../avr/lib/avr6/libc.a(fputc.o)
                0x0000000000005564                fputc
 .text.avr-libc
                0x00000000000055bc       0xbc /usr/lib/gcc/avr/4.3.5/../../../avr/lib/avr6/libc.a(ultoa_invert.o)
                0x00000000000055bc                __ultoa_invert
                0x0000000000005678                . = ALIGN (0x2)
 *(.fini9)
 .fini9         0x0000000000005678        0x0 /usr/lib/gcc/avr/4.3.5/avr6/libgcc.a(_exit.o)
                0x0000000000005678                exit
                0x0000000000005678                _exit
 *(.fini9)
 *(.fini8)
 *(.fini8)
 *(.fini7)
 *(.fini7)
 *(.fini6)
 *(.fini6)
 *(.fini5)
 *(.fini5)
 *(.fini4)
 *(.fini4)
 *(.fini3)
 *(.fini3)
 *(.fini2)
 *(.fini2)
 *(.fini1)
 *(.fini1)
 *(.fini0)
 .fini0         0x0000000000005678        0x4 /usr/lib/gcc/avr/4.3.5/avr6/libgcc.a(_exit.o)
 *(.fini0)
                0x000000000000567c                _etext = .

.data           0x0000000000800200      0x1e4 load address 0x000000000000567c
                0x0000000000800200                PROVIDE (__data_start, .)
 *(.data)
 .data          0x0000000000800200       0x56 ./src/Controller.o
 .data          0x0000000000800256       0x5e ./src/Main.o
 .data          0x00000000008002b4        0x2 /home/rbtying/robot/firmware/Arduino-2560/Debug/libArduino.a(Print.o)
 .data          0x00000000008002b6        0x8 /usr/lib/gcc/avr/4.3.5/avr6/libgcc.a(_thenan_sf.o)
                0x00000000008002b6                __thenan_sf
 .data          0x00000000008002be      0x100 /usr/lib/gcc/avr/4.3.5/avr6/libgcc.a(_clz.o)
                0x00000000008002be                __clz_tab
 *(.data*)
 .data.analog_reference
                0x00000000008003be        0x1 /home/rbtying/robot/firmware/Arduino-2560/Debug/libArduino.a(wiring_analog.o)
                0x00000000008003be                analog_reference
 *(.rodata)
 *(.rodata*)
 .rodata._ZTV10Sabertooth
                0x00000000008003bf        0x8 ./src/lib/motors/Sabertooth.o
                0x00000000008003bf                vtable for Sabertooth
 .rodata._ZTV3LCD
                0x00000000008003c7        0xa ./src/lib/devices/LCD.o
                0x00000000008003c7                vtable for LCD
 .rodata._ZTV14HardwareSerial
                0x00000000008003d1       0x12 /home/rbtying/robot/firmware/Arduino-2560/Debug/libArduino.a(HardwareSerial.o)
                0x00000000008003d1                vtable for HardwareSerial
 *(.gnu.linkonce.d*)
                0x00000000008003e4                . = ALIGN (0x2)
 *fill*         0x00000000008003e3        0x1 00
                0x00000000008003e4                _edata = .
                0x00000000008003e4                PROVIDE (__data_end, .)

.bss            0x00000000008003e4      0x457
                0x00000000008003e4                PROVIDE (__bss_start, .)
 *(.bss)
 *(.bss*)
 .bss._ZN11FlexiTimer210time_unitsE
                0x00000000008003e4        0x4 ./src/lib/utilities/FlexiTimer2.o
                0x00000000008003e4                FlexiTimer2::time_units
 .bss._ZN11FlexiTimer24funcE
                0x00000000008003e8        0x2 ./src/lib/utilities/FlexiTimer2.o
                0x00000000008003e8                FlexiTimer2::func
 .bss._ZN11FlexiTimer25countE
                0x00000000008003ea        0x4 ./src/lib/utilities/FlexiTimer2.o
                0x00000000008003ea                FlexiTimer2::count
 .bss._ZN11FlexiTimer211overflowingE
                0x00000000008003ee        0x1 ./src/lib/utilities/FlexiTimer2.o
                0x00000000008003ee                FlexiTimer2::overflowing
 .bss.nexTime   0x00000000008003ef        0x4 ./src/Main.o
                0x00000000008003ef                nexTime
 .bss.cTime     0x00000000008003f3        0x4 ./src/Main.o
                0x00000000008003f3                cTime
 .bss.ledTime   0x00000000008003f7        0x4 ./src/Main.o
                0x00000000008003f7                ledTime
 .bss.ctrl      0x00000000008003fb       0xa2 ./src/Main.o
                0x00000000008003fb                ctrl
 .bss.mux       0x000000000080049d        0x6 ./src/Main.o
                0x000000000080049d                mux
 .bss.lcd       0x00000000008004a3       0x1d ./src/Main.o
                0x00000000008004a3                lcd
 .bss.leftPID   0x00000000008004c0        0x2 ./src/Main.o
                0x00000000008004c0                leftPID
 .bss.rightPID  0x00000000008004c2        0x2 ./src/Main.o
                0x00000000008004c2                rightPID
 .bss.yawGyro   0x00000000008004c4        0xd ./src/Main.o
                0x00000000008004c4                yawGyro
 .bss.m         0x00000000008004d1        0xd ./src/Main.o
                0x00000000008004d1                m
 .bss.cmd       0x00000000008004de       0x53 ./src/Main.o
                0x00000000008004de                cmd
 .bss.rx_buffer
                0x0000000000800531       0x84 /home/rbtying/robot/firmware/Arduino-2560/Debug/libArduino.a(HardwareSerial.o)
                0x0000000000800531                rx_buffer
 .bss.rx_buffer1
                0x00000000008005b5       0x84 /home/rbtying/robot/firmware/Arduino-2560/Debug/libArduino.a(HardwareSerial.o)
                0x00000000008005b5                rx_buffer1
 .bss.rx_buffer2
                0x0000000000800639       0x84 /home/rbtying/robot/firmware/Arduino-2560/Debug/libArduino.a(HardwareSerial.o)
                0x0000000000800639                rx_buffer2
 .bss.rx_buffer3
                0x00000000008006bd       0x84 /home/rbtying/robot/firmware/Arduino-2560/Debug/libArduino.a(HardwareSerial.o)
                0x00000000008006bd                rx_buffer3
 .bss.Serial    0x0000000000800741       0x13 /home/rbtying/robot/firmware/Arduino-2560/Debug/libArduino.a(HardwareSerial.o)
                0x0000000000800741                Serial
 .bss.Serial1   0x0000000000800754       0x13 /home/rbtying/robot/firmware/Arduino-2560/Debug/libArduino.a(HardwareSerial.o)
                0x0000000000800754                Serial1
 .bss.Serial2   0x0000000000800767       0x13 /home/rbtying/robot/firmware/Arduino-2560/Debug/libArduino.a(HardwareSerial.o)
                0x0000000000800767                Serial2
 .bss.Serial3   0x000000000080077a       0x13 /home/rbtying/robot/firmware/Arduino-2560/Debug/libArduino.a(HardwareSerial.o)
                0x000000000080077a                Serial3
 .bss.intFunc   0x000000000080078d       0x10 /home/rbtying/robot/firmware/Arduino-2560/Debug/libArduino.a(WInterrupts.o)
 .bss.timer0_overflow_count
                0x000000000080079d        0x4 /home/rbtying/robot/firmware/Arduino-2560/Debug/libArduino.a(wiring.o)
                0x000000000080079d                timer0_overflow_count
 .bss.timer0_millis
                0x00000000008007a1        0x4 /home/rbtying/robot/firmware/Arduino-2560/Debug/libArduino.a(wiring.o)
                0x00000000008007a1                timer0_millis
 .bss.timer0_fract
                0x00000000008007a5        0x1 /home/rbtying/robot/firmware/Arduino-2560/Debug/libArduino.a(wiring.o)
 .bss.ServoCount
                0x00000000008007a6        0x1 /home/rbtying/robot/firmware/Arduino-2560/Debug/libArduino.a(Servo.o)
                0x00000000008007a6                ServoCount
 .bss._ZL6servos
                0x00000000008007a7       0x90 /home/rbtying/robot/firmware/Arduino-2560/Debug/libArduino.a(Servo.o)
 .bss._ZL7Channel
                0x0000000000800837        0x4 /home/rbtying/robot/firmware/Arduino-2560/Debug/libArduino.a(Servo.o)
 *(COMMON)
                0x000000000080083b                PROVIDE (__bss_end, .)
                0x000000000000567c                __data_load_start = LOADADDR (.data)
                0x0000000000005860                __data_load_end = (__data_load_start + SIZEOF (.data))

.noinit         0x000000000080083b        0x0
                0x000000000080083b                PROVIDE (__noinit_start, .)
 *(.noinit*)
                0x000000000080083b                PROVIDE (__noinit_end, .)
                0x000000000080083b                _end = .
                0x000000000080083b                PROVIDE (__heap_start, .)

.eeprom         0x0000000000810000        0x0
 *(.eeprom*)
                0x0000000000810000                __eeprom_end = .

.fuse
 *(.fuse)
 *(.lfuse)
 *(.hfuse)
 *(.efuse)

.lock
 *(.lock*)

.signature
 *(.signature*)

.stab           0x0000000000000000     0x4770
 *(.stab)
 .stab          0x0000000000000000      0x768 /usr/lib/gcc/avr/4.3.5/../../../avr/lib/avr6/crtm2560.o
 .stab          0x0000000000000768      0x3c0 /usr/lib/gcc/avr/4.3.5/../../../avr/lib/avr6/libm.a(pow.o)
                                        0x3cc (size before relaxing)
 .stab          0x0000000000000b28      0x288 /usr/lib/gcc/avr/4.3.5/../../../avr/lib/avr6/libm.a(exp.o)
                                        0x294 (size before relaxing)
 .stab          0x0000000000000db0       0x78 /usr/lib/gcc/avr/4.3.5/../../../avr/lib/avr6/libm.a(fp_inf.o)
                                         0x84 (size before relaxing)
 .stab          0x0000000000000e28       0x54 /usr/lib/gcc/avr/4.3.5/../../../avr/lib/avr6/libm.a(fp_nan.o)
                                         0x60 (size before relaxing)
 .stab          0x0000000000000e7c      0x1ec /usr/lib/gcc/avr/4.3.5/../../../avr/lib/avr6/libm.a(fp_powser.o)
                                        0x1f8 (size before relaxing)
 .stab          0x0000000000001068      0x1d4 /usr/lib/gcc/avr/4.3.5/../../../avr/lib/avr6/libm.a(fp_split3.o)
                                        0x1e0 (size before relaxing)
 .stab          0x000000000000123c       0x90 /usr/lib/gcc/avr/4.3.5/../../../avr/lib/avr6/libm.a(fp_zero.o)
                                         0x9c (size before relaxing)
 .stab          0x00000000000012cc       0x84 /usr/lib/gcc/avr/4.3.5/../../../avr/lib/avr6/libm.a(inverse.o)
                                         0x90 (size before relaxing)
 .stab          0x0000000000001350      0x2c4 /usr/lib/gcc/avr/4.3.5/../../../avr/lib/avr6/libm.a(ldexp.o)
                                        0x2d0 (size before relaxing)
 .stab          0x0000000000001614      0x378 /usr/lib/gcc/avr/4.3.5/../../../avr/lib/avr6/libm.a(log.o)
                                        0x384 (size before relaxing)
 .stab          0x000000000000198c      0x2a0 /usr/lib/gcc/avr/4.3.5/../../../avr/lib/avr6/libm.a(modf.o)
                                        0x2ac (size before relaxing)
 .stab          0x0000000000001c2c      0x4d4 /usr/lib/gcc/avr/4.3.5/../../../avr/lib/avr6/libm.a(mulsf3x.o)
                                        0x4e0 (size before relaxing)
 .stab          0x0000000000002100      0x4bc /usr/lib/gcc/avr/4.3.5/../../../avr/lib/avr6/libm.a(addsf3x.o)
                                        0x4c8 (size before relaxing)
 .stab          0x00000000000025bc       0xe4 /usr/lib/gcc/avr/4.3.5/../../../avr/lib/avr6/libm.a(fp_mpack.o)
                                         0xf0 (size before relaxing)
 .stab          0x00000000000026a0       0x84 /usr/lib/gcc/avr/4.3.5/../../../avr/lib/avr6/libm.a(fp_pscA.o)
                                         0x90 (size before relaxing)
 .stab          0x0000000000002724       0x84 /usr/lib/gcc/avr/4.3.5/../../../avr/lib/avr6/libm.a(fp_pscB.o)
                                         0x90 (size before relaxing)
 .stab          0x00000000000027a8       0xfc /usr/lib/gcc/avr/4.3.5/../../../avr/lib/avr6/libm.a(fp_round.o)
                                        0x108 (size before relaxing)
 .stab          0x00000000000028a4      0x360 /usr/lib/gcc/avr/4.3.5/../../../avr/lib/avr6/libc.a(malloc.o)
                                        0x6fc (size before relaxing)
 .stab          0x0000000000002c04      0x12c /usr/lib/gcc/avr/4.3.5/../../../avr/lib/avr6/libc.a(random.o)
                                        0x33c (size before relaxing)
 .stab          0x0000000000002d30       0x18 /usr/lib/gcc/avr/4.3.5/../../../avr/lib/avr6/libc.a(isspace.o)
                                         0xa8 (size before relaxing)
 .stab          0x0000000000002d48       0x18 /usr/lib/gcc/avr/4.3.5/../../../avr/lib/avr6/libc.a(tolower.o)
                                         0xa8 (size before relaxing)
 .stab          0x0000000000002d60       0x18 /usr/lib/gcc/avr/4.3.5/../../../avr/lib/avr6/libc.a(toupper.o)
                                         0xa8 (size before relaxing)
 .stab          0x0000000000002d78       0x9c /usr/lib/gcc/avr/4.3.5/../../../avr/lib/avr6/libc.a(strcat.o)
                                         0xa8 (size before relaxing)
 .stab          0x0000000000002e14       0x9c /usr/lib/gcc/avr/4.3.5/../../../avr/lib/avr6/libc.a(strchr.o)
                                         0xa8 (size before relaxing)
 .stab          0x0000000000002eb0       0x84 /usr/lib/gcc/avr/4.3.5/../../../avr/lib/avr6/libc.a(strcmp.o)
                                         0x90 (size before relaxing)
 .stab          0x0000000000002f34       0x6c /usr/lib/gcc/avr/4.3.5/../../../avr/lib/avr6/libc.a(strcpy.o)
                                         0x78 (size before relaxing)
 .stab          0x0000000000002fa0       0xc0 /usr/lib/gcc/avr/4.3.5/../../../avr/lib/avr6/libc.a(strncmp.o)
                                         0xcc (size before relaxing)
 .stab          0x0000000000003060       0xcc /usr/lib/gcc/avr/4.3.5/../../../avr/lib/avr6/libc.a(strncpy.o)
                                         0xd8 (size before relaxing)
 .stab          0x000000000000312c       0x9c /usr/lib/gcc/avr/4.3.5/../../../avr/lib/avr6/libc.a(strrchr.o)
                                         0xa8 (size before relaxing)
 .stab          0x00000000000031c8      0x150 /usr/lib/gcc/avr/4.3.5/../../../avr/lib/avr6/libc.a(strstr.o)
                                        0x15c (size before relaxing)
 .stab          0x0000000000003318       0x18 /usr/lib/gcc/avr/4.3.5/../../../avr/lib/avr6/libc.a(itoa.o)
                                        0x1bc (size before relaxing)
 .stab          0x0000000000003330       0x18 /usr/lib/gcc/avr/4.3.5/../../../avr/lib/avr6/libc.a(ltoa.o)
                                        0x2a0 (size before relaxing)
 .stab          0x0000000000003348       0x18 /usr/lib/gcc/avr/4.3.5/../../../avr/lib/avr6/libc.a(ultoa.o)
                                        0x1ec (size before relaxing)
 .stab          0x0000000000003360      0x24c /usr/lib/gcc/avr/4.3.5/../../../avr/lib/avr6/libc.a(sprintf.o)
                                        0x3d8 (size before relaxing)
 .stab          0x00000000000035ac      0x948 /usr/lib/gcc/avr/4.3.5/../../../avr/lib/avr6/libc.a(vfprintf_std.o)
                                        0xb58 (size before relaxing)
 .stab          0x0000000000003ef4       0x18 /usr/lib/gcc/avr/4.3.5/../../../avr/lib/avr6/libc.a(cty_isfalse.o)
                                         0x6c (size before relaxing)
 .stab          0x0000000000003f0c       0x9c /usr/lib/gcc/avr/4.3.5/../../../avr/lib/avr6/libc.a(strnlen_P.o)
                                         0xa8 (size before relaxing)
 .stab          0x0000000000003fa8       0x9c /usr/lib/gcc/avr/4.3.5/../../../avr/lib/avr6/libc.a(strnlen.o)
                                         0xa8 (size before relaxing)
 .stab          0x0000000000004044       0xd8 /usr/lib/gcc/avr/4.3.5/../../../avr/lib/avr6/libc.a(strrev.o)
                                         0xe4 (size before relaxing)
 .stab          0x000000000000411c      0x1d4 /usr/lib/gcc/avr/4.3.5/../../../avr/lib/avr6/libc.a(fputc.o)
                                        0x3b4 (size before relaxing)
 .stab          0x00000000000042f0      0x480 /usr/lib/gcc/avr/4.3.5/../../../avr/lib/avr6/libc.a(ultoa_invert.o)
                                        0x48c (size before relaxing)

.stabstr        0x0000000000000000     0x1480
 *(.stabstr)
 .stabstr       0x0000000000000000     0x1480 /usr/lib/gcc/avr/4.3.5/../../../avr/lib/avr6/crtm2560.o

.stab.excl
 *(.stab.excl)

.stab.exclstr
 *(.stab.exclstr)

.stab.index
 *(.stab.index)

.stab.indexstr
 *(.stab.indexstr)

.comment
 *(.comment)

.debug
 *(.debug)

.line
 *(.line)

.debug_srcinfo
 *(.debug_srcinfo)

.debug_sfnames
 *(.debug_sfnames)

.debug_aranges
 *(.debug_aranges)

.debug_pubnames
 *(.debug_pubnames)

.debug_info
 *(.debug_info)
 *(.gnu.linkonce.wi.*)

.debug_abbrev
 *(.debug_abbrev)

.debug_line
 *(.debug_line)

.debug_frame
 *(.debug_frame)

.debug_str
 *(.debug_str)

.debug_loc
 *(.debug_loc)

.debug_macinfo
 *(.debug_macinfo)
OUTPUT(ROS_mega.elf elf32-avr)
LOAD linker stubs

Cross Reference Table

Symbol                                            File
Battery::Battery()                                ./src/lib/sensors/Battery.o
                                                  ./src/Main.o
Battery::Battery()                                ./src/lib/sensors/Battery.o
Battery::Battery(CD74HC4067*, unsigned char, unsigned char) ./src/lib/sensors/Battery.o
Battery::Battery(CD74HC4067*, unsigned char, unsigned char) ./src/lib/sensors/Battery.o
Battery::Battery(unsigned char, unsigned char)    ./src/lib/sensors/Battery.o
Battery::Battery(unsigned char, unsigned char)    ./src/lib/sensors/Battery.o
Battery::getCurrent()                             ./src/lib/sensors/Battery.o
                                                  ./src/Main.o
                                                  ./src/Controller.o
Battery::getVoltage()                             ./src/lib/sensors/Battery.o
                                                  ./src/Main.o
                                                  ./src/Controller.o
Battery::set(CD74HC4067*, unsigned char, unsigned char) ./src/lib/sensors/Battery.o
                                                  ./src/Main.o
CD74HC4067::CD74HC4067(unsigned char, unsigned char, unsigned char, unsigned char, unsigned char) ./src/lib/devices/CD74HC4067.o
CD74HC4067::CD74HC4067(unsigned char, unsigned char, unsigned char, unsigned char, unsigned char) ./src/lib/devices/CD74HC4067.o
                                                  ./src/Main.o
CD74HC4067::readADC(unsigned char)                ./src/lib/devices/CD74HC4067.o
                                                  ./src/lib/sensors/Gyro.o
                                                  ./src/lib/sensors/Battery.o
CD74HC4067::readDigital(unsigned char)            ./src/lib/devices/CD74HC4067.o
CD74HC4067::setMux(unsigned char)                 ./src/lib/devices/CD74HC4067.o
Controller::Controller(control_data*)             ./src/Controller.o
                                                  ./src/Main.o
Controller::Controller(control_data*)             ./src/Controller.o
Controller::flush()                               ./src/Controller.o
Controller::nextByte(unsigned long)               ./src/Controller.o
Controller::processCommand()                      ./src/Controller.o
Controller::sendDataPacket()                      ./src/Controller.o
Controller::update()                              ./src/Controller.o
                                                  ./src/Main.o
Encoder::update(encoder_data*, float)             ./src/Main.o
FlexiTimer2::_overflow()                          ./src/lib/utilities/FlexiTimer2.o
FlexiTimer2::count                                ./src/lib/utilities/FlexiTimer2.o
FlexiTimer2::func                                 ./src/lib/utilities/FlexiTimer2.o
FlexiTimer2::overflowing                          ./src/lib/utilities/FlexiTimer2.o
FlexiTimer2::set(unsigned long, double, void (*)()) ./src/lib/utilities/FlexiTimer2.o
FlexiTimer2::set(unsigned long, void (*)())       ./src/lib/utilities/FlexiTimer2.o
FlexiTimer2::start()                              ./src/lib/utilities/FlexiTimer2.o
FlexiTimer2::stop()                               ./src/lib/utilities/FlexiTimer2.o
FlexiTimer2::tcnt2                                ./src/lib/utilities/FlexiTimer2.o
FlexiTimer2::time_units                           ./src/lib/utilities/FlexiTimer2.o
Gyro::Gyro(CD74HC4067*, unsigned char, unsigned char, float) ./src/lib/sensors/Gyro.o
                                                  ./src/Main.o
Gyro::Gyro(CD74HC4067*, unsigned char, unsigned char, float) ./src/lib/sensors/Gyro.o
Gyro::Gyro(unsigned char, unsigned char, float)   ./src/lib/sensors/Gyro.o
Gyro::Gyro(unsigned char, unsigned char, float)   ./src/lib/sensors/Gyro.o
Gyro::calibrate(unsigned int, bool)               ./src/lib/sensors/Gyro.o
                                                  ./src/Main.o
Gyro::getValue()                                  ./src/lib/sensors/Gyro.o
Gyro::update(gyro_data*, float)                   ./src/lib/sensors/Gyro.o
                                                  ./src/Main.o
HardwareSerial::HardwareSerial(ring_buffer*, unsigned char volatile*, unsigned char volatile*, unsigned char volatile*, unsigned char volatile*, unsigned char volatile*, unsigned char, unsigned char, unsigned char, unsigned char, unsigned char) /home/rbtying/robot/firmware/Arduino-2560/Debug/libArduino.a(HardwareSerial.o)
HardwareSerial::HardwareSerial(ring_buffer*, unsigned char volatile*, unsigned char volatile*, unsigned char volatile*, unsigned char volatile*, unsigned char volatile*, unsigned char, unsigned char, unsigned char, unsigned char, unsigned char) /home/rbtying/robot/firmware/Arduino-2560/Debug/libArduino.a(HardwareSerial.o)
HardwareSerial::available()                       /home/rbtying/robot/firmware/Arduino-2560/Debug/libArduino.a(HardwareSerial.o)
                                                  ./src/Controller.o
HardwareSerial::begin(long)                       /home/rbtying/robot/firmware/Arduino-2560/Debug/libArduino.a(HardwareSerial.o)
                                                  ./src/Main.o
                                                  ./src/lib/motors/Sabertooth.o
HardwareSerial::end()                             /home/rbtying/robot/firmware/Arduino-2560/Debug/libArduino.a(HardwareSerial.o)
HardwareSerial::flush()                           /home/rbtying/robot/firmware/Arduino-2560/Debug/libArduino.a(HardwareSerial.o)
HardwareSerial::peek()                            /home/rbtying/robot/firmware/Arduino-2560/Debug/libArduino.a(HardwareSerial.o)
HardwareSerial::read()                            /home/rbtying/robot/firmware/Arduino-2560/Debug/libArduino.a(HardwareSerial.o)
                                                  ./src/Controller.o
HardwareSerial::write(unsigned char)              /home/rbtying/robot/firmware/Arduino-2560/Debug/libArduino.a(HardwareSerial.o)
LCD::LCD(unsigned char, unsigned char, unsigned char, unsigned char, unsigned char, unsigned char) ./src/lib/devices/LCD.o
LCD::LCD(unsigned char, unsigned char, unsigned char, unsigned char, unsigned char, unsigned char) ./src/lib/devices/LCD.o
LCD::LCD(unsigned char, unsigned char, unsigned char, unsigned char, unsigned char, unsigned char, unsigned char) ./src/lib/devices/LCD.o
                                                  ./src/Main.o
LCD::LCD(unsigned char, unsigned char, unsigned char, unsigned char, unsigned char, unsigned char, unsigned char) ./src/lib/devices/LCD.o
LCD::LCD(unsigned char, unsigned char, unsigned char, unsigned char, unsigned char, unsigned char, unsigned char, unsigned char) ./src/lib/devices/LCD.o
LCD::LCD(unsigned char, unsigned char, unsigned char, unsigned char, unsigned char, unsigned char, unsigned char, unsigned char) ./src/lib/devices/LCD.o
LCD::LCD(unsigned char, unsigned char, unsigned char, unsigned char, unsigned char, unsigned char, unsigned char, unsigned char, unsigned char, unsigned char) ./src/lib/devices/LCD.o
LCD::LCD(unsigned char, unsigned char, unsigned char, unsigned char, unsigned char, unsigned char, unsigned char, unsigned char, unsigned char, unsigned char) ./src/lib/devices/LCD.o
LCD::LCD(unsigned char, unsigned char, unsigned char, unsigned char, unsigned char, unsigned char, unsigned char, unsigned char, unsigned char, unsigned char, unsigned char) ./src/lib/devices/LCD.o
LCD::LCD(unsigned char, unsigned char, unsigned char, unsigned char, unsigned char, unsigned char, unsigned char, unsigned char, unsigned char, unsigned char, unsigned char) ./src/lib/devices/LCD.o
LCD::LCD(unsigned char, unsigned char, unsigned char, unsigned char, unsigned char, unsigned char, unsigned char, unsigned char, void (*)(signed char)) ./src/lib/devices/LCD.o
LCD::LCD(unsigned char, unsigned char, unsigned char, unsigned char, unsigned char, unsigned char, unsigned char, unsigned char, void (*)(signed char)) ./src/lib/devices/LCD.o
LCD::LCD(unsigned char, unsigned char, unsigned char, unsigned char, unsigned char, unsigned char, void (*)(signed char)) ./src/lib/devices/LCD.o
LCD::LCD(unsigned char, unsigned char, unsigned char, unsigned char, unsigned char, unsigned char, void (*)(signed char)) ./src/lib/devices/LCD.o
LCD::autoscroll()                                 ./src/lib/devices/LCD.o
LCD::begin(unsigned char, unsigned char, unsigned char) ./src/lib/devices/LCD.o
                                                  ./src/Main.o
LCD::begin2(unsigned char, unsigned char, unsigned char, unsigned char) ./src/lib/devices/LCD.o
LCD::blink()                                      ./src/lib/devices/LCD.o
LCD::clear()                                      ./src/lib/devices/LCD.o
                                                  ./src/Main.o
LCD::command(unsigned char)                       ./src/lib/devices/LCD.o
LCD::commandBoth(unsigned char)                   ./src/lib/devices/LCD.o
LCD::createChar(unsigned char, unsigned char*)    ./src/lib/devices/LCD.o
LCD::cursor()                                     ./src/lib/devices/LCD.o
LCD::delayPerHome()                               ./src/lib/devices/LCD.o
LCD::display()                                    ./src/lib/devices/LCD.o
LCD::home()                                       ./src/lib/devices/LCD.o
LCD::init(unsigned char, unsigned char, unsigned char, unsigned char, unsigned char, unsigned char, unsigned char, unsigned char, void (*)(signed char)) ./src/lib/devices/LCD.o
LCD::leftToRight()                                ./src/lib/devices/LCD.o
LCD::noAutoscroll()                               ./src/lib/devices/LCD.o
LCD::noBlink()                                    ./src/lib/devices/LCD.o
LCD::noCursor()                                   ./src/lib/devices/LCD.o
LCD::noDisplay()                                  ./src/lib/devices/LCD.o
LCD::rightToLeft()                                ./src/lib/devices/LCD.o
LCD::scrollDisplayLeft()                          ./src/lib/devices/LCD.o
LCD::scrollDisplayRight()                         ./src/lib/devices/LCD.o
LCD::send(unsigned char, unsigned char)           ./src/lib/devices/LCD.o
LCD::setCursor(unsigned char, unsigned char)      ./src/lib/devices/LCD.o
                                                  ./src/Main.o
                                                  ./src/Controller.o
LCD::write(unsigned char)                         ./src/lib/devices/LCD.o
LCD::write4bits(unsigned char)                    ./src/lib/devices/LCD.o
MaxSonar::MaxSonar(unsigned char)                 ./src/lib/sensors/rangefinders/MaxSonar.o
MaxSonar::MaxSonar(unsigned char)                 ./src/lib/sensors/rangefinders/MaxSonar.o
MaxSonar::get_dist()                              ./src/lib/sensors/rangefinders/MaxSonar.o
PID::PID(PID_params*)                             ./src/lib/utilities/PID.o
PID::PID(PID_params*)                             ./src/lib/utilities/PID.o
                                                  ./src/Main.o
PID::clear()                                      ./src/lib/utilities/PID.o
PID::getOutput()                                  ./src/lib/utilities/PID.o
                                                  ./src/Main.o
PID::process(double)                              ./src/lib/utilities/PID.o
                                                  ./src/Main.o
PID::setInput(double)                             ./src/lib/utilities/PID.o
                                                  ./src/Main.o
Ping::Ping(unsigned char)                         ./src/lib/sensors/rangefinders/Ping.o
Ping::Ping(unsigned char)                         ./src/lib/sensors/rangefinders/Ping.o
Ping::get_dist()                                  ./src/lib/sensors/rangefinders/Ping.o
Print::print(String const&)                       /home/rbtying/robot/firmware/Arduino-2560/Debug/libArduino.a(Print.o)
Print::print(char const*)                         /home/rbtying/robot/firmware/Arduino-2560/Debug/libArduino.a(Print.o)
                                                  ./src/Main.o
                                                  ./src/Controller.o
Print::print(char, int)                           /home/rbtying/robot/firmware/Arduino-2560/Debug/libArduino.a(Print.o)
Print::print(double, int)                         /home/rbtying/robot/firmware/Arduino-2560/Debug/libArduino.a(Print.o)
                                                  ./src/Controller.o
Print::print(int, int)                            /home/rbtying/robot/firmware/Arduino-2560/Debug/libArduino.a(Print.o)
Print::print(long, int)                           /home/rbtying/robot/firmware/Arduino-2560/Debug/libArduino.a(Print.o)
Print::print(unsigned char, int)                  /home/rbtying/robot/firmware/Arduino-2560/Debug/libArduino.a(Print.o)
Print::print(unsigned int, int)                   /home/rbtying/robot/firmware/Arduino-2560/Debug/libArduino.a(Print.o)
Print::print(unsigned long, int)                  /home/rbtying/robot/firmware/Arduino-2560/Debug/libArduino.a(Print.o)
Print::printFloat(double, unsigned char)          /home/rbtying/robot/firmware/Arduino-2560/Debug/libArduino.a(Print.o)
Print::printNumber(unsigned long, unsigned char)  /home/rbtying/robot/firmware/Arduino-2560/Debug/libArduino.a(Print.o)
Print::println()                                  /home/rbtying/robot/firmware/Arduino-2560/Debug/libArduino.a(Print.o)
Print::println(String const&)                     /home/rbtying/robot/firmware/Arduino-2560/Debug/libArduino.a(Print.o)
Print::println(char const*)                       /home/rbtying/robot/firmware/Arduino-2560/Debug/libArduino.a(Print.o)
                                                  ./src/Controller.o
Print::println(char, int)                         /home/rbtying/robot/firmware/Arduino-2560/Debug/libArduino.a(Print.o)
Print::println(double, int)                       /home/rbtying/robot/firmware/Arduino-2560/Debug/libArduino.a(Print.o)
Print::println(int, int)                          /home/rbtying/robot/firmware/Arduino-2560/Debug/libArduino.a(Print.o)
Print::println(long, int)                         /home/rbtying/robot/firmware/Arduino-2560/Debug/libArduino.a(Print.o)
Print::println(unsigned char, int)                /home/rbtying/robot/firmware/Arduino-2560/Debug/libArduino.a(Print.o)
Print::println(unsigned int, int)                 /home/rbtying/robot/firmware/Arduino-2560/Debug/libArduino.a(Print.o)
Print::println(unsigned long, int)                /home/rbtying/robot/firmware/Arduino-2560/Debug/libArduino.a(Print.o)
Print::write(char const*)                         /home/rbtying/robot/firmware/Arduino-2560/Debug/libArduino.a(Print.o)
                                                  /home/rbtying/robot/firmware/Arduino-2560/Debug/libArduino.a(HardwareSerial.o)
                                                  ./src/lib/devices/LCD.o
Print::write(unsigned char const*, unsigned int)  /home/rbtying/robot/firmware/Arduino-2560/Debug/libArduino.a(Print.o)
                                                  /home/rbtying/robot/firmware/Arduino-2560/Debug/libArduino.a(HardwareSerial.o)
                                                  ./src/Controller.o
                                                  ./src/lib/devices/LCD.o
RC_CTRL::RC_CTRL(unsigned char, unsigned char, unsigned char, unsigned char, unsigned char) ./src/lib/utilities/RC_CTRL.o
RC_CTRL::RC_CTRL(unsigned char, unsigned char, unsigned char, unsigned char, unsigned char) ./src/lib/utilities/RC_CTRL.o
RC_CTRL::deadBandProcessor(signed char, unsigned char) ./src/lib/utilities/RC_CTRL.o
RC_CTRL::getChannel(unsigned char)                ./src/lib/utilities/RC_CTRL.o
RC_CTRL::getKnob()                                ./src/lib/utilities/RC_CTRL.o
RC_CTRL::getThrottle(bool, unsigned char)         ./src/lib/utilities/RC_CTRL.o
RC_CTRL::getYaw(bool, unsigned char)              ./src/lib/utilities/RC_CTRL.o
RC_CTRL::readRC(unsigned char)                    ./src/lib/utilities/RC_CTRL.o
RC_CTRL::update()                                 ./src/lib/utilities/RC_CTRL.o
Rangefinder::Rangefinder()                        ./src/lib/sensors/rangefinders/Sharp_IR.o
                                                  ./src/lib/sensors/rangefinders/Ping.o
                                                  ./src/lib/sensors/rangefinders/MaxSonar.o
Sabertooth::Sabertooth(unsigned char, HardwareSerial*) ./src/lib/motors/Sabertooth.o
                                                  ./src/Main.o
Sabertooth::Sabertooth(unsigned char, HardwareSerial*) ./src/lib/motors/Sabertooth.o
Sabertooth::Sabertooth(unsigned char, unsigned char) ./src/lib/motors/Sabertooth.o
Sabertooth::Sabertooth(unsigned char, unsigned char) ./src/lib/motors/Sabertooth.o
Sabertooth::checksum(unsigned char, unsigned char) ./src/lib/motors/Sabertooth.o
Sabertooth::getLeftSpeed()                        ./src/lib/motors/Sabertooth.o
Sabertooth::getRightSpeed()                       ./src/lib/motors/Sabertooth.o
Sabertooth::reset()                               ./src/lib/motors/Sabertooth.o
Sabertooth::sendPacket(unsigned char, unsigned char) ./src/lib/motors/Sabertooth.o
Sabertooth::setM1Speed(signed char)               ./src/lib/motors/Sabertooth.o
Sabertooth::setM2Speed(signed char)               ./src/lib/motors/Sabertooth.o
Sabertooth::setMaxVoltage(float)                  ./src/lib/motors/Sabertooth.o
Sabertooth::setMinVoltage(float)                  ./src/lib/motors/Sabertooth.o
Sabertooth::setMotorSpeed(unsigned char, unsigned char) ./src/lib/motors/Sabertooth.o
Sabertooth::setSpeed(motor_data*)                 ./src/lib/motors/Sabertooth.o
                                                  ./src/Main.o
Sabertooth::setSpeed(signed char, signed char)    ./src/lib/motors/Sabertooth.o
Sabertooth::setSpeed(signed char, signed char, bool, bool) ./src/lib/motors/Sabertooth.o
Sabertooth::write(unsigned char)                  ./src/lib/motors/Sabertooth.o
Serial                                            /home/rbtying/robot/firmware/Arduino-2560/Debug/libArduino.a(HardwareSerial.o)
                                                  ./src/Main.o
                                                  ./src/Controller.o
Serial1                                           /home/rbtying/robot/firmware/Arduino-2560/Debug/libArduino.a(HardwareSerial.o)
Serial2                                           /home/rbtying/robot/firmware/Arduino-2560/Debug/libArduino.a(HardwareSerial.o)
Serial3                                           /home/rbtying/robot/firmware/Arduino-2560/Debug/libArduino.a(HardwareSerial.o)
                                                  ./src/Main.o
Servo::Servo()                                    /home/rbtying/robot/firmware/Arduino-2560/Debug/libArduino.a(Servo.o)
Servo::Servo()                                    /home/rbtying/robot/firmware/Arduino-2560/Debug/libArduino.a(Servo.o)
                                                  ./src/Main.o
                                                  ./src/lib/motors/ServoMotor.o
Servo::attach(int)                                /home/rbtying/robot/firmware/Arduino-2560/Debug/libArduino.a(Servo.o)
                                                  ./src/Main.o
                                                  ./src/lib/motors/ServoMotor.o
Servo::attach(int, int, int)                      /home/rbtying/robot/firmware/Arduino-2560/Debug/libArduino.a(Servo.o)
Servo::attached()                                 /home/rbtying/robot/firmware/Arduino-2560/Debug/libArduino.a(Servo.o)
Servo::detach()                                   /home/rbtying/robot/firmware/Arduino-2560/Debug/libArduino.a(Servo.o)
Servo::read()                                     /home/rbtying/robot/firmware/Arduino-2560/Debug/libArduino.a(Servo.o)
                                                  ./src/Main.o
                                                  ./src/Controller.o
Servo::readMicroseconds()                         /home/rbtying/robot/firmware/Arduino-2560/Debug/libArduino.a(Servo.o)
Servo::write(int)                                 /home/rbtying/robot/firmware/Arduino-2560/Debug/libArduino.a(Servo.o)
                                                  ./src/Main.o
                                                  ./src/Controller.o
Servo::writeMicroseconds(int)                     /home/rbtying/robot/firmware/Arduino-2560/Debug/libArduino.a(Servo.o)
                                                  ./src/lib/motors/ServoMotor.o
ServoCount                                        /home/rbtying/robot/firmware/Arduino-2560/Debug/libArduino.a(Servo.o)
ServoMotor::ServoMotor(unsigned char, unsigned char) ./src/lib/motors/ServoMotor.o
ServoMotor::ServoMotor(unsigned char, unsigned char) ./src/lib/motors/ServoMotor.o
ServoMotor::setSpeed(motor_data*)                 ./src/lib/motors/ServoMotor.o
Sharp_IR::Sharp_IR(unsigned char, unsigned char)  ./src/lib/sensors/rangefinders/Sharp_IR.o
Sharp_IR::Sharp_IR(unsigned char, unsigned char)  ./src/lib/sensors/rangefinders/Sharp_IR.o
Sharp_IR::get_dist()                              ./src/lib/sensors/rangefinders/Sharp_IR.o
String::String(String const&)                     /home/rbtying/robot/firmware/Arduino-2560/Debug/libArduino.a(WString.o)
String::String(String const&)                     /home/rbtying/robot/firmware/Arduino-2560/Debug/libArduino.a(WString.o)
String::String(char const*)                       /home/rbtying/robot/firmware/Arduino-2560/Debug/libArduino.a(WString.o)
String::String(char const*)                       /home/rbtying/robot/firmware/Arduino-2560/Debug/libArduino.a(WString.o)
String::String(char)                              /home/rbtying/robot/firmware/Arduino-2560/Debug/libArduino.a(WString.o)
String::String(char)                              /home/rbtying/robot/firmware/Arduino-2560/Debug/libArduino.a(WString.o)
String::String(int, int)                          /home/rbtying/robot/firmware/Arduino-2560/Debug/libArduino.a(WString.o)
String::String(int, int)                          /home/rbtying/robot/firmware/Arduino-2560/Debug/libArduino.a(WString.o)
String::String(long, int)                         /home/rbtying/robot/firmware/Arduino-2560/Debug/libArduino.a(WString.o)
String::String(long, int)                         /home/rbtying/robot/firmware/Arduino-2560/Debug/libArduino.a(WString.o)
String::String(unsigned char)                     /home/rbtying/robot/firmware/Arduino-2560/Debug/libArduino.a(WString.o)
String::String(unsigned char)                     /home/rbtying/robot/firmware/Arduino-2560/Debug/libArduino.a(WString.o)
String::String(unsigned int, int)                 /home/rbtying/robot/firmware/Arduino-2560/Debug/libArduino.a(WString.o)
String::String(unsigned int, int)                 /home/rbtying/robot/firmware/Arduino-2560/Debug/libArduino.a(WString.o)
String::String(unsigned long, int)                /home/rbtying/robot/firmware/Arduino-2560/Debug/libArduino.a(WString.o)
String::String(unsigned long, int)                /home/rbtying/robot/firmware/Arduino-2560/Debug/libArduino.a(WString.o)
String::charAt(unsigned int) const                /home/rbtying/robot/firmware/Arduino-2560/Debug/libArduino.a(WString.o)
String::compareTo(String const&) const            /home/rbtying/robot/firmware/Arduino-2560/Debug/libArduino.a(WString.o)
String::concat(String const&)                     /home/rbtying/robot/firmware/Arduino-2560/Debug/libArduino.a(WString.o)
String::endsWith(String const&) const             /home/rbtying/robot/firmware/Arduino-2560/Debug/libArduino.a(WString.o)
String::equals(String const&) const               /home/rbtying/robot/firmware/Arduino-2560/Debug/libArduino.a(WString.o)
String::equalsIgnoreCase(String const&) const     /home/rbtying/robot/firmware/Arduino-2560/Debug/libArduino.a(WString.o)
String::getBuffer(unsigned int)                   /home/rbtying/robot/firmware/Arduino-2560/Debug/libArduino.a(WString.o)
String::getBytes(unsigned char*, unsigned int)    /home/rbtying/robot/firmware/Arduino-2560/Debug/libArduino.a(WString.o)
String::indexOf(String const&) const              /home/rbtying/robot/firmware/Arduino-2560/Debug/libArduino.a(WString.o)
String::indexOf(String const&, unsigned int) const /home/rbtying/robot/firmware/Arduino-2560/Debug/libArduino.a(WString.o)
String::indexOf(char) const                       /home/rbtying/robot/firmware/Arduino-2560/Debug/libArduino.a(WString.o)
String::indexOf(char, unsigned int) const         /home/rbtying/robot/firmware/Arduino-2560/Debug/libArduino.a(WString.o)
String::lastIndexOf(String const&) const          /home/rbtying/robot/firmware/Arduino-2560/Debug/libArduino.a(WString.o)
String::lastIndexOf(String const&, unsigned int) const /home/rbtying/robot/firmware/Arduino-2560/Debug/libArduino.a(WString.o)
String::lastIndexOf(char) const                   /home/rbtying/robot/firmware/Arduino-2560/Debug/libArduino.a(WString.o)
String::lastIndexOf(char, unsigned int) const     /home/rbtying/robot/firmware/Arduino-2560/Debug/libArduino.a(WString.o)
String::operator!=(String const&) const           /home/rbtying/robot/firmware/Arduino-2560/Debug/libArduino.a(WString.o)
String::operator+=(String const&)                 /home/rbtying/robot/firmware/Arduino-2560/Debug/libArduino.a(WString.o)
String::operator<(String const&) const            /home/rbtying/robot/firmware/Arduino-2560/Debug/libArduino.a(WString.o)
String::operator<=(String const&) const           /home/rbtying/robot/firmware/Arduino-2560/Debug/libArduino.a(WString.o)
String::operator=(String const&)                  /home/rbtying/robot/firmware/Arduino-2560/Debug/libArduino.a(WString.o)
String::operator==(String const&) const           /home/rbtying/robot/firmware/Arduino-2560/Debug/libArduino.a(WString.o)
String::operator>(String const&) const            /home/rbtying/robot/firmware/Arduino-2560/Debug/libArduino.a(WString.o)
String::operator>=(String const&) const           /home/rbtying/robot/firmware/Arduino-2560/Debug/libArduino.a(WString.o)
String::operator[](unsigned int)                  /home/rbtying/robot/firmware/Arduino-2560/Debug/libArduino.a(WString.o)
String::operator[](unsigned int) const            /home/rbtying/robot/firmware/Arduino-2560/Debug/libArduino.a(WString.o)
                                                  /home/rbtying/robot/firmware/Arduino-2560/Debug/libArduino.a(Print.o)
String::replace(String const&, String const&)     /home/rbtying/robot/firmware/Arduino-2560/Debug/libArduino.a(WString.o)
String::replace(char, char)                       /home/rbtying/robot/firmware/Arduino-2560/Debug/libArduino.a(WString.o)
String::setCharAt(unsigned int, char)             /home/rbtying/robot/firmware/Arduino-2560/Debug/libArduino.a(WString.o)
String::startsWith(String const&) const           /home/rbtying/robot/firmware/Arduino-2560/Debug/libArduino.a(WString.o)
String::startsWith(String const&, unsigned int) const /home/rbtying/robot/firmware/Arduino-2560/Debug/libArduino.a(WString.o)
String::substring(unsigned int) const             /home/rbtying/robot/firmware/Arduino-2560/Debug/libArduino.a(WString.o)
String::substring(unsigned int, unsigned int) const /home/rbtying/robot/firmware/Arduino-2560/Debug/libArduino.a(WString.o)
String::toCharArray(char*, unsigned int)          /home/rbtying/robot/firmware/Arduino-2560/Debug/libArduino.a(WString.o)
String::toLowerCase() const                       /home/rbtying/robot/firmware/Arduino-2560/Debug/libArduino.a(WString.o)
String::toUpperCase() const                       /home/rbtying/robot/firmware/Arduino-2560/Debug/libArduino.a(WString.o)
String::trim() const                              /home/rbtying/robot/firmware/Arduino-2560/Debug/libArduino.a(WString.o)
String::~String()                                 /home/rbtying/robot/firmware/Arduino-2560/Debug/libArduino.a(WString.o)
TSL1401::TSL1401(unsigned char, unsigned char, unsigned char, unsigned int) ./src/lib/sensors/TSL1401.o
TSL1401::TSL1401(unsigned char, unsigned char, unsigned char, unsigned int) ./src/lib/sensors/TSL1401.o
TSL1401::flush()                                  ./src/lib/sensors/TSL1401.o
TSL1401::getDataPointer()                         ./src/lib/sensors/TSL1401.o
TSL1401::getDataSize()                            ./src/lib/sensors/TSL1401.o
TSL1401::getLinePos(unsigned int, unsigned int)   ./src/lib/sensors/TSL1401.o
TSL1401::prepFrame()                              ./src/lib/sensors/TSL1401.o
TSL1401::resetSensor()                            ./src/lib/sensors/TSL1401.o
TSL1401::setExpo(unsigned int)                    ./src/lib/sensors/TSL1401.o
TSL1401::updateReadings()                         ./src/lib/sensors/TSL1401.o
TSL1401::~TSL1401()                               ./src/lib/sensors/TSL1401.o
TSL1401::~TSL1401()                               ./src/lib/sensors/TSL1401.o
__addsf3                                          /usr/lib/gcc/avr/4.3.5/avr6/libgcc.a(_addsub_sf.o)
                                                  /usr/lib/gcc/avr/4.3.5/../../../avr/lib/avr6/libm.a(log.o)
                                                  /home/rbtying/robot/firmware/Arduino-2560/Debug/libArduino.a(Print.o)
                                                  ./src/Main.o
                                                  ./src/lib/sensors/Gyro.o
                                                  ./src/lib/utilities/PID.o
__addsf3x                                         /usr/lib/gcc/avr/4.3.5/../../../avr/lib/avr6/libm.a(addsf3x.o)
                                                  /usr/lib/gcc/avr/4.3.5/../../../avr/lib/avr6/libm.a(log.o)
                                                  /usr/lib/gcc/avr/4.3.5/../../../avr/lib/avr6/libm.a(fp_powser.o)
__bad_interrupt                                   /usr/lib/gcc/avr/4.3.5/../../../avr/lib/avr6/crtm2560.o
__brkval                                          /usr/lib/gcc/avr/4.3.5/../../../avr/lib/avr6/libc.a(malloc.o)
__bss_end                                         /usr/lib/gcc/avr/4.3.5/avr6/libgcc.a(_clear_bss.o)
__bss_start                                       /usr/lib/gcc/avr/4.3.5/avr6/libgcc.a(_clear_bss.o)
__clz_tab                                         /usr/lib/gcc/avr/4.3.5/avr6/libgcc.a(_clz.o)
                                                  /usr/lib/gcc/avr/4.3.5/avr6/libgcc.a(_clzsi2.o)
__clzsi2                                          /usr/lib/gcc/avr/4.3.5/avr6/libgcc.a(_clzsi2.o)
                                                  /usr/lib/gcc/avr/4.3.5/avr6/libgcc.a(_usi_to_sf.o)
                                                  /usr/lib/gcc/avr/4.3.5/avr6/libgcc.a(_si_to_sf.o)
__ctors_end                                       /usr/lib/gcc/avr/4.3.5/avr6/libgcc.a(_ctors.o)
__ctors_start                                     /usr/lib/gcc/avr/4.3.5/avr6/libgcc.a(_ctors.o)
__ctype_isfalse                                   /usr/lib/gcc/avr/4.3.5/../../../avr/lib/avr6/libc.a(cty_isfalse.o)
                                                  /usr/lib/gcc/avr/4.3.5/../../../avr/lib/avr6/libc.a(isspace.o)
__ctype_istrue                                    /usr/lib/gcc/avr/4.3.5/../../../avr/lib/avr6/libc.a(cty_isfalse.o)
__cxa_pure_virtual                                /home/rbtying/robot/firmware/Arduino-2560/Debug/libArduino.a(missing.o)
                                                  /home/rbtying/robot/firmware/Arduino-2560/Debug/libArduino.a(Print.o)
                                                  /home/rbtying/robot/firmware/Arduino-2560/Debug/libArduino.a(HardwareSerial.o)
                                                  ./src/lib/motors/ServoMotor.o
                                                  ./src/lib/motors/Sabertooth.o
__data_end                                        /usr/lib/gcc/avr/4.3.5/../../../avr/lib/avr6/crtm2560.o
__data_load_start                                 /usr/lib/gcc/avr/4.3.5/../../../avr/lib/avr6/crtm2560.o
__data_start                                      /usr/lib/gcc/avr/4.3.5/../../../avr/lib/avr6/crtm2560.o
__divmodhi4                                       /usr/lib/gcc/avr/4.3.5/avr6/libgcc.a(_divmodhi4.o)
                                                  /home/rbtying/robot/firmware/Arduino-2560/Debug/libArduino.a(Servo.o)
                                                  /home/rbtying/robot/firmware/Arduino-2560/Debug/libArduino.a(HardwareSerial.o)
                                                  ./src/lib/sensors/rangefinders/Sharp_IR.o
__divmodsi4                                       /usr/lib/gcc/avr/4.3.5/avr6/libgcc.a(_divmodsi4.o)
                                                  /usr/lib/gcc/avr/4.3.5/../../../avr/lib/avr6/libc.a(random.o)
                                                  /home/rbtying/robot/firmware/Arduino-2560/Debug/libArduino.a(WMath.o)
__divsf3                                          /usr/lib/gcc/avr/4.3.5/avr6/libgcc.a(_div_sf.o)
                                                  /usr/lib/gcc/avr/4.3.5/../../../avr/lib/avr6/libm.a(inverse.o)
                                                  /home/rbtying/robot/firmware/Arduino-2560/Debug/libArduino.a(Print.o)
                                                  ./src/Main.o
                                                  ./src/lib/sensors/Gyro.o
                                                  ./src/lib/utilities/PID.o
                                                  ./src/lib/utilities/FlexiTimer2.o
__do_clear_bss                                    /usr/lib/gcc/avr/4.3.5/avr6/libgcc.a(_clear_bss.o)
                                                  /usr/lib/gcc/avr/4.3.5/../../../avr/lib/avr6/libc.a(malloc.o)
                                                  /home/rbtying/robot/firmware/Arduino-2560/Debug/libArduino.a(Servo.o)
                                                  /home/rbtying/robot/firmware/Arduino-2560/Debug/libArduino.a(wiring.o)
                                                  /home/rbtying/robot/firmware/Arduino-2560/Debug/libArduino.a(WString.o)
                                                  /home/rbtying/robot/firmware/Arduino-2560/Debug/libArduino.a(WInterrupts.o)
                                                  /home/rbtying/robot/firmware/Arduino-2560/Debug/libArduino.a(HardwareSerial.o)
                                                  ./src/Main.o
                                                  ./src/lib/utilities/FlexiTimer2.o
__do_copy_data                                    /usr/lib/gcc/avr/4.3.5/../../../avr/lib/avr6/crtm2560.o
                                                  /usr/lib/gcc/avr/4.3.5/../../../avr/lib/avr6/libc.a(random.o)
                                                  /usr/lib/gcc/avr/4.3.5/../../../avr/lib/avr6/libc.a(malloc.o)
                                                  /usr/lib/gcc/avr/4.3.5/avr6/libgcc.a(_clz.o)
                                                  /usr/lib/gcc/avr/4.3.5/avr6/libgcc.a(_thenan_sf.o)
                                                  /home/rbtying/robot/firmware/Arduino-2560/Debug/libArduino.a(wiring_analog.o)
                                                  /home/rbtying/robot/firmware/Arduino-2560/Debug/libArduino.a(WString.o)
                                                  /home/rbtying/robot/firmware/Arduino-2560/Debug/libArduino.a(Print.o)
                                                  /home/rbtying/robot/firmware/Arduino-2560/Debug/libArduino.a(HardwareSerial.o)
                                                  ./src/Main.o
                                                  ./src/Controller.o
                                                  ./src/lib/devices/LCD.o
                                                  ./src/lib/motors/ServoMotor.o
                                                  ./src/lib/motors/Sabertooth.o
                                                  ./src/lib/sensors/rangefinders/Sharp_IR.o
                                                  ./src/lib/sensors/rangefinders/Ping.o
                                                  ./src/lib/sensors/rangefinders/MaxSonar.o
__do_global_ctors                                 /usr/lib/gcc/avr/4.3.5/avr6/libgcc.a(_ctors.o)
                                                  /home/rbtying/robot/firmware/Arduino-2560/Debug/libArduino.a(HardwareSerial.o)
                                                  ./src/Main.o
__epilogue_restores__                             /usr/lib/gcc/avr/4.3.5/avr6/libgcc.a(_epilogue.o)
                                                  /usr/lib/gcc/avr/4.3.5/avr6/libgcc.a(_usi_to_sf.o)
                                                  /usr/lib/gcc/avr/4.3.5/avr6/libgcc.a(_sf_to_si.o)
                                                  /usr/lib/gcc/avr/4.3.5/avr6/libgcc.a(_si_to_sf.o)
                                                  /usr/lib/gcc/avr/4.3.5/avr6/libgcc.a(_le_sf.o)
                                                  /usr/lib/gcc/avr/4.3.5/avr6/libgcc.a(_lt_sf.o)
                                                  /usr/lib/gcc/avr/4.3.5/avr6/libgcc.a(_ge_sf.o)
                                                  /usr/lib/gcc/avr/4.3.5/avr6/libgcc.a(_gt_sf.o)
                                                  /usr/lib/gcc/avr/4.3.5/avr6/libgcc.a(_eq_sf.o)
                                                  /usr/lib/gcc/avr/4.3.5/avr6/libgcc.a(_div_sf.o)
                                                  /usr/lib/gcc/avr/4.3.5/avr6/libgcc.a(_mul_sf.o)
                                                  /usr/lib/gcc/avr/4.3.5/avr6/libgcc.a(_addsub_sf.o)
__eqsf2                                           /usr/lib/gcc/avr/4.3.5/avr6/libgcc.a(_eq_sf.o)
                                                  ./src/Main.o
__fixsfsi                                         /usr/lib/gcc/avr/4.3.5/avr6/libgcc.a(_sf_to_si.o)
                                                  /usr/lib/gcc/avr/4.3.5/avr6/libgcc.a(_fixunssfsi.o)
                                                  /home/rbtying/robot/firmware/Arduino-2560/Debug/libArduino.a(Print.o)
                                                  ./src/Main.o
                                                  ./src/Controller.o
                                                  ./src/lib/utilities/FlexiTimer2.o
__fixunssfsi                                      /usr/lib/gcc/avr/4.3.5/avr6/libgcc.a(_fixunssfsi.o)
                                                  /home/rbtying/robot/firmware/Arduino-2560/Debug/libArduino.a(Print.o)
                                                  ./src/Controller.o
                                                  ./src/lib/motors/Sabertooth.o
__floatsisf                                       /usr/lib/gcc/avr/4.3.5/avr6/libgcc.a(_si_to_sf.o)
                                                  /usr/lib/gcc/avr/4.3.5/../../../avr/lib/avr6/libm.a(log.o)
                                                  /home/rbtying/robot/firmware/Arduino-2560/Debug/libArduino.a(Print.o)
                                                  ./src/Main.o
                                                  ./src/Controller.o
                                                  ./src/lib/sensors/Gyro.o
                                                  ./src/lib/sensors/rangefinders/Sharp_IR.o
                                                  ./src/lib/sensors/rangefinders/MaxSonar.o
__floatunsisf                                     /usr/lib/gcc/avr/4.3.5/avr6/libgcc.a(_usi_to_sf.o)
                                                  /home/rbtying/robot/firmware/Arduino-2560/Debug/libArduino.a(Print.o)
                                                  ./src/Main.o
                                                  ./src/lib/sensors/Gyro.o
                                                  ./src/lib/sensors/Battery.o
                                                  ./src/lib/sensors/rangefinders/Ping.o
__flp                                             /usr/lib/gcc/avr/4.3.5/../../../avr/lib/avr6/libc.a(malloc.o)
__fp_inf                                          /usr/lib/gcc/avr/4.3.5/../../../avr/lib/avr6/libm.a(fp_inf.o)
                                                  /usr/lib/gcc/avr/4.3.5/../../../avr/lib/avr6/libm.a(addsf3x.o)
                                                  /usr/lib/gcc/avr/4.3.5/../../../avr/lib/avr6/libm.a(mulsf3x.o)
                                                  /usr/lib/gcc/avr/4.3.5/../../../avr/lib/avr6/libm.a(log.o)
                                                  /usr/lib/gcc/avr/4.3.5/../../../avr/lib/avr6/libm.a(ldexp.o)
                                                  /usr/lib/gcc/avr/4.3.5/../../../avr/lib/avr6/libm.a(exp.o)
__fp_mpack                                        /usr/lib/gcc/avr/4.3.5/../../../avr/lib/avr6/libm.a(fp_mpack.o)
                                                  /usr/lib/gcc/avr/4.3.5/../../../avr/lib/avr6/libm.a(log.o)
                                                  /usr/lib/gcc/avr/4.3.5/../../../avr/lib/avr6/libm.a(ldexp.o)
__fp_mpack_finite                                 /usr/lib/gcc/avr/4.3.5/../../../avr/lib/avr6/libm.a(fp_mpack.o)
__fp_nan                                          /usr/lib/gcc/avr/4.3.5/../../../avr/lib/avr6/libm.a(fp_nan.o)
                                                  /usr/lib/gcc/avr/4.3.5/../../../avr/lib/avr6/libm.a(addsf3x.o)
                                                  /usr/lib/gcc/avr/4.3.5/../../../avr/lib/avr6/libm.a(mulsf3x.o)
                                                  /usr/lib/gcc/avr/4.3.5/../../../avr/lib/avr6/libm.a(log.o)
                                                  /usr/lib/gcc/avr/4.3.5/../../../avr/lib/avr6/libm.a(exp.o)
                                                  /usr/lib/gcc/avr/4.3.5/../../../avr/lib/avr6/libm.a(pow.o)
__fp_powser                                       /usr/lib/gcc/avr/4.3.5/../../../avr/lib/avr6/libm.a(fp_powser.o)
                                                  /usr/lib/gcc/avr/4.3.5/../../../avr/lib/avr6/libm.a(log.o)
                                                  /usr/lib/gcc/avr/4.3.5/../../../avr/lib/avr6/libm.a(exp.o)
__fp_pscA                                         /usr/lib/gcc/avr/4.3.5/../../../avr/lib/avr6/libm.a(fp_pscA.o)
                                                  /usr/lib/gcc/avr/4.3.5/../../../avr/lib/avr6/libm.a(addsf3x.o)
                                                  /usr/lib/gcc/avr/4.3.5/../../../avr/lib/avr6/libm.a(mulsf3x.o)
__fp_pscB                                         /usr/lib/gcc/avr/4.3.5/../../../avr/lib/avr6/libm.a(fp_pscB.o)
                                                  /usr/lib/gcc/avr/4.3.5/../../../avr/lib/avr6/libm.a(addsf3x.o)
                                                  /usr/lib/gcc/avr/4.3.5/../../../avr/lib/avr6/libm.a(mulsf3x.o)
__fp_round                                        /usr/lib/gcc/avr/4.3.5/../../../avr/lib/avr6/libm.a(fp_round.o)
                                                  /usr/lib/gcc/avr/4.3.5/../../../avr/lib/avr6/libm.a(log.o)
__fp_split3                                       /usr/lib/gcc/avr/4.3.5/../../../avr/lib/avr6/libm.a(fp_split3.o)
                                                  /usr/lib/gcc/avr/4.3.5/../../../avr/lib/avr6/libm.a(addsf3x.o)
                                                  /usr/lib/gcc/avr/4.3.5/../../../avr/lib/avr6/libm.a(mulsf3x.o)
__fp_splitA                                       /usr/lib/gcc/avr/4.3.5/../../../avr/lib/avr6/libm.a(fp_split3.o)
                                                  /usr/lib/gcc/avr/4.3.5/../../../avr/lib/avr6/libm.a(log.o)
                                                  /usr/lib/gcc/avr/4.3.5/../../../avr/lib/avr6/libm.a(ldexp.o)
                                                  /usr/lib/gcc/avr/4.3.5/../../../avr/lib/avr6/libm.a(exp.o)
__fp_szero                                        /usr/lib/gcc/avr/4.3.5/../../../avr/lib/avr6/libm.a(fp_zero.o)
                                                  /usr/lib/gcc/avr/4.3.5/../../../avr/lib/avr6/libm.a(mulsf3x.o)
                                                  /usr/lib/gcc/avr/4.3.5/../../../avr/lib/avr6/libm.a(ldexp.o)
__fp_zero                                         /usr/lib/gcc/avr/4.3.5/../../../avr/lib/avr6/libm.a(fp_zero.o)
                                                  /usr/lib/gcc/avr/4.3.5/../../../avr/lib/avr6/libm.a(addsf3x.o)