Archive member included because of file (symbol)

/home/rbtying/robot/firmware/Arduino-2560/Debug/libArduino.a(HardwareSerial.o)
                              ./src/lib/motors/Sabertooth.o (_ZN14HardwareSerial5beginEl)
/home/rbtying/robot/firmware/Arduino-2560/Debug/libArduino.a(Print.o)
                              ./src/lib/devices/LCD.o (_ZN5Print5writeEPKc)
/home/rbtying/robot/firmware/Arduino-2560/Debug/libArduino.a(WInterrupts.o)
                              ./src/Main.o (attachInterrupt)
/home/rbtying/robot/firmware/Arduino-2560/Debug/libArduino.a(WMath.o)
                              ./src/lib/utilities/RC_CTRL.o (_Z3maplllll)
/home/rbtying/robot/firmware/Arduino-2560/Debug/libArduino.a(WString.o)
                              /home/rbtying/robot/firmware/Arduino-2560/Debug/libArduino.a(Print.o) (_ZNK6StringixEj)
/home/rbtying/robot/firmware/Arduino-2560/Debug/libArduino.a(missing.o)
                              ./src/lib/motors/Sabertooth.o (__cxa_pure_virtual)
/home/rbtying/robot/firmware/Arduino-2560/Debug/libArduino.a(pins_arduino.o)
                              ./src/lib/motors/Sabertooth.o (port_to_output_PGM)
/home/rbtying/robot/firmware/Arduino-2560/Debug/libArduino.a(wiring.o)
                              ./src/Main.o (millis)
/home/rbtying/robot/firmware/Arduino-2560/Debug/libArduino.a(wiring_analog.o)
                              ./src/lib/sensors/rangefinders/MaxSonar.o (analogRead)
/home/rbtying/robot/firmware/Arduino-2560/Debug/libArduino.a(wiring_digital.o)
                              ./src/lib/utilities/RC_CTRL.o (pinMode)
/home/rbtying/robot/firmware/Arduino-2560/Debug/libArduino.a(wiring_pulse.o)
                              ./src/lib/utilities/RC_CTRL.o (pulseIn)
/home/rbtying/robot/firmware/Arduino-2560/Debug/libArduino.a(Servo.o)
                              ./src/lib/motors/ServoMotor.o (_ZN5ServoC1Ev)
/usr/lib/gcc/avr/4.5.3/avr6/libgcc.a(_mulsi3.o)
                              ./src/Main.o (__mulsi3)
/usr/lib/gcc/avr/4.5.3/avr6/libgcc.a(_udivmodqi4.o)
                              /home/rbtying/robot/firmware/Arduino-2560/Debug/libArduino.a(Servo.o) (__udivmodqi4)
/usr/lib/gcc/avr/4.5.3/avr6/libgcc.a(_udivmodhi4.o)
                              ./src/lib/sensors/rangefinders/Ping.o (__udivmodhi4)
/usr/lib/gcc/avr/4.5.3/avr6/libgcc.a(_divmodhi4.o)
                              ./src/lib/sensors/rangefinders/Sharp_IR.o (__divmodhi4)
/usr/lib/gcc/avr/4.5.3/avr6/libgcc.a(_udivmodsi4.o)
                              ./src/ros_lib/time.o (__udivmodsi4)
/usr/lib/gcc/avr/4.5.3/avr6/libgcc.a(_divmodsi4.o)
                              ./src/ros_lib/time.o (__divmodsi4)
/usr/lib/gcc/avr/4.5.3/avr6/libgcc.a(_exit.o)
                              /usr/lib/gcc/avr/4.5.3/../../../avr/lib/avr6/crtm2560.o (exit)
/usr/lib/gcc/avr/4.5.3/avr6/libgcc.a(_copy_data.o)
                              ./src/lib/sensors/rangefinders/MaxSonar.o (__do_copy_data)
/usr/lib/gcc/avr/4.5.3/avr6/libgcc.a(_clear_bss.o)
                              ./src/lib/utilities/FlexiTimer2.o (__do_clear_bss)
/usr/lib/gcc/avr/4.5.3/avr6/libgcc.a(_ctors.o)
                              ./src/Main.o (__do_global_ctors)
/usr/lib/gcc/avr/4.5.3/avr6/libgcc.a(_fixunssfsi.o)
                              ./src/lib/motors/Sabertooth.o (__fixunssfsi)
/usr/lib/gcc/avr/4.5.3/avr6/libgcc.a(_addsub_sf.o)
                              ./src/lib/utilities/PID.o (__addsf3)
/usr/lib/gcc/avr/4.5.3/avr6/libgcc.a(_mul_sf.o)
                              ./src/ros_lib/duration.o (__mulsf3)
/usr/lib/gcc/avr/4.5.3/avr6/libgcc.a(_div_sf.o)
                              ./src/lib/utilities/FlexiTimer2.o (__divsf3)
/usr/lib/gcc/avr/4.5.3/avr6/libgcc.a(_eq_sf.o)
                              ./src/Main.o (__eqsf2)
/usr/lib/gcc/avr/4.5.3/avr6/libgcc.a(_gt_sf.o)
                              ./src/lib/utilities/PID.o (__gtsf2)
/usr/lib/gcc/avr/4.5.3/avr6/libgcc.a(_ge_sf.o)
                              ./src/Main.o (__gesf2)
/usr/lib/gcc/avr/4.5.3/avr6/libgcc.a(_lt_sf.o)
                              ./src/lib/utilities/PID.o (__ltsf2)
/usr/lib/gcc/avr/4.5.3/avr6/libgcc.a(_le_sf.o)
                              ./src/Main.o (__lesf2)
/usr/lib/gcc/avr/4.5.3/avr6/libgcc.a(_si_to_sf.o)
                              ./src/ros_lib/duration.o (__floatsisf)
/usr/lib/gcc/avr/4.5.3/avr6/libgcc.a(_sf_to_si.o)
                              ./src/ros_lib/duration.o (__fixsfsi)
/usr/lib/gcc/avr/4.5.3/avr6/libgcc.a(_thenan_sf.o)
                              /usr/lib/gcc/avr/4.5.3/avr6/libgcc.a(_addsub_sf.o) (__thenan_sf)
/usr/lib/gcc/avr/4.5.3/avr6/libgcc.a(_usi_to_sf.o)
                              ./src/lib/sensors/rangefinders/Ping.o (__floatunsisf)
/usr/lib/gcc/avr/4.5.3/avr6/libgcc.a(_prologue.o)
                              /usr/lib/gcc/avr/4.5.3/avr6/libgcc.a(_addsub_sf.o) (__prologue_saves__)
/usr/lib/gcc/avr/4.5.3/avr6/libgcc.a(_epilogue.o)
[...]
Memory Configuration

Name             Origin             Length             Attributes
text             0x0000000000000000 0x0000000000100000 xr
data             0x0000000000800200 0x000000000000fe00 rw !x
eeprom           0x0000000000810000 0x0000000000010000 rw !x
fuse             0x0000000000820000 0x0000000000000400 rw !x
lock             0x0000000000830000 0x0000000000000400 rw !x
signature        0x0000000000840000 0x0000000000000400 rw !x
*default*        0x0000000000000000 0xffffffffffffffff

Linker script and memory map

Address of section .data set to 0x800200
LOAD /usr/lib/gcc/avr/4.5.3/../../../avr/lib/avr6/crtm2560.o
LOAD ./src/ros_lib/duration.o
LOAD ./src/ros_lib/time.o
LOAD ./src/lib/utilities/FlexiTimer2.o
LOAD ./src/lib/utilities/PID.o
LOAD ./src/lib/utilities/RC_CTRL.o
LOAD ./src/lib/sensors/rangefinders/MaxSonar.o
LOAD ./src/lib/sensors/rangefinders/Ping.o
LOAD ./src/lib/sensors/rangefinders/Sharp_IR.o
LOAD ./src/lib/sensors/Battery.o
LOAD ./src/lib/sensors/Gyro.o
LOAD ./src/lib/sensors/TSL1401.o
LOAD ./src/lib/motors/Sabertooth.o
LOAD ./src/lib/motors/ServoMotor.o
LOAD ./src/lib/devices/CD74HC4067.o
LOAD ./src/lib/devices/LCD.o
LOAD ./src/lib/devices/StrongDriveOutput.o
LOAD ./src/Main.o
LOAD ./src/StateController.o
LOAD /home/rbtying/robot/firmware/Arduino-2560/Debug/libArduino.a
LOAD /usr/lib/gcc/avr/4.5.3/avr6/libgcc.a
LOAD /usr/lib/gcc/avr/4.5.3/../../../avr/lib/avr6/libm.a
LOAD /usr/lib/gcc/avr/4.5.3/avr6/libgcc.a
LOAD /usr/lib/gcc/avr/4.5.3/../../../avr/lib/avr6/libc.a
LOAD /usr/lib/gcc/avr/4.5.3/avr6/libgcc.a

.hash
 *(.hash)

.dynsym
 *(.dynsym)

.dynstr
 *(.dynstr)

.gnu.version
 *(.gnu.version)

.gnu.version_d
 *(.gnu.version_d)

.gnu.version_r
 *(.gnu.version_r)

.rel.init
 *(.rel.init)

.rela.init
 *(.rela.init)

.rel.text
 *(.rel.text)
 *(.rel.text.*)
 *(.rel.gnu.linkonce.t*)

.rela.text
 *(.rela.text)
 *(.rela.text.*)
 *(.rela.gnu.linkonce.t*)

.rel.fini
 *(.rel.fini)

.rela.fini
 *(.rela.fini)

.rel.rodata
 *(.rel.rodata)
 *(.rel.rodata.*)
 *(.rel.gnu.linkonce.r*)

.rela.rodata
 *(.rela.rodata)
 *(.rela.rodata.*)
 *(.rela.gnu.linkonce.r*)

.rel.data
 *(.rel.data)
 *(.rel.data.*)
 *(.rel.gnu.linkonce.d*)

.rela.data
 *(.rela.data)
 *(.rela.data.*)
 *(.rela.gnu.linkonce.d*)

.rel.ctors
 *(.rel.ctors)

.rela.ctors
 *(.rela.ctors)

.rel.dtors
 *(.rel.dtors)

.rela.dtors
 *(.rela.dtors)

.rel.got
 *(.rel.got)

.rela.got
 *(.rela.got)

.rel.bss
 *(.rel.bss)

.rela.bss
 *(.rela.bss)

.rel.plt
 *(.rel.plt)

.rela.plt
 *(.rela.plt)

.text           0x0000000000000000     0x7282
 *(.vectors)
 .vectors       0x0000000000000000       0xe4 /usr/lib/gcc/avr/4.5.3/../../../avr/lib/avr6/crtm2560.o
                0x0000000000000000                __vectors
                0x0000000000000000                __vector_default
 *(.vectors)
 *(.progmem.gcc*)
 *(.progmem*)
 .progmem.data  0x00000000000000e4      0x120 /home/rbtying/robot/firmware/Arduino-2560/Debug/libArduino.a(pins_arduino.o)
                0x00000000000000e4                port_to_mode_PGM
                0x00000000000000fe                port_to_output_PGM
                0x0000000000000118                port_to_input_PGM
                0x0000000000000132                digital_pin_to_port_PGM
                0x0000000000000178                digital_pin_to_bit_mask_PGM
                0x00000000000001be                digital_pin_to_timer_PGM
                0x0000000000000204                . = ALIGN (0x2)
                0x0000000000000204                __trampolines_start = .
 *(.trampolines)
 .trampolines   0x0000000000000204        0x0 linker stubs
 *(.trampolines*)
                0x0000000000000204                __trampolines_end = .
 *(.jumptables)
 *(.jumptables*)
 *(.lowtext)
 *(.lowtext*)
                0x0000000000000204                __ctors_start = .
 *(.ctors)
 .ctors         0x0000000000000204        0x2 ./src/Main.o
 .ctors         0x0000000000000206        0x2 /home/rbtying/robot/firmware/Arduino-2560/Debug/libArduino.a(HardwareSerial.o)
                0x0000000000000208                __ctors_end = .
                0x0000000000000208                __dtors_start = .
 *(.dtors)
                0x0000000000000208                __dtors_end = .
 SORT(*)(.ctors)
 SORT(*)(.dtors)
 *(.init0)
 .init0         0x0000000000000208        0x0 /usr/lib/gcc/avr/4.5.3/../../../avr/lib/avr6/crtm2560.o
                0x0000000000000208                __init
 *(.init0)
 *(.init1)
 *(.init1)
 *(.init2)
 .init2         0x0000000000000208       0x10 /usr/lib/gcc/avr/4.5.3/../../../avr/lib/avr6/crtm2560.o
 *(.init2)
 *(.init3)
 *(.init3)
 *(.init4)
 .init4         0x0000000000000218       0x1a /usr/lib/gcc/avr/4.5.3/avr6/libgcc.a(_copy_data.o)
                0x0000000000000218                __do_copy_data
 .init4         0x0000000000000232       0x10 /usr/lib/gcc/avr/4.5.3/avr6/libgcc.a(_clear_bss.o)
                0x0000000000000232                __do_clear_bss
 *(.init4)
 *(.init5)
 *(.init5)
 *(.init6)
 .init6         0x0000000000000242       0x20 /usr/lib/gcc/avr/4.5.3/avr6/libgcc.a(_ctors.o)
                0x0000000000000242                __do_global_ctors
 *(.init6)
 *(.init7)
 *(.init7)
 *(.init8)
 *(.init8)
 *(.init9)
 .init9         0x0000000000000262        0x8 /usr/lib/gcc/avr/4.5.3/../../../avr/lib/avr6/crtm2560.o
 *(.init9)
 *(.text)
 .text          0x000000000000026a        0x4 /usr/lib/gcc/avr/4.5.3/../../../avr/lib/avr6/crtm2560.o
                0x000000000000026a                __vector_38
                0x000000000000026a                __vector_22
                0x000000000000026a                __vector_28
                0x000000000000026a                __vector_34
                0x000000000000026a                __vector_24
                0x000000000000026a                __vector_12
                0x000000000000026a                __vector_55
                0x000000000000026a                __vector_46
                0x000000000000026a                __bad_interrupt
                0x000000000000026a                __vector_31
                0x000000000000026a                __vector_35
                0x000000000000026a                __vector_39
                0x000000000000026a                __vector_30
                0x000000000000026a                __vector_45
                0x000000000000026a                __vector_11
                0x000000000000026a                __vector_13
                0x000000000000026a                __vector_19
                0x000000000000026a                __vector_56
                0x000000000000026a                __vector_49
                0x000000000000026a                __vector_41
                0x000000000000026a                __vector_43
                0x000000000000026a                __vector_27
                0x000000000000026a                __vector_33
                0x000000000000026a                __vector_52
                0x000000000000026a                __vector_37
                0x000000000000026a                __vector_44
                0x000000000000026a                __vector_9
                0x000000000000026a                __vector_21
                0x000000000000026a                __vector_29
                0x000000000000026a                __vector_40
                0x000000000000026a                __vector_26
                0x000000000000026a                __vector_48
                0x000000000000026a                __vector_14
                0x000000000000026a                __vector_53
                0x000000000000026a                __vector_10
                0x000000000000026a                __vector_50
                0x000000000000026a                __vector_16
                0x000000000000026a                __vector_18
                0x000000000000026a                __vector_20
 .text          0x000000000000026e      0x350 /usr/lib/gcc/avr/4.5.3/avr6/libgcc.a(_addsub_sf.o)
                0x0000000000000502                __addsf3
                0x000000000000055c                __subsf3
 .text          0x00000000000005be      0x1f4 /usr/lib/gcc/avr/4.5.3/avr6/libgcc.a(_mul_sf.o)
                0x00000000000005be                __mulsf3
 .text          0x00000000000007b2      0x15c /usr/lib/gcc/avr/4.5.3/avr6/libgcc.a(_div_sf.o)
                0x00000000000007b2                __divsf3
 .text          0x000000000000090e       0x60 /usr/lib/gcc/avr/4.5.3/avr6/libgcc.a(_eq_sf.o)
                0x000000000000090e                __eqsf2
 .text          0x000000000000096e       0x60 /usr/lib/gcc/avr/4.5.3/avr6/libgcc.a(_gt_sf.o)
                0x000000000000096e                __gtsf2
 .text          0x00000000000009ce       0x60 /usr/lib/gcc/avr/4.5.3/avr6/libgcc.a(_ge_sf.o)
                0x00000000000009ce                __gesf2
 .text          0x0000000000000a2e       0x60 /usr/lib/gcc/avr/4.5.3/avr6/libgcc.a(_lt_sf.o)
                0x0000000000000a2e                __ltsf2
 .text          0x0000000000000a8e       0x60 /usr/lib/gcc/avr/4.5.3/avr6/libgcc.a(_le_sf.o)
                0x0000000000000a8e                __lesf2
 .text          0x0000000000000aee       0xc0 /usr/lib/gcc/avr/4.5.3/avr6/libgcc.a(_si_to_sf.o)
                0x0000000000000aee                __floatsisf
 .text          0x0000000000000bae       0xa4 /usr/lib/gcc/avr/4.5.3/avr6/libgcc.a(_sf_to_si.o)
                0x0000000000000bae                __fixsfsi
 .text          0x0000000000000c52       0xf0 /usr/lib/gcc/avr/4.5.3/avr6/libgcc.a(_usi_to_sf.o)
                0x0000000000000c52                __floatunsisf
 .text          0x0000000000000d42       0xb4 /usr/lib/gcc/avr/4.5.3/avr6/libgcc.a(_clzsi2.o)
                0x0000000000000d42                __clzsi2
 .text          0x0000000000000df6      0x19c /usr/lib/gcc/avr/4.5.3/avr6/libgcc.a(_pack_sf.o)
                0x0000000000000df6                __pack_f
 .text          0x0000000000000f92       0xd2 /usr/lib/gcc/avr/4.5.3/avr6/libgcc.a(_unpack_sf.o)
                0x0000000000000f92                __unpack_f
 .text          0x0000000000001064       0xb2 /usr/lib/gcc/avr/4.5.3/avr6/libgcc.a(_fpcmp_parts_sf.o)
                0x0000000000001064                __fpcmp_parts_f
                0x0000000000001116                . = ALIGN (0x2)
 *(.text.*)
 .text._ZN3ros16normalizeSecNSecERmS0_
                0x0000000000001116       0x62 ./src/ros_lib/time.o
                0x0000000000001116                _ZN3ros16normalizeSecNSecERmS0_
 .text._ZN11FlexiTimer29_overflowEv
                0x0000000000001178       0x7e ./src/lib/utilities/FlexiTimer2.o
                0x0000000000001178                _ZN11FlexiTimer29_overflowEv
 .text.__vector_15
                0x00000000000011f6       0x50 ./src/lib/utilities/FlexiTimer2.o
                0x00000000000011f6                __vector_15
 .text._ZN3PIDC2EP10PID_params
                0x0000000000001246        0x8 ./src/lib/utilities/PID.o
                0x0000000000001246                _ZN3PIDC2EP10PID_params
                0x0000000000001246                _ZN3PIDC1EP10PID_params
 .text._ZN3PID8setInputEd
                0x000000000000124e       0x12 ./src/lib/utilities/PID.o
                0x000000000000124e                _ZN3PID8setInputEd
 .text._ZN3PID9getOutputEv
                0x0000000000001260       0x1a ./src/lib/utilities/PID.o
                0x0000000000001260                _ZN3PID9getOutputEv
 .text._ZN3PID7processEd
                0x000000000000127a      0x194 ./src/lib/utilities/PID.o
                0x000000000000127a                _ZN3PID7processEd
 .text._ZN7Battery3setEP10CD74HC4067hh
                0x000000000000140e       0x50 ./src/lib/sensors/Battery.o
                0x000000000000140e                _ZN7Battery3setEP10CD74HC4067hh
 .text._ZN7BatteryC2Ehh
                0x000000000000145e       0x10 ./src/lib/sensors/Battery.o
                0x000000000000145e                _ZN7BatteryC1Ehh
                0x000000000000145e                _ZN7BatteryC2Ehh
 .text._ZN7BatteryC2Ev
                0x000000000000146e       0x2a ./src/lib/sensors/Battery.o
                0x000000000000146e                _ZN7BatteryC1Ev
                0x000000000000146e                _ZN7BatteryC2Ev
 .text._ZN7Battery10getVoltageEv
                0x0000000000001498       0x36 ./src/lib/sensors/Battery.o
                0x0000000000001498                _ZN7Battery10getVoltageEv
 .text._ZN7Battery10getCurrentEv
                0x00000000000014ce       0x36 ./src/lib/sensors/Battery.o
                0x00000000000014ce                _ZN7Battery10getCurrentEv
 .text._ZN4GyroC2Ehhf
                0x0000000000001504       0x42 ./src/lib/sensors/Gyro.o
                0x0000000000001504                _ZN4GyroC2Ehhf
                0x0000000000001504                _ZN4GyroC1Ehhf
 .text._ZN4Gyro9calibrateEjb
                0x0000000000001546      0x196 ./src/lib/sensors/Gyro.o
                0x0000000000001546                _ZN4Gyro9calibrateEjb
 .text._ZN4Gyro8getValueEv
                0x00000000000016dc       0x72 ./src/lib/sensors/Gyro.o
                0x00000000000016dc                _ZN4Gyro8getValueEv
 .text._ZN4Gyro6updateEP9gyro_dataf
                0x000000000000174e       0x4c ./src/lib/sensors/Gyro.o
                0x000000000000174e                _ZN4Gyro6updateEP9gyro_dataf
 .text._ZN10SabertoothC2EhP14HardwareSerial
                0x000000000000179a       0x2e ./src/lib/motors/Sabertooth.o
                0x000000000000179a                _ZN10SabertoothC1EhP14HardwareSerial
                0x000000000000179a                _ZN10SabertoothC2EhP14HardwareSerial
 .text._ZN10Sabertooth10tunedDelayEj
                0x00000000000017c8        0xe ./src/lib/motors/Sabertooth.o
                0x00000000000017c8                _ZN10Sabertooth10tunedDelayEj
 .text._ZN10Sabertooth5writeEh
                0x00000000000017d6       0xda ./src/lib/motors/Sabertooth.o
                0x00000000000017d6                _ZN10Sabertooth5writeEh
 .text._ZN10Sabertooth6enableEv
                0x00000000000018b0       0x1a ./src/lib/motors/Sabertooth.o
                0x00000000000018b0                _ZN10Sabertooth6enableEv
 .text._ZN10Sabertooth7disableEv
                0x00000000000018ca        0x6 ./src/lib/motors/Sabertooth.o
                0x00000000000018ca                _ZN10Sabertooth7disableEv
 .text._ZN10Sabertooth7enabledEv
                0x00000000000018d0        0x6 ./src/lib/motors/Sabertooth.o
                0x00000000000018d0                _ZN10Sabertooth7enabledEv
 .text._ZN10Sabertooth10sendPacketEhh
                0x00000000000018d6       0x64 ./src/lib/motors/Sabertooth.o
                0x00000000000018d6                _ZN10Sabertooth10sendPacketEhh
 .text._ZN10Sabertooth13setMotorSpeedEhh
                0x000000000000193a        0xa ./src/lib/motors/Sabertooth.o
                0x000000000000193a                _ZN10Sabertooth13setMotorSpeedEhh
 .text._ZN10Sabertooth10setM1SpeedEa
                0x0000000000001944       0x32 ./src/lib/motors/Sabertooth.o
                0x0000000000001944                _ZN10Sabertooth10setM1SpeedEa
 .text._ZN10Sabertooth10setM2SpeedEa
                0x0000000000001976       0x32 ./src/lib/motors/Sabertooth.o
                0x0000000000001976                _ZN10Sabertooth10setM2SpeedEa
 .text._ZN10Sabertooth8setSpeedEaa
                0x00000000000019a8       0x3a ./src/lib/motors/Sabertooth.o
                0x00000000000019a8                _ZN10Sabertooth8setSpeedEaa
 .text._ZN10Sabertooth8setSpeedEaabb
                0x00000000000019e2       0x2a ./src/lib/motors/Sabertooth.o
                0x00000000000019e2                _ZN10Sabertooth8setSpeedEaabb
 .text._ZN10Sabertooth8setSpeedEP10motor_data
                0x0000000000001a0c       0x44 ./src/lib/motors/Sabertooth.o
                0x0000000000001a0c                _ZN10Sabertooth8setSpeedEP10motor_data
 .text._ZN10CD74HC40676setMuxEh
                0x0000000000001a50       0x82 ./src/lib/devices/CD74HC4067.o
                0x0000000000001a50                _ZN10CD74HC40676setMuxEh
 .text._ZN10CD74HC40677readADCEh
                0x0000000000001ad2       0x16 ./src/lib/devices/CD74HC4067.o
                0x0000000000001ad2                _ZN10CD74HC40677readADCEh
 .text._ZN17StrongDriveOutputC2Ehb
                0x0000000000001ae8      0x160 ./src/lib/devices/StrongDriveOutput.o
                0x0000000000001ae8                _ZN17StrongDriveOutputC1Ehb
                0x0000000000001ae8                _ZN17StrongDriveOutputC2Ehb
 .text._ZN17StrongDriveOutput2onEv
                0x0000000000001c48       0x46 ./src/lib/devices/StrongDriveOutput.o
                0x0000000000001c48                _ZN17StrongDriveOutput2onEv
 .text._ZN17StrongDriveOutput3offEv
                0x0000000000001c8e       0x46 ./src/lib/devices/StrongDriveOutput.o
                0x0000000000001c8e                _ZN17StrongDriveOutput3offEv
 .text._ZNK8std_msgs4Time9serializeEPh
                0x0000000000001cd4       0x46 ./src/Main.o
                0x0000000000001cd4                _ZNK8std_msgs4Time9serializeEPh
 .text._ZN8std_msgs4Time11deserializeEPh
                0x0000000000001d1a      0x130 ./src/Main.o
                0x0000000000001d1a                _ZN8std_msgs4Time11deserializeEPh
 .text._ZN8std_msgs4Time7getTypeEv
                0x0000000000001e4a        0x6 ./src/Main.o
                0x0000000000001e4a                _ZN8std_msgs4Time7getTypeEv
 .text._ZN8std_msgs4Time6getMD5Ev
                0x0000000000001e50        0x6 ./src/Main.o
                0x0000000000001e50                _ZN8std_msgs4Time6getMD5Ev
 .text._ZN14rosserial_msgs9TopicInfo11deserializeEPh
                0x0000000000001e56      0x1ec ./src/Main.o
                0x0000000000001e56                _ZN14rosserial_msgs9TopicInfo11deserializeEPh
 .text._ZN14rosserial_msgs9TopicInfo7getTypeEv
                0x0000000000002042        0x6 ./src/Main.o
                0x0000000000002042                _ZN14rosserial_msgs9TopicInfo7getTypeEv
 .text._ZN14rosserial_msgs9TopicInfo6getMD5Ev
                0x0000000000002048        0x6 ./src/Main.o
                0x0000000000002048                _ZN14rosserial_msgs9TopicInfo6getMD5Ev
 .text._ZN14rosserial_msgs3Log11deserializeEPh
                0x000000000000204e       0x8a ./src/Main.o
                0x000000000000204e                _ZN14rosserial_msgs3Log11deserializeEPh
 .text._ZN14rosserial_msgs3Log7getTypeEv
                0x00000000000020d8        0x6 ./src/Main.o
                0x00000000000020d8                _ZN14rosserial_msgs3Log7getTypeEv
 .text._ZN14rosserial_msgs3Log6getMD5Ev
                0x00000000000020de        0x6 ./src/Main.o
                0x00000000000020de                _ZN14rosserial_msgs3Log6getMD5Ev
 .text._ZN14rosserial_msgs20RequestParamResponse7getTypeEv
                0x00000000000020e4        0x6 ./src/Main.o
                0x00000000000020e4                _ZN14rosserial_msgs20RequestParamResponse7getTypeEv
 .text._ZN14rosserial_msgs20RequestParamResponse6getMD5Ev
                0x00000000000020ea        0x6 ./src/Main.o
                0x00000000000020ea                _ZN14rosserial_msgs20RequestParamResponse6getMD5Ev
 .text._ZNK5rover7Enabled9serializeEPh
                0x00000000000020f0       0x16 ./src/Main.o
                0x00000000000020f0                _ZNK5rover7Enabled9serializeEPh
 .text._ZN5rover7Enabled11deserializeEPh
                0x0000000000002106       0x16 ./src/Main.o
                0x0000000000002106                _ZN5rover7Enabled11deserializeEPh
 .text._ZN5rover7Enabled7getTypeEv
                0x000000000000211c        0x6 ./src/Main.o
                0x000000000000211c                _ZN5rover7Enabled7getTypeEv
 .text._ZN5rover7Enabled6getMD5Ev
                0x0000000000002122        0x6 ./src/Main.o
                0x0000000000002122                _ZN5rover7Enabled6getMD5Ev
 .text._ZN8std_msgs6Header11deserializeEPh
                0x0000000000002128      0x22a ./src/Main.o
                0x0000000000002128                _ZN8std_msgs6Header11deserializeEPh
 .text._ZN8std_msgs6Header7getTypeEv
                0x0000000000002352        0x6 ./src/Main.o
                0x0000000000002352                _ZN8std_msgs6Header7getTypeEv
 .text._ZN8std_msgs6Header6getMD5Ev
                0x0000000000002358        0x6 ./src/Main.o
                0x0000000000002358                _ZN8std_msgs6Header6getMD5Ev
 .text._ZN5rover6Motors11deserializeEPh
                0x000000000000235e       0xf2 ./src/Main.o
                0x000000000000235e                _ZN5rover6Motors11deserializeEPh
 .text._ZN5rover6Motors7getTypeEv
                0x0000000000002450        0x6 ./src/Main.o
                0x0000000000002450                _ZN5rover6Motors7getTypeEv
 .text._ZN5rover6Motors6getMD5Ev
                0x0000000000002456        0x6 ./src/Main.o
                0x0000000000002456                _ZN5rover6Motors6getMD5Ev
 .text._ZN5rover7Battery11deserializeEPh
                0x000000000000245c       0xf2 ./src/Main.o
                0x000000000000245c                _ZN5rover7Battery11deserializeEPh
 .text._ZN5rover7Battery7getTypeEv
                0x000000000000254e        0x6 ./src/Main.o
                0x000000000000254e                _ZN5rover7Battery7getTypeEv
 .text._ZN5rover7Battery6getMD5Ev
                0x0000000000002554        0x6 ./src/Main.o
                0x0000000000002554                _ZN5rover7Battery6getMD5Ev
 .text._ZN5rover7Encoder11deserializeEPh
                0x000000000000255a      0x338 ./src/Main.o
                0x000000000000255a                _ZN5rover7Encoder11deserializeEPh
 .text._ZN5rover7Encoder7getTypeEv
                0x0000000000002892        0x6 ./src/Main.o
                0x0000000000002892                _ZN5rover7Encoder7getTypeEv
 .text._ZN5rover7Encoder6getMD5Ev
                0x0000000000002898        0x6 ./src/Main.o
                0x0000000000002898                _ZN5rover7Encoder6getMD5Ev
 .text._ZN5rover8Settings11deserializeEPh
                0x000000000000289e      0x31c ./src/Main.o
                0x000000000000289e                _ZN5rover8Settings11deserializeEPh
 .text._ZN5rover8Settings7getTypeEv
                0x0000000000002bba        0x6 ./src/Main.o
                0x0000000000002bba                _ZN5rover8Settings7getTypeEv
 .text._ZN5rover8Settings6getMD5Ev
                0x0000000000002bc0        0x6 ./src/Main.o
                0x0000000000002bc0                _ZN5rover8Settings6getMD5Ev
 .text._ZN8std_msgs19MultiArrayDimension11deserializeEPh
                0x0000000000002bc6      0x19c ./src/Main.o
                0x0000000000002bc6                _ZN8std_msgs19MultiArrayDimension11deserializeEPh
 .text._ZN8std_msgs19MultiArrayDimension7getTypeEv
                0x0000000000002d62        0x6 ./src/Main.o
                0x0000000000002d62                _ZN8std_msgs19MultiArrayDimension7getTypeEv
 .text._ZN8std_msgs19MultiArrayDimension6getMD5Ev
                0x0000000000002d68        0x6 ./src/Main.o
                0x0000000000002d68                _ZN8std_msgs19MultiArrayDimension6getMD5Ev
 .text._ZNK8std_msgs16MultiArrayLayout9serializeEPh
                0x0000000000002d6e       0xb6 ./src/Main.o
                0x0000000000002d6e                _ZNK8std_msgs16MultiArrayLayout9serializeEPh
 .text._ZN8std_msgs16MultiArrayLayout7getTypeEv
                0x0000000000002e24        0x6 ./src/Main.o
                0x0000000000002e24                _ZN8std_msgs16MultiArrayLayout7getTypeEv
 .text._ZN8std_msgs16MultiArrayLayout6getMD5Ev
                0x0000000000002e2a        0x6 ./src/Main.o
                0x0000000000002e2a                _ZN8std_msgs16MultiArrayLayout6getMD5Ev
 .text._ZNK8std_msgs15UInt8MultiArray9serializeEPh
                0x0000000000002e30       0x84 ./src/Main.o
                0x0000000000002e30                _ZNK8std_msgs15UInt8MultiArray9serializeEPh
 .text._ZN8std_msgs15UInt8MultiArray7getTypeEv
                0x0000000000002eb4        0x6 ./src/Main.o
                0x0000000000002eb4                _ZN8std_msgs15UInt8MultiArray7getTypeEv
 .text._ZN8std_msgs15UInt8MultiArray6getMD5Ev
                0x0000000000002eba        0x6 ./src/Main.o
                0x0000000000002eba                _ZN8std_msgs15UInt8MultiArray6getMD5Ev
 .text._ZN5rover4Gyro11deserializeEPh
                0x0000000000002ec0       0xf2 ./src/Main.o
                0x0000000000002ec0                _ZN5rover4Gyro11deserializeEPh
 .text._ZN5rover4Gyro7getTypeEv
                0x0000000000002fb2        0x6 ./src/Main.o
                0x0000000000002fb2                _ZN5rover4Gyro7getTypeEv
 .text._ZN5rover4Gyro6getMD5Ev
                0x0000000000002fb8        0x6 ./src/Main.o
                0x0000000000002fb8                _ZN5rover4Gyro6getMD5Ev
 .text._Z7drivecbRKN5rover6MotorsE
                0x0000000000002fbe       0x54 ./src/Main.o
                0x0000000000002fbe                _Z7drivecbRKN5rover6MotorsE
 .text._Z10settingscbRKN5rover8SettingsE
                0x0000000000003012       0xe4 ./src/Main.o
                0x0000000000003012                _Z10settingscbRKN5rover8SettingsE
 .text._Z8enablecbRKN5rover7EnabledE
                0x00000000000030f6       0x10 ./src/Main.o
                0x00000000000030f6                _Z8enablecbRKN5rover7EnabledE
 .text._ZN3ros11NodeHandle_I15ArduinoHardwareLi25ELi25ELi512ELi512EE9connectedEv
                0x0000000000003106        0xa ./src/Main.o
                0x0000000000003106                _ZN3ros11NodeHandle_I15ArduinoHardwareLi25ELi25ELi512ELi512EE9connectedEv
 .text._ZN3ros10SubscriberIN8std_msgs15UInt8MultiArrayEE15getEndpointTypeEv
                0x0000000000003110        0x8 ./src/Main.o
                0x0000000000003110                _ZN3ros10SubscriberIN8std_msgs15UInt8MultiArrayEE15getEndpointTypeEv
 .text._ZN3ros10SubscriberIN8std_msgs15UInt8MultiArrayEE10getMsgTypeEv
                0x0000000000003118        0x6 ./src/Main.o
                0x0000000000003118                _ZN3ros10SubscriberIN8std_msgs15UInt8MultiArrayEE10getMsgTypeEv
 .text._ZN3ros10SubscriberIN8std_msgs15UInt8MultiArrayEE9getMsgMD5Ev
                0x000000000000311e        0x6 ./src/Main.o
                0x000000000000311e                _ZN3ros10SubscriberIN8std_msgs15UInt8MultiArrayEE9getMsgMD5Ev
 .text._ZN3ros10SubscriberIN5rover7EnabledEE8callbackEPh
                0x0000000000003124       0x28 ./src/Main.o
                0x0000000000003124                _ZN3ros10SubscriberIN5rover7EnabledEE8callbackEPh
 .text._ZN3ros10SubscriberIN5rover7EnabledEE15getEndpointTypeEv
                0x000000000000314c        0x8 ./src/Main.o
                0x000000000000314c                _ZN3ros10SubscriberIN5rover7EnabledEE15getEndpointTypeEv
 .text._ZN3ros10SubscriberIN5rover7EnabledEE10getMsgTypeEv
                0x0000000000003154        0x6 ./src/Main.o
                0x0000000000003154                _ZN3ros10SubscriberIN5rover7EnabledEE10getMsgTypeEv
 .text._ZN3ros10SubscriberIN5rover7EnabledEE9getMsgMD5Ev
                0x000000000000315a        0x6 ./src/Main.o
                0x000000000000315a                _ZN3ros10SubscriberIN5rover7EnabledEE9getMsgMD5Ev
 .text._ZN3ros10SubscriberIN5rover8SettingsEE8callbackEPh
                0x0000000000003160       0x28 ./src/Main.o
                0x0000000000003160                _ZN3ros10SubscriberIN5rover8SettingsEE8callbackEPh
 .text._ZN3ros10SubscriberIN5rover8SettingsEE15getEndpointTypeEv
                0x0000000000003188        0x8 ./src/Main.o
                0x0000000000003188                _ZN3ros10SubscriberIN5rover8SettingsEE15getEndpointTypeEv
 .text._ZN3ros10SubscriberIN5rover8SettingsEE10getMsgTypeEv
                0x0000000000003190        0x6 ./src/Main.o
                0x0000000000003190                _ZN3ros10SubscriberIN5rover8SettingsEE10getMsgTypeEv
 .text._ZN3ros10SubscriberIN5rover8SettingsEE9getMsgMD5Ev
                0x0000000000003196        0x6 ./src/Main.o
                0x0000000000003196                _ZN3ros10SubscriberIN5rover8SettingsEE9getMsgMD5Ev
 .text._ZN3ros10SubscriberIN5rover6MotorsEE8callbackEPh
                0x000000000000319c       0x28 ./src/Main.o
                0x000000000000319c                _ZN3ros10SubscriberIN5rover6MotorsEE8callbackEPh
 .text._ZN3ros10SubscriberIN5rover6MotorsEE15getEndpointTypeEv
                0x00000000000031c4        0x8 ./src/Main.o
                0x00000000000031c4                _ZN3ros10SubscriberIN5rover6MotorsEE15getEndpointTypeEv
 .text._ZN3ros10SubscriberIN5rover6MotorsEE10getMsgTypeEv
                0x00000000000031cc        0x6 ./src/Main.o
                0x00000000000031cc                _ZN3ros10SubscriberIN5rover6MotorsEE10getMsgTypeEv
 .text._ZN3ros10SubscriberIN5rover6MotorsEE9getMsgMD5Ev
                0x00000000000031d2        0x6 ./src/Main.o
                0x00000000000031d2                _ZN3ros10SubscriberIN5rover6MotorsEE9getMsgMD5Ev
 .text._ZNK14rosserial_msgs9TopicInfo9serializeEPh
                0x00000000000031d8      0x13e ./src/Main.o
                0x00000000000031d8                _ZNK14rosserial_msgs9TopicInfo9serializeEPh
 .text._ZNK14rosserial_msgs3Log9serializeEPh
                0x0000000000003316       0x4c ./src/Main.o
                0x0000000000003316                _ZNK14rosserial_msgs3Log9serializeEPh
 .text._ZNK14rosserial_msgs20RequestParamResponse9serializeEPh
                0x0000000000003362      0x1e8 ./src/Main.o
                0x0000000000003362                _ZNK14rosserial_msgs20RequestParamResponse9serializeEPh
 .text._ZNK8std_msgs6Header9serializeEPh
                0x000000000000354a       0x78 ./src/Main.o
                0x000000000000354a                _ZNK8std_msgs6Header9serializeEPh
 .text._ZNK5rover7Encoder9serializeEPh
                0x00000000000035c2       0xf0 ./src/Main.o
                0x00000000000035c2                _ZNK5rover7Encoder9serializeEPh
 .text._ZNK5rover8Settings9serializeEPh
                0x00000000000036b2       0xf0 ./src/Main.o
                0x00000000000036b2                _ZNK5rover8Settings9serializeEPh
 .text._ZNK5rover4Gyro9serializeEPh
                0x00000000000037a2       0x54 ./src/Main.o
                0x00000000000037a2                _ZNK5rover4Gyro9serializeEPh
 .text._ZNK5rover7Battery9serializeEPh
                0x00000000000037f6       0x54 ./src/Main.o
                0x00000000000037f6                _ZNK5rover7Battery9serializeEPh
 .text._ZNK5rover6Motors9serializeEPh
                0x000000000000384a       0x54 ./src/Main.o
                0x000000000000384a                _ZNK5rover6Motors9serializeEPh
 .text._ZNK8std_msgs19MultiArrayDimension9serializeEPh
                0x000000000000389e       0x80 ./src/Main.o
                0x000000000000389e                _ZNK8std_msgs19MultiArrayDimension9serializeEPh
 .text._ZN14rosserial_msgs20RequestParamResponse11deserializeEPh
                0x000000000000391e      0x29c ./src/Main.o
                0x000000000000391e                _ZN14rosserial_msgs20RequestParamResponse11deserializeEPh
 .text._ZN8std_msgs16MultiArrayLayout11deserializeEPh
                0x0000000000003bba      0x15e ./src/Main.o
                0x0000000000003bba                _ZN8std_msgs16MultiArrayLayout11deserializeEPh
 .text._ZN8std_msgs15UInt8MultiArray11deserializeEPh
                0x0000000000003d18       0x84 ./src/Main.o
                0x0000000000003d18                _ZN8std_msgs15UInt8MultiArray11deserializeEPh
 .text._ZN3ros10SubscriberIN8std_msgs15UInt8MultiArrayEE8callbackEPh
                0x0000000000003d9c       0x28 ./src/Main.o
                0x0000000000003d9c                _ZN3ros10SubscriberIN8std_msgs15UInt8MultiArrayEE8callbackEPh
 .text._Z7servocbRKN8std_msgs15UInt8MultiArrayE
                0x0000000000003dc4       0x50 ./src/Main.o
                0x0000000000003dc4                _Z7servocbRKN8std_msgs15UInt8MultiArrayE
 .text._ZN3ros9Publisher7publishEPKNS_3MsgE
                0x0000000000003e14       0x22 ./src/Main.o
                0x0000000000003e14                _ZN3ros9Publisher7publishEPKNS_3MsgE
 .text._ZN15ArduinoHardware4initEv
                0x0000000000003e36       0x14 ./src/Main.o
                0x0000000000003e36                _ZN15ArduinoHardware4initEv
 .text._ZN7Encoder5countEP12encoder_data
                0x0000000000003e4a       0x58 ./src/Main.o
                0x0000000000003e4a                _ZN7Encoder5countEP12encoder_data
 .text._Z11rEncHandlerv
                0x0000000000003ea2       0x16 ./src/Main.o
                0x0000000000003ea2                _Z11rEncHandlerv
 .text._Z11lEncHandlerv
                0x0000000000003eb8       0x14 ./src/Main.o
                0x0000000000003eb8                _Z11lEncHandlerv
 .text._ZN7Encoder6updateEP12encoder_dataf
                0x0000000000003ecc       0x6c ./src/Main.o
                0x0000000000003ecc                _ZN7Encoder6updateEP12encoder_dataf
 .text._ZN12control_dataC1Ev
                0x0000000000003f38       0x24 ./src/Main.o
                0x0000000000003f38                _ZN12control_dataC1Ev
 .text._ZN3ros11NodeHandle_I15ArduinoHardwareLi25ELi25ELi512ELi512EE3nowEv
                0x0000000000003f5c       0xcc ./src/Main.o
                0x0000000000003f5c                _ZN3ros11NodeHandle_I15ArduinoHardwareLi25ELi25ELi512ELi512EE3nowEv
 .text._Z7publishv
                0x0000000000004028      0x4aa ./src/Main.o
                0x0000000000004028                _Z7publishv
 .text._ZN3ros11NodeHandle_I15ArduinoHardwareLi25ELi25ELi512ELi512EE9advertiseERNS_9PublisherE
                0x00000000000044d2       0x4e ./src/Main.o
                0x00000000000044d2                _ZN3ros11NodeHandle_I15ArduinoHardwareLi25ELi25ELi512ELi512EE9advertiseERNS_9PublisherE
 .text._ZN3ros11NodeHandle_I15ArduinoHardwareLi25ELi25ELi512ELi512EE9subscribeIN5rover7EnabledEEEbRNS_10SubscriberIT_EE
                0x0000000000004520       0x42 ./src/Main.o
                0x0000000000004520                _ZN3ros11NodeHandle_I15ArduinoHardwareLi25ELi25ELi512ELi512EE9subscribeIN5rover7EnabledEEEbRNS_10SubscriberIT_EE
 .text._ZN3ros11NodeHandle_I15ArduinoHardwareLi25ELi25ELi512ELi512EE9subscribeIN5rover8SettingsEEEbRNS_10SubscriberIT_EE
                0x0000000000004562       0x42 ./src/Main.o
                0x0000000000004562                _ZN3ros11NodeHandle_I15ArduinoHardwareLi25ELi25ELi512ELi512EE9subscribeIN5rover8SettingsEEEbRNS_10SubscriberIT_EE
 .text._ZN3ros11NodeHandle_I15ArduinoHardwareLi25ELi25ELi512ELi512EE9subscribeIN5rover6MotorsEEEbRNS_10SubscriberIT_EE
                0x00000000000045a4       0x42 ./src/Main.o
                0x00000000000045a4                _ZN3ros11NodeHandle_I15ArduinoHardwareLi25ELi25ELi512ELi512EE9subscribeIN5rover6MotorsEEEbRNS_10SubscriberIT_EE
 .text._ZN3ros11NodeHandle_I15ArduinoHardwareLi25ELi25ELi512ELi512EE9subscribeIN8std_msgs15UInt8MultiArrayEEEbRNS_10SubscriberIT_EE
                0x00000000000045e6       0x42 ./src/Main.o
                0x00000000000045e6                _ZN3ros11NodeHandle_I15ArduinoHardwareLi25ELi25ELi512ELi512EE9subscribeIN8std_msgs15UInt8MultiArrayEEEbRNS_10SubscriberIT_EE
 .text._ZN3ros11NodeHandle_I15ArduinoHardwareLi25ELi25ELi512ELi512EE15requestSyncTimeEv
                0x0000000000004628       0x70 ./src/Main.o
                0x0000000000004628                _ZN3ros11NodeHandle_I15ArduinoHardwareLi25ELi25ELi512ELi512EE15requestSyncTimeEv
 .text._ZN3ros11NodeHandle_I15ArduinoHardwareLi25ELi25ELi512ELi512EE15negotiateTopicsEv
                0x0000000000004698      0x1da ./src/Main.o
                0x0000000000004698                _ZN3ros11NodeHandle_I15ArduinoHardwareLi25ELi25ELi512ELi512EE15negotiateTopicsEv
 .text._ZN3ros11NodeHandle_I15ArduinoHardwareLi25ELi25ELi512ELi512EE6setNowERNS_4TimeE
                0x0000000000004872       0x9e ./src/Main.o
                0x0000000000004872                _ZN3ros11NodeHandle_I15ArduinoHardwareLi25ELi25ELi512ELi512EE6setNowERNS_4TimeE
 .text._ZN3ros11NodeHandle_I15ArduinoHardwareLi25ELi25ELi512ELi512EE8syncTimeEPh
                0x0000000000004910       0xfc ./src/Main.o
                0x0000000000004910                _ZN3ros11NodeHandle_I15ArduinoHardwareLi25ELi25ELi512ELi512EE8syncTimeEPh
 .text._ZN3ros11NodeHandle_I15ArduinoHardwareLi25ELi25ELi512ELi512EE8spinOnceEv
                0x0000000000004a0c      0x3cc ./src/Main.o
                0x0000000000004a0c                _ZN3ros11NodeHandle_I15ArduinoHardwareLi25ELi25ELi512ELi512EE8spinOnceEv
 .text.main     0x0000000000004dd8      0x5c0 ./src/Main.o
                0x0000000000004dd8                main
 .text._ZN3ros11NodeHandle_I15ArduinoHardwareLi25ELi25ELi512ELi512EE3logEcPKc
                0x0000000000005398       0x44 ./src/Main.o
                0x0000000000005398                _ZN3ros11NodeHandle_I15ArduinoHardwareLi25ELi25ELi512ELi512EE3logEcPKc
 .text._ZN3ros11NodeHandle_I15ArduinoHardwareLi25ELi25ELi512ELi512EE8logerrorEPKc
                0x00000000000053dc        0xa ./src/Main.o
                0x00000000000053dc                _ZN3ros11NodeHandle_I15ArduinoHardwareLi25ELi25ELi512ELi512EE8logerrorEPKc
 .text._ZN3ros11NodeHandle_I15ArduinoHardwareLi25ELi25ELi512ELi512EE7publishEiPKNS_3MsgE
                0x00000000000053e6      0x104 ./src/Main.o
                0x00000000000053e6                _ZN3ros11NodeHandle_I15ArduinoHardwareLi25ELi25ELi512ELi512EE7publishEiPKNS_3MsgE
 .text._GLOBAL__I_nexTime
                0x00000000000054ea      0x3a2 ./src/Main.o
 .text._ZN14HardwareSerial9availableEv
                0x000000000000588c       0x2c /home/rbtying/robot/firmware/Arduino-2560/Debug/libArduino.a(HardwareSerial.o)
                0x000000000000588c                _ZN14HardwareSerial9availableEv
 .text._ZN14HardwareSerial4peekEv
                0x00000000000058b8       0x34 /home/rbtying/robot/firmware/Arduino-2560/Debug/libArduino.a(HardwareSerial.o)
                0x00000000000058b8                _ZN14HardwareSerial4peekEv
 .text._ZN14HardwareSerial4readEv
                0x00000000000058ec       0x48 /home/rbtying/robot/firmware/Arduino-2560/Debug/libArduino.a(HardwareSerial.o)
                0x00000000000058ec                _ZN14HardwareSerial4readEv
 .text._ZN14HardwareSerial5flushEv
                0x0000000000005934       0x22 /home/rbtying/robot/firmware/Arduino-2560/Debug/libArduino.a(HardwareSerial.o)
                0x0000000000005934                _ZN14HardwareSerial5flushEv
 .text._ZN14HardwareSerial5writeEh
                0x0000000000005956       0x26 /home/rbtying/robot/firmware/Arduino-2560/Debug/libArduino.a(HardwareSerial.o)
                0x0000000000005956                _ZN14HardwareSerial5writeEh
 .text._Z10store_charhP11ring_buffer
                0x000000000000597c       0x46 /home/rbtying/robot/firmware/Arduino-2560/Debug/libArduino.a(HardwareSerial.o)
                0x000000000000597c                _Z10store_charhP11ring_buffer
 .text.__vector_25
                0x00000000000059c2       0x58 /home/rbtying/robot/firmware/Arduino-2560/Debug/libArduino.a(HardwareSerial.o)
                0x00000000000059c2                __vector_25
 .text.__vector_36
                0x0000000000005a1a       0x58 /home/rbtying/robot/firmware/Arduino-2560/Debug/libArduino.a(HardwareSerial.o)
                0x0000000000005a1a                __vector_36
 .text.__vector_51
                0x0000000000005a72       0x58 /home/rbtying/robot/firmware/Arduino-2560/Debug/libArduino.a(HardwareSerial.o)
                0x0000000000005a72                __vector_51
 .text.__vector_54
                0x0000000000005aca       0x58 /home/rbtying/robot/firmware/Arduino-2560/Debug/libArduino.a(HardwareSerial.o)
                0x0000000000005aca                __vector_54
 .text._ZN14HardwareSerial5beginEl
                0x0000000000005b22      0x1ce /home/rbtying/robot/firmware/Arduino-2560/Debug/libArduino.a(HardwareSerial.o)
                0x0000000000005b22                _ZN14HardwareSerial5beginEl
 .text._GLOBAL__I_rx_buffer
                0x0000000000005cf0      0x1a0 /home/rbtying/robot/firmware/Arduino-2560/Debug/libArduino.a(HardwareSerial.o)
 .text._ZN5Print5writeEPKc
                0x0000000000005e90       0x32 /home/rbtying/robot/firmware/Arduino-2560/Debug/libArduino.a(Print.o)
                0x0000000000005e90                _ZN5Print5writeEPKc
 .text._ZN5Print5writeEPKhj
                0x0000000000005ec2       0x3e /home/rbtying/robot/firmware/Arduino-2560/Debug/libArduino.a(Print.o)
                0x0000000000005ec2                _ZN5Print5writeEPKhj
 .text.attachInterrupt
                0x0000000000005f00       0xf4 /home/rbtying/robot/firmware/Arduino-2560/Debug/libArduino.a(WInterrupts.o)
                0x0000000000005f00                attachInterrupt
 .text.__vector_1
                0x0000000000005ff4       0x62 /home/rbtying/robot/firmware/Arduino-2560/Debug/libArduino.a(WInterrupts.o)
                0x0000000000005ff4                __vector_1
 .text.__vector_2
                0x0000000000006056       0x62 /home/rbtying/robot/firmware/Arduino-2560/Debug/libArduino.a(WInterrupts.o)
                0x0000000000006056                __vector_2
 .text.__vector_3
                0x00000000000060b8       0x62 /home/rbtying/robot/firmware/Arduino-2560/Debug/libArduino.a(WInterrupts.o)
                0x00000000000060b8                __vector_3
 .text.__vector_4
                0x000000000000611a       0x62 /home/rbtying/robot/firmware/Arduino-2560/Debug/libArduino.a(WInterrupts.o)
                0x000000000000611a                __vector_4
 .text.__vector_5
                0x000000000000617c       0x62 /home/rbtying/robot/firmware/Arduino-2560/Debug/libArduino.a(WInterrupts.o)
                0x000000000000617c                __vector_5
 .text.__vector_6
                0x00000000000061de       0x62 /home/rbtying/robot/firmware/Arduino-2560/Debug/libArduino.a(WInterrupts.o)
                0x00000000000061de                __vector_6
 .text.__vector_7
                0x0000000000006240       0x62 /home/rbtying/robot/firmware/Arduino-2560/Debug/libArduino.a(WInterrupts.o)
                0x0000000000006240                __vector_7
 .text.__vector_8
                0x00000000000062a2       0x62 /home/rbtying/robot/firmware/Arduino-2560/Debug/libArduino.a(WInterrupts.o)
                0x00000000000062a2                __vector_8
 .text._Z3maplllll
                0x0000000000006304       0x92 /home/rbtying/robot/firmware/Arduino-2560/Debug/libArduino.a(WMath.o)
                0x0000000000006304                _Z3maplllll
 .text.__vector_23
                0x0000000000006396       0x90 /home/rbtying/robot/firmware/Arduino-2560/Debug/libArduino.a(wiring.o)
                0x0000000000006396                __vector_23
 .text.millis   0x0000000000006426       0x1c /home/rbtying/robot/firmware/Arduino-2560/Debug/libArduino.a(wiring.o)
                0x0000000000006426                millis
 .text.micros   0x0000000000006442       0x4c /home/rbtying/robot/firmware/Arduino-2560/Debug/libArduino.a(wiring.o)
                0x0000000000006442                micros
 .text.delay    0x000000000000648e       0x4e /home/rbtying/robot/firmware/Arduino-2560/Debug/libArduino.a(wiring.o)
                0x000000000000648e                delay
 .text.init     0x00000000000064dc       0xc4 /home/rbtying/robot/firmware/Arduino-2560/Debug/libArduino.a(wiring.o)
                0x00000000000064dc                init
 .text.analogRead
                0x00000000000065a0       0x66 /home/rbtying/robot/firmware/Arduino-2560/Debug/libArduino.a(wiring_analog.o)
                0x00000000000065a0                analogRead
 .text.pinMode  0x0000000000006606       0x48 /home/rbtying/robot/firmware/Arduino-2560/Debug/libArduino.a(wiring_digital.o)
                0x0000000000006606                pinMode
 .text.digitalWrite
                0x000000000000664e      0x11e /home/rbtying/robot/firmware/Arduino-2560/Debug/libArduino.a(wiring_digital.o)
                0x000000000000664e                digitalWrite
 .text._ZL17handle_interrupts18timer16_Sequence_tPVjS1_
                0x000000000000676c      0x18e /home/rbtying/robot/firmware/Arduino-2560/Debug/libArduino.a(Servo.o)
 .text.__vector_17
                0x00000000000068fa       0x5a /home/rbtying/robot/firmware/Arduino-2560/Debug/libArduino.a(Servo.o)
                0x00000000000068fa                __vector_17
 .text.__vector_32
                0x0000000000006954       0x5a /home/rbtying/robot/firmware/Arduino-2560/Debug/libArduino.a(Servo.o)
                0x0000000000006954                __vector_32
 .text.__vector_42
                0x00000000000069ae       0x5a /home/rbtying/robot/firmware/Arduino-2560/Debug/libArduino.a(Servo.o)
                0x00000000000069ae                __vector_42
 .text.__vector_47
                0x0000000000006a08       0x5a /home/rbtying/robot/firmware/Arduino-2560/Debug/libArduino.a(Servo.o)
                0x0000000000006a08                __vector_47
 .text._ZN5ServoC2Ev
                0x0000000000006a62       0x34 /home/rbtying/robot/firmware/Arduino-2560/Debug/libArduino.a(Servo.o)
                0x0000000000006a62                _ZN5ServoC2Ev
                0x0000000000006a62                _ZN5ServoC1Ev
 .text._ZN5Servo17writeMicrosecondsEi
                0x0000000000006a96       0x8a /home/rbtying/robot/firmware/Arduino-2560/Debug/libArduino.a(Servo.o)
                0x0000000000006a96                _ZN5Servo17writeMicrosecondsEi
 .text._ZN5Servo5writeEi
                0x0000000000006b20       0xc8 /home/rbtying/robot/firmware/Arduino-2560/Debug/libArduino.a(Servo.o)
                0x0000000000006b20                _ZN5Servo5writeEi
 .text._ZN5Servo16readMicrosecondsEv
                0x0000000000006be8       0x3e /home/rbtying/robot/firmware/Arduino-2560/Debug/libArduino.a(Servo.o)
                0x0000000000006be8                _ZN5Servo16readMicrosecondsEv
 .text._ZN5Servo4readEv
                0x0000000000006c26       0xb2 /home/rbtying/robot/firmware/Arduino-2560/Debug/libArduino.a(Servo.o)
                0x0000000000006c26                _ZN5Servo4readEv
 .text.libgcc   0x0000000000006cd8       0x3e /usr/lib/gcc/avr/4.5.3/avr6/libgcc.a(_mulsi3.o)
                0x0000000000006cd8                __mulsi3
 .text.libgcc   0x0000000000006d16       0x28 /usr/lib/gcc/avr/4.5.3/avr6/libgcc.a(_udivmodhi4.o)
                0x0000000000006d16                __udivmodhi4
 .text.libgcc   0x0000000000006d3e       0x26 /usr/lib/gcc/avr/4.5.3/avr6/libgcc.a(_divmodhi4.o)
                0x0000000000006d3e                __divmodhi4
                0x0000000000006d3e                _div
 .text.libgcc   0x0000000000006d64       0x44 /usr/lib/gcc/avr/4.5.3/avr6/libgcc.a(_udivmodsi4.o)
                0x0000000000006d64                __udivmodsi4
 .text.libgcc   0x0000000000006da8       0x36 /usr/lib/gcc/avr/4.5.3/avr6/libgcc.a(_divmodsi4.o)
                0x0000000000006da8                __divmodsi4
 .text.libgcc   0x0000000000006dde       0x38 /usr/lib/gcc/avr/4.5.3/avr6/libgcc.a(_prologue.o)
                0x0000000000006dde                __prologue_saves__
 .text.libgcc   0x0000000000006e16       0x36 /usr/lib/gcc/avr/4.5.3/avr6/libgcc.a(_epilogue.o)
                0x0000000000006e16                __epilogue_restores__
 .text.libgcc   0x0000000000006e4c        0x8 /usr/lib/gcc/avr/4.5.3/avr6/libgcc.a(_tablejump_elpm.o)
                0x0000000000006e4c                __tablejump_elpm__
 .text.avr-libc
                0x0000000000006e54      0x266 /usr/lib/gcc/avr/4.5.3/../../../avr/lib/avr6/libc.a(malloc.o)
                0x0000000000006e54                malloc
                0x0000000000006f88                free
 .text.avr-libc
                0x00000000000070ba      0x1b2 /usr/lib/gcc/avr/4.5.3/../../../avr/lib/avr6/libc.a(realloc.o)
                0x00000000000070ba                realloc
 .text.avr-libc
                0x000000000000726c       0x12 /usr/lib/gcc/avr/4.5.3/../../../avr/lib/avr6/libc.a(memcpy.o)
                0x000000000000726c                memcpy
                0x000000000000727e                . = ALIGN (0x2)
 *(.fini9)
 .fini9         0x000000000000727e        0x0 /usr/lib/gcc/avr/4.5.3/avr6/libgcc.a(_exit.o)
                0x000000000000727e                exit
                0x000000000000727e                _exit
 *(.fini9)
 *(.fini8)
 *(.fini8)
 *(.fini7)
 *(.fini7)
 *(.fini6)
 *(.fini6)
 *(.fini5)
 *(.fini5)
 *(.fini4)
 *(.fini4)
 *(.fini3)
 *(.fini3)
 *(.fini2)
 *(.fini2)
 *(.fini1)
 *(.fini1)
 *(.fini0)
 .fini0         0x000000000000727e        0x4 /usr/lib/gcc/avr/4.5.3/avr6/libgcc.a(_exit.o)
 *(.fini0)
                0x0000000000007282                _etext = .

.data           0x0000000000800200      0x588 load address 0x0000000000007282
                0x0000000000800200                PROVIDE (__data_start, .)
 *(.data)
 .data          0x0000000000800200      0x351 ./src/Main.o
 .data          0x0000000000800551        0x8 /usr/lib/gcc/avr/4.5.3/avr6/libgcc.a(_thenan_sf.o)
                0x0000000000800551                __thenan_sf
 .data          0x0000000000800559      0x100 /usr/lib/gcc/avr/4.5.3/avr6/libgcc.a(_clz.o)
                0x0000000000800559                __clz_tab
 .data          0x0000000000800659        0x6 /usr/lib/gcc/avr/4.5.3/../../../avr/lib/avr6/libc.a(malloc.o)
                0x0000000000800659                __malloc_margin
                0x000000000080065b                __malloc_heap_start
                0x000000000080065d                __malloc_heap_end
 *(.data*)
 .data.frameid  0x000000000080065f        0xf ./src/Main.o
                0x000000000080065f                frameid
 .data.analog_reference
                0x000000000080066e        0x1 /home/rbtying/robot/firmware/Arduino-2560/Debug/libArduino.a(wiring_analog.o)
                0x000000000080066e                analog_reference
 *(.rodata)
 *(.rodata*)
 .rodata._ZTV10Sabertooth
                0x000000000080066f        0x8 ./src/lib/motors/Sabertooth.o
                0x000000000080066f                _ZTV10Sabertooth
 .rodata._ZTVN3ros11NodeHandle_I15ArduinoHardwareLi25ELi25ELi512ELi512EEE
                0x0000000000800677        0xa ./src/Main.o
                0x0000000000800677                _ZTVN3ros11NodeHandle_I15ArduinoHardwareLi25ELi25ELi512ELi512EEE
 .rodata._ZTVN14rosserial_msgs9TopicInfoE
                0x0000000000800681        0xc ./src/Main.o
                0x0000000000800681                _ZTVN14rosserial_msgs9TopicInfoE
 .rodata._ZTVN8std_msgs4TimeE
                0x000000000080068d        0xc ./src/Main.o
                0x000000000080068d                _ZTVN8std_msgs4TimeE
 .rodata._ZTVN14rosserial_msgs3LogE
                0x0000000000800699        0xc ./src/Main.o
                0x0000000000800699                _ZTVN14rosserial_msgs3LogE
 .rodata._ZTVN14rosserial_msgs20RequestParamResponseE
                0x00000000008006a5        0xc ./src/Main.o
                0x00000000008006a5                _ZTVN14rosserial_msgs20RequestParamResponseE
 .rodata._ZN14rosserial_msgsL12REQUESTPARAME
                0x00000000008006b1       0x1c ./src/Main.o
 .rodata._ZTVN5rover7EnabledE
                0x00000000008006cd        0xc ./src/Main.o
                0x00000000008006cd                _ZTVN5rover7EnabledE
 .rodata._ZTVN5rover7EncoderE
                0x00000000008006d9        0xc ./src/Main.o
                0x00000000008006d9                _ZTVN5rover7EncoderE
 .rodata._ZTVN8std_msgs6HeaderE
                0x00000000008006e5        0xc ./src/Main.o
                0x00000000008006e5                _ZTVN8std_msgs6HeaderE
 .rodata._ZTVN5rover8SettingsE
                0x00000000008006f1        0xc ./src/Main.o
                0x00000000008006f1                _ZTVN5rover8SettingsE
 .rodata._ZTVN5rover4GyroE
                0x00000000008006fd        0xc ./src/Main.o
                0x00000000008006fd                _ZTVN5rover4GyroE
 .rodata._ZTVN5rover7BatteryE
                0x0000000000800709        0xc ./src/Main.o
                0x0000000000800709                _ZTVN5rover7BatteryE
 .rodata._ZTVN8std_msgs15UInt8MultiArrayE
                0x0000000000800715        0xc ./src/Main.o
                0x0000000000800715                _ZTVN8std_msgs15UInt8MultiArrayE
 .rodata._ZTVN8std_msgs16MultiArrayLayoutE
                0x0000000000800721        0xc ./src/Main.o
                0x0000000000800721                _ZTVN8std_msgs16MultiArrayLayoutE
 .rodata._ZTVN8std_msgs19MultiArrayDimensionE
                0x000000000080072d        0xc ./src/Main.o
                0x000000000080072d                _ZTVN8std_msgs19MultiArrayDimensionE
 .rodata._ZTVN3ros10SubscriberIN5rover6MotorsEEE
                0x0000000000800739        0xc ./src/Main.o
                0x0000000000800739                _ZTVN3ros10SubscriberIN5rover6MotorsEEE
 .rodata._ZTVN5rover6MotorsE
                0x0000000000800745        0xc ./src/Main.o
                0x0000000000800745                _ZTVN5rover6MotorsE
 .rodata._ZTVN3ros10SubscriberIN5rover8SettingsEEE
                0x0000000000800751        0xc ./src/Main.o
                0x0000000000800751                _ZTVN3ros10SubscriberIN5rover8SettingsEEE
 .rodata._ZTVN3ros10SubscriberIN5rover7EnabledEEE
                0x000000000080075d        0xc ./src/Main.o
                0x000000000080075d                _ZTVN3ros10SubscriberIN5rover7EnabledEEE
 .rodata._ZTVN3ros10SubscriberIN8std_msgs15UInt8MultiArrayEEE
                0x0000000000800769        0xc ./src/Main.o
                0x0000000000800769                _ZTVN3ros10SubscriberIN8std_msgs15UInt8MultiArrayEEE
 .rodata._ZTV14HardwareSerial
                0x0000000000800775       0x12 /home/rbtying/robot/firmware/Arduino-2560/Debug/libArduino.a(HardwareSerial.o)
                0x0000000000800775                _ZTV14HardwareSerial
 *(.gnu.linkonce.d*)
                0x0000000000800788                . = ALIGN (0x2)
 *fill*         0x0000000000800787        0x1 00
                0x0000000000800788                _edata = .
                0x0000000000800788                PROVIDE (__data_end, .)

.bss            0x0000000000800788      0xa14
                0x0000000000800788                PROVIDE (__bss_start, .)
 *(.bss)
 *(.bss*)
 .bss._ZN11FlexiTimer210time_unitsE
                0x0000000000800788        0x4 ./src/lib/utilities/FlexiTimer2.o
                0x0000000000800788                _ZN11FlexiTimer210time_unitsE
 .bss._ZN11FlexiTimer24funcE
                0x000000000080078c        0x2 ./src/lib/utilities/FlexiTimer2.o
                0x000000000080078c                _ZN11FlexiTimer24funcE
 .bss._ZN11FlexiTimer25countE
                0x000000000080078e        0x4 ./src/lib/utilities/FlexiTimer2.o
                0x000000000080078e                _ZN11FlexiTimer25countE
 .bss._ZN11FlexiTimer211overflowingE
                0x0000000000800792        0x1 ./src/lib/utilities/FlexiTimer2.o
                0x0000000000800792                _ZN11FlexiTimer211overflowingE
 .bss.nexTime   0x0000000000800793        0x4 ./src/Main.o
                0x0000000000800793                nexTime
 .bss.cTime     0x0000000000800797        0x4 ./src/Main.o
                0x0000000000800797                cTime
 .bss.ctrl      0x000000000080079b       0x9c ./src/Main.o
                0x000000000080079b                ctrl
 .bss.leftPID   0x0000000000800837        0x2 ./src/Main.o
                0x0000000000800837                leftPID
 .bss.rightPID  0x0000000000800839        0x2 ./src/Main.o
                0x0000000000800839                rightPID
 .bss.yawGyro   0x000000000080083b        0xd ./src/Main.o
                0x000000000080083b                yawGyro
 .bss.m         0x0000000000800848        0xe ./src/Main.o
                0x0000000000800848                m
 .bss.motorRelay
                0x0000000000800856        0x4 ./src/Main.o
                0x0000000000800856                motorRelay
 .bss.nh        0x000000000080085a      0x4a5 ./src/Main.o
                0x000000000080085a                nh
 .bss.enablemsg
                0x0000000000800cff        0x4 ./src/Main.o
                0x0000000000800cff                enablemsg
 .bss.enablepub
                0x0000000000800d03        0xa ./src/Main.o
                0x0000000000800d03                enablepub
 .bss.encdata   0x0000000000800d0d       0x32 ./src/Main.o
                0x0000000000800d0d                encdata
 .bss.encpub    0x0000000000800d3f        0xa ./src/Main.o
                0x0000000000800d3f                encpub
 .bss.settingsdata
                0x0000000000800d49       0x32 ./src/Main.o
                0x0000000000800d49                settingsdata
 .bss.settingspub
                0x0000000000800d7b        0xa ./src/Main.o
                0x0000000000800d7b                settingspub
 .bss.yawgyrodata
                0x0000000000800d85       0x1a ./src/Main.o
                0x0000000000800d85                yawgyrodata
 .bss.yawgyropub
                0x0000000000800d9f        0xa ./src/Main.o
                0x0000000000800d9f                yawgyropub
 .bss.batterydata
                0x0000000000800da9       0x1a ./src/Main.o
                0x0000000000800da9                batterydata
 .bss.batterypub
                0x0000000000800dc3        0xa ./src/Main.o
                0x0000000000800dc3                batterypub
 .bss.servodata
                0x0000000000800dcd       0x1b ./src/Main.o
                0x0000000000800dcd                servodata
 .bss.servopub  0x0000000000800de8        0xa ./src/Main.o
                0x0000000000800de8                servopub
 .bss.seq       0x0000000000800df2        0x4 ./src/Main.o
                0x0000000000800df2                seq
 .bss.nextCommTime
                0x0000000000800df6        0x4 ./src/Main.o
                0x0000000000800df6                nextCommTime
 .bss.publishSettingsDump
                0x0000000000800dfa        0x1 ./src/Main.o
                0x0000000000800dfa                publishSettingsDump
 .bss.drivesub  0x0000000000800dfb       0x24 ./src/Main.o
                0x0000000000800dfb                drivesub
 .bss.settingssub
                0x0000000000800e1f       0x3c ./src/Main.o
                0x0000000000800e1f                settingssub
 .bss.enablesub
                0x0000000000800e5b        0xe ./src/Main.o
                0x0000000000800e5b                enablesub
 .bss.servosub  0x0000000000800e69       0x25 ./src/Main.o
                0x0000000000800e69                servosub
 .bss.rx_buffer
                0x0000000000800e8e       0x84 /home/rbtying/robot/firmware/Arduino-2560/Debug/libArduino.a(HardwareSerial.o)
                0x0000000000800e8e                rx_buffer
 .bss.rx_buffer1
                0x0000000000800f12       0x84 /home/rbtying/robot/firmware/Arduino-2560/Debug/libArduino.a(HardwareSerial.o)
                0x0000000000800f12                rx_buffer1
 .bss.rx_buffer2
                0x0000000000800f96       0x84 /home/rbtying/robot/firmware/Arduino-2560/Debug/libArduino.a(HardwareSerial.o)
                0x0000000000800f96                rx_buffer2
 .bss.rx_buffer3
                0x000000000080101a       0x84 /home/rbtying/robot/firmware/Arduino-2560/Debug/libArduino.a(HardwareSerial.o)
                0x000000000080101a                rx_buffer3
 .bss.Serial    0x000000000080109e       0x13 /home/rbtying/robot/firmware/Arduino-2560/Debug/libArduino.a(HardwareSerial.o)
                0x000000000080109e                Serial
 .bss.Serial1   0x00000000008010b1       0x13 /home/rbtying/robot/firmware/Arduino-2560/Debug/libArduino.a(HardwareSerial.o)
                0x00000000008010b1                Serial1
 .bss.Serial2   0x00000000008010c4       0x13 /home/rbtying/robot/firmware/Arduino-2560/Debug/libArduino.a(HardwareSerial.o)
                0x00000000008010c4                Serial2
 .bss.Serial3   0x00000000008010d7       0x13 /home/rbtying/robot/firmware/Arduino-2560/Debug/libArduino.a(HardwareSerial.o)
                0x00000000008010d7                Serial3
 .bss.intFunc   0x00000000008010ea       0x10 /home/rbtying/robot/firmware/Arduino-2560/Debug/libArduino.a(WInterrupts.o)
 .bss.timer0_overflow_count
                0x00000000008010fa        0x4 /home/rbtying/robot/firmware/Arduino-2560/Debug/libArduino.a(wiring.o)
                0x00000000008010fa                timer0_overflow_count
 .bss.timer0_millis
                0x00000000008010fe        0x4 /home/rbtying/robot/firmware/Arduino-2560/Debug/libArduino.a(wiring.o)
                0x00000000008010fe                timer0_millis
 .bss.timer0_fract
                0x0000000000801102        0x1 /home/rbtying/robot/firmware/Arduino-2560/Debug/libArduino.a(wiring.o)
 .bss.ServoCount
                0x0000000000801103        0x1 /home/rbtying/robot/firmware/Arduino-2560/Debug/libArduino.a(Servo.o)
                0x0000000000801103                ServoCount
 .bss._ZL6servos
                0x0000000000801104       0x90 /home/rbtying/robot/firmware/Arduino-2560/Debug/libArduino.a(Servo.o)
 .bss._ZL7Channel
                0x0000000000801194        0x4 /home/rbtying/robot/firmware/Arduino-2560/Debug/libArduino.a(Servo.o)
 *(COMMON)
 COMMON         0x0000000000801198        0x4 /usr/lib/gcc/avr/4.5.3/../../../avr/lib/avr6/libc.a(malloc.o)
                0x0000000000801198                __brkval
                0x000000000080119a                __flp
                0x000000000080119c                PROVIDE (__bss_end, .)
                0x0000000000007282                __data_load_start = LOADADDR (.data)
                0x000000000000780a                __data_load_end = (__data_load_start + SIZEOF (.data))

.noinit         0x000000000080119c        0x0
                0x000000000080119c                PROVIDE (__noinit_start, .)
 *(.noinit*)
                0x000000000080119c                PROVIDE (__noinit_end, .)
                0x000000000080119c                _end = .
                0x000000000080119c                PROVIDE (__heap_start, .)

.eeprom         0x0000000000810000        0x0
 *(.eeprom*)
                0x0000000000810000                __eeprom_end = .

.fuse
 *(.fuse)
 *(.lfuse)
 *(.hfuse)
 *(.efuse)

.lock
 *(.lock*)

.signature
 *(.signature*)

.stab           0x0000000000000000     0x3c0c
 *(.stab)
 .stab          0x0000000000000000      0x6e4 /usr/lib/gcc/avr/4.5.3/../../../avr/lib/avr6/crtm2560.o
 .stab          0x00000000000006e4      0x3c0 /usr/lib/gcc/avr/4.5.3/../../../avr/lib/avr6/libm.a(pow.o)
                                        0x3cc (size before relaxing)
 .stab          0x0000000000000aa4      0x288 /usr/lib/gcc/avr/4.5.3/../../../avr/lib/avr6/libm.a(exp.o)
                                        0x294 (size before relaxing)
 .stab          0x0000000000000d2c       0x78 /usr/lib/gcc/avr/4.5.3/../../../avr/lib/avr6/libm.a(fp_inf.o)
                                         0x84 (size before relaxing)
 .stab          0x0000000000000da4       0x54 /usr/lib/gcc/avr/4.5.3/../../../avr/lib/avr6/libm.a(fp_nan.o)
                                         0x60 (size before relaxing)
 .stab          0x0000000000000df8      0x1ec /usr/lib/gcc/avr/4.5.3/../../../avr/lib/avr6/libm.a(fp_powser.o)
                                        0x1f8 (size before relaxing)
 .stab          0x0000000000000fe4      0x1d4 /usr/lib/gcc/avr/4.5.3/../../../avr/lib/avr6/libm.a(fp_split3.o)
                                        0x1e0 (size before relaxing)
 .stab          0x00000000000011b8       0x90 /usr/lib/gcc/avr/4.5.3/../../../avr/lib/avr6/libm.a(fp_zero.o)
                                         0x9c (size before relaxing)
 .stab          0x0000000000001248       0x84 /usr/lib/gcc/avr/4.5.3/../../../avr/lib/avr6/libm.a(inverse.o)
                                         0x90 (size before relaxing)
 .stab          0x00000000000012cc      0x2c4 /usr/lib/gcc/avr/4.5.3/../../../avr/lib/avr6/libm.a(ldexp.o)
                                        0x2d0 (size before relaxing)
 .stab          0x0000000000001590      0x378 /usr/lib/gcc/avr/4.5.3/../../../avr/lib/avr6/libm.a(log.o)
                                        0x384 (size before relaxing)
 .stab          0x0000000000001908      0x2a0 /usr/lib/gcc/avr/4.5.3/../../../avr/lib/avr6/libm.a(modf.o)
                                        0x2ac (size before relaxing)
 .stab          0x0000000000001ba8      0x4d4 /usr/lib/gcc/avr/4.5.3/../../../avr/lib/avr6/libm.a(mulsf3x.o)
                                        0x4e0 (size before relaxing)
 .stab          0x000000000000207c      0x4bc /usr/lib/gcc/avr/4.5.3/../../../avr/lib/avr6/libm.a(addsf3x.o)
                                        0x4c8 (size before relaxing)
 .stab          0x0000000000002538       0xe4 /usr/lib/gcc/avr/4.5.3/../../../avr/lib/avr6/libm.a(fp_mpack.o)
                                         0xf0 (size before relaxing)
 .stab          0x000000000000261c       0x84 /usr/lib/gcc/avr/4.5.3/../../../avr/lib/avr6/libm.a(fp_pscA.o)
                                         0x90 (size before relaxing)
 .stab          0x00000000000026a0       0x84 /usr/lib/gcc/avr/4.5.3/../../../avr/lib/avr6/libm.a(fp_pscB.o)
                                         0x90 (size before relaxing)
 .stab          0x0000000000002724       0xfc /usr/lib/gcc/avr/4.5.3/../../../avr/lib/avr6/libm.a(fp_round.o)
                                        0x108 (size before relaxing)
 .stab          0x0000000000002820      0x750 /usr/lib/gcc/avr/4.5.3/../../../avr/lib/avr6/libc.a(malloc.o)
                                        0x75c (size before relaxing)
 .stab          0x0000000000002f70      0x12c /usr/lib/gcc/avr/4.5.3/../../../avr/lib/avr6/libc.a(random.o)
                                        0x330 (size before relaxing)
 .stab          0x000000000000309c      0x3cc /usr/lib/gcc/avr/4.5.3/../../../avr/lib/avr6/libc.a(realloc.o)
                                        0x5c4 (size before relaxing)
 .stab          0x0000000000003468       0x18 /usr/lib/gcc/avr/4.5.3/../../../avr/lib/avr6/libc.a(isspace.o)
                                         0xa8 (size before relaxing)
 .stab          0x0000000000003480       0x18 /usr/lib/gcc/avr/4.5.3/../../../avr/lib/avr6/libc.a(tolower.o)
                                         0xa8 (size before relaxing)
 .stab          0x0000000000003498       0x18 /usr/lib/gcc/avr/4.5.3/../../../avr/lib/avr6/libc.a(toupper.o)
                                         0xa8 (size before relaxing)
 .stab          0x00000000000034b0       0x84 /usr/lib/gcc/avr/4.5.3/../../../avr/lib/avr6/libc.a(memcpy.o)
                                         0x90 (size before relaxing)
 .stab          0x0000000000003534       0x9c /usr/lib/gcc/avr/4.5.3/../../../avr/lib/avr6/libc.a(strcat.o)
                                         0xa8 (size before relaxing)
 .stab          0x00000000000035d0       0x9c /usr/lib/gcc/avr/4.5.3/../../../avr/lib/avr6/libc.a(strchr.o)
                                         0xa8 (size before relaxing)
 .stab          0x000000000000366c       0x84 /usr/lib/gcc/avr/4.5.3/../../../avr/lib/avr6/libc.a(strcmp.o)
                                         0x90 (size before relaxing)
 .stab          0x00000000000036f0       0x6c /usr/lib/gcc/avr/4.5.3/../../../avr/lib/avr6/libc.a(strcpy.o)
                                         0x78 (size before relaxing)
 .stab          0x000000000000375c       0xc0 /usr/lib/gcc/avr/4.5.3/../../../avr/lib/avr6/libc.a(strncmp.o)
                                         0xcc (size before relaxing)
 .stab          0x000000000000381c       0xcc /usr/lib/gcc/avr/4.5.3/../../../avr/lib/avr6/libc.a(strncpy.o)
                                         0xd8 (size before relaxing)
 .stab          0x00000000000038e8       0x9c /usr/lib/gcc/avr/4.5.3/../../../avr/lib/avr6/libc.a(strrchr.o)
                                         0xa8 (size before relaxing)
 .stab          0x0000000000003984      0x150 /usr/lib/gcc/avr/4.5.3/../../../avr/lib/avr6/libc.a(strstr.o)
                                        0x15c (size before relaxing)
 .stab          0x0000000000003ad4       0x18 /usr/lib/gcc/avr/4.5.3/../../../avr/lib/avr6/libc.a(itoa.o)
                                        0x1bc (size before relaxing)
 .stab          0x0000000000003aec       0x18 /usr/lib/gcc/avr/4.5.3/../../../avr/lib/avr6/libc.a(ltoa.o)
                                        0x2a0 (size before relaxing)
 .stab          0x0000000000003b04       0x18 /usr/lib/gcc/avr/4.5.3/../../../avr/lib/avr6/libc.a(ultoa.o)
                                        0x1ec (size before relaxing)
 .stab          0x0000000000003b1c       0x18 /usr/lib/gcc/avr/4.5.3/../../../avr/lib/avr6/libc.a(cty_isfalse.o)
                                         0x6c (size before relaxing)
 .stab          0x0000000000003b34       0xd8 /usr/lib/gcc/avr/4.5.3/../../../avr/lib/avr6/libc.a(strrev.o)
                                         0xe4 (size before relaxing)

.stabstr        0x0000000000000000      0xf6f
 *(.stabstr)
 .stabstr       0x0000000000000000      0xf6f /usr/lib/gcc/avr/4.5.3/../../../avr/lib/avr6/crtm2560.o

.stab.excl
 *(.stab.excl)

.stab.exclstr
 *(.stab.exclstr)

.stab.index
 *(.stab.index)

.stab.indexstr
 *(.stab.indexstr)

.comment
 *(.comment)

.debug
 *(.debug)

.line
 *(.line)

.debug_srcinfo
 *(.debug_srcinfo)

.debug_sfnames
 *(.debug_sfnames)

.debug_aranges
 *(.debug_aranges)

.debug_pubnames
 *(.debug_pubnames)

.debug_info
 *(.debug_info)
 *(.gnu.linkonce.wi.*)

.debug_abbrev
 *(.debug_abbrev)

.debug_line
 *(.debug_line)

.debug_frame
 *(.debug_frame)

.debug_str
 *(.debug_str)

.debug_loc
 *(.debug_loc)

.debug_macinfo
 *(.debug_macinfo)
OUTPUT(ROS_mega.elf elf32-avr)
LOAD linker stubs

Cross Reference Table

Symbol                                            File
ArduinoHardware::init()                           ./src/Main.o
Battery::Battery()                                ./src/lib/sensors/Battery.o
                                                  ./src/Main.o
Battery::Battery()                                ./src/lib/sensors/Battery.o
Battery::Battery(CD74HC4067*, unsigned char, unsigned char) ./src/lib/sensors/Battery.o
Battery::Battery(CD74HC4067*, unsigned char, unsigned char) ./src/lib/sensors/Battery.o
Battery::Battery(unsigned char, unsigned char)    ./src/lib/sensors/Battery.o
Battery::Battery(unsigned char, unsigned char)    ./src/lib/sensors/Battery.o
Battery::getCurrent()                             ./src/lib/sensors/Battery.o
                                                  ./src/StateController.o
                                                  ./src/Main.o
Battery::getVoltage()                             ./src/lib/sensors/Battery.o
                                                  ./src/StateController.o
                                                  ./src/Main.o
Battery::set(CD74HC4067*, unsigned char, unsigned char) ./src/lib/sensors/Battery.o
                                                  ./src/Main.o
CD74HC4067::CD74HC4067(unsigned char, unsigned char, unsigned char, unsigned char, unsigned char) ./src/lib/devices/CD74HC4067.o
CD74HC4067::CD74HC4067(unsigned char, unsigned char, unsigned char, unsigned char, unsigned char) ./src/lib/devices/CD74HC4067.o
CD74HC4067::readADC(unsigned char)                ./src/lib/devices/CD74HC4067.o
                                                  ./src/lib/sensors/Gyro.o
                                                  ./src/lib/sensors/Battery.o
CD74HC4067::readDigital(unsigned char)            ./src/lib/devices/CD74HC4067.o
CD74HC4067::setMux(unsigned char)                 ./src/lib/devices/CD74HC4067.o
Encoder::count(encoder_data*)                     ./src/Main.o
Encoder::update(encoder_data*, float)             ./src/Main.o
FlexiTimer2::_overflow()                          ./src/lib/utilities/FlexiTimer2.o
FlexiTimer2::count                                ./src/lib/utilities/FlexiTimer2.o
FlexiTimer2::func                                 ./src/lib/utilities/FlexiTimer2.o
FlexiTimer2::overflowing                          ./src/lib/utilities/FlexiTimer2.o
FlexiTimer2::set(unsigned long, double, void (*)()) ./src/lib/utilities/FlexiTimer2.o
FlexiTimer2::set(unsigned long, void (*)())       ./src/lib/utilities/FlexiTimer2.o
FlexiTimer2::start()                              ./src/lib/utilities/FlexiTimer2.o
FlexiTimer2::stop()                               ./src/lib/utilities/FlexiTimer2.o
FlexiTimer2::tcnt2                                ./src/lib/utilities/FlexiTimer2.o
FlexiTimer2::time_units                           ./src/lib/utilities/FlexiTimer2.o
Gyro::Gyro(CD74HC4067*, unsigned char, unsigned char, float) ./src/lib/sensors/Gyro.o
Gyro::Gyro(CD74HC4067*, unsigned char, unsigned char, float) ./src/lib/sensors/Gyro.o
Gyro::Gyro(unsigned char, unsigned char, float)   ./src/lib/sensors/Gyro.o
Gyro::Gyro(unsigned char, unsigned char, float)   ./src/lib/sensors/Gyro.o
                                                  ./src/Main.o
Gyro::calibrate(unsigned int, bool)               ./src/lib/sensors/Gyro.o
                                                  ./src/Main.o
Gyro::getValue()                                  ./src/lib/sensors/Gyro.o
Gyro::update(gyro_data*, float)                   ./src/lib/sensors/Gyro.o
                                                  ./src/Main.o
HardwareSerial::HardwareSerial(ring_buffer*, unsigned char volatile*, unsigned char volatile*, unsigned char volatile*, unsigned char volatile*, unsigned char volatile*, unsigned char, unsigned char, unsigned char, unsigned char, unsigned char) /home/rbtying/robot/firmware/Arduino-2560/Debug/libArduino.a(HardwareSerial.o)
HardwareSerial::HardwareSerial(ring_buffer*, unsigned char volatile*, unsigned char volatile*, unsigned char volatile*, unsigned char volatile*, unsigned char volatile*, unsigned char, unsigned char, unsigned char, unsigned char, unsigned char) /home/rbtying/robot/firmware/Arduino-2560/Debug/libArduino.a(HardwareSerial.o)
HardwareSerial::available()                       /home/rbtying/robot/firmware/Arduino-2560/Debug/libArduino.a(HardwareSerial.o)
HardwareSerial::begin(long)                       /home/rbtying/robot/firmware/Arduino-2560/Debug/libArduino.a(HardwareSerial.o)
                                                  ./src/Main.o
                                                  ./src/lib/motors/Sabertooth.o
HardwareSerial::end()                             /home/rbtying/robot/firmware/Arduino-2560/Debug/libArduino.a(HardwareSerial.o)
HardwareSerial::flush()                           /home/rbtying/robot/firmware/Arduino-2560/Debug/libArduino.a(HardwareSerial.o)
HardwareSerial::peek()                            /home/rbtying/robot/firmware/Arduino-2560/Debug/libArduino.a(HardwareSerial.o)
HardwareSerial::read()                            /home/rbtying/robot/firmware/Arduino-2560/Debug/libArduino.a(HardwareSerial.o)
HardwareSerial::write(unsigned char)              /home/rbtying/robot/firmware/Arduino-2560/Debug/libArduino.a(HardwareSerial.o)
LCD::LCD(unsigned char, unsigned char, unsigned char, unsigned char, unsigned char, unsigned char) ./src/lib/devices/LCD.o
LCD::LCD(unsigned char, unsigned char, unsigned char, unsigned char, unsigned char, unsigned char) ./src/lib/devices/LCD.o
LCD::LCD(unsigned char, unsigned char, unsigned char, unsigned char, unsigned char, unsigned char, unsigned char) ./src/lib/devices/LCD.o
LCD::LCD(unsigned char, unsigned char, unsigned char, unsigned char, unsigned char, unsigned char, unsigned char) ./src/lib/devices/LCD.o
LCD::LCD(unsigned char, unsigned char, unsigned char, unsigned char, unsigned char, unsigned char, unsigned char, unsigned char) ./src/lib/devices/LCD.o
LCD::LCD(unsigned char, unsigned char, unsigned char, unsigned char, unsigned char, unsigned char, unsigned char, unsigned char) ./src/lib/devices/LCD.o
LCD::LCD(unsigned char, unsigned char, unsigned char, unsigned char, unsigned char, unsigned char, unsigned char, unsigned char, unsigned char, unsigned char) ./src/lib/devices/LCD.o
LCD::LCD(unsigned char, unsigned char, unsigned char, unsigned char, unsigned char, unsigned char, unsigned char, unsigned char, unsigned char, unsigned char) ./src/lib/devices/LCD.o
LCD::LCD(unsigned char, unsigned char, unsigned char, unsigned char, unsigned char, unsigned char, unsigned char, unsigned char, unsigned char, unsigned char, unsigned char) ./src/lib/devices/LCD.o
LCD::LCD(unsigned char, unsigned char, unsigned char, unsigned char, unsigned char, unsigned char, unsigned char, unsigned char, unsigned char, unsigned char, unsigned char) ./src/lib/devices/LCD.o
LCD::LCD(unsigned char, unsigned char, unsigned char, unsigned char, unsigned char, unsigned char, unsigned char, unsigned char, void (*)(signed char)) ./src/lib/devices/LCD.o
LCD::LCD(unsigned char, unsigned char, unsigned char, unsigned char, unsigned char, unsigned char, unsigned char, unsigned char, void (*)(signed char)) ./src/lib/devices/LCD.o
LCD::LCD(unsigned char, unsigned char, unsigned char, unsigned char, unsigned char, unsigned char, void (*)(signed char)) ./src/lib/devices/LCD.o
LCD::LCD(unsigned char, unsigned char, unsigned char, unsigned char, unsigned char, unsigned char, void (*)(signed char)) ./src/lib/devices/LCD.o
LCD::autoscroll()                                 ./src/lib/devices/LCD.o
LCD::begin(unsigned char, unsigned char, unsigned char) ./src/lib/devices/LCD.o
LCD::begin2(unsigned char, unsigned char, unsigned char, unsigned char) ./src/lib/devices/LCD.o
LCD::blink()                                      ./src/lib/devices/LCD.o
LCD::clear()                                      ./src/lib/devices/LCD.o
LCD::command(unsigned char)                       ./src/lib/devices/LCD.o
LCD::commandBoth(unsigned char)                   ./src/lib/devices/LCD.o
LCD::createChar(unsigned char, unsigned char*)    ./src/lib/devices/LCD.o
LCD::cursor()                                     ./src/lib/devices/LCD.o
LCD::delayPerHome()                               ./src/lib/devices/LCD.o
LCD::display()                                    ./src/lib/devices/LCD.o
LCD::home()                                       ./src/lib/devices/LCD.o
LCD::init(unsigned char, unsigned char, unsigned char, unsigned char, unsigned char, unsigned char, unsigned char, unsigned char, void (*)(signed char)) ./src/lib/devices/LCD.o
LCD::leftToRight()                                ./src/lib/devices/LCD.o
LCD::noAutoscroll()                               ./src/lib/devices/LCD.o
LCD::noBlink()                                    ./src/lib/devices/LCD.o
LCD::noCursor()                                   ./src/lib/devices/LCD.o
LCD::noDisplay()                                  ./src/lib/devices/LCD.o
LCD::rightToLeft()                                ./src/lib/devices/LCD.o
LCD::scrollDisplayLeft()                          ./src/lib/devices/LCD.o
LCD::scrollDisplayRight()                         ./src/lib/devices/LCD.o
LCD::send(unsigned char, unsigned char)           ./src/lib/devices/LCD.o
LCD::setCursor(unsigned char, unsigned char)      ./src/lib/devices/LCD.o
LCD::write(unsigned char)                         ./src/lib/devices/LCD.o
LCD::write4bits(unsigned char)                    ./src/lib/devices/LCD.o
MaxSonar::MaxSonar(unsigned char)                 ./src/lib/sensors/rangefinders/MaxSonar.o
MaxSonar::MaxSonar(unsigned char)                 ./src/lib/sensors/rangefinders/MaxSonar.o
MaxSonar::get_dist()                              ./src/lib/sensors/rangefinders/MaxSonar.o
PID::PID(PID_params*)                             ./src/lib/utilities/PID.o
PID::PID(PID_params*)                             ./src/lib/utilities/PID.o
                                                  ./src/Main.o
PID::clear()                                      ./src/lib/utilities/PID.o
PID::getOutput()                                  ./src/lib/utilities/PID.o
                                                  ./src/Main.o
PID::process(double)                              ./src/lib/utilities/PID.o
                                                  ./src/Main.o
PID::setInput(double)                             ./src/lib/utilities/PID.o
                                                  ./src/Main.o
Ping::Ping(unsigned char)                         ./src/lib/sensors/rangefinders/Ping.o
Ping::Ping(unsigned char)                         ./src/lib/sensors/rangefinders/Ping.o
Ping::get_dist()                                  ./src/lib/sensors/rangefinders/Ping.o
Print::print(String const&)                       /home/rbtying/robot/firmware/Arduino-2560/Debug/libArduino.a(Print.o)
Print::print(char const*)                         /home/rbtying/robot/firmware/Arduino-2560/Debug/libArduino.a(Print.o)
Print::print(char, int)                           /home/rbtying/robot/firmware/Arduino-2560/Debug/libArduino.a(Print.o)
Print::print(double, int)                         /home/rbtying/robot/firmware/Arduino-2560/Debug/libArduino.a(Print.o)
Print::print(int, int)                            /home/rbtying/robot/firmware/Arduino-2560/Debug/libArduino.a(Print.o)
Print::print(long, int)                           /home/rbtying/robot/firmware/Arduino-2560/Debug/libArduino.a(Print.o)
Print::print(unsigned char, int)                  /home/rbtying/robot/firmware/Arduino-2560/Debug/libArduino.a(Print.o)
Print::print(unsigned int, int)                   /home/rbtying/robot/firmware/Arduino-2560/Debug/libArduino.a(Print.o)
Print::print(unsigned long, int)                  /home/rbtying/robot/firmware/Arduino-2560/Debug/libArduino.a(Print.o)
Print::printFloat(double, unsigned char)          /home/rbtying/robot/firmware/Arduino-2560/Debug/libArduino.a(Print.o)
Print::printNumber(unsigned long, unsigned char)  /home/rbtying/robot/firmware/Arduino-2560/Debug/libArduino.a(Print.o)
Print::println()                                  /home/rbtying/robot/firmware/Arduino-2560/Debug/libArduino.a(Print.o)
Print::println(String const&)                     /home/rbtying/robot/firmware/Arduino-2560/Debug/libArduino.a(Print.o)
Print::println(char const*)                       /home/rbtying/robot/firmware/Arduino-2560/Debug/libArduino.a(Print.o)
Print::println(char, int)                         /home/rbtying/robot/firmware/Arduino-2560/Debug/libArduino.a(Print.o)
Print::println(double, int)                       /home/rbtying/robot/firmware/Arduino-2560/Debug/libArduino.a(Print.o)
Print::println(int, int)                          /home/rbtying/robot/firmware/Arduino-2560/Debug/libArduino.a(Print.o)
Print::println(long, int)                         /home/rbtying/robot/firmware/Arduino-2560/Debug/libArduino.a(Print.o)
Print::println(unsigned char, int)                /home/rbtying/robot/firmware/Arduino-2560/Debug/libArduino.a(Print.o)
Print::println(unsigned int, int)                 /home/rbtying/robot/firmware/Arduino-2560/Debug/libArduino.a(Print.o)
Print::println(unsigned long, int)                /home/rbtying/robot/firmware/Arduino-2560/Debug/libArduino.a(Print.o)
Print::write(char const*)                         /home/rbtying/robot/firmware/Arduino-2560/Debug/libArduino.a(Print.o)
                                                  /home/rbtying/robot/firmware/Arduino-2560/Debug/libArduino.a(HardwareSerial.o)
                                                  ./src/lib/devices/LCD.o
Print::write(unsigned char const*, unsigned int)  /home/rbtying/robot/firmware/Arduino-2560/Debug/libArduino.a(Print.o)
                                                  /home/rbtying/robot/firmware/Arduino-2560/Debug/libArduino.a(HardwareSerial.o)
                                                  ./src/lib/devices/LCD.o
RC_CTRL::RC_CTRL(unsigned char, unsigned char, unsigned char, unsigned char, unsigned char) ./src/lib/utilities/RC_CTRL.o
RC_CTRL::RC_CTRL(unsigned char, unsigned char, unsigned char, unsigned char, unsigned char) ./src/lib/utilities/RC_CTRL.o
RC_CTRL::deadBandProcessor(signed char, unsigned char) ./src/lib/utilities/RC_CTRL.o
RC_CTRL::getChannel(unsigned char)                ./src/lib/utilities/RC_CTRL.o
RC_CTRL::getKnob()                                ./src/lib/utilities/RC_CTRL.o
RC_CTRL::getThrottle(bool, unsigned char)         ./src/lib/utilities/RC_CTRL.o
RC_CTRL::getYaw(bool, unsigned char)              ./src/lib/utilities/RC_CTRL.o
RC_CTRL::readRC(unsigned char)                    ./src/lib/utilities/RC_CTRL.o
RC_CTRL::update()                                 ./src/lib/utilities/RC_CTRL.o
Rangefinder::Rangefinder()                        ./src/lib/sensors/rangefinders/Sharp_IR.o
                                                  ./src/lib/sensors/rangefinders/Ping.o
                                                  ./src/lib/sensors/rangefinders/MaxSonar.o
Sabertooth::Sabertooth(unsigned char, HardwareSerial*) ./src/lib/motors/Sabertooth.o
                                                  ./src/Main.o
Sabertooth::Sabertooth(unsigned char, HardwareSerial*) ./src/lib/motors/Sabertooth.o
Sabertooth::Sabertooth(unsigned char, unsigned char) ./src/lib/motors/Sabertooth.o
Sabertooth::Sabertooth(unsigned char, unsigned char) ./src/lib/motors/Sabertooth.o
Sabertooth::checksum(unsigned char, unsigned char) ./src/lib/motors/Sabertooth.o
Sabertooth::disable()                             ./src/lib/motors/Sabertooth.o
                                                  ./src/Main.o
Sabertooth::enable()                              ./src/lib/motors/Sabertooth.o
                                                  ./src/Main.o
Sabertooth::enabled()                             ./src/lib/motors/Sabertooth.o
                                                  ./src/Main.o
Sabertooth::getLeftSpeed()                        ./src/lib/motors/Sabertooth.o
Sabertooth::getRightSpeed()                       ./src/lib/motors/Sabertooth.o
Sabertooth::sendPacket(unsigned char, unsigned char) ./src/lib/motors/Sabertooth.o
Sabertooth::setM1Speed(signed char)               ./src/lib/motors/Sabertooth.o
Sabertooth::setM2Speed(signed char)               ./src/lib/motors/Sabertooth.o
Sabertooth::setMaxVoltage(float)                  ./src/lib/motors/Sabertooth.o
Sabertooth::setMinVoltage(float)                  ./src/lib/motors/Sabertooth.o
Sabertooth::setMotorSpeed(unsigned char, unsigned char) ./src/lib/motors/Sabertooth.o
Sabertooth::setSpeed(motor_data*)                 ./src/lib/motors/Sabertooth.o
                                                  ./src/Main.o
Sabertooth::setSpeed(signed char, signed char)    ./src/lib/motors/Sabertooth.o
Sabertooth::setSpeed(signed char, signed char, bool, bool) ./src/lib/motors/Sabertooth.o
Sabertooth::tunedDelay(unsigned int)              ./src/lib/motors/Sabertooth.o
Sabertooth::write(unsigned char)                  ./src/lib/motors/Sabertooth.o
Serial                                            /home/rbtying/robot/firmware/Arduino-2560/Debug/libArduino.a(HardwareSerial.o)
                                                  ./src/Main.o
Serial1                                           /home/rbtying/robot/firmware/Arduino-2560/Debug/libArduino.a(HardwareSerial.o)
Serial2                                           /home/rbtying/robot/firmware/Arduino-2560/Debug/libArduino.a(HardwareSerial.o)
Serial3                                           /home/rbtying/robot/firmware/Arduino-2560/Debug/libArduino.a(HardwareSerial.o)
                                                  ./src/Main.o
Servo::Servo()                                    /home/rbtying/robot/firmware/Arduino-2560/Debug/libArduino.a(Servo.o)
Servo::Servo()                                    /home/rbtying/robot/firmware/Arduino-2560/Debug/libArduino.a(Servo.o)
                                                  ./src/Main.o
                                                  ./src/lib/motors/ServoMotor.o
Servo::attach(int)                                /home/rbtying/robot/firmware/Arduino-2560/Debug/libArduino.a(Servo.o)
                                                  ./src/lib/motors/ServoMotor.o
Servo::attach(int, int, int)                      /home/rbtying/robot/firmware/Arduino-2560/Debug/libArduino.a(Servo.o)
Servo::attached()                                 /home/rbtying/robot/firmware/Arduino-2560/Debug/libArduino.a(Servo.o)
Servo::detach()                                   /home/rbtying/robot/firmware/Arduino-2560/Debug/libArduino.a(Servo.o)
Servo::read()                                     /home/rbtying/robot/firmware/Arduino-2560/Debug/libArduino.a(Servo.o)
                                                  ./src/Main.o
Servo::readMicroseconds()                         /home/rbtying/robot/firmware/Arduino-2560/Debug/libArduino.a(Servo.o)
Servo::write(int)                                 /home/rbtying/robot/firmware/Arduino-2560/Debug/libArduino.a(Servo.o)
                                                  ./src/Main.o
Servo::writeMicroseconds(int)                     /home/rbtying/robot/firmware/Arduino-2560/Debug/libArduino.a(Servo.o)
                                                  ./src/lib/motors/ServoMotor.o
ServoCount                                        /home/rbtying/robot/firmware/Arduino-2560/Debug/libArduino.a(Servo.o)
ServoMotor::ServoMotor(unsigned char, unsigned char) ./src/lib/motors/ServoMotor.o
ServoMotor::ServoMotor(unsigned char, unsigned char) ./src/lib/motors/ServoMotor.o
ServoMotor::setSpeed(motor_data*)                 ./src/lib/motors/ServoMotor.o
Sharp_IR::Sharp_IR(unsigned char, unsigned char)  ./src/lib/sensors/rangefinders/Sharp_IR.o
Sharp_IR::Sharp_IR(unsigned char, unsigned char)  ./src/lib/sensors/rangefinders/Sharp_IR.o
Sharp_IR::get_dist()                              ./src/lib/sensors/rangefinders/Sharp_IR.o
StateController::StateController(control_data*, HardwareSerial*) ./src/StateController.o
StateController::StateController(control_data*, HardwareSerial*) ./src/StateController.o
StateController::controlToRobotState(control_data*, robot_state*) ./src/StateController.o
StateController::readDataPacket(unsigned char*, unsigned char, robot_state*) ./src/StateController.o
StateController::robotStateToControl(robot_state*, control_data*) ./src/StateController.o
StateController::sendDataPacket(robot_state*)     ./src/StateController.o
StateController::update()                         ./src/StateController.o
String::String(String const&)                     /home/rbtying/robot/firmware/Arduino-2560/Debug/libArduino.a(WString.o)
String::String(String const&)                     /home/rbtying/robot/firmware/Arduino-2560/Debug/libArduino.a(WString.o)
String::String(char const*)                       /home/rbtying/robot/firmware/Arduino-2560/Debug/libArduino.a(WString.o)
String::String(char const*)                       /home/rbtying/robot/firmware/Arduino-2560/Debug/libArduino.a(WString.o)
String::String(char)                              /home/rbtying/robot/firmware/Arduino-2560/Debug/libArduino.a(WString.o)
String::String(char)                              /home/rbtying/robot/firmware/Arduino-2560/Debug/libArduino.a(WString.o)
String::String(int, int)                          /home/rbtying/robot/firmware/Arduino-2560/Debug/libArduino.a(WString.o)
String::String(int, int)                          /home/rbtying/robot/firmware/Arduino-2560/Debug/libArduino.a(WString.o)
String::String(long, int)                         /home/rbtying/robot/firmware/Arduino-2560/Debug/libArduino.a(WString.o)
String::String(long, int)                         /home/rbtying/robot/firmware/Arduino-2560/Debug/libArduino.a(WString.o)
String::String(unsigned char)                     /home/rbtying/robot/firmware/Arduino-2560/Debug/libArduino.a(WString.o)
String::String(unsigned char)                     /home/rbtying/robot/firmware/Arduino-2560/Debug/libArduino.a(WString.o)
String::String(unsigned int, int)                 /home/rbtying/robot/firmware/Arduino-2560/Debug/libArduino.a(WString.o)
String::String(unsigned int, int)                 /home/rbtying/robot/firmware/Arduino-2560/Debug/libArduino.a(WString.o)
String::String(unsigned long, int)                /home/rbtying/robot/firmware/Arduino-2560/Debug/libArduino.a(WString.o)
String::String(unsigned long, int)                /home/rbtying/robot/firmware/Arduino-2560/Debug/libArduino.a(WString.o)
String::charAt(unsigned int) const                /home/rbtying/robot/firmware/Arduino-2560/Debug/libArduino.a(WString.o)
String::compareTo(String const&) const            /home/rbtying/robot/firmware/Arduino-2560/Debug/libArduino.a(WString.o)
String::concat(String const&)                     /home/rbtying/robot/firmware/Arduino-2560/Debug/libArduino.a(WString.o)
String::endsWith(String const&) const             /home/rbtying/robot/firmware/Arduino-2560/Debug/libArduino.a(WString.o)
String::equals(String const&) const               /home/rbtying/robot/firmware/Arduino-2560/Debug/libArduino.a(WString.o)
String::equalsIgnoreCase(String const&) const     /home/rbtying/robot/firmware/Arduino-2560/Debug/libArduino.a(WString.o)
String::getBuffer(unsigned int)                   /home/rbtying/robot/firmware/Arduino-2560/Debug/libArduino.a(WString.o)
String::getBytes(unsigned char*, unsigned int)    /home/rbtying/robot/firmware/Arduino-2560/Debug/libArduino.a(WString.o)
String::indexOf(String const&) const              /home/rbtying/robot/firmware/Arduino-2560/Debug/libArduino.a(WString.o)
String::indexOf(String const&, unsigned int) const /home/rbtying/robot/firmware/Arduino-2560/Debug/libArduino.a(WString.o)
String::indexOf(char) const                       /home/rbtying/robot/firmware/Arduino-2560/Debug/libArduino.a(WString.o)
String::indexOf(char, unsigned int) const         /home/rbtying/robot/firmware/Arduino-2560/Debug/libArduino.a(WString.o)
String::lastIndexOf(String const&) const          /home/rbtying/robot/firmware/Arduino-2560/Debug/libArduino.a(WString.o)
String::lastIndexOf(String const&, unsigned int) const /home/rbtying/robot/firmware/Arduino-2560/Debug/libArduino.a(WString.o)
String::lastIndexOf(char) const                   /home/rbtying/robot/firmware/Arduino-2560/Debug/libArduino.a(WString.o)
String::lastIndexOf(char, unsigned int) const     /home/rbtying/robot/firmware/Arduino-2560/Debug/libArduino.a(WString.o)
String::operator!=(String const&) const           /home/rbtying/robot/firmware/Arduino-2560/Debug/libArduino.a(WString.o)