Archive member included because of file (symbol)

/home/rbtying/robot/firmware/Arduino-2560/Debug/libArduino.a(HardwareSerial.o)
                              ./src/lib/motors/Sabertooth.o (_ZN14HardwareSerial5beginEl)
/home/rbtying/robot/firmware/Arduino-2560/Debug/libArduino.a(Print.o)
                              ./src/lib/devices/LCD.o (_ZN5Print5writeEPKc)
/home/rbtying/robot/firmware/Arduino-2560/Debug/libArduino.a(WInterrupts.o)
                              ./src/Main.o (attachInterrupt)
/home/rbtying/robot/firmware/Arduino-2560/Debug/libArduino.a(WMath.o)
                              ./src/lib/utilities/RC_CTRL.o (_Z3maplllll)
/home/rbtying/robot/firmware/Arduino-2560/Debug/libArduino.a(WString.o)
                              /home/rbtying/robot/firmware/Arduino-2560/Debug/libArduino.a(Print.o) (_ZNK6StringixEj)
/home/rbtying/robot/firmware/Arduino-2560/Debug/libArduino.a(missing.o)
                              ./src/lib/motors/Sabertooth.o (__cxa_pure_virtual)
/home/rbtying/robot/firmware/Arduino-2560/Debug/libArduino.a(pins_arduino.o)
                              ./src/lib/motors/Sabertooth.o (port_to_output_PGM)
/home/rbtying/robot/firmware/Arduino-2560/Debug/libArduino.a(wiring.o)
                              ./src/Main.o (millis)
/home/rbtying/robot/firmware/Arduino-2560/Debug/libArduino.a(wiring_analog.o)
                              ./src/lib/sensors/rangefinders/MaxSonar.o (analogRead)
/home/rbtying/robot/firmware/Arduino-2560/Debug/libArduino.a(wiring_digital.o)
                              ./src/lib/utilities/RC_CTRL.o (pinMode)
/home/rbtying/robot/firmware/Arduino-2560/Debug/libArduino.a(wiring_pulse.o)
                              ./src/lib/utilities/RC_CTRL.o (pulseIn)
/home/rbtying/robot/firmware/Arduino-2560/Debug/libArduino.a(Servo.o)
                              ./src/lib/motors/ServoMotor.o (_ZN5ServoC1Ev)
/usr/lib/gcc/avr/4.5.3/avr6/libgcc.a(_mulsi3.o)
                              /home/rbtying/robot/firmware/Arduino-2560/Debug/libArduino.a(HardwareSerial.o) (__mulsi3)
/usr/lib/gcc/avr/4.5.3/avr6/libgcc.a(_udivmodqi4.o)
                              /home/rbtying/robot/firmware/Arduino-2560/Debug/libArduino.a(Servo.o) (__udivmodqi4)
/usr/lib/gcc/avr/4.5.3/avr6/libgcc.a(_udivmodhi4.o)
                              ./src/lib/sensors/rangefinders/Ping.o (__udivmodhi4)
/usr/lib/gcc/avr/4.5.3/avr6/libgcc.a(_divmodhi4.o)
                              ./src/lib/sensors/rangefinders/Sharp_IR.o (__divmodhi4)
/usr/lib/gcc/avr/4.5.3/avr6/libgcc.a(_udivmodsi4.o)
                              ./src/lib/sensors/TSL1401.o (__udivmodsi4)
/usr/lib/gcc/avr/4.5.3/avr6/libgcc.a(_divmodsi4.o)
                              /home/rbtying/robot/firmware/Arduino-2560/Debug/libArduino.a(WMath.o) (__divmodsi4)
/usr/lib/gcc/avr/4.5.3/avr6/libgcc.a(_exit.o)
                              /usr/lib/gcc/avr/4.5.3/../../../avr/lib/avr6/crtm2560.o (exit)
/usr/lib/gcc/avr/4.5.3/avr6/libgcc.a(_copy_data.o)
                              ./src/lib/sensors/rangefinders/MaxSonar.o (__do_copy_data)
/usr/lib/gcc/avr/4.5.3/avr6/libgcc.a(_clear_bss.o)
                              ./src/lib/utilities/FlexiTimer2.o (__do_clear_bss)
/usr/lib/gcc/avr/4.5.3/avr6/libgcc.a(_ctors.o)
                              ./src/Main.o (__do_global_ctors)
/usr/lib/gcc/avr/4.5.3/avr6/libgcc.a(_fixunssfsi.o)
                              ./src/lib/motors/Sabertooth.o (__fixunssfsi)
/usr/lib/gcc/avr/4.5.3/avr6/libgcc.a(_addsub_sf.o)
                              ./src/lib/utilities/PID.o (__addsf3)
/usr/lib/gcc/avr/4.5.3/avr6/libgcc.a(_mul_sf.o)
                              ./src/lib/utilities/FlexiTimer2.o (__mulsf3)
/usr/lib/gcc/avr/4.5.3/avr6/libgcc.a(_div_sf.o)
                              ./src/lib/utilities/FlexiTimer2.o (__divsf3)
/usr/lib/gcc/avr/4.5.3/avr6/libgcc.a(_eq_sf.o)
                              ./src/Main.o (__eqsf2)
/usr/lib/gcc/avr/4.5.3/avr6/libgcc.a(_gt_sf.o)
                              ./src/lib/utilities/PID.o (__gtsf2)
/usr/lib/gcc/avr/4.5.3/avr6/libgcc.a(_ge_sf.o)
                              ./src/Main.o (__gesf2)
/usr/lib/gcc/avr/4.5.3/avr6/libgcc.a(_lt_sf.o)
                              ./src/lib/utilities/PID.o (__ltsf2)
/usr/lib/gcc/avr/4.5.3/avr6/libgcc.a(_le_sf.o)
                              ./src/Main.o (__lesf2)
/usr/lib/gcc/avr/4.5.3/avr6/libgcc.a(_si_to_sf.o)
                              ./src/lib/sensors/rangefinders/MaxSonar.o (__floatsisf)
/usr/lib/gcc/avr/4.5.3/avr6/libgcc.a(_sf_to_si.o)
                              ./src/lib/utilities/FlexiTimer2.o (__fixsfsi)
/usr/lib/gcc/avr/4.5.3/avr6/libgcc.a(_thenan_sf.o)
                              /usr/lib/gcc/avr/4.5.3/avr6/libgcc.a(_addsub_sf.o) (__thenan_sf)
/usr/lib/gcc/avr/4.5.3/avr6/libgcc.a(_usi_to_sf.o)
                              ./src/lib/sensors/rangefinders/Ping.o (__floatunsisf)
/usr/lib/gcc/avr/4.5.3/avr6/libgcc.a(_prologue.o)
[...]
Memory Configuration

Name             Origin             Length             Attributes
text             0x0000000000000000 0x0000000000100000 xr
data             0x0000000000800200 0x000000000000fe00 rw !x
eeprom           0x0000000000810000 0x0000000000010000 rw !x
fuse             0x0000000000820000 0x0000000000000400 rw !x
lock             0x0000000000830000 0x0000000000000400 rw !x
signature        0x0000000000840000 0x0000000000000400 rw !x
*default*        0x0000000000000000 0xffffffffffffffff

Linker script and memory map

Address of section .data set to 0x800200
LOAD /usr/lib/gcc/avr/4.5.3/../../../avr/lib/avr6/crtm2560.o
LOAD ./src/lib/utilities/FlexiTimer2.o
LOAD ./src/lib/utilities/PID.o
LOAD ./src/lib/utilities/RC_CTRL.o
LOAD ./src/lib/sensors/rangefinders/MaxSonar.o
LOAD ./src/lib/sensors/rangefinders/Ping.o
LOAD ./src/lib/sensors/rangefinders/Sharp_IR.o
LOAD ./src/lib/sensors/Battery.o
LOAD ./src/lib/sensors/Gyro.o
LOAD ./src/lib/sensors/TSL1401.o
LOAD ./src/lib/motors/Sabertooth.o
LOAD ./src/lib/motors/ServoMotor.o
LOAD ./src/lib/devices/CD74HC4067.o
LOAD ./src/lib/devices/LCD.o
LOAD ./src/Main.o
LOAD ./src/StateController.o
LOAD /home/rbtying/robot/firmware/Arduino-2560/Debug/libArduino.a
LOAD /usr/lib/gcc/avr/4.5.3/avr6/libgcc.a
LOAD /usr/lib/gcc/avr/4.5.3/../../../avr/lib/avr6/libm.a
LOAD /usr/lib/gcc/avr/4.5.3/avr6/libgcc.a
LOAD /usr/lib/gcc/avr/4.5.3/../../../avr/lib/avr6/libc.a
LOAD /usr/lib/gcc/avr/4.5.3/avr6/libgcc.a

.hash
 *(.hash)

.dynsym
 *(.dynsym)

.dynstr
 *(.dynstr)

.gnu.version
 *(.gnu.version)

.gnu.version_d
 *(.gnu.version_d)

.gnu.version_r
 *(.gnu.version_r)

.rel.init
 *(.rel.init)

.rela.init
 *(.rela.init)

.rel.text
 *(.rel.text)
 *(.rel.text.*)
 *(.rel.gnu.linkonce.t*)

.rela.text
 *(.rela.text)
 *(.rela.text.*)
 *(.rela.gnu.linkonce.t*)

.rel.fini
 *(.rel.fini)

.rela.fini
 *(.rela.fini)

.rel.rodata
 *(.rel.rodata)
 *(.rel.rodata.*)
 *(.rel.gnu.linkonce.r*)

.rela.rodata
 *(.rela.rodata)
 *(.rela.rodata.*)
 *(.rela.gnu.linkonce.r*)

.rel.data
 *(.rel.data)
 *(.rel.data.*)
 *(.rel.gnu.linkonce.d*)

.rela.data
 *(.rela.data)
 *(.rela.data.*)
 *(.rela.gnu.linkonce.d*)

.rel.ctors
 *(.rel.ctors)

.rela.ctors
 *(.rela.ctors)

.rel.dtors
 *(.rel.dtors)

.rela.dtors
 *(.rela.dtors)

.rel.got
 *(.rel.got)

.rela.got
 *(.rela.got)

.rel.bss
 *(.rel.bss)

.rela.bss
 *(.rela.bss)

.rel.plt
 *(.rel.plt)

.rela.plt
 *(.rela.plt)

.text           0x0000000000000000     0x3596
 *(.vectors)
 .vectors       0x0000000000000000       0xe4 /usr/lib/gcc/avr/4.5.3/../../../avr/lib/avr6/crtm2560.o
                0x0000000000000000                __vectors
                0x0000000000000000                __vector_default
 *(.vectors)
 *(.progmem.gcc*)
 *(.progmem*)
 .progmem.data  0x00000000000000e4      0x120 /home/rbtying/robot/firmware/Arduino-2560/Debug/libArduino.a(pins_arduino.o)
                0x00000000000000e4                port_to_mode_PGM
                0x00000000000000fe                port_to_output_PGM
                0x0000000000000118                port_to_input_PGM
                0x0000000000000132                digital_pin_to_port_PGM
                0x0000000000000178                digital_pin_to_bit_mask_PGM
                0x00000000000001be                digital_pin_to_timer_PGM
                0x0000000000000204                . = ALIGN (0x2)
                0x0000000000000204                __trampolines_start = .
 *(.trampolines)
 .trampolines   0x0000000000000204        0x0 linker stubs
 *(.trampolines*)
                0x0000000000000204                __trampolines_end = .
 *(.jumptables)
 *(.jumptables*)
 *(.lowtext)
 *(.lowtext*)
                0x0000000000000204                __ctors_start = .
 *(.ctors)
 .ctors         0x0000000000000204        0x2 ./src/Main.o
 .ctors         0x0000000000000206        0x2 /home/rbtying/robot/firmware/Arduino-2560/Debug/libArduino.a(HardwareSerial.o)
                0x0000000000000208                __ctors_end = .
                0x0000000000000208                __dtors_start = .
 *(.dtors)
                0x0000000000000208                __dtors_end = .
 SORT(*)(.ctors)
 SORT(*)(.dtors)
 *(.init0)
 .init0         0x0000000000000208        0x0 /usr/lib/gcc/avr/4.5.3/../../../avr/lib/avr6/crtm2560.o
                0x0000000000000208                __init
 *(.init0)
 *(.init1)
 *(.init1)
 *(.init2)
 .init2         0x0000000000000208       0x10 /usr/lib/gcc/avr/4.5.3/../../../avr/lib/avr6/crtm2560.o
 *(.init2)
 *(.init3)
 *(.init3)
 *(.init4)
 .init4         0x0000000000000218       0x1a /usr/lib/gcc/avr/4.5.3/avr6/libgcc.a(_copy_data.o)
                0x0000000000000218                __do_copy_data
 .init4         0x0000000000000232       0x10 /usr/lib/gcc/avr/4.5.3/avr6/libgcc.a(_clear_bss.o)
                0x0000000000000232                __do_clear_bss
 *(.init4)
 *(.init5)
 *(.init5)
 *(.init6)
 .init6         0x0000000000000242       0x20 /usr/lib/gcc/avr/4.5.3/avr6/libgcc.a(_ctors.o)
                0x0000000000000242                __do_global_ctors
 *(.init6)
 *(.init7)
 *(.init7)
 *(.init8)
 *(.init8)
 *(.init9)
 .init9         0x0000000000000262        0x8 /usr/lib/gcc/avr/4.5.3/../../../avr/lib/avr6/crtm2560.o
 *(.init9)
 *(.text)
 .text          0x000000000000026a        0x4 /usr/lib/gcc/avr/4.5.3/../../../avr/lib/avr6/crtm2560.o
                0x000000000000026a                __vector_38
                0x000000000000026a                __vector_22
                0x000000000000026a                __vector_28
                0x000000000000026a                __vector_34
                0x000000000000026a                __vector_24
                0x000000000000026a                __vector_12
                0x000000000000026a                __vector_55
                0x000000000000026a                __vector_46
                0x000000000000026a                __bad_interrupt
                0x000000000000026a                __vector_31
                0x000000000000026a                __vector_35
                0x000000000000026a                __vector_39
                0x000000000000026a                __vector_30
                0x000000000000026a                __vector_45
                0x000000000000026a                __vector_11
                0x000000000000026a                __vector_13
                0x000000000000026a                __vector_19
                0x000000000000026a                __vector_56
                0x000000000000026a                __vector_49
                0x000000000000026a                __vector_41
                0x000000000000026a                __vector_43
                0x000000000000026a                __vector_27
                0x000000000000026a                __vector_33
                0x000000000000026a                __vector_52
                0x000000000000026a                __vector_37
                0x000000000000026a                __vector_44
                0x000000000000026a                __vector_9
                0x000000000000026a                __vector_21
                0x000000000000026a                __vector_29
                0x000000000000026a                __vector_40
                0x000000000000026a                __vector_26
                0x000000000000026a                __vector_48
                0x000000000000026a                __vector_14
                0x000000000000026a                __vector_53
                0x000000000000026a                __vector_10
                0x000000000000026a                __vector_50
                0x000000000000026a                __vector_16
                0x000000000000026a                __vector_18
                0x000000000000026a                __vector_20
 .text          0x000000000000026e      0x350 /usr/lib/gcc/avr/4.5.3/avr6/libgcc.a(_addsub_sf.o)
                0x0000000000000502                __addsf3
                0x000000000000055c                __subsf3
 .text          0x00000000000005be      0x1f4 /usr/lib/gcc/avr/4.5.3/avr6/libgcc.a(_mul_sf.o)
                0x00000000000005be                __mulsf3
 .text          0x00000000000007b2      0x15c /usr/lib/gcc/avr/4.5.3/avr6/libgcc.a(_div_sf.o)
                0x00000000000007b2                __divsf3
 .text          0x000000000000090e       0x60 /usr/lib/gcc/avr/4.5.3/avr6/libgcc.a(_eq_sf.o)
                0x000000000000090e                __eqsf2
 .text          0x000000000000096e       0x60 /usr/lib/gcc/avr/4.5.3/avr6/libgcc.a(_gt_sf.o)
                0x000000000000096e                __gtsf2
 .text          0x00000000000009ce       0x60 /usr/lib/gcc/avr/4.5.3/avr6/libgcc.a(_ge_sf.o)
                0x00000000000009ce                __gesf2
 .text          0x0000000000000a2e       0x60 /usr/lib/gcc/avr/4.5.3/avr6/libgcc.a(_lt_sf.o)
                0x0000000000000a2e                __ltsf2
 .text          0x0000000000000a8e       0x60 /usr/lib/gcc/avr/4.5.3/avr6/libgcc.a(_le_sf.o)
                0x0000000000000a8e                __lesf2
 .text          0x0000000000000aee       0xc0 /usr/lib/gcc/avr/4.5.3/avr6/libgcc.a(_si_to_sf.o)
                0x0000000000000aee                __floatsisf
 .text          0x0000000000000bae       0xa4 /usr/lib/gcc/avr/4.5.3/avr6/libgcc.a(_sf_to_si.o)
                0x0000000000000bae                __fixsfsi
 .text          0x0000000000000c52       0xf0 /usr/lib/gcc/avr/4.5.3/avr6/libgcc.a(_usi_to_sf.o)
                0x0000000000000c52                __floatunsisf
 .text          0x0000000000000d42       0xb4 /usr/lib/gcc/avr/4.5.3/avr6/libgcc.a(_clzsi2.o)
                0x0000000000000d42                __clzsi2
 .text          0x0000000000000df6      0x19c /usr/lib/gcc/avr/4.5.3/avr6/libgcc.a(_pack_sf.o)
                0x0000000000000df6                __pack_f
 .text          0x0000000000000f92       0xd2 /usr/lib/gcc/avr/4.5.3/avr6/libgcc.a(_unpack_sf.o)
                0x0000000000000f92                __unpack_f
 .text          0x0000000000001064       0xb2 /usr/lib/gcc/avr/4.5.3/avr6/libgcc.a(_fpcmp_parts_sf.o)
                0x0000000000001064                __fpcmp_parts_f
                0x0000000000001116                . = ALIGN (0x2)
 *(.text.*)
 .text._ZN11FlexiTimer29_overflowEv
                0x0000000000001116       0x7e ./src/lib/utilities/FlexiTimer2.o
                0x0000000000001116                _ZN11FlexiTimer29_overflowEv
 .text.__vector_15
                0x0000000000001194       0x50 ./src/lib/utilities/FlexiTimer2.o
                0x0000000000001194                __vector_15
 .text._ZN3PIDC1EP10PID_params
                0x00000000000011e4        0x8 ./src/lib/utilities/PID.o
                0x00000000000011e4                _ZN3PIDC1EP10PID_params
 .text._ZN3PID8setInputEd
                0x00000000000011ec       0x12 ./src/lib/utilities/PID.o
                0x00000000000011ec                _ZN3PID8setInputEd
 .text._ZN3PID9getOutputEv
                0x00000000000011fe       0x16 ./src/lib/utilities/PID.o
                0x00000000000011fe                _ZN3PID9getOutputEv
 .text._ZN3PID7processEd
                0x0000000000001214      0x134 ./src/lib/utilities/PID.o
                0x0000000000001214                _ZN3PID7processEd
 .text._ZN7Battery3setEP10CD74HC4067hh
                0x0000000000001348       0x50 ./src/lib/sensors/Battery.o
                0x0000000000001348                _ZN7Battery3setEP10CD74HC4067hh
 .text._ZN7BatteryC1Ehh
                0x0000000000001398       0x10 ./src/lib/sensors/Battery.o
                0x0000000000001398                _ZN7BatteryC1Ehh
 .text._ZN7BatteryC1Ev
                0x00000000000013a8       0x2a ./src/lib/sensors/Battery.o
                0x00000000000013a8                _ZN7BatteryC1Ev
 .text._ZN4Gyro8getValueEv
                0x00000000000013d2       0x6a ./src/lib/sensors/Gyro.o
                0x00000000000013d2                _ZN4Gyro8getValueEv
 .text._ZN4Gyro6updateEP9gyro_dataf
                0x000000000000143c       0x52 ./src/lib/sensors/Gyro.o
                0x000000000000143c                _ZN4Gyro6updateEP9gyro_dataf
 .text._ZN4Gyro9calibrateEjb
                0x000000000000148e      0x186 ./src/lib/sensors/Gyro.o
                0x000000000000148e                _ZN4Gyro9calibrateEjb
 .text._ZN4GyroC1Ehhf
                0x0000000000001614       0x4a ./src/lib/sensors/Gyro.o
                0x0000000000001614                _ZN4GyroC1Ehhf
 .text._ZN10Sabertooth5resetEv
                0x000000000000165e       0x16 ./src/lib/motors/Sabertooth.o
                0x000000000000165e                _ZN10Sabertooth5resetEv
 .text._ZN10Sabertooth10sendPacketEhh
                0x0000000000001674       0x70 ./src/lib/motors/Sabertooth.o
                0x0000000000001674                _ZN10Sabertooth10sendPacketEhh
 .text._ZN10Sabertooth13setMotorSpeedEhh
                0x00000000000016e4        0xa ./src/lib/motors/Sabertooth.o
                0x00000000000016e4                _ZN10Sabertooth13setMotorSpeedEhh
 .text._ZN10Sabertooth10setM1SpeedEa
                0x00000000000016ee       0x28 ./src/lib/motors/Sabertooth.o
                0x00000000000016ee                _ZN10Sabertooth10setM1SpeedEa
 .text._ZN10Sabertooth10setM2SpeedEa
                0x0000000000001716       0x28 ./src/lib/motors/Sabertooth.o
                0x0000000000001716                _ZN10Sabertooth10setM2SpeedEa
 .text._ZN10Sabertooth8setSpeedEaa
                0x000000000000173e       0x2c ./src/lib/motors/Sabertooth.o
                0x000000000000173e                _ZN10Sabertooth8setSpeedEaa
 .text._ZN10Sabertooth8setSpeedEaabb
                0x000000000000176a       0x56 ./src/lib/motors/Sabertooth.o
                0x000000000000176a                _ZN10Sabertooth8setSpeedEaabb
 .text._ZN10Sabertooth8setSpeedEP10motor_data
                0x00000000000017c0       0x48 ./src/lib/motors/Sabertooth.o
                0x00000000000017c0                _ZN10Sabertooth8setSpeedEP10motor_data
 .text._ZN10Sabertooth5writeEh
                0x0000000000001808       0xd8 ./src/lib/motors/Sabertooth.o
                0x0000000000001808                _ZN10Sabertooth5writeEh
 .text._ZN10SabertoothC1EhP14HardwareSerial
                0x00000000000018e0       0x34 ./src/lib/motors/Sabertooth.o
                0x00000000000018e0                _ZN10SabertoothC1EhP14HardwareSerial
 .text._ZN10CD74HC40676setMuxEh
                0x0000000000001914       0x7e ./src/lib/devices/CD74HC4067.o
                0x0000000000001914                _ZN10CD74HC40676setMuxEh
 .text._ZN10CD74HC40677readADCEh
                0x0000000000001992       0x18 ./src/lib/devices/CD74HC4067.o
                0x0000000000001992                _ZN10CD74HC40677readADCEh
 .text._ZN7Encoder5countEP12encoder_data
                0x00000000000019aa       0x58 ./src/Main.o
                0x00000000000019aa                _ZN7Encoder5countEP12encoder_data
 .text._Z11rEncHandlerv
                0x0000000000001a02       0x14 ./src/Main.o
                0x0000000000001a02                _Z11rEncHandlerv
 .text._Z11lEncHandlerv
                0x0000000000001a16       0x14 ./src/Main.o
                0x0000000000001a16                _Z11lEncHandlerv
 .text._ZN7Encoder6updateEP12encoder_dataf
                0x0000000000001a2a       0x6c ./src/Main.o
                0x0000000000001a2a                _ZN7Encoder6updateEP12encoder_dataf
 .text._ZN12control_dataC1Ev
                0x0000000000001a96       0x20 ./src/Main.o
                0x0000000000001a96                _ZN12control_dataC1Ev
 .text.main     0x0000000000001ab6      0x40a ./src/Main.o
                0x0000000000001ab6                main
 .text._GLOBAL__I_nexTime
                0x0000000000001ec0       0x5a ./src/Main.o
 .text._Z10store_charhP11ring_buffer
                0x0000000000001f1a       0x4e /home/rbtying/robot/firmware/Arduino-2560/Debug/libArduino.a(HardwareSerial.o)
                0x0000000000001f1a                _Z10store_charhP11ring_buffer
 .text.__vector_25
                0x0000000000001f68       0x58 /home/rbtying/robot/firmware/Arduino-2560/Debug/libArduino.a(HardwareSerial.o)
                0x0000000000001f68                __vector_25
 .text.__vector_36
                0x0000000000001fc0       0x58 /home/rbtying/robot/firmware/Arduino-2560/Debug/libArduino.a(HardwareSerial.o)
                0x0000000000001fc0                __vector_36
 .text.__vector_51
                0x0000000000002018       0x58 /home/rbtying/robot/firmware/Arduino-2560/Debug/libArduino.a(HardwareSerial.o)
                0x0000000000002018                __vector_51
 .text.__vector_54
                0x0000000000002070       0x58 /home/rbtying/robot/firmware/Arduino-2560/Debug/libArduino.a(HardwareSerial.o)
                0x0000000000002070                __vector_54
 .text._ZN14HardwareSerial5beginEl
                0x00000000000020c8      0x1e2 /home/rbtying/robot/firmware/Arduino-2560/Debug/libArduino.a(HardwareSerial.o)
                0x00000000000020c8                _ZN14HardwareSerial5beginEl
 .text._ZN14HardwareSerial9availableEv
                0x00000000000022aa       0x28 /home/rbtying/robot/firmware/Arduino-2560/Debug/libArduino.a(HardwareSerial.o)
                0x00000000000022aa                _ZN14HardwareSerial9availableEv
 .text._ZN14HardwareSerial4peekEv
                0x00000000000022d2       0x34 /home/rbtying/robot/firmware/Arduino-2560/Debug/libArduino.a(HardwareSerial.o)
                0x00000000000022d2                _ZN14HardwareSerial4peekEv
 .text._ZN14HardwareSerial4readEv
                0x0000000000002306       0x50 /home/rbtying/robot/firmware/Arduino-2560/Debug/libArduino.a(HardwareSerial.o)
                0x0000000000002306                _ZN14HardwareSerial4readEv
 .text._ZN14HardwareSerial5flushEv
                0x0000000000002356       0x18 /home/rbtying/robot/firmware/Arduino-2560/Debug/libArduino.a(HardwareSerial.o)
                0x0000000000002356                _ZN14HardwareSerial5flushEv
 .text._ZN14HardwareSerial5writeEh
                0x000000000000236e       0x26 /home/rbtying/robot/firmware/Arduino-2560/Debug/libArduino.a(HardwareSerial.o)
                0x000000000000236e                _ZN14HardwareSerial5writeEh
 .text._GLOBAL__I_rx_buffer
                0x0000000000002394      0x1a0 /home/rbtying/robot/firmware/Arduino-2560/Debug/libArduino.a(HardwareSerial.o)
 .text._ZN5Print5writeEPKc
                0x0000000000002534       0x30 /home/rbtying/robot/firmware/Arduino-2560/Debug/libArduino.a(Print.o)
                0x0000000000002534                _ZN5Print5writeEPKc
 .text._ZN5Print5writeEPKhj
                0x0000000000002564       0x3e /home/rbtying/robot/firmware/Arduino-2560/Debug/libArduino.a(Print.o)
                0x0000000000002564                _ZN5Print5writeEPKhj
 .text.attachInterrupt
                0x00000000000025a2       0xf8 /home/rbtying/robot/firmware/Arduino-2560/Debug/libArduino.a(WInterrupts.o)
                0x00000000000025a2                attachInterrupt
 .text.__vector_1
                0x000000000000269a       0x62 /home/rbtying/robot/firmware/Arduino-2560/Debug/libArduino.a(WInterrupts.o)
                0x000000000000269a                __vector_1
 .text.__vector_2
                0x00000000000026fc       0x62 /home/rbtying/robot/firmware/Arduino-2560/Debug/libArduino.a(WInterrupts.o)
                0x00000000000026fc                __vector_2
 .text.__vector_3
                0x000000000000275e       0x62 /home/rbtying/robot/firmware/Arduino-2560/Debug/libArduino.a(WInterrupts.o)
                0x000000000000275e                __vector_3
 .text.__vector_4
                0x00000000000027c0       0x62 /home/rbtying/robot/firmware/Arduino-2560/Debug/libArduino.a(WInterrupts.o)
                0x00000000000027c0                __vector_4
 .text.__vector_5
                0x0000000000002822       0x62 /home/rbtying/robot/firmware/Arduino-2560/Debug/libArduino.a(WInterrupts.o)
                0x0000000000002822                __vector_5
 .text.__vector_6
                0x0000000000002884       0x62 /home/rbtying/robot/firmware/Arduino-2560/Debug/libArduino.a(WInterrupts.o)
                0x0000000000002884                __vector_6
 .text.__vector_7
                0x00000000000028e6       0x62 /home/rbtying/robot/firmware/Arduino-2560/Debug/libArduino.a(WInterrupts.o)
                0x00000000000028e6                __vector_7
 .text.__vector_8
                0x0000000000002948       0x62 /home/rbtying/robot/firmware/Arduino-2560/Debug/libArduino.a(WInterrupts.o)
                0x0000000000002948                __vector_8
 .text._Z3maplllll
                0x00000000000029aa       0x92 /home/rbtying/robot/firmware/Arduino-2560/Debug/libArduino.a(WMath.o)
                0x00000000000029aa                _Z3maplllll
 .text.__vector_23
                0x0000000000002a3c       0x90 /home/rbtying/robot/firmware/Arduino-2560/Debug/libArduino.a(wiring.o)
                0x0000000000002a3c                __vector_23
 .text.millis   0x0000000000002acc       0x1c /home/rbtying/robot/firmware/Arduino-2560/Debug/libArduino.a(wiring.o)
                0x0000000000002acc                millis
 .text.micros   0x0000000000002ae8       0x4c /home/rbtying/robot/firmware/Arduino-2560/Debug/libArduino.a(wiring.o)
                0x0000000000002ae8                micros
 .text.delay    0x0000000000002b34       0x4c /home/rbtying/robot/firmware/Arduino-2560/Debug/libArduino.a(wiring.o)
                0x0000000000002b34                delay
 .text.init     0x0000000000002b80       0xc4 /home/rbtying/robot/firmware/Arduino-2560/Debug/libArduino.a(wiring.o)
                0x0000000000002b80                init
 .text.analogRead
                0x0000000000002c44       0x68 /home/rbtying/robot/firmware/Arduino-2560/Debug/libArduino.a(wiring_analog.o)
                0x0000000000002c44                analogRead
 .text.pinMode  0x0000000000002cac       0x4c /home/rbtying/robot/firmware/Arduino-2560/Debug/libArduino.a(wiring_digital.o)
                0x0000000000002cac                pinMode
 .text.digitalWrite
                0x0000000000002cf8      0x122 /home/rbtying/robot/firmware/Arduino-2560/Debug/libArduino.a(wiring_digital.o)
                0x0000000000002cf8                digitalWrite
 .text._ZN5ServoC1Ev
                0x0000000000002e1a       0x34 /home/rbtying/robot/firmware/Arduino-2560/Debug/libArduino.a(Servo.o)
                0x0000000000002e1a                _ZN5ServoC1Ev
 .text._ZN5Servo17writeMicrosecondsEi
                0x0000000000002e4e       0x8e /home/rbtying/robot/firmware/Arduino-2560/Debug/libArduino.a(Servo.o)
                0x0000000000002e4e                _ZN5Servo17writeMicrosecondsEi
 .text._ZN5Servo5writeEi
                0x0000000000002edc       0xd0 /home/rbtying/robot/firmware/Arduino-2560/Debug/libArduino.a(Servo.o)
                0x0000000000002edc                _ZN5Servo5writeEi
 .text._ZN5Servo6attachEiii
                0x0000000000002fac      0x158 /home/rbtying/robot/firmware/Arduino-2560/Debug/libArduino.a(Servo.o)
                0x0000000000002fac                _ZN5Servo6attachEiii
 .text._ZN5Servo6attachEi
                0x0000000000003104        0xe /home/rbtying/robot/firmware/Arduino-2560/Debug/libArduino.a(Servo.o)
                0x0000000000003104                _ZN5Servo6attachEi
 .text._ZL17handle_interrupts18timer16_Sequence_tPVjS1_
                0x0000000000003112      0x184 /home/rbtying/robot/firmware/Arduino-2560/Debug/libArduino.a(Servo.o)
 .text.__vector_47
                0x0000000000003296       0x5a /home/rbtying/robot/firmware/Arduino-2560/Debug/libArduino.a(Servo.o)
                0x0000000000003296                __vector_47
 .text.__vector_42
                0x00000000000032f0       0x5a /home/rbtying/robot/firmware/Arduino-2560/Debug/libArduino.a(Servo.o)
                0x00000000000032f0                __vector_42
 .text.__vector_32
                0x000000000000334a       0x5a /home/rbtying/robot/firmware/Arduino-2560/Debug/libArduino.a(Servo.o)
                0x000000000000334a                __vector_32
 .text.__vector_17
                0x00000000000033a4       0x5a /home/rbtying/robot/firmware/Arduino-2560/Debug/libArduino.a(Servo.o)
                0x00000000000033a4                __vector_17
 .text.libgcc   0x00000000000033fe       0x3e /usr/lib/gcc/avr/4.5.3/avr6/libgcc.a(_mulsi3.o)
                0x00000000000033fe                __mulsi3
 .text.libgcc   0x000000000000343c       0x18 /usr/lib/gcc/avr/4.5.3/avr6/libgcc.a(_udivmodqi4.o)
                0x000000000000343c                __udivmodqi4
 .text.libgcc   0x0000000000003454       0x28 /usr/lib/gcc/avr/4.5.3/avr6/libgcc.a(_udivmodhi4.o)
                0x0000000000003454                __udivmodhi4
 .text.libgcc   0x000000000000347c       0x26 /usr/lib/gcc/avr/4.5.3/avr6/libgcc.a(_divmodhi4.o)
                0x000000000000347c                __divmodhi4
                0x000000000000347c                _div
 .text.libgcc   0x00000000000034a2       0x44 /usr/lib/gcc/avr/4.5.3/avr6/libgcc.a(_udivmodsi4.o)
                0x00000000000034a2                __udivmodsi4
 .text.libgcc   0x00000000000034e6       0x36 /usr/lib/gcc/avr/4.5.3/avr6/libgcc.a(_divmodsi4.o)
                0x00000000000034e6                __divmodsi4
 .text.libgcc   0x000000000000351c       0x38 /usr/lib/gcc/avr/4.5.3/avr6/libgcc.a(_prologue.o)
                0x000000000000351c                __prologue_saves__
 .text.libgcc   0x0000000000003554       0x36 /usr/lib/gcc/avr/4.5.3/avr6/libgcc.a(_epilogue.o)
                0x0000000000003554                __epilogue_restores__
 .text.libgcc   0x000000000000358a        0x8 /usr/lib/gcc/avr/4.5.3/avr6/libgcc.a(_tablejump_elpm.o)
                0x000000000000358a                __tablejump_elpm__
                0x0000000000003592                . = ALIGN (0x2)
 *(.fini9)
 .fini9         0x0000000000003592        0x0 /usr/lib/gcc/avr/4.5.3/avr6/libgcc.a(_exit.o)
                0x0000000000003592                exit
                0x0000000000003592                _exit
 *(.fini9)
 *(.fini8)
 *(.fini8)
 *(.fini7)
 *(.fini7)
 *(.fini6)
 *(.fini6)
 *(.fini5)
 *(.fini5)
 *(.fini4)
 *(.fini4)
 *(.fini3)
 *(.fini3)
 *(.fini2)
 *(.fini2)
 *(.fini1)
 *(.fini1)
 *(.fini0)
 .fini0         0x0000000000003592        0x4 /usr/lib/gcc/avr/4.5.3/avr6/libgcc.a(_exit.o)
 *(.fini0)
                0x0000000000003596                _etext = .

.data           0x0000000000800200      0x124 load address 0x0000000000003596
                0x0000000000800200                PROVIDE (__data_start, .)
 *(.data)
 .data          0x0000000000800200        0x8 /usr/lib/gcc/avr/4.5.3/avr6/libgcc.a(_thenan_sf.o)
                0x0000000000800200                __thenan_sf
 .data          0x0000000000800208      0x100 /usr/lib/gcc/avr/4.5.3/avr6/libgcc.a(_clz.o)
                0x0000000000800208                __clz_tab
 *(.data*)
 .data.analog_reference
                0x0000000000800308        0x1 /home/rbtying/robot/firmware/Arduino-2560/Debug/libArduino.a(wiring_analog.o)
                0x0000000000800308                analog_reference
 *(.rodata)
 *(.rodata*)
 .rodata._ZTV10Sabertooth
                0x0000000000800309        0x8 ./src/lib/motors/Sabertooth.o
                0x0000000000800309                _ZTV10Sabertooth
 .rodata._ZTV14HardwareSerial
                0x0000000000800311       0x12 /home/rbtying/robot/firmware/Arduino-2560/Debug/libArduino.a(HardwareSerial.o)
                0x0000000000800311                _ZTV14HardwareSerial
 *(.gnu.linkonce.d*)
                0x0000000000800324                . = ALIGN (0x2)
 *fill*         0x0000000000800323        0x1 00
                0x0000000000800324                _edata = .
                0x0000000000800324                PROVIDE (__data_end, .)

.bss            0x0000000000800324      0x3d6
                0x0000000000800324                PROVIDE (__bss_start, .)
 *(.bss)
 *(.bss*)
 .bss._ZN11FlexiTimer210time_unitsE
                0x0000000000800324        0x4 ./src/lib/utilities/FlexiTimer2.o
                0x0000000000800324                _ZN11FlexiTimer210time_unitsE
 .bss._ZN11FlexiTimer24funcE
                0x0000000000800328        0x2 ./src/lib/utilities/FlexiTimer2.o
                0x0000000000800328                _ZN11FlexiTimer24funcE
 .bss._ZN11FlexiTimer25countE
                0x000000000080032a        0x4 ./src/lib/utilities/FlexiTimer2.o
                0x000000000080032a                _ZN11FlexiTimer25countE
 .bss._ZN11FlexiTimer211overflowingE
                0x000000000080032e        0x1 ./src/lib/utilities/FlexiTimer2.o
                0x000000000080032e                _ZN11FlexiTimer211overflowingE
 .bss.nexTime   0x000000000080032f        0x4 ./src/Main.o
                0x000000000080032f                nexTime
 .bss.cTime     0x0000000000800333        0x4 ./src/Main.o
                0x0000000000800333                cTime
 .bss.ctrl      0x0000000000800337       0x9b ./src/Main.o
                0x0000000000800337                ctrl
 .bss.leftPID   0x00000000008003d2        0x2 ./src/Main.o
                0x00000000008003d2                leftPID
 .bss.rightPID  0x00000000008003d4        0x2 ./src/Main.o
                0x00000000008003d4                rightPID
 .bss.yawGyro   0x00000000008003d6        0xd ./src/Main.o
                0x00000000008003d6                yawGyro
 .bss.m         0x00000000008003e3        0xd ./src/Main.o
                0x00000000008003e3                m
 .bss.rx_buffer
                0x00000000008003f0       0x84 /home/rbtying/robot/firmware/Arduino-2560/Debug/libArduino.a(HardwareSerial.o)
                0x00000000008003f0                rx_buffer
 .bss.rx_buffer1
                0x0000000000800474       0x84 /home/rbtying/robot/firmware/Arduino-2560/Debug/libArduino.a(HardwareSerial.o)
                0x0000000000800474                rx_buffer1
 .bss.rx_buffer2
                0x00000000008004f8       0x84 /home/rbtying/robot/firmware/Arduino-2560/Debug/libArduino.a(HardwareSerial.o)
                0x00000000008004f8                rx_buffer2
 .bss.rx_buffer3
                0x000000000080057c       0x84 /home/rbtying/robot/firmware/Arduino-2560/Debug/libArduino.a(HardwareSerial.o)
                0x000000000080057c                rx_buffer3
 .bss.Serial    0x0000000000800600       0x13 /home/rbtying/robot/firmware/Arduino-2560/Debug/libArduino.a(HardwareSerial.o)
                0x0000000000800600                Serial
 .bss.Serial1   0x0000000000800613       0x13 /home/rbtying/robot/firmware/Arduino-2560/Debug/libArduino.a(HardwareSerial.o)
                0x0000000000800613                Serial1
 .bss.Serial2   0x0000000000800626       0x13 /home/rbtying/robot/firmware/Arduino-2560/Debug/libArduino.a(HardwareSerial.o)
                0x0000000000800626                Serial2
 .bss.Serial3   0x0000000000800639       0x13 /home/rbtying/robot/firmware/Arduino-2560/Debug/libArduino.a(HardwareSerial.o)
                0x0000000000800639                Serial3
 .bss.intFunc   0x000000000080064c       0x10 /home/rbtying/robot/firmware/Arduino-2560/Debug/libArduino.a(WInterrupts.o)
 .bss.timer0_overflow_count
                0x000000000080065c        0x4 /home/rbtying/robot/firmware/Arduino-2560/Debug/libArduino.a(wiring.o)
                0x000000000080065c                timer0_overflow_count
 .bss.timer0_millis
                0x0000000000800660        0x4 /home/rbtying/robot/firmware/Arduino-2560/Debug/libArduino.a(wiring.o)
                0x0000000000800660                timer0_millis
 .bss.timer0_fract
                0x0000000000800664        0x1 /home/rbtying/robot/firmware/Arduino-2560/Debug/libArduino.a(wiring.o)
 .bss.ServoCount
                0x0000000000800665        0x1 /home/rbtying/robot/firmware/Arduino-2560/Debug/libArduino.a(Servo.o)
                0x0000000000800665                ServoCount
 .bss._ZL6servos
                0x0000000000800666       0x90 /home/rbtying/robot/firmware/Arduino-2560/Debug/libArduino.a(Servo.o)
 .bss._ZL7Channel
                0x00000000008006f6        0x4 /home/rbtying/robot/firmware/Arduino-2560/Debug/libArduino.a(Servo.o)
 *(COMMON)
                0x00000000008006fa                PROVIDE (__bss_end, .)
                0x0000000000003596                __data_load_start = LOADADDR (.data)
                0x00000000000036ba                __data_load_end = (__data_load_start + SIZEOF (.data))

.noinit         0x00000000008006fa        0x0
                0x00000000008006fa                PROVIDE (__noinit_start, .)
 *(.noinit*)
                0x00000000008006fa                PROVIDE (__noinit_end, .)
                0x00000000008006fa                _end = .
                0x00000000008006fa                PROVIDE (__heap_start, .)

.eeprom         0x0000000000810000        0x0
 *(.eeprom*)
                0x0000000000810000                __eeprom_end = .

.fuse
 *(.fuse)
 *(.lfuse)
 *(.hfuse)
 *(.efuse)

.lock
 *(.lock*)

.signature
 *(.signature*)

.stab           0x0000000000000000     0x33cc
 *(.stab)
 .stab          0x0000000000000000      0x6e4 /usr/lib/gcc/avr/4.5.3/../../../avr/lib/avr6/crtm2560.o
 .stab          0x00000000000006e4      0x3c0 /usr/lib/gcc/avr/4.5.3/../../../avr/lib/avr6/libm.a(pow.o)
                                        0x3cc (size before relaxing)
 .stab          0x0000000000000aa4      0x288 /usr/lib/gcc/avr/4.5.3/../../../avr/lib/avr6/libm.a(exp.o)
                                        0x294 (size before relaxing)
 .stab          0x0000000000000d2c       0x78 /usr/lib/gcc/avr/4.5.3/../../../avr/lib/avr6/libm.a(fp_inf.o)
                                         0x84 (size before relaxing)
 .stab          0x0000000000000da4       0x54 /usr/lib/gcc/avr/4.5.3/../../../avr/lib/avr6/libm.a(fp_nan.o)
                                         0x60 (size before relaxing)
 .stab          0x0000000000000df8      0x1ec /usr/lib/gcc/avr/4.5.3/../../../avr/lib/avr6/libm.a(fp_powser.o)
                                        0x1f8 (size before relaxing)
 .stab          0x0000000000000fe4      0x1d4 /usr/lib/gcc/avr/4.5.3/../../../avr/lib/avr6/libm.a(fp_split3.o)
                                        0x1e0 (size before relaxing)
 .stab          0x00000000000011b8       0x90 /usr/lib/gcc/avr/4.5.3/../../../avr/lib/avr6/libm.a(fp_zero.o)
                                         0x9c (size before relaxing)
 .stab          0x0000000000001248       0x84 /usr/lib/gcc/avr/4.5.3/../../../avr/lib/avr6/libm.a(inverse.o)
                                         0x90 (size before relaxing)
 .stab          0x00000000000012cc      0x2c4 /usr/lib/gcc/avr/4.5.3/../../../avr/lib/avr6/libm.a(ldexp.o)
                                        0x2d0 (size before relaxing)
 .stab          0x0000000000001590      0x378 /usr/lib/gcc/avr/4.5.3/../../../avr/lib/avr6/libm.a(log.o)
                                        0x384 (size before relaxing)
 .stab          0x0000000000001908      0x2a0 /usr/lib/gcc/avr/4.5.3/../../../avr/lib/avr6/libm.a(modf.o)
                                        0x2ac (size before relaxing)
 .stab          0x0000000000001ba8      0x4d4 /usr/lib/gcc/avr/4.5.3/../../../avr/lib/avr6/libm.a(mulsf3x.o)
                                        0x4e0 (size before relaxing)
 .stab          0x000000000000207c      0x4bc /usr/lib/gcc/avr/4.5.3/../../../avr/lib/avr6/libm.a(addsf3x.o)
                                        0x4c8 (size before relaxing)
 .stab          0x0000000000002538       0xe4 /usr/lib/gcc/avr/4.5.3/../../../avr/lib/avr6/libm.a(fp_mpack.o)
                                         0xf0 (size before relaxing)
 .stab          0x000000000000261c       0x84 /usr/lib/gcc/avr/4.5.3/../../../avr/lib/avr6/libm.a(fp_pscA.o)
                                         0x90 (size before relaxing)
 .stab          0x00000000000026a0       0x84 /usr/lib/gcc/avr/4.5.3/../../../avr/lib/avr6/libm.a(fp_pscB.o)
                                         0x90 (size before relaxing)
 .stab          0x0000000000002724       0xfc /usr/lib/gcc/avr/4.5.3/../../../avr/lib/avr6/libm.a(fp_round.o)
                                        0x108 (size before relaxing)
 .stab          0x0000000000002820      0x360 /usr/lib/gcc/avr/4.5.3/../../../avr/lib/avr6/libc.a(malloc.o)
                                        0x75c (size before relaxing)
 .stab          0x0000000000002b80      0x12c /usr/lib/gcc/avr/4.5.3/../../../avr/lib/avr6/libc.a(random.o)
                                        0x330 (size before relaxing)
 .stab          0x0000000000002cac       0x18 /usr/lib/gcc/avr/4.5.3/../../../avr/lib/avr6/libc.a(isspace.o)
                                         0xa8 (size before relaxing)
 .stab          0x0000000000002cc4       0x18 /usr/lib/gcc/avr/4.5.3/../../../avr/lib/avr6/libc.a(tolower.o)
                                         0xa8 (size before relaxing)
 .stab          0x0000000000002cdc       0x18 /usr/lib/gcc/avr/4.5.3/../../../avr/lib/avr6/libc.a(toupper.o)
                                         0xa8 (size before relaxing)
 .stab          0x0000000000002cf4       0x9c /usr/lib/gcc/avr/4.5.3/../../../avr/lib/avr6/libc.a(strcat.o)
                                         0xa8 (size before relaxing)
 .stab          0x0000000000002d90       0x9c /usr/lib/gcc/avr/4.5.3/../../../avr/lib/avr6/libc.a(strchr.o)
                                         0xa8 (size before relaxing)
 .stab          0x0000000000002e2c       0x84 /usr/lib/gcc/avr/4.5.3/../../../avr/lib/avr6/libc.a(strcmp.o)
                                         0x90 (size before relaxing)
 .stab          0x0000000000002eb0       0x6c /usr/lib/gcc/avr/4.5.3/../../../avr/lib/avr6/libc.a(strcpy.o)
                                         0x78 (size before relaxing)
 .stab          0x0000000000002f1c       0xc0 /usr/lib/gcc/avr/4.5.3/../../../avr/lib/avr6/libc.a(strncmp.o)
                                         0xcc (size before relaxing)
 .stab          0x0000000000002fdc       0xcc /usr/lib/gcc/avr/4.5.3/../../../avr/lib/avr6/libc.a(strncpy.o)
                                         0xd8 (size before relaxing)
 .stab          0x00000000000030a8       0x9c /usr/lib/gcc/avr/4.5.3/../../../avr/lib/avr6/libc.a(strrchr.o)
                                         0xa8 (size before relaxing)
 .stab          0x0000000000003144      0x150 /usr/lib/gcc/avr/4.5.3/../../../avr/lib/avr6/libc.a(strstr.o)
                                        0x15c (size before relaxing)
 .stab          0x0000000000003294       0x18 /usr/lib/gcc/avr/4.5.3/../../../avr/lib/avr6/libc.a(itoa.o)
                                        0x1bc (size before relaxing)
 .stab          0x00000000000032ac       0x18 /usr/lib/gcc/avr/4.5.3/../../../avr/lib/avr6/libc.a(ltoa.o)
                                        0x2a0 (size before relaxing)
 .stab          0x00000000000032c4       0x18 /usr/lib/gcc/avr/4.5.3/../../../avr/lib/avr6/libc.a(ultoa.o)
                                        0x1ec (size before relaxing)
 .stab          0x00000000000032dc       0x18 /usr/lib/gcc/avr/4.5.3/../../../avr/lib/avr6/libc.a(cty_isfalse.o)
                                         0x6c (size before relaxing)
 .stab          0x00000000000032f4       0xd8 /usr/lib/gcc/avr/4.5.3/../../../avr/lib/avr6/libc.a(strrev.o)
                                         0xe4 (size before relaxing)

.stabstr        0x0000000000000000      0xedd
 *(.stabstr)
 .stabstr       0x0000000000000000      0xedd /usr/lib/gcc/avr/4.5.3/../../../avr/lib/avr6/crtm2560.o

.stab.excl
 *(.stab.excl)

.stab.exclstr
 *(.stab.exclstr)

.stab.index
 *(.stab.index)

.stab.indexstr
 *(.stab.indexstr)

.comment
 *(.comment)

.debug
 *(.debug)

.line
 *(.line)

.debug_srcinfo
 *(.debug_srcinfo)

.debug_sfnames
 *(.debug_sfnames)

.debug_aranges
 *(.debug_aranges)

.debug_pubnames
 *(.debug_pubnames)

.debug_info
 *(.debug_info)
 *(.gnu.linkonce.wi.*)

.debug_abbrev
 *(.debug_abbrev)

.debug_line
 *(.debug_line)

.debug_frame
 *(.debug_frame)

.debug_str
 *(.debug_str)

.debug_loc
 *(.debug_loc)

.debug_macinfo
 *(.debug_macinfo)
OUTPUT(ROS_mega.elf elf32-avr)
LOAD linker stubs

Cross Reference Table

Symbol                                            File
Battery::Battery()                                ./src/lib/sensors/Battery.o
                                                  ./src/Main.o
Battery::Battery()                                ./src/lib/sensors/Battery.o
Battery::Battery(CD74HC4067*, unsigned char, unsigned char) ./src/lib/sensors/Battery.o
Battery::Battery(CD74HC4067*, unsigned char, unsigned char) ./src/lib/sensors/Battery.o
Battery::Battery(unsigned char, unsigned char)    ./src/lib/sensors/Battery.o
Battery::Battery(unsigned char, unsigned char)    ./src/lib/sensors/Battery.o
Battery::getCurrent()                             ./src/lib/sensors/Battery.o
                                                  ./src/StateController.o
Battery::getVoltage()                             ./src/lib/sensors/Battery.o
                                                  ./src/StateController.o
Battery::set(CD74HC4067*, unsigned char, unsigned char) ./src/lib/sensors/Battery.o
                                                  ./src/Main.o
CD74HC4067::CD74HC4067(unsigned char, unsigned char, unsigned char, unsigned char, unsigned char) ./src/lib/devices/CD74HC4067.o
CD74HC4067::CD74HC4067(unsigned char, unsigned char, unsigned char, unsigned char, unsigned char) ./src/lib/devices/CD74HC4067.o
CD74HC4067::readADC(unsigned char)                ./src/lib/devices/CD74HC4067.o
                                                  ./src/lib/sensors/Gyro.o
                                                  ./src/lib/sensors/Battery.o
CD74HC4067::readDigital(unsigned char)            ./src/lib/devices/CD74HC4067.o
CD74HC4067::setMux(unsigned char)                 ./src/lib/devices/CD74HC4067.o
Encoder::count(encoder_data*)                     ./src/Main.o
Encoder::update(encoder_data*, float)             ./src/Main.o
FlexiTimer2::_overflow()                          ./src/lib/utilities/FlexiTimer2.o
FlexiTimer2::count                                ./src/lib/utilities/FlexiTimer2.o
FlexiTimer2::func                                 ./src/lib/utilities/FlexiTimer2.o
FlexiTimer2::overflowing                          ./src/lib/utilities/FlexiTimer2.o
FlexiTimer2::set(unsigned long, double, void (*)()) ./src/lib/utilities/FlexiTimer2.o
FlexiTimer2::set(unsigned long, void (*)())       ./src/lib/utilities/FlexiTimer2.o
FlexiTimer2::start()                              ./src/lib/utilities/FlexiTimer2.o
FlexiTimer2::stop()                               ./src/lib/utilities/FlexiTimer2.o
FlexiTimer2::tcnt2                                ./src/lib/utilities/FlexiTimer2.o
FlexiTimer2::time_units                           ./src/lib/utilities/FlexiTimer2.o
Gyro::Gyro(CD74HC4067*, unsigned char, unsigned char, float) ./src/lib/sensors/Gyro.o
Gyro::Gyro(CD74HC4067*, unsigned char, unsigned char, float) ./src/lib/sensors/Gyro.o
Gyro::Gyro(unsigned char, unsigned char, float)   ./src/lib/sensors/Gyro.o
Gyro::Gyro(unsigned char, unsigned char, float)   ./src/lib/sensors/Gyro.o
                                                  ./src/Main.o
Gyro::calibrate(unsigned int, bool)               ./src/lib/sensors/Gyro.o
                                                  ./src/Main.o
Gyro::getValue()                                  ./src/lib/sensors/Gyro.o
Gyro::update(gyro_data*, float)                   ./src/lib/sensors/Gyro.o
                                                  ./src/Main.o
HardwareSerial::HardwareSerial(ring_buffer*, unsigned char volatile*, unsigned char volatile*, unsigned char volatile*, unsigned char volatile*, unsigned char volatile*, unsigned char, unsigned char, unsigned char, unsigned char, unsigned char) /home/rbtying/robot/firmware/Arduino-2560/Debug/libArduino.a(HardwareSerial.o)
HardwareSerial::HardwareSerial(ring_buffer*, unsigned char volatile*, unsigned char volatile*, unsigned char volatile*, unsigned char volatile*, unsigned char volatile*, unsigned char, unsigned char, unsigned char, unsigned char, unsigned char) /home/rbtying/robot/firmware/Arduino-2560/Debug/libArduino.a(HardwareSerial.o)
HardwareSerial::available()                       /home/rbtying/robot/firmware/Arduino-2560/Debug/libArduino.a(HardwareSerial.o)
HardwareSerial::begin(long)                       /home/rbtying/robot/firmware/Arduino-2560/Debug/libArduino.a(HardwareSerial.o)
                                                  ./src/Main.o
                                                  ./src/lib/motors/Sabertooth.o
HardwareSerial::end()                             /home/rbtying/robot/firmware/Arduino-2560/Debug/libArduino.a(HardwareSerial.o)
HardwareSerial::flush()                           /home/rbtying/robot/firmware/Arduino-2560/Debug/libArduino.a(HardwareSerial.o)
HardwareSerial::peek()                            /home/rbtying/robot/firmware/Arduino-2560/Debug/libArduino.a(HardwareSerial.o)
HardwareSerial::read()                            /home/rbtying/robot/firmware/Arduino-2560/Debug/libArduino.a(HardwareSerial.o)
HardwareSerial::write(unsigned char)              /home/rbtying/robot/firmware/Arduino-2560/Debug/libArduino.a(HardwareSerial.o)
LCD::LCD(unsigned char, unsigned char, unsigned char, unsigned char, unsigned char, unsigned char) ./src/lib/devices/LCD.o
LCD::LCD(unsigned char, unsigned char, unsigned char, unsigned char, unsigned char, unsigned char) ./src/lib/devices/LCD.o
LCD::LCD(unsigned char, unsigned char, unsigned char, unsigned char, unsigned char, unsigned char, unsigned char) ./src/lib/devices/LCD.o
LCD::LCD(unsigned char, unsigned char, unsigned char, unsigned char, unsigned char, unsigned char, unsigned char) ./src/lib/devices/LCD.o
LCD::LCD(unsigned char, unsigned char, unsigned char, unsigned char, unsigned char, unsigned char, unsigned char, unsigned char) ./src/lib/devices/LCD.o
LCD::LCD(unsigned char, unsigned char, unsigned char, unsigned char, unsigned char, unsigned char, unsigned char, unsigned char) ./src/lib/devices/LCD.o
LCD::LCD(unsigned char, unsigned char, unsigned char, unsigned char, unsigned char, unsigned char, unsigned char, unsigned char, unsigned char, unsigned char) ./src/lib/devices/LCD.o
LCD::LCD(unsigned char, unsigned char, unsigned char, unsigned char, unsigned char, unsigned char, unsigned char, unsigned char, unsigned char, unsigned char) ./src/lib/devices/LCD.o
LCD::LCD(unsigned char, unsigned char, unsigned char, unsigned char, unsigned char, unsigned char, unsigned char, unsigned char, unsigned char, unsigned char, unsigned char) ./src/lib/devices/LCD.o
LCD::LCD(unsigned char, unsigned char, unsigned char, unsigned char, unsigned char, unsigned char, unsigned char, unsigned char, unsigned char, unsigned char, unsigned char) ./src/lib/devices/LCD.o
LCD::LCD(unsigned char, unsigned char, unsigned char, unsigned char, unsigned char, unsigned char, unsigned char, unsigned char, void (*)(signed char)) ./src/lib/devices/LCD.o
LCD::LCD(unsigned char, unsigned char, unsigned char, unsigned char, unsigned char, unsigned char, unsigned char, unsigned char, void (*)(signed char)) ./src/lib/devices/LCD.o
LCD::LCD(unsigned char, unsigned char, unsigned char, unsigned char, unsigned char, unsigned char, void (*)(signed char)) ./src/lib/devices/LCD.o
LCD::LCD(unsigned char, unsigned char, unsigned char, unsigned char, unsigned char, unsigned char, void (*)(signed char)) ./src/lib/devices/LCD.o
LCD::autoscroll()                                 ./src/lib/devices/LCD.o
LCD::begin(unsigned char, unsigned char, unsigned char) ./src/lib/devices/LCD.o
LCD::begin2(unsigned char, unsigned char, unsigned char, unsigned char) ./src/lib/devices/LCD.o
LCD::blink()                                      ./src/lib/devices/LCD.o
LCD::clear()                                      ./src/lib/devices/LCD.o
LCD::command(unsigned char)                       ./src/lib/devices/LCD.o
LCD::commandBoth(unsigned char)                   ./src/lib/devices/LCD.o
LCD::createChar(unsigned char, unsigned char*)    ./src/lib/devices/LCD.o
LCD::cursor()                                     ./src/lib/devices/LCD.o
LCD::delayPerHome()                               ./src/lib/devices/LCD.o
LCD::display()                                    ./src/lib/devices/LCD.o
LCD::home()                                       ./src/lib/devices/LCD.o
LCD::init(unsigned char, unsigned char, unsigned char, unsigned char, unsigned char, unsigned char, unsigned char, unsigned char, void (*)(signed char)) ./src/lib/devices/LCD.o
LCD::leftToRight()                                ./src/lib/devices/LCD.o
LCD::noAutoscroll()                               ./src/lib/devices/LCD.o
LCD::noBlink()                                    ./src/lib/devices/LCD.o
LCD::noCursor()                                   ./src/lib/devices/LCD.o
LCD::noDisplay()                                  ./src/lib/devices/LCD.o
LCD::rightToLeft()                                ./src/lib/devices/LCD.o
LCD::scrollDisplayLeft()                          ./src/lib/devices/LCD.o
LCD::scrollDisplayRight()                         ./src/lib/devices/LCD.o
LCD::send(unsigned char, unsigned char)           ./src/lib/devices/LCD.o
LCD::setCursor(unsigned char, unsigned char)      ./src/lib/devices/LCD.o
LCD::write(unsigned char)                         ./src/lib/devices/LCD.o
LCD::write4bits(unsigned char)                    ./src/lib/devices/LCD.o
MaxSonar::MaxSonar(unsigned char)                 ./src/lib/sensors/rangefinders/MaxSonar.o
MaxSonar::MaxSonar(unsigned char)                 ./src/lib/sensors/rangefinders/MaxSonar.o
MaxSonar::get_dist()                              ./src/lib/sensors/rangefinders/MaxSonar.o
PID::PID(PID_params*)                             ./src/lib/utilities/PID.o
PID::PID(PID_params*)                             ./src/lib/utilities/PID.o
                                                  ./src/Main.o
PID::clear()                                      ./src/lib/utilities/PID.o
PID::getOutput()                                  ./src/lib/utilities/PID.o
                                                  ./src/Main.o
PID::process(double)                              ./src/lib/utilities/PID.o
                                                  ./src/Main.o
PID::setInput(double)                             ./src/lib/utilities/PID.o
                                                  ./src/Main.o
Ping::Ping(unsigned char)                         ./src/lib/sensors/rangefinders/Ping.o
Ping::Ping(unsigned char)                         ./src/lib/sensors/rangefinders/Ping.o
Ping::get_dist()                                  ./src/lib/sensors/rangefinders/Ping.o
Print::print(String const&)                       /home/rbtying/robot/firmware/Arduino-2560/Debug/libArduino.a(Print.o)
Print::print(char const*)                         /home/rbtying/robot/firmware/Arduino-2560/Debug/libArduino.a(Print.o)
Print::print(char, int)                           /home/rbtying/robot/firmware/Arduino-2560/Debug/libArduino.a(Print.o)
Print::print(double, int)                         /home/rbtying/robot/firmware/Arduino-2560/Debug/libArduino.a(Print.o)
Print::print(int, int)                            /home/rbtying/robot/firmware/Arduino-2560/Debug/libArduino.a(Print.o)
Print::print(long, int)                           /home/rbtying/robot/firmware/Arduino-2560/Debug/libArduino.a(Print.o)
Print::print(unsigned char, int)                  /home/rbtying/robot/firmware/Arduino-2560/Debug/libArduino.a(Print.o)
Print::print(unsigned int, int)                   /home/rbtying/robot/firmware/Arduino-2560/Debug/libArduino.a(Print.o)
Print::print(unsigned long, int)                  /home/rbtying/robot/firmware/Arduino-2560/Debug/libArduino.a(Print.o)
Print::printFloat(double, unsigned char)          /home/rbtying/robot/firmware/Arduino-2560/Debug/libArduino.a(Print.o)
Print::printNumber(unsigned long, unsigned char)  /home/rbtying/robot/firmware/Arduino-2560/Debug/libArduino.a(Print.o)
Print::println()                                  /home/rbtying/robot/firmware/Arduino-2560/Debug/libArduino.a(Print.o)
Print::println(String const&)                     /home/rbtying/robot/firmware/Arduino-2560/Debug/libArduino.a(Print.o)
Print::println(char const*)                       /home/rbtying/robot/firmware/Arduino-2560/Debug/libArduino.a(Print.o)
Print::println(char, int)                         /home/rbtying/robot/firmware/Arduino-2560/Debug/libArduino.a(Print.o)
Print::println(double, int)                       /home/rbtying/robot/firmware/Arduino-2560/Debug/libArduino.a(Print.o)
Print::println(int, int)                          /home/rbtying/robot/firmware/Arduino-2560/Debug/libArduino.a(Print.o)
Print::println(long, int)                         /home/rbtying/robot/firmware/Arduino-2560/Debug/libArduino.a(Print.o)
Print::println(unsigned char, int)                /home/rbtying/robot/firmware/Arduino-2560/Debug/libArduino.a(Print.o)
Print::println(unsigned int, int)                 /home/rbtying/robot/firmware/Arduino-2560/Debug/libArduino.a(Print.o)
Print::println(unsigned long, int)                /home/rbtying/robot/firmware/Arduino-2560/Debug/libArduino.a(Print.o)
Print::write(char const*)                         /home/rbtying/robot/firmware/Arduino-2560/Debug/libArduino.a(Print.o)
                                                  /home/rbtying/robot/firmware/Arduino-2560/Debug/libArduino.a(HardwareSerial.o)
                                                  ./src/lib/devices/LCD.o
Print::write(unsigned char const*, unsigned int)  /home/rbtying/robot/firmware/Arduino-2560/Debug/libArduino.a(Print.o)
                                                  /home/rbtying/robot/firmware/Arduino-2560/Debug/libArduino.a(HardwareSerial.o)
                                                  ./src/lib/devices/LCD.o
RC_CTRL::RC_CTRL(unsigned char, unsigned char, unsigned char, unsigned char, unsigned char) ./src/lib/utilities/RC_CTRL.o
RC_CTRL::RC_CTRL(unsigned char, unsigned char, unsigned char, unsigned char, unsigned char) ./src/lib/utilities/RC_CTRL.o
RC_CTRL::deadBandProcessor(signed char, unsigned char) ./src/lib/utilities/RC_CTRL.o
RC_CTRL::getChannel(unsigned char)                ./src/lib/utilities/RC_CTRL.o
RC_CTRL::getKnob()                                ./src/lib/utilities/RC_CTRL.o
RC_CTRL::getThrottle(bool, unsigned char)         ./src/lib/utilities/RC_CTRL.o
RC_CTRL::getYaw(bool, unsigned char)              ./src/lib/utilities/RC_CTRL.o
RC_CTRL::readRC(unsigned char)                    ./src/lib/utilities/RC_CTRL.o
RC_CTRL::update()                                 ./src/lib/utilities/RC_CTRL.o
Rangefinder::Rangefinder()                        ./src/lib/sensors/rangefinders/Sharp_IR.o
                                                  ./src/lib/sensors/rangefinders/Ping.o
                                                  ./src/lib/sensors/rangefinders/MaxSonar.o
Sabertooth::Sabertooth(unsigned char, HardwareSerial*) ./src/lib/motors/Sabertooth.o
                                                  ./src/Main.o
Sabertooth::Sabertooth(unsigned char, HardwareSerial*) ./src/lib/motors/Sabertooth.o
Sabertooth::Sabertooth(unsigned char, unsigned char) ./src/lib/motors/Sabertooth.o
Sabertooth::Sabertooth(unsigned char, unsigned char) ./src/lib/motors/Sabertooth.o
Sabertooth::checksum(unsigned char, unsigned char) ./src/lib/motors/Sabertooth.o
Sabertooth::getLeftSpeed()                        ./src/lib/motors/Sabertooth.o
Sabertooth::getRightSpeed()                       ./src/lib/motors/Sabertooth.o
Sabertooth::reset()                               ./src/lib/motors/Sabertooth.o
Sabertooth::sendPacket(unsigned char, unsigned char) ./src/lib/motors/Sabertooth.o
Sabertooth::setM1Speed(signed char)               ./src/lib/motors/Sabertooth.o
Sabertooth::setM2Speed(signed char)               ./src/lib/motors/Sabertooth.o
Sabertooth::setMaxVoltage(float)                  ./src/lib/motors/Sabertooth.o
Sabertooth::setMinVoltage(float)                  ./src/lib/motors/Sabertooth.o
Sabertooth::setMotorSpeed(unsigned char, unsigned char) ./src/lib/motors/Sabertooth.o
Sabertooth::setSpeed(motor_data*)                 ./src/lib/motors/Sabertooth.o
                                                  ./src/Main.o
Sabertooth::setSpeed(signed char, signed char)    ./src/lib/motors/Sabertooth.o
Sabertooth::setSpeed(signed char, signed char, bool, bool) ./src/lib/motors/Sabertooth.o
Sabertooth::write(unsigned char)                  ./src/lib/motors/Sabertooth.o
Serial                                            /home/rbtying/robot/firmware/Arduino-2560/Debug/libArduino.a(HardwareSerial.o)
                                                  ./src/Main.o
Serial1                                           /home/rbtying/robot/firmware/Arduino-2560/Debug/libArduino.a(HardwareSerial.o)
Serial2                                           /home/rbtying/robot/firmware/Arduino-2560/Debug/libArduino.a(HardwareSerial.o)
Serial3                                           /home/rbtying/robot/firmware/Arduino-2560/Debug/libArduino.a(HardwareSerial.o)
                                                  ./src/Main.o
Servo::Servo()                                    /home/rbtying/robot/firmware/Arduino-2560/Debug/libArduino.a(Servo.o)
Servo::Servo()                                    /home/rbtying/robot/firmware/Arduino-2560/Debug/libArduino.a(Servo.o)
                                                  ./src/Main.o
                                                  ./src/lib/motors/ServoMotor.o
Servo::attach(int)                                /home/rbtying/robot/firmware/Arduino-2560/Debug/libArduino.a(Servo.o)
                                                  ./src/Main.o
                                                  ./src/lib/motors/ServoMotor.o
Servo::attach(int, int, int)                      /home/rbtying/robot/firmware/Arduino-2560/Debug/libArduino.a(Servo.o)
Servo::attached()                                 /home/rbtying/robot/firmware/Arduino-2560/Debug/libArduino.a(Servo.o)
Servo::detach()                                   /home/rbtying/robot/firmware/Arduino-2560/Debug/libArduino.a(Servo.o)
Servo::read()                                     /home/rbtying/robot/firmware/Arduino-2560/Debug/libArduino.a(Servo.o)
                                                  ./src/StateController.o
Servo::readMicroseconds()                         /home/rbtying/robot/firmware/Arduino-2560/Debug/libArduino.a(Servo.o)
Servo::write(int)                                 /home/rbtying/robot/firmware/Arduino-2560/Debug/libArduino.a(Servo.o)
                                                  ./src/StateController.o
                                                  ./src/Main.o
Servo::writeMicroseconds(int)                     /home/rbtying/robot/firmware/Arduino-2560/Debug/libArduino.a(Servo.o)
                                                  ./src/lib/motors/ServoMotor.o
ServoCount                                        /home/rbtying/robot/firmware/Arduino-2560/Debug/libArduino.a(Servo.o)
ServoMotor::ServoMotor(unsigned char, unsigned char) ./src/lib/motors/ServoMotor.o
ServoMotor::ServoMotor(unsigned char, unsigned char) ./src/lib/motors/ServoMotor.o
ServoMotor::setSpeed(motor_data*)                 ./src/lib/motors/ServoMotor.o
Sharp_IR::Sharp_IR(unsigned char, unsigned char)  ./src/lib/sensors/rangefinders/Sharp_IR.o
Sharp_IR::Sharp_IR(unsigned char, unsigned char)  ./src/lib/sensors/rangefinders/Sharp_IR.o
Sharp_IR::get_dist()                              ./src/lib/sensors/rangefinders/Sharp_IR.o
StateController::StateController(control_data*, HardwareSerial*) ./src/StateController.o
StateController::StateController(control_data*, HardwareSerial*) ./src/StateController.o
StateController::controlToRobotState(control_data*, robot_state*) ./src/StateController.o
StateController::readDataPacket(unsigned char*, unsigned char, robot_state*) ./src/StateController.o
StateController::robotStateToControl(robot_state*, control_data*) ./src/StateController.o
StateController::sendDataPacket(robot_state*)     ./src/StateController.o
StateController::update()                         ./src/StateController.o
String::String(String const&)                     /home/rbtying/robot/firmware/Arduino-2560/Debug/libArduino.a(WString.o)
String::String(String const&)                     /home/rbtying/robot/firmware/Arduino-2560/Debug/libArduino.a(WString.o)
String::String(char const*)                       /home/rbtying/robot/firmware/Arduino-2560/Debug/libArduino.a(WString.o)
String::String(char const*)                       /home/rbtying/robot/firmware/Arduino-2560/Debug/libArduino.a(WString.o)
String::String(char)                              /home/rbtying/robot/firmware/Arduino-2560/Debug/libArduino.a(WString.o)
String::String(char)                              /home/rbtying/robot/firmware/Arduino-2560/Debug/libArduino.a(WString.o)
String::String(int, int)                          /home/rbtying/robot/firmware/Arduino-2560/Debug/libArduino.a(WString.o)
String::String(int, int)                          /home/rbtying/robot/firmware/Arduino-2560/Debug/libArduino.a(WString.o)
String::String(long, int)                         /home/rbtying/robot/firmware/Arduino-2560/Debug/libArduino.a(WString.o)
String::String(long, int)                         /home/rbtying/robot/firmware/Arduino-2560/Debug/libArduino.a(WString.o)
String::String(unsigned char)                     /home/rbtying/robot/firmware/Arduino-2560/Debug/libArduino.a(WString.o)
String::String(unsigned char)                     /home/rbtying/robot/firmware/Arduino-2560/Debug/libArduino.a(WString.o)
String::String(unsigned int, int)                 /home/rbtying/robot/firmware/Arduino-2560/Debug/libArduino.a(WString.o)
String::String(unsigned int, int)                 /home/rbtying/robot/firmware/Arduino-2560/Debug/libArduino.a(WString.o)
String::String(unsigned long, int)                /home/rbtying/robot/firmware/Arduino-2560/Debug/libArduino.a(WString.o)
String::String(unsigned long, int)                /home/rbtying/robot/firmware/Arduino-2560/Debug/libArduino.a(WString.o)
String::charAt(unsigned int) const                /home/rbtying/robot/firmware/Arduino-2560/Debug/libArduino.a(WString.o)
String::compareTo(String const&) const            /home/rbtying/robot/firmware/Arduino-2560/Debug/libArduino.a(WString.o)
String::concat(String const&)                     /home/rbtying/robot/firmware/Arduino-2560/Debug/libArduino.a(WString.o)
String::endsWith(String const&) const             /home/rbtying/robot/firmware/Arduino-2560/Debug/libArduino.a(WString.o)
String::equals(String const&) const               /home/rbtying/robot/firmware/Arduino-2560/Debug/libArduino.a(WString.o)
String::equalsIgnoreCase(String const&) const     /home/rbtying/robot/firmware/Arduino-2560/Debug/libArduino.a(WString.o)
String::getBuffer(unsigned int)                   /home/rbtying/robot/firmware/Arduino-2560/Debug/libArduino.a(WString.o)
String::getBytes(unsigned char*, unsigned int)    /home/rbtying/robot/firmware/Arduino-2560/Debug/libArduino.a(WString.o)
String::indexOf(String const&) const              /home/rbtying/robot/firmware/Arduino-2560/Debug/libArduino.a(WString.o)
String::indexOf(String const&, unsigned int) const /home/rbtying/robot/firmware/Arduino-2560/Debug/libArduino.a(WString.o)
String::indexOf(char) const                       /home/rbtying/robot/firmware/Arduino-2560/Debug/libArduino.a(WString.o)
String::indexOf(char, unsigned int) const         /home/rbtying/robot/firmware/Arduino-2560/Debug/libArduino.a(WString.o)
String::lastIndexOf(String const&) const          /home/rbtying/robot/firmware/Arduino-2560/Debug/libArduino.a(WString.o)
String::lastIndexOf(String const&, unsigned int) const /home/rbtying/robot/firmware/Arduino-2560/Debug/libArduino.a(WString.o)
String::lastIndexOf(char) const                   /home/rbtying/robot/firmware/Arduino-2560/Debug/libArduino.a(WString.o)
String::lastIndexOf(char, unsigned int) const     /home/rbtying/robot/firmware/Arduino-2560/Debug/libArduino.a(WString.o)
String::operator!=(String const&) const           /home/rbtying/robot/firmware/Arduino-2560/Debug/libArduino.a(WString.o)
String::operator+=(String const&)                 /home/rbtying/robot/firmware/Arduino-2560/Debug/libArduino.a(WString.o)
String::operator<(String const&) const            /home/rbtying/robot/firmware/Arduino-2560/Debug/libArduino.a(WString.o)
String::operator<=(String const&) const           /home/rbtying/robot/firmware/Arduino-2560/Debug/libArduino.a(WString.o)
String::operator=(String const&)                  /home/rbtying/robot/firmware/Arduino-2560/Debug/libArduino.a(WString.o)
String::operator==(String const&) const           /home/rbtying/robot/firmware/Arduino-2560/Debug/libArduino.a(WString.o)
String::operator>(String const&) const            /home/rbtying/robot/firmware/Arduino-2560/Debug/libArduino.a(WString.o)
String::operator>=(String const&) const           /home/rbtying/robot/firmware/Arduino-2560/Debug/libArduino.a(WString.o)
String::operator[](unsigned int)                  /home/rbtying/robot/firmware/Arduino-2560/Debug/libArduino.a(WString.o)
String::operator[](unsigned int) const            /home/rbtying/robot/firmware/Arduino-2560/Debug/libArduino.a(WString.o)
                                                  /home/rbtying/robot/firmware/Arduino-2560/Debug/libArduino.a(Print.o)
String::replace(String const&, String const&)     /home/rbtying/robot/firmware/Arduino-2560/Debug/libArduino.a(WString.o)
String::replace(char, char)                       /home/rbtying/robot/firmware/Arduino-2560/Debug/libArduino.a(WString.o)
String::setCharAt(unsigned int, char)             /home/rbtying/robot/firmware/Arduino-2560/Debug/libArduino.a(WString.o)
String::startsWith(String const&) const           /home/rbtying/robot/firmware/Arduino-2560/Debug/libArduino.a(WString.o)
String::startsWith(String const&, unsigned int) const /home/rbtying/robot/firmware/Arduino-2560/Debug/libArduino.a(WString.o)
String::substring(unsigned int) const             /home/rbtying/robot/firmware/Arduino-2560/Debug/libArduino.a(WString.o)
String::substring(unsigned int, unsigned int) const /home/rbtying/robot/firmware/Arduino-2560/Debug/libArduino.a(WString.o)
String::toCharArray(char*, unsigned int)          /home/rbtying/robot/firmware/Arduino-2560/Debug/libArduino.a(WString.o)
String::toLowerCase() const                       /home/rbtying/robot/firmware/Arduino-2560/Debug/libArduino.a(WString.o)
String::toUpperCase() const                       /home/rbtying/robot/firmware/Arduino-2560/Debug/libArduino.a(WString.o)
String::trim() const                              /home/rbtying/robot/firmware/Arduino-2560/Debug/libArduino.a(WString.o)
String::~String()                                 /home/rbtying/robot/firmware/Arduino-2560/Debug/libArduino.a(WString.o)
TSL1401::TSL1401(unsigned char, unsigned char, unsigned char, unsigned int) ./src/lib/sensors/TSL1401.o
TSL1401::TSL1401(unsigned char, unsigned char, unsigned char, unsigned int) ./src/lib/sensors/TSL1401.o
TSL1401::flush()                                  ./src/lib/sensors/TSL1401.o
TSL1401::getDataPointer()                         ./src/lib/sensors/TSL1401.o
TSL1401::getDataSize()                            ./src/lib/sensors/TSL1401.o
TSL1401::getLinePos(unsigned int, unsigned int)   ./src/lib/sensors/TSL1401.o
TSL1401::prepFrame()                              ./src/lib/sensors/TSL1401.o
TSL1401::resetSensor()                            ./src/lib/sensors/TSL1401.o
TSL1401::setExpo(unsigned int)                    ./src/lib/sensors/TSL1401.o
TSL1401::updateReadings()                         ./src/lib/sensors/TSL1401.o
TSL1401::~TSL1401()                               ./src/lib/sensors/TSL1401.o
TSL1401::~TSL1401()                               ./src/lib/sensors/TSL1401.o
__addsf3                                          /usr/lib/gcc/avr/4.5.3/avr6/libgcc.a(_addsub_sf.o)
                                                  /usr/lib/gcc/avr/4.5.3/../../../avr/lib/avr6/libm.a(log.o)
                                                  /home/rbtying/robot/firmware/Arduino-2560/Debug/libArduino.a(Print.o)
                                                  ./src/Main.o
                                                  ./src/lib/sensors/Gyro.o
                                                  ./src/lib/utilities/PID.o
__addsf3x                                         /usr/lib/gcc/avr/4.5.3/../../../avr/lib/avr6/libm.a(addsf3x.o)
                                                  /usr/lib/gcc/avr/4.5.3/../../../avr/lib/avr6/libm.a(log.o)
                                                  /usr/lib/gcc/avr/4.5.3/../../../avr/lib/avr6/libm.a(fp_powser.o)
__bad_interrupt                                   /usr/lib/gcc/avr/4.5.3/../../../avr/lib/avr6/crtm2560.o
__brkval                                          /usr/lib/gcc/avr/4.5.3/../../../avr/lib/avr6/libc.a(malloc.o)
__bss_end                                         /usr/lib/gcc/avr/4.5.3/avr6/libgcc.a(_clear_bss.o)
__bss_start                                       /usr/lib/gcc/avr/4.5.3/avr6/libgcc.a(_clear_bss.o)
__clz_tab                                         /usr/lib/gcc/avr/4.5.3/avr6/libgcc.a(_clz.o)
                                                  /usr/lib/gcc/avr/4.5.3/avr6/libgcc.a(_clzsi2.o)
__clzsi2                                          /usr/lib/gcc/avr/4.5.3/avr6/libgcc.a(_clzsi2.o)
                                                  /usr/lib/gcc/avr/4.5.3/avr6/libgcc.a(_usi_to_sf.o)
                                                  /usr/lib/gcc/avr/4.5.3/avr6/libgcc.a(_si_to_sf.o)
__ctors_end                                       /usr/lib/gcc/avr/4.5.3/avr6/libgcc.a(_ctors.o)
__ctors_start                                     /usr/lib/gcc/avr/4.5.3/avr6/libgcc.a(_ctors.o)
__ctype_isfalse                                   /usr/lib/gcc/avr/4.5.3/../../../avr/lib/avr6/libc.a(cty_isfalse.o)
                                                  /usr/lib/gcc/avr/4.5.3/../../../avr/lib/avr6/libc.a(isspace.o)
__ctype_istrue                                    /usr/lib/gcc/avr/4.5.3/../../../avr/lib/avr6/libc.a(cty_isfalse.o)
__cxa_pure_virtual                                /home/rbtying/robot/firmware/Arduino-2560/Debug/libArduino.a(missing.o)
                                                  /home/rbtying/robot/firmware/Arduino-2560/Debug/libArduino.a(Print.o)
                                                  /home/rbtying/robot/firmware/Arduino-2560/Debug/libArduino.a(HardwareSerial.o)
                                                  ./src/lib/motors/ServoMotor.o
                                                  ./src/lib/motors/Sabertooth.o
__data_end                                        /usr/lib/gcc/avr/4.5.3/avr6/libgcc.a(_copy_data.o)
__data_load_start                                 /usr/lib/gcc/avr/4.5.3/avr6/libgcc.a(_copy_data.o)
__data_start                                      /usr/lib/gcc/avr/4.5.3/avr6/libgcc.a(_copy_data.o)
__divmodhi4                                       /usr/lib/gcc/avr/4.5.3/avr6/libgcc.a(_divmodhi4.o)
                                                  /home/rbtying/robot/firmware/Arduino-2560/Debug/libArduino.a(Servo.o)
                                                  /home/rbtying/robot/firmware/Arduino-2560/Debug/libArduino.a(HardwareSerial.o)
                                                  ./src/lib/sensors/rangefinders/Sharp_IR.o
__divmodsi4                                       /usr/lib/gcc/avr/4.5.3/avr6/libgcc.a(_divmodsi4.o)
                                                  /usr/lib/gcc/avr/4.5.3/../../../avr/lib/avr6/libc.a(random.o)
                                                  /home/rbtying/robot/firmware/Arduino-2560/Debug/libArduino.a(WMath.o)
__divsf3                                          /usr/lib/gcc/avr/4.5.3/avr6/libgcc.a(_div_sf.o)
                                                  /usr/lib/gcc/avr/4.5.3/../../../avr/lib/avr6/libm.a(inverse.o)
                                                  /home/rbtying/robot/firmware/Arduino-2560/Debug/libArduino.a(Print.o)
                                                  ./src/Main.o
                                                  ./src/lib/sensors/Gyro.o
                                                  ./src/lib/utilities/PID.o
                                                  ./src/lib/utilities/FlexiTimer2.o
__do_clear_bss                                    /usr/lib/gcc/avr/4.5.3/avr6/libgcc.a(_clear_bss.o)
                                                  /usr/lib/gcc/avr/4.5.3/../../../avr/lib/avr6/libc.a(malloc.o)
                                                  /home/rbtying/robot/firmware/Arduino-2560/Debug/libArduino.a(Servo.o)
                                                  /home/rbtying/robot/firmware/Arduino-2560/Debug/libArduino.a(wiring.o)
                                                  /home/rbtying/robot/firmware/Arduino-2560/Debug/libArduino.a(WString.o)
                                                  /home/rbtying/robot/firmware/Arduino-2560/Debug/libArduino.a(WInterrupts.o)
                                                  /home/rbtying/robot/firmware/Arduino-2560/Debug/libArduino.a(HardwareSerial.o)
                                                  ./src/Main.o
                                                  ./src/lib/utilities/FlexiTimer2.o
__do_copy_data                                    /usr/lib/gcc/avr/4.5.3/avr6/libgcc.a(_copy_data.o)
                                                  /usr/lib/gcc/avr/4.5.3/../../../avr/lib/avr6/libc.a(random.o)
                                                  /usr/lib/gcc/avr/4.5.3/../../../avr/lib/avr6/libc.a(malloc.o)
                                                  /usr/lib/gcc/avr/4.5.3/avr6/libgcc.a(_clz.o)
                                                  /usr/lib/gcc/avr/4.5.3/avr6/libgcc.a(_thenan_sf.o)
                                                  /home/rbtying/robot/firmware/Arduino-2560/Debug/libArduino.a(wiring_analog.o)
                                                  /home/rbtying/robot/firmware/Arduino-2560/Debug/libArduino.a(WString.o)
                                                  /home/rbtying/robot/firmware/Arduino-2560/Debug/libArduino.a(Print.o)
                                                  /home/rbtying/robot/firmware/Arduino-2560/Debug/libArduino.a(HardwareSerial.o)
                                                  ./src/lib/devices/LCD.o
                                                  ./src/lib/motors/ServoMotor.o
                                                  ./src/lib/motors/Sabertooth.o
                                                  ./src/lib/sensors/rangefinders/Sharp_IR.o
                                                  ./src/lib/sensors/rangefinders/Ping.o
                                                  ./src/lib/sensors/rangefinders/MaxSonar.o
__do_global_ctors                                 /usr/lib/gcc/avr/4.5.3/avr6/libgcc.a(_ctors.o)
                                                  /home/rbtying/robot/firmware/Arduino-2560/Debug/libArduino.a(HardwareSerial.o)
                                                  ./src/Main.o
__epilogue_restores__                             /usr/lib/gcc/avr/4.5.3/avr6/libgcc.a(_epilogue.o)
                                                  /usr/lib/gcc/avr/4.5.3/avr6/libgcc.a(_pack_sf.o)
                                                  /usr/lib/gcc/avr/4.5.3/avr6/libgcc.a(_usi_to_sf.o)
                                                  /usr/lib/gcc/avr/4.5.3/avr6/libgcc.a(_sf_to_si.o)
                                                  /usr/lib/gcc/avr/4.5.3/avr6/libgcc.a(_si_to_sf.o)
                                                  /usr/lib/gcc/avr/4.5.3/avr6/libgcc.a(_le_sf.o)
                                                  /usr/lib/gcc/avr/4.5.3/avr6/libgcc.a(_lt_sf.o)
                                                  /usr/lib/gcc/avr/4.5.3/avr6/libgcc.a(_ge_sf.o)
                                                  /usr/lib/gcc/avr/4.5.3/avr6/libgcc.a(_gt_sf.o)
                                                  /usr/lib/gcc/avr/4.5.3/avr6/libgcc.a(_eq_sf.o)
                                                  /usr/lib/gcc/avr/4.5.3/avr6/libgcc.a(_div_sf.o)
                                                  /usr/lib/gcc/avr/4.5.3/avr6/libgcc.a(_mul_sf.o)
                                                  /usr/lib/gcc/avr/4.5.3/avr6/libgcc.a(_addsub_sf.o)
__eqsf2                                           /usr/lib/gcc/avr/4.5.3/avr6/libgcc.a(_eq_sf.o)
                                                  ./src/Main.o
__fixsfsi                                         /usr/lib/gcc/avr/4.5.3/avr6/libgcc.a(_sf_to_si.o)
                                                  /usr/lib/gcc/avr/4.5.3/avr6/libgcc.a(_fixunssfsi.o)
                                                  /home/rbtying/robot/firmware/Arduino-2560/Debug/libArduino.a(Print.o)
                                                  ./src/StateController.o
                                                  ./src/Main.o
                                                  ./src/lib/utilities/FlexiTimer2.o
__fixunssfsi                                      /usr/lib/gcc/avr/4.5.3/avr6/libgcc.a(_fixunssfsi.o)
                                                  /home/rbtying/robot/firmware/Arduino-2560/Debug/libArduino.a(Print.o)
                                                  ./src/lib/motors/Sabertooth.o
__floatsisf                                       /usr/lib/gcc/avr/4.5.3/avr6/libgcc.a(_si_to_sf.o)
                                                  /usr/lib/gcc/avr/4.5.3/../../../avr/lib/avr6/libm.a(log.o)
                                                  /home/rbtying/robot/firmware/Arduino-2560/Debug/libArduino.a(Print.o)
                                                  ./src/StateController.o
                                                  ./src/Main.o
                                                  ./src/lib/sensors/Gyro.o
                                                  ./src/lib/sensors/rangefinders/Sharp_IR.o
                                                  ./src/lib/sensors/rangefinders/MaxSonar.o
__floatunsisf                                     /usr/lib/gcc/avr/4.5.3/avr6/libgcc.a(_usi_to_sf.o)
                                                  /home/rbtying/robot/firmware/Arduino-2560/Debug/libArduino.a(Print.o)
                                                  ./src/Main.o
                                                  ./src/lib/sensors/Gyro.o
                                                  ./src/lib/sensors/Battery.o
                                                  ./src/lib/sensors/rangefinders/Ping.o
__flp                                             /usr/lib/gcc/avr/4.5.3/../../../avr/lib/avr6/libc.a(malloc.o)
__fp_inf                                          /usr/lib/gcc/avr/4.5.3/../../../avr/lib/avr6/libm.a(fp_inf.o)
                                                  /usr/lib/gcc/avr/4.5.3/../../../avr/lib/avr6/libm.a(addsf3x.o)
                                                  /usr/lib/gcc/avr/4.5.3/../../../avr/lib/avr6/libm.a(mulsf3x.o)
                                                  /usr/lib/gcc/avr/4.5.3/../../../avr/lib/avr6/libm.a(log.o)
                                                  /usr/lib/gcc/avr/4.5.3/../../../avr/lib/avr6/libm.a(ldexp.o)
                                                  /usr/lib/gcc/avr/4.5.3/../../../avr/lib/avr6/libm.a(exp.o)
__fp_mpack                                        /usr/lib/gcc/avr/4.5.3/../../../avr/lib/avr6/libm.a(fp_mpack.o)
                                                  /usr/lib/gcc/avr/4.5.3/../../../avr/lib/avr6/libm.a(log.o)
                                                  /usr/lib/gcc/avr/4.5.3/../../../avr/lib/avr6/libm.a(ldexp.o)
__fp_mpack_finite                                 /usr/lib/gcc/avr/4.5.3/../../../avr/lib/avr6/libm.a(fp_mpack.o)
__fp_nan                                          /usr/lib/gcc/avr/4.5.3/../../../avr/lib/avr6/libm.a(fp_nan.o)
                                                  /usr/lib/gcc/avr/4.5.3/../../../avr/lib/avr6/libm.a(addsf3x.o)
                                                  /usr/lib/gcc/avr/4.5.3/../../../avr/lib/avr6/libm.a(mulsf3x.o)
                                                  /usr/lib/gcc/avr/4.5.3/../../../avr/lib/avr6/libm.a(log.o)
                                                  /usr/lib/gcc/avr/4.5.3/../../../avr/lib/avr6/libm.a(exp.o)
                                                  /usr/lib/gcc/avr/4.5.3/../../../avr/lib/avr6/libm.a(pow.o)
__fp_powser                                       /usr/lib/gcc/avr/4.5.3/../../../avr/lib/avr6/libm.a(fp_powser.o)
                                                  /usr/lib/gcc/avr/4.5.3/../../../avr/lib/avr6/libm.a(log.o)
                                                  /usr/lib/gcc/avr/4.5.3/../../../avr/lib/avr6/libm.a(exp.o)
__fp_pscA                                         /usr/lib/gcc/avr/4.5.3/../../../avr/lib/avr6/libm.a(fp_pscA.o)
                                                  /usr/lib/gcc/avr/4.5.3/../../../avr/lib/avr6/libm.a(addsf3x.o)
                                                  /usr/lib/gcc/avr/4.5.3/../../../avr/lib/avr6/libm.a(mulsf3x.o)
__fp_pscB                                         /usr/lib/gcc/avr/4.5.3/../../../avr/lib/avr6/libm.a(fp_pscB.o)
                                                  /usr/lib/gcc/avr/4.5.3/../../../avr/lib/avr6/libm.a(addsf3x.o)
                                                  /usr/lib/gcc/avr/4.5.3/../../../avr/lib/avr6/libm.a(mulsf3x.o)
__fp_round                                        /usr/lib/gcc/avr/4.5.3/../../../avr/lib/avr6/libm.a(fp_round.o)
                                                  /usr/lib/gcc/avr/4.5.3/../../../avr/lib/avr6/libm.a(log.o)
__fp_split3                                       /usr/lib/gcc/avr/4.5.3/../../../avr/lib/avr6/libm.a(fp_split3.o)
                                                  /usr/lib/gcc/avr/4.5.3/../../../avr/lib/avr6/libm.a(addsf3x.o)
                                                  /usr/lib/gcc/avr/4.5.3/../../../avr/lib/avr6/libm.a(mulsf3x.o)
__fp_splitA                                       /usr/lib/gcc/avr/4.5.3/../../../avr/lib/avr6/libm.a(fp_split3.o)
                                                  /usr/lib/gcc/avr/4.5.3/../../../avr/lib/avr6/libm.a(log.o)
                                                  /usr/lib/gcc/avr/4.5.3/../../../avr/lib/avr6/libm.a(ldexp.o)
                                                  /usr/lib/gcc/avr/4.5.3/../../../avr/lib/avr6/libm.a(exp.o)
__fp_szero                                        /usr/lib/gcc/avr/4.5.3/../../../avr/lib/avr6/libm.a(fp_zero.o)
                                                  /usr/lib/gcc/avr/4.5.3/../../../avr/lib/avr6/libm.a(mulsf3x.o)
                                                  /usr/lib/gcc/avr/4.5.3/../../../avr/lib/avr6/libm.a(ldexp.o)
__fp_zero                                         /usr/lib/gcc/avr/4.5.3/../../../avr/lib/avr6/libm.a(fp_zero.o)
                                                  /usr/lib/gcc/avr/4.5.3/../../../avr/lib/avr6/libm.a(addsf3x.o)
                                                  /usr/lib/gcc/avr/4.5.3/../../../avr/lib/avr6/libm.a(exp.o)
__fpcmp_parts_f                                   /usr/lib/gcc/avr/4.5.3/avr6/libgcc.a(_fpcmp_parts_sf.o)
                                                  /usr/lib/gcc/avr/4.5.3/avr6/libgcc.a(_le_sf.o)
                                                  /usr/lib/gcc/avr/4.5.3/avr6/libgcc.a(_lt_sf.o)
                                                  /usr/lib/gcc/avr/4.5.3/avr6/libgcc.a(_ge_sf.o)
                                                  /usr/lib/gcc/avr/4.5.3/avr6/libgcc.a(_gt_sf.o)
                                                  /usr/lib/gcc/avr/4.5.3/avr6/libgcc.a(_eq_sf.o)
__gesf2                                           /usr/lib/gcc/avr/4.5.3/avr6/libgcc.a(_ge_sf.o)
                                                  /usr/lib/gcc/avr/4.5.3/avr6/libgcc.a(_fixunssfsi.o)
                                                  ./src/Main.o
__gtsf2                                           /usr/lib/gcc/avr/4.5.3/avr6/libgcc.a(_gt_sf.o)
                                                  ./src/Main.o
                                                  ./src/lib/motors/Sabertooth.o
                                                  ./src/lib/utilities/PID.o
__heap_end                                        /usr/lib/gcc/avr/4.5.3/../../../avr/lib/avr6/crtm2560.o
                                                  /usr/lib/gcc/avr/4.5.3/../../../avr/lib/avr6/libc.a(malloc.o)
__heap_start                                      /usr/lib/gcc/avr/4.5.3/../../../avr/lib/avr6/libc.a(malloc.o)
__init                                            /usr/lib/gcc/avr/4.5.3/../../../avr/lib/avr6/crtm2560.o
__lesf2                                           /usr/lib/gcc/avr/4.5.3/avr6/libgcc.a(_le_sf.o)
                                                  ./src/Main.o
__ltsf2                                           /usr/lib/gcc/avr/4.5.3/avr6/libgcc.a(_lt_sf.o)
                                                  /home/rbtying/robot/firmware/Arduino-2560/Debug/libArduino.a(Print.o)
                                                  ./src/lib/utilities/PID.o
__malloc_heap_end                                 /usr/lib/gcc/avr/4.5.3/../../../avr/lib/avr6/libc.a(malloc.o)
__malloc_heap_start                               /usr/lib/gcc/avr/4.5.3/../../../avr/lib/avr6/libc.a(malloc.o)
__malloc_margin                                   /usr/lib/gcc/avr/4.5.3/../../../avr/lib/avr6/libc.a(malloc.o)
__mulsf3                                          /usr/lib/gcc/avr/4.5.3/avr6/libgcc.a(_mul_sf.o)
                                                  /usr/lib/gcc/avr/4.5.3/../../../avr/lib/avr6/libm.a(pow.o)
                                                  /home/rbtying/robot/firmware/Arduino-2560/Debug/libArduino.a(Print.o)
                                                  ./src/StateController.o
                                                  ./src/Main.o
                                                  ./src/lib/motors/Sabertooth.o
                                                  ./src/lib/sensors/Gyro.o
                                                  ./src/lib/sensors/Battery.o
                                                  ./src/lib/sensors/rangefinders/Sharp_IR.o
                                                  ./src/lib/sensors/rangefinders/MaxSonar.o
                                                  ./src/lib/utilities/PID.o
                                                  ./src/lib/utilities/FlexiTimer2.o
__mulsf3_pse                                      /usr/lib/gcc/avr/4.5.3/../../../avr/lib/avr6/libm.a(mulsf3x.o)
                                                  /usr/lib/gcc/avr/4.5.3/../../../avr/lib/avr6/libm.a(exp.o)
__mulsf3x                                         /usr/lib/gcc/avr/4.5.3/../../../avr/lib/avr6/libm.a(mulsf3x.o)
                                                  /usr/lib/gcc/avr/4.5.3/../../../avr/lib/avr6/libm.a(log.o)
                                                  /usr/lib/gcc/avr/4.5.3/../../../avr/lib/avr6/libm.a(fp_powser.o)
__mulsi3                                          /usr/lib/gcc/avr/4.5.3/avr6/libgcc.a(_mulsi3.o)
                                                  /usr/lib/gcc/avr/4.5.3/../../../avr/lib/avr6/libc.a(random.o)
                                                  /home/rbtying/robot/firmware/Arduino-2560/Debug/libArduino.a(wiring_pulse.o)
                                                  /home/rbtying/robot/firmware/Arduino-2560/Debug/libArduino.a(WMath.o)
                                                  /home/rbtying/robot/firmware/Arduino-2560/Debug/libArduino.a(HardwareSerial.o)
__pack_f                                          /usr/lib/gcc/avr/4.5.3/avr6/libgcc.a(_pack_sf.o)
                                                  /usr/lib/gcc/avr/4.5.3/avr6/libgcc.a(_usi_to_sf.o)
                                                  /usr/lib/gcc/avr/4.5.3/avr6/libgcc.a(_si_to_sf.o)
                                                  /usr/lib/gcc/avr/4.5.3/avr6/libgcc.a(_div_sf.o)
                                                  /usr/lib/gcc/avr/4.5.3/avr6/libgcc.a(_mul_sf.o)
                                                  /usr/lib/gcc/avr/4.5.3/avr6/libgcc.a(_addsub_sf.o)
__prologue_saves__                                /usr/lib/gcc/avr/4.5.3/avr6/libgcc.a(_prologue.o)
                                                  /usr/lib/gcc/avr/4.5.3/avr6/libgcc.a(_usi_to_sf.o)
                                                  /usr/lib/gcc/avr/4.5.3/avr6/libgcc.a(_sf_to_si.o)
                                                  /usr/lib/gcc/avr/4.5.3/avr6/libgcc.a(_si_to_sf.o)
                                                  /usr/lib/gcc/avr/4.5.3/avr6/libgcc.a(_le_sf.o)
                                                  /usr/lib/gcc/avr/4.5.3/avr6/libgcc.a(_lt_sf.o)
                                                  /usr/lib/gcc/avr/4.5.3/avr6/libgcc.a(_ge_sf.o)
                                                  /usr/lib/gcc/avr/4.5.3/avr6/libgcc.a(_gt_sf.o)
                                                  /usr/lib/gcc/avr/4.5.3/avr6/libgcc.a(_eq_sf.o)
                                                  /usr/lib/gcc/avr/4.5.3/avr6/libgcc.a(_div_sf.o)
                                                  /usr/lib/gcc/avr/4.5.3/avr6/libgcc.a(_mul_sf.o)
                                                  /usr/lib/gcc/avr/4.5.3/avr6/libgcc.a(_addsub_sf.o)
__stack                                           /usr/lib/gcc/avr/4.5.3/../../../avr/lib/avr6/crtm2560.o
__subsf3                                          /usr/lib/gcc/avr/4.5.3/avr6/libgcc.a(_addsub_sf.o)
                                                  /usr/lib/gcc/avr/4.5.3/../../../avr/lib/avr6/libm.a(modf.o)
                                                  /usr/lib/gcc/avr/4.5.3/avr6/libgcc.a(_fixunssfsi.o)
                                                  /home/rbtying/robot/firmware/Arduino-2560/Debug/libArduino.a(Print.o)
                                                  ./src/lib/motors/Sabertooth.o
                                                  ./src/lib/sensors/Gyro.o
                                                  ./src/lib/utilities/PID.o
__tablejump_elpm__                                /usr/lib/gcc/avr/4.5.3/avr6/libgcc.a(_tablejump_elpm.o)
                                                  /usr/lib/gcc/avr/4.5.3/avr6/libgcc.a(_ctors.o)
__thenan_sf                                       /usr/lib/gcc/avr/4.5.3/avr6/libgcc.a(_thenan_sf.o)
                                                  /usr/lib/gcc/avr/4.5.3/avr6/libgcc.a(_div_sf.o)
                                                  /usr/lib/gcc/avr/4.5.3/avr6/libgcc.a(_mul_sf.o)
                                                  /usr/lib/gcc/avr/4.5.3/avr6/libgcc.a(_addsub_sf.o)
__udivmodhi4                                      /usr/lib/gcc/avr/4.5.3/avr6/libgcc.a(_udivmodhi4.o)
                                                  /usr/lib/gcc/avr/4.5.3/../../../avr/lib/avr6/libc.a(itoa.o)
                                                  /usr/lib/gcc/avr/4.5.3/avr6/libgcc.a(_divmodhi4.o)
                                                  ./src/lib/sensors/rangefinders/Ping.o
__udivmodqi4                                      /usr/lib/gcc/avr/4.5.3/avr6/libgcc.a(_udivmodqi4.o)
                                                  /home/rbtying/robot/firmware/Arduino-2560/Debug/libArduino.a(Servo.o)
__udivmodsi4                                      /usr/lib/gcc/avr/4.5.3/avr6/libgcc.a(_udivmodsi4.o)
                                                  /usr/lib/gcc/avr/4.5.3/../../../avr/lib/avr6/libc.a(ultoa.o)
                                                  /usr/lib/gcc/avr/4.5.3/../../../avr/lib/avr6/libc.a(ltoa.o)
                                                  /usr/lib/gcc/avr/4.5.3/avr6/libgcc.a(_divmodsi4.o)
                                                  /home/rbtying/robot/firmware/Arduino-2560/Debug/libArduino.a(Print.o)
                                                  /home/rbtying/robot/firmware/Arduino-2560/Debug/libArduino.a(HardwareSerial.o)
                                                  ./src/lib/sensors/TSL1401.o
__unpack_f                                        /usr/lib/gcc/avr/4.5.3/avr6/libgcc.a(_unpack_sf.o)
                                                  /usr/lib/gcc/avr/4.5.3/avr6/libgcc.a(_sf_to_si.o)
                                                  /usr/lib/gcc/avr/4.5.3/avr6/libgcc.a(_le_sf.o)
                                                  /usr/lib/gcc/avr/4.5.3/avr6/libgcc.a(_lt_sf.o)
                                                  /usr/lib/gcc/avr/4.5.3/avr6/libgcc.a(_ge_sf.o)
                                                  /usr/lib/gcc/avr/4.5.3/avr6/libgcc.a(_gt_sf.o)
                                                  /usr/lib/gcc/avr/4.5.3/avr6/libgcc.a(_eq_sf.o)
                                                  /usr/lib/gcc/avr/4.5.3/avr6/libgcc.a(_div_sf.o)
                                                  /usr/lib/gcc/avr/4.5.3/avr6/libgcc.a(_mul_sf.o)
                                                  /usr/lib/gcc/avr/4.5.3/avr6/libgcc.a(_addsub_sf.o)
__vector_1                                        /home/rbtying/robot/firmware/Arduino-2560/Debug/libArduino.a(WInterrupts.o)
                                                  /usr/lib/gcc/avr/4.5.3/../../../avr/lib/avr6/crtm2560.o
__vector_10                                       /usr/lib/gcc/avr/4.5.3/../../../avr/lib/avr6/crtm2560.o
__vector_11                                       /usr/lib/gcc/avr/4.5.3/../../../avr/lib/avr6/crtm2560.o
__vector_12                                       /usr/lib/gcc/avr/4.5.3/../../../avr/lib/avr6/crtm2560.o
__vector_13                                       /usr/lib/gcc/avr/4.5.3/../../../avr/lib/avr6/crtm2560.o
__vector_14                                       /usr/lib/gcc/avr/4.5.3/../../../avr/lib/avr6/crtm2560.o
__vector_15                                       ./src/lib/utilities/FlexiTimer2.o
                                                  /usr/lib/gcc/avr/4.5.3/../../../avr/lib/avr6/crtm2560.o
__vector_16                                       /usr/lib/gcc/avr/4.5.3/../../../avr/lib/avr6/crtm2560.o
__vector_17                                       /home/rbtying/robot/firmware/Arduino-2560/Debug/libArduino.a(Servo.o)