Archive member included because of file (symbol)

/home/rbtying/robot/firmware/Arduino-2560/Debug/libArduino.a(HardwareSerial.o)
                              ./src/lib/motors/RoboClaw.o (_ZN14HardwareSerial5beginEl)
/home/rbtying/robot/firmware/Arduino-2560/Debug/libArduino.a(Print.o)
                              ./src/lib/devices/LCD.o (_ZN5Print5writeEPKc)
/home/rbtying/robot/firmware/Arduino-2560/Debug/libArduino.a(WMath.o)
                              ./src/lib/sensors/TSL1401.o (_Z3maplllll)
/home/rbtying/robot/firmware/Arduino-2560/Debug/libArduino.a(WString.o)
                              /home/rbtying/robot/firmware/Arduino-2560/Debug/libArduino.a(Print.o) (_ZNK6StringixEj)
/home/rbtying/robot/firmware/Arduino-2560/Debug/libArduino.a(missing.o)
                              ./src/lib/motors/Sabertooth.o (__cxa_pure_virtual)
/home/rbtying/robot/firmware/Arduino-2560/Debug/libArduino.a(pins_arduino.o)
                              ./src/lib/motors/Sabertooth.o (port_to_output_PGM)
/home/rbtying/robot/firmware/Arduino-2560/Debug/libArduino.a(wiring.o)
                              ./src/lib/motors/RoboClaw.o (millis)
/home/rbtying/robot/firmware/Arduino-2560/Debug/libArduino.a(wiring_analog.o)
                              ./src/lib/sensors/rangefinders/MaxSonar.o (analogRead)
/home/rbtying/robot/firmware/Arduino-2560/Debug/libArduino.a(wiring_digital.o)
                              ./src/lib/sensors/rangefinders/Ping.o (pinMode)
/home/rbtying/robot/firmware/Arduino-2560/Debug/libArduino.a(wiring_pulse.o)
                              ./src/lib/sensors/rangefinders/Ping.o (pulseIn)
/home/rbtying/robot/firmware/Arduino-2560/Debug/libArduino.a(Wire.o)
                              ./src/Main.o (_ZN7TwoWire5beginEv)
/home/rbtying/robot/firmware/Arduino-2560/Debug/libArduino.a(Servo.o)
                              ./src/lib/motors/ServoMotor.o (_ZN5ServoC1Ev)
/home/rbtying/robot/firmware/Arduino-2560/Debug/libArduino.a(SPI.o)
                              ./src/lib/devices/ShiftBrite.o (_ZN8SPIClass5beginEv)
/home/rbtying/robot/firmware/Arduino-2560/Debug/libArduino.a(twi.o)
                              /home/rbtying/robot/firmware/Arduino-2560/Debug/libArduino.a(Wire.o) (twi_init)
/usr/lib/gcc/avr/4.5.3/../../../avr/lib/avr6/libc.a(malloc.o)
                              ./src/Main.o (malloc)
/usr/lib/gcc/avr/4.5.3/../../../avr/lib/avr6/libc.a(random.o)
                              /home/rbtying/robot/firmware/Arduino-2560/Debug/libArduino.a(WMath.o) (random)
/usr/lib/gcc/avr/4.5.3/../../../avr/lib/avr6/libc.a(realloc.o)
                              ./src/Main.o (realloc)
/usr/lib/gcc/avr/4.5.3/../../../avr/lib/avr6/libc.a(exit.o)
                              /usr/lib/gcc/avr/4.5.3/../../../avr/lib/avr6/crtm2560.o (exit)
/usr/lib/gcc/avr/4.5.3/../../../avr/lib/avr6/libc.a(isspace.o)
                              /home/rbtying/robot/firmware/Arduino-2560/Debug/libArduino.a(WString.o) (isspace)
/usr/lib/gcc/avr/4.5.3/../../../avr/lib/avr6/libc.a(tolower.o)
                              /home/rbtying/robot/firmware/Arduino-2560/Debug/libArduino.a(WString.o) (tolower)
/usr/lib/gcc/avr/4.5.3/../../../avr/lib/avr6/libc.a(toupper.o)
                              /home/rbtying/robot/firmware/Arduino-2560/Debug/libArduino.a(WString.o) (toupper)
/usr/lib/gcc/avr/4.5.3/../../../avr/lib/avr6/libc.a(memcpy.o)
                              ./src/Main.o (memcpy)
/usr/lib/gcc/avr/4.5.3/../../../avr/lib/avr6/libc.a(strcat.o)
                              /home/rbtying/robot/firmware/Arduino-2560/Debug/libArduino.a(WString.o) (strcat)
/usr/lib/gcc/avr/4.5.3/../../../avr/lib/avr6/libc.a(strchr.o)
                              /home/rbtying/robot/firmware/Arduino-2560/Debug/libArduino.a(WString.o) (strchr)
/usr/lib/gcc/avr/4.5.3/../../../avr/lib/avr6/libc.a(strcmp.o)
                              /home/rbtying/robot/firmware/Arduino-2560/Debug/libArduino.a(WString.o) (strcmp)
/usr/lib/gcc/avr/4.5.3/../../../avr/lib/avr6/libc.a(strcpy.o)
                              /home/rbtying/robot/firmware/Arduino-2560/Debug/libArduino.a(WString.o) (strcpy)
/usr/lib/gcc/avr/4.5.3/../../../avr/lib/avr6/libc.a(strncmp.o)
                              /home/rbtying/robot/firmware/Arduino-2560/Debug/libArduino.a(WString.o) (strncmp)
/usr/lib/gcc/avr/4.5.3/../../../avr/lib/avr6/libc.a(strncpy.o)
                              /home/rbtying/robot/firmware/Arduino-2560/Debug/libArduino.a(WString.o) (strncpy)
/usr/lib/gcc/avr/4.5.3/../../../avr/lib/avr6/libc.a(strrchr.o)
                              /home/rbtying/robot/firmware/Arduino-2560/Debug/libArduino.a(WString.o) (strrchr)
/usr/lib/gcc/avr/4.5.3/../../../avr/lib/avr6/libc.a(strstr.o)
                              /home/rbtying/robot/firmware/Arduino-2560/Debug/libArduino.a(WString.o) (strstr)
/usr/lib/gcc/avr/4.5.3/../../../avr/lib/avr6/libc.a(itoa.o)
                              /home/rbtying/robot/firmware/Arduino-2560/Debug/libArduino.a(WString.o) (itoa)
[...]
Memory Configuration

Name             Origin             Length             Attributes
text             0x0000000000000000 0x0000000000100000 xr
data             0x0000000000800200 0x000000000000fe00 rw !x
eeprom           0x0000000000810000 0x0000000000010000 rw !x
fuse             0x0000000000820000 0x0000000000000400 rw !x
lock             0x0000000000830000 0x0000000000000400 rw !x
signature        0x0000000000840000 0x0000000000000400 rw !x
*default*        0x0000000000000000 0xffffffffffffffff

Linker script and memory map

Address of section .data set to 0x800200
LOAD /usr/lib/gcc/avr/4.5.3/../../../avr/lib/avr6/crtm2560.o
LOAD ./src/ros_lib/duration.o
LOAD ./src/ros_lib/time.o
LOAD ./src/lib/utilities/FlexiTimer2.o
LOAD ./src/lib/utilities/PID.o
LOAD ./src/lib/sensors/rangefinders/MaxSonar.o
LOAD ./src/lib/sensors/rangefinders/Ping.o
LOAD ./src/lib/sensors/rangefinders/Sharp_IR.o
LOAD ./src/lib/sensors/imu/L3G4200D.o
LOAD ./src/lib/sensors/imu/LSM303.o
LOAD ./src/lib/sensors/Battery.o
LOAD ./src/lib/sensors/Gyro.o
LOAD ./src/lib/sensors/TSL1401.o
LOAD ./src/lib/motors/RoboClaw.o
LOAD ./src/lib/motors/Sabertooth.o
LOAD ./src/lib/motors/ServoMotor.o
LOAD ./src/lib/devices/CD74HC4067.o
LOAD ./src/lib/devices/LCD.o
LOAD ./src/lib/devices/ShiftBrite.o
LOAD ./src/lib/devices/StrongDriveOutput.o
LOAD ./src/Main.o
LOAD /home/rbtying/robot/firmware/Arduino-2560/Debug/libArduino.a
LOAD /usr/lib/gcc/avr/4.5.3/../../../avr/lib/avr6/libc.a
LOAD /usr/lib/gcc/avr/4.5.3/avr6/libgcc.a
LOAD /usr/lib/gcc/avr/4.5.3/../../../avr/lib/avr6/libm.a
LOAD /usr/lib/gcc/avr/4.5.3/../../../avr/lib/avr6/libc.a
LOAD /usr/lib/gcc/avr/4.5.3/avr6/libgcc.a
LOAD /usr/lib/gcc/avr/4.5.3/../../../avr/lib/avr6/libc.a
LOAD /usr/lib/gcc/avr/4.5.3/avr6/libgcc.a

.hash
 *(.hash)

.dynsym
 *(.dynsym)

.dynstr
 *(.dynstr)

.gnu.version
 *(.gnu.version)

.gnu.version_d
 *(.gnu.version_d)

.gnu.version_r
 *(.gnu.version_r)

.rel.init
 *(.rel.init)

.rela.init
 *(.rela.init)

.rel.text
 *(.rel.text)
 *(.rel.text.*)
 *(.rel.gnu.linkonce.t*)

.rela.text
 *(.rela.text)
 *(.rela.text.*)
 *(.rela.gnu.linkonce.t*)

.rel.fini
 *(.rel.fini)

.rela.fini
 *(.rela.fini)

.rel.rodata
 *(.rel.rodata)
 *(.rel.rodata.*)
 *(.rel.gnu.linkonce.r*)

.rela.rodata
 *(.rela.rodata)
 *(.rela.rodata.*)
 *(.rela.gnu.linkonce.r*)

.rel.data
 *(.rel.data)
 *(.rel.data.*)
 *(.rel.gnu.linkonce.d*)

.rela.data
 *(.rela.data)
 *(.rela.data.*)
 *(.rela.gnu.linkonce.d*)

.rel.ctors
 *(.rel.ctors)

.rela.ctors
 *(.rela.ctors)

.rel.dtors
 *(.rel.dtors)

.rela.dtors
 *(.rela.dtors)

.rel.got
 *(.rel.got)

.rela.got
 *(.rela.got)

.rel.bss
 *(.rel.bss)

.rela.bss
 *(.rela.bss)

.rel.plt
 *(.rel.plt)

.rela.plt
 *(.rela.plt)

.text           0x0000000000000000     0x899a
 *(.vectors)
 .vectors       0x0000000000000000       0xe4 /usr/lib/gcc/avr/4.5.3/../../../avr/lib/avr6/crtm2560.o
                0x0000000000000000                __vectors
                0x0000000000000000                __vector_default
 *(.vectors)
 *(.progmem.gcc*)
 .progmem.gcc_fplib
                0x00000000000000e4       0x14 /usr/lib/gcc/avr/4.5.3/../../../avr/lib/avr6/libc.a(asin.o)
 .progmem.gcc_fplib
                0x00000000000000f8       0x2d /usr/lib/gcc/avr/4.5.3/../../../avr/lib/avr6/libc.a(atan.o)
 .progmem.gcc_fplib
                0x0000000000000125       0x28 /usr/lib/gcc/avr/4.5.3/../../../avr/lib/avr6/libc.a(fp_arccos.o)
 .progmem.gcc_fplib
                0x000000000000014d       0x1e /usr/lib/gcc/avr/4.5.3/../../../avr/lib/avr6/libc.a(fp_sinus.o)
 *(.progmem*)
 .progmem.data  0x000000000000016b      0x120 /home/rbtying/robot/firmware/Arduino-2560/Debug/libArduino.a(pins_arduino.o)
                0x000000000000016b                port_to_mode_PGM
                0x0000000000000185                port_to_output_PGM
                0x000000000000019f                port_to_input_PGM
                0x00000000000001b9                digital_pin_to_port_PGM
                0x00000000000001ff                digital_pin_to_bit_mask_PGM
                0x0000000000000245                digital_pin_to_timer_PGM
                0x000000000000028c                . = ALIGN (0x2)
 *fill*         0x000000000000028b        0x1 00
                0x000000000000028c                __trampolines_start = .
 *(.trampolines)
 .trampolines   0x000000000000028c        0x0 linker stubs
 *(.trampolines*)
                0x000000000000028c                __trampolines_end = .
 *(.jumptables)
 *(.jumptables*)
 *(.lowtext)
 *(.lowtext*)
                0x000000000000028c                __ctors_start = .
 *(.ctors)
 .ctors         0x000000000000028c        0x2 ./src/Main.o
 .ctors         0x000000000000028e        0x2 /home/rbtying/robot/firmware/Arduino-2560/Debug/libArduino.a(HardwareSerial.o)
 .ctors         0x0000000000000290        0x2 /home/rbtying/robot/firmware/Arduino-2560/Debug/libArduino.a(Wire.o)
                0x0000000000000292                __ctors_end = .
                0x0000000000000292                __dtors_start = .
 *(.dtors)
 .dtors         0x0000000000000292        0x2 ./src/Main.o
                0x0000000000000294                __dtors_end = .
 SORT(*)(.ctors)
 SORT(*)(.dtors)
 *(.init0)
 .init0         0x0000000000000294        0x0 /usr/lib/gcc/avr/4.5.3/../../../avr/lib/avr6/crtm2560.o
                0x0000000000000294                __init
 *(.init0)
 *(.init1)
 *(.init1)
 *(.init2)
 .init2         0x0000000000000294       0x10 /usr/lib/gcc/avr/4.5.3/../../../avr/lib/avr6/crtm2560.o
 *(.init2)
 *(.init3)
 *(.init3)
 *(.init4)
 .init4         0x00000000000002a4       0x1a /usr/lib/gcc/avr/4.5.3/avr6/libgcc.a(_copy_data.o)
                0x00000000000002a4                __do_copy_data
 .init4         0x00000000000002be       0x10 /usr/lib/gcc/avr/4.5.3/avr6/libgcc.a(_clear_bss.o)
                0x00000000000002be                __do_clear_bss
 *(.init4)
 *(.init5)
 *(.init5)
 *(.init6)
 .init6         0x00000000000002ce       0x20 /usr/lib/gcc/avr/4.5.3/avr6/libgcc.a(_ctors.o)
                0x00000000000002ce                __do_global_ctors
 *(.init6)
 *(.init7)
 *(.init7)
 *(.init8)
 *(.init8)
 *(.init9)
 .init9         0x00000000000002ee        0x8 /usr/lib/gcc/avr/4.5.3/../../../avr/lib/avr6/crtm2560.o
 *(.init9)
 *(.text)
 .text          0x00000000000002f6        0x4 /usr/lib/gcc/avr/4.5.3/../../../avr/lib/avr6/crtm2560.o
                0x00000000000002f6                __vector_38
                0x00000000000002f6                __vector_22
                0x00000000000002f6                __vector_28
                0x00000000000002f6                __vector_1
                0x00000000000002f6                __vector_34
                0x00000000000002f6                __vector_24
                0x00000000000002f6                __vector_12
                0x00000000000002f6                __vector_55
                0x00000000000002f6                __vector_46
                0x00000000000002f6                __bad_interrupt
                0x00000000000002f6                __vector_6
                0x00000000000002f6                __vector_31
                0x00000000000002f6                __vector_35
                0x00000000000002f6                __vector_3
                0x00000000000002f6                __vector_30
                0x00000000000002f6                __vector_45
                0x00000000000002f6                __vector_11
                0x00000000000002f6                __vector_13
                0x00000000000002f6                __vector_19
                0x00000000000002f6                __vector_56
                0x00000000000002f6                __vector_7
                0x00000000000002f6                __vector_49
                0x00000000000002f6                __vector_41
                0x00000000000002f6                __vector_43
                0x00000000000002f6                __vector_27
                0x00000000000002f6                __vector_5
                0x00000000000002f6                __vector_33
                0x00000000000002f6                __vector_52
                0x00000000000002f6                __vector_37
                0x00000000000002f6                __vector_4
                0x00000000000002f6                __vector_44
                0x00000000000002f6                __vector_9
                0x00000000000002f6                __vector_2
                0x00000000000002f6                __vector_21
                0x00000000000002f6                __vector_29
                0x00000000000002f6                __vector_40
                0x00000000000002f6                __vector_8
                0x00000000000002f6                __vector_26
                0x00000000000002f6                __vector_48
                0x00000000000002f6                __vector_14
                0x00000000000002f6                __vector_53
                0x00000000000002f6                __vector_10
                0x00000000000002f6                __vector_50
                0x00000000000002f6                __vector_16
                0x00000000000002f6                __vector_18
                0x00000000000002f6                __vector_20
                0x00000000000002fa                . = ALIGN (0x2)
 *(.text.*)
 .text._ZN3ros16normalizeSecNSecERmS0_
                0x00000000000002fa       0x62 ./src/ros_lib/time.o
                0x00000000000002fa                _ZN3ros16normalizeSecNSecERmS0_
 .text._ZN11FlexiTimer29_overflowEv
                0x000000000000035c       0x7e ./src/lib/utilities/FlexiTimer2.o
                0x000000000000035c                _ZN11FlexiTimer29_overflowEv
 .text.__vector_15
                0x00000000000003da       0x50 ./src/lib/utilities/FlexiTimer2.o
                0x00000000000003da                __vector_15
 .text._ZN8L3G4200D8writeRegEhh
                0x000000000000042a       0x4c ./src/lib/sensors/imu/L3G4200D.o
                0x000000000000042a                _ZN8L3G4200D8writeRegEhh
 .text._ZN8L3G4200D4readEv
                0x0000000000000476       0xfc ./src/lib/sensors/imu/L3G4200D.o
                0x0000000000000476                _ZN8L3G4200D4readEv
 .text._ZN6LSM303C2Ev
                0x0000000000000572       0x6c ./src/lib/sensors/imu/LSM303.o
                0x0000000000000572                _ZN6LSM303C2Ev
                0x0000000000000572                _ZN6LSM303C1Ev
 .text._ZN6LSM30311writeAccRegEhh
                0x00000000000005de       0x4c ./src/lib/sensors/imu/LSM303.o
                0x00000000000005de                _ZN6LSM30311writeAccRegEhh
 .text._ZN6LSM30311writeMagRegEhh
                0x000000000000062a       0x4c ./src/lib/sensors/imu/LSM303.o
                0x000000000000062a                _ZN6LSM30311writeMagRegEhh
 .text._ZN6LSM30310readMagRegEi
                0x0000000000000676       0xb8 ./src/lib/sensors/imu/LSM303.o
                0x0000000000000676                _ZN6LSM30310readMagRegEi
 .text._ZN6LSM3037readAccEv
                0x000000000000072e      0x114 ./src/lib/sensors/imu/LSM303.o
                0x000000000000072e                _ZN6LSM3037readAccEv
 .text._ZN6LSM3037readMagEv
                0x0000000000000842      0x12c ./src/lib/sensors/imu/LSM303.o
                0x0000000000000842                _ZN6LSM3037readMagEv
 .text._ZN6LSM30311detectSA0_AEv
                0x000000000000096e       0x4c ./src/lib/sensors/imu/LSM303.o
                0x000000000000096e                _ZN6LSM30311detectSA0_AEv
 .text._ZN6LSM3034initEhh
                0x00000000000009ba       0x5c ./src/lib/sensors/imu/LSM303.o
                0x00000000000009ba                _ZN6LSM3034initEhh
 .text._ZN7Battery3setEP10CD74HC4067hh
                0x0000000000000a16       0x50 ./src/lib/sensors/Battery.o
                0x0000000000000a16                _ZN7Battery3setEP10CD74HC4067hh
 .text._ZN7BatteryC2Ehh
                0x0000000000000a66       0x10 ./src/lib/sensors/Battery.o
                0x0000000000000a66                _ZN7BatteryC1Ehh
                0x0000000000000a66                _ZN7BatteryC2Ehh
 .text._ZN7BatteryC2Ev
                0x0000000000000a76       0x2a ./src/lib/sensors/Battery.o
                0x0000000000000a76                _ZN7BatteryC1Ev
                0x0000000000000a76                _ZN7BatteryC2Ev
 .text._ZN7Battery10getVoltageEv
                0x0000000000000aa0       0x36 ./src/lib/sensors/Battery.o
                0x0000000000000aa0                _ZN7Battery10getVoltageEv
 .text._ZN7Battery10getCurrentEv
                0x0000000000000ad6       0x36 ./src/lib/sensors/Battery.o
                0x0000000000000ad6                _ZN7Battery10getCurrentEv
 .text._ZN8RoboClawC2EP14HardwareSerialm
                0x0000000000000b0c       0x12 ./src/lib/motors/RoboClaw.o
                0x0000000000000b0c                _ZN8RoboClawC1EP14HardwareSerialm
                0x0000000000000b0c                _ZN8RoboClawC2EP14HardwareSerialm
 .text._ZN8RoboClawD2Ev
                0x0000000000000b1e        0x2 ./src/lib/motors/RoboClaw.o
                0x0000000000000b1e                _ZN8RoboClawD1Ev
                0x0000000000000b1e                _ZN8RoboClawD2Ev
 .text._ZN8RoboClaw7write_nEhz
                0x0000000000000b20       0x78 ./src/lib/motors/RoboClaw.o
                0x0000000000000b20                _ZN8RoboClaw7write_nEhz
 .text._ZN8RoboClaw24SetMinVoltageMainBatteryEhh
                0x0000000000000b98       0x50 ./src/lib/motors/RoboClaw.o
                0x0000000000000b98                _ZN8RoboClaw24SetMinVoltageMainBatteryEhh
 .text._ZN8RoboClaw25SetMinVoltageLogicBatteryEhh
                0x0000000000000be8       0x50 ./src/lib/motors/RoboClaw.o
                0x0000000000000be8                _ZN8RoboClaw25SetMinVoltageLogicBatteryEhh
 .text._ZN8RoboClaw14SetM1ConstantsEhmmmm
                0x0000000000000c38       0xc4 ./src/lib/motors/RoboClaw.o
                0x0000000000000c38                _ZN8RoboClaw14SetM1ConstantsEhmmmm
 .text._ZN8RoboClaw14SetM2ConstantsEhmmmm
                0x0000000000000cfc       0xc4 ./src/lib/motors/RoboClaw.o
                0x0000000000000cfc                _ZN8RoboClaw14SetM2ConstantsEhmmmm
 .text._ZN8RoboClaw8DutyM1M2Ehjj
                0x0000000000000dc0       0x54 ./src/lib/motors/RoboClaw.o
                0x0000000000000dc0                _ZN8RoboClaw8DutyM1M2Ehjj
 .text._ZN8RoboClaw7SpeedM1Ehl
                0x0000000000000e14       0x54 ./src/lib/motors/RoboClaw.o
                0x0000000000000e14                _ZN8RoboClaw7SpeedM1Ehl
 .text._ZN8RoboClaw7SpeedM2Ehl
                0x0000000000000e68       0x54 ./src/lib/motors/RoboClaw.o
                0x0000000000000e68                _ZN8RoboClaw7SpeedM2Ehl
 .text._ZN8RoboClaw8ReadByteEm
                0x0000000000000ebc       0x68 ./src/lib/motors/RoboClaw.o
                0x0000000000000ebc                _ZN8RoboClaw8ReadByteEm
 .text._ZN8RoboClaw7Read4_1EhhPhPb
                0x0000000000000f24      0x15a ./src/lib/motors/RoboClaw.o
                0x0000000000000f24                _ZN8RoboClaw7Read4_1EhhPhPb
 .text._ZN8RoboClaw12ReadISpeedM2EhPhPb
                0x000000000000107e       0x16 ./src/lib/motors/RoboClaw.o
                0x000000000000107e                _ZN8RoboClaw12ReadISpeedM2EhPhPb
 .text._ZN8RoboClaw12ReadISpeedM1EhPhPb
                0x0000000000001094       0x16 ./src/lib/motors/RoboClaw.o
                0x0000000000001094                _ZN8RoboClaw12ReadISpeedM1EhPhPb
 .text._ZN8RoboClaw9ReadEncM2EhPhPb
                0x00000000000010aa       0x16 ./src/lib/motors/RoboClaw.o
                0x00000000000010aa                _ZN8RoboClaw9ReadEncM2EhPhPb
 .text._ZN8RoboClaw9ReadEncM1EhPhPb
                0x00000000000010c0       0x16 ./src/lib/motors/RoboClaw.o
                0x00000000000010c0                _ZN8RoboClaw9ReadEncM1EhPhPb
 .text._ZN10CD74HC40676setMuxEh
                0x00000000000010d6       0x82 ./src/lib/devices/CD74HC4067.o
                0x00000000000010d6                _ZN10CD74HC40676setMuxEh
 .text._ZN10CD74HC40677readADCEh
                0x0000000000001158       0x16 ./src/lib/devices/CD74HC4067.o
                0x0000000000001158                _ZN10CD74HC40677readADCEh
 .text._ZN8SPIClass8transferEh
                0x000000000000116e        0xc ./src/lib/devices/ShiftBrite.o
                0x000000000000116e                _ZN8SPIClass8transferEh
 .text._ZN10ShiftBrite8initPinsEv
                0x000000000000117a       0x2c ./src/lib/devices/ShiftBrite.o
                0x000000000000117a                _ZN10ShiftBrite8initPinsEv
 .text._ZN10ShiftBriteC2Eiiii
                0x00000000000011a6       0x30 ./src/lib/devices/ShiftBrite.o
                0x00000000000011a6                _ZN10ShiftBriteC2Eiiii
                0x00000000000011a6                _ZN10ShiftBriteC1Eiiii
 .text._ZN10ShiftBrite5latchEv
                0x00000000000011d6       0x24 ./src/lib/devices/ShiftBrite.o
                0x00000000000011d6                _ZN10ShiftBrite5latchEv
 .text._ZN10ShiftBrite10sendPacketEiiii
                0x00000000000011fa       0xe0 ./src/lib/devices/ShiftBrite.o
                0x00000000000011fa                _ZN10ShiftBrite10sendPacketEiiii
 .text._ZN10ShiftBrite8setColorEiii
                0x00000000000012da       0x5e ./src/lib/devices/ShiftBrite.o
                0x00000000000012da                _ZN10ShiftBrite8setColorEiii
 .text._ZN10ShiftBrite8setPowerEi
                0x0000000000001338       0x18 ./src/lib/devices/ShiftBrite.o
                0x0000000000001338                _ZN10ShiftBrite8setPowerEi
 .text._ZN17StrongDriveOutputC2Ehb
                0x0000000000001350      0x160 ./src/lib/devices/StrongDriveOutput.o
                0x0000000000001350                _ZN17StrongDriveOutputC1Ehb
                0x0000000000001350                _ZN17StrongDriveOutputC2Ehb
 .text._ZN17StrongDriveOutput2onEv
                0x00000000000014b0       0x42 ./src/lib/devices/StrongDriveOutput.o
                0x00000000000014b0                _ZN17StrongDriveOutput2onEv
 .text._ZN17StrongDriveOutput3offEv
                0x00000000000014f2       0x42 ./src/lib/devices/StrongDriveOutput.o
                0x00000000000014f2                _ZN17StrongDriveOutput3offEv
 .text._ZN17StrongDriveOutput3getEv
                0x0000000000001534        0x6 ./src/lib/devices/StrongDriveOutput.o
                0x0000000000001534                _ZN17StrongDriveOutput3getEv
 .text._ZNK8std_msgs4Time9serializeEPh
                0x000000000000153a       0x46 ./src/Main.o
                0x000000000000153a                _ZNK8std_msgs4Time9serializeEPh
 .text._ZN8std_msgs4Time11deserializeEPh
                0x0000000000001580      0x130 ./src/Main.o
                0x0000000000001580                _ZN8std_msgs4Time11deserializeEPh
 .text._ZN8std_msgs4Time7getTypeEv
                0x00000000000016b0        0x6 ./src/Main.o
                0x00000000000016b0                _ZN8std_msgs4Time7getTypeEv
 .text._ZN8std_msgs4Time6getMD5Ev
                0x00000000000016b6        0x6 ./src/Main.o
                0x00000000000016b6                _ZN8std_msgs4Time6getMD5Ev
 .text._ZN14rosserial_msgs9TopicInfo11deserializeEPh
                0x00000000000016bc      0x1ec ./src/Main.o
                0x00000000000016bc                _ZN14rosserial_msgs9TopicInfo11deserializeEPh
 .text._ZN14rosserial_msgs9TopicInfo7getTypeEv
                0x00000000000018a8        0x6 ./src/Main.o
                0x00000000000018a8                _ZN14rosserial_msgs9TopicInfo7getTypeEv
 .text._ZN14rosserial_msgs9TopicInfo6getMD5Ev
                0x00000000000018ae        0x6 ./src/Main.o
                0x00000000000018ae                _ZN14rosserial_msgs9TopicInfo6getMD5Ev
 .text._ZN14rosserial_msgs3Log11deserializeEPh
                0x00000000000018b4       0x8a ./src/Main.o
                0x00000000000018b4                _ZN14rosserial_msgs3Log11deserializeEPh
 .text._ZN14rosserial_msgs3Log7getTypeEv
                0x000000000000193e        0x6 ./src/Main.o
                0x000000000000193e                _ZN14rosserial_msgs3Log7getTypeEv
 .text._ZN14rosserial_msgs3Log6getMD5Ev
                0x0000000000001944        0x6 ./src/Main.o
                0x0000000000001944                _ZN14rosserial_msgs3Log6getMD5Ev
 .text._ZN14rosserial_msgs20RequestParamResponse7getTypeEv
                0x000000000000194a        0x6 ./src/Main.o
                0x000000000000194a                _ZN14rosserial_msgs20RequestParamResponse7getTypeEv
 .text._ZN14rosserial_msgs20RequestParamResponse6getMD5Ev
                0x0000000000001950        0x6 ./src/Main.o
                0x0000000000001950                _ZN14rosserial_msgs20RequestParamResponse6getMD5Ev
 .text._ZNK10rover_msgs7Enabled9serializeEPh
                0x0000000000001956       0x16 ./src/Main.o
                0x0000000000001956                _ZNK10rover_msgs7Enabled9serializeEPh
 .text._ZN10rover_msgs7Enabled11deserializeEPh
                0x000000000000196c       0x16 ./src/Main.o
                0x000000000000196c                _ZN10rover_msgs7Enabled11deserializeEPh
 .text._ZN10rover_msgs7Enabled7getTypeEv
                0x0000000000001982        0x6 ./src/Main.o
                0x0000000000001982                _ZN10rover_msgs7Enabled7getTypeEv
 .text._ZN10rover_msgs7Enabled6getMD5Ev
                0x0000000000001988        0x6 ./src/Main.o
                0x0000000000001988                _ZN10rover_msgs7Enabled6getMD5Ev
 .text._ZN8std_msgs6Header11deserializeEPh
                0x000000000000198e      0x22a ./src/Main.o
                0x000000000000198e                _ZN8std_msgs6Header11deserializeEPh
 .text._ZN8std_msgs6Header7getTypeEv
                0x0000000000001bb8        0x6 ./src/Main.o
                0x0000000000001bb8                _ZN8std_msgs6Header7getTypeEv
 .text._ZN8std_msgs6Header6getMD5Ev
                0x0000000000001bbe        0x6 ./src/Main.o
                0x0000000000001bbe                _ZN8std_msgs6Header6getMD5Ev
 .text._ZN10rover_msgs6Motors11deserializeEPh
                0x0000000000001bc4       0xf2 ./src/Main.o
                0x0000000000001bc4                _ZN10rover_msgs6Motors11deserializeEPh
 .text._ZN10rover_msgs6Motors7getTypeEv
                0x0000000000001cb6        0x6 ./src/Main.o
                0x0000000000001cb6                _ZN10rover_msgs6Motors7getTypeEv
 .text._ZN10rover_msgs6Motors6getMD5Ev
                0x0000000000001cbc        0x6 ./src/Main.o
                0x0000000000001cbc                _ZN10rover_msgs6Motors6getMD5Ev
 .text._ZN10rover_msgs7Battery11deserializeEPh
                0x0000000000001cc2       0xf2 ./src/Main.o
                0x0000000000001cc2                _ZN10rover_msgs7Battery11deserializeEPh
 .text._ZN10rover_msgs7Battery7getTypeEv
                0x0000000000001db4        0x6 ./src/Main.o
                0x0000000000001db4                _ZN10rover_msgs7Battery7getTypeEv
 .text._ZN10rover_msgs7Battery6getMD5Ev
                0x0000000000001dba        0x6 ./src/Main.o
                0x0000000000001dba                _ZN10rover_msgs7Battery6getMD5Ev
 .text._ZN10rover_msgs7Encoder11deserializeEPh
                0x0000000000001dc0      0x338 ./src/Main.o
                0x0000000000001dc0                _ZN10rover_msgs7Encoder11deserializeEPh
 .text._ZN10rover_msgs7Encoder7getTypeEv
                0x00000000000020f8        0x6 ./src/Main.o
                0x00000000000020f8                _ZN10rover_msgs7Encoder7getTypeEv
 .text._ZN10rover_msgs7Encoder6getMD5Ev
                0x00000000000020fe        0x6 ./src/Main.o
                0x00000000000020fe                _ZN10rover_msgs7Encoder6getMD5Ev
 .text._ZN10rover_msgs12CondensedIMU11deserializeEPh
                0x0000000000002104      0x3e2 ./src/Main.o
                0x0000000000002104                _ZN10rover_msgs12CondensedIMU11deserializeEPh
 .text._ZN10rover_msgs12CondensedIMU7getTypeEv
                0x00000000000024e6        0x6 ./src/Main.o
                0x00000000000024e6                _ZN10rover_msgs12CondensedIMU7getTypeEv
 .text._ZN10rover_msgs12CondensedIMU6getMD5Ev
                0x00000000000024ec        0x6 ./src/Main.o
                0x00000000000024ec                _ZN10rover_msgs12CondensedIMU6getMD5Ev
 .text._ZN8std_msgs19MultiArrayDimension11deserializeEPh
                0x00000000000024f2      0x19c ./src/Main.o
                0x00000000000024f2                _ZN8std_msgs19MultiArrayDimension11deserializeEPh
 .text._ZN8std_msgs19MultiArrayDimension7getTypeEv
                0x000000000000268e        0x6 ./src/Main.o
                0x000000000000268e                _ZN8std_msgs19MultiArrayDimension7getTypeEv
 .text._ZN8std_msgs19MultiArrayDimension6getMD5Ev
                0x0000000000002694        0x6 ./src/Main.o
                0x0000000000002694                _ZN8std_msgs19MultiArrayDimension6getMD5Ev
 .text._ZNK8std_msgs16MultiArrayLayout9serializeEPh
                0x000000000000269a       0xb6 ./src/Main.o
                0x000000000000269a                _ZNK8std_msgs16MultiArrayLayout9serializeEPh
 .text._ZN8std_msgs16MultiArrayLayout7getTypeEv
                0x0000000000002750        0x6 ./src/Main.o
                0x0000000000002750                _ZN8std_msgs16MultiArrayLayout7getTypeEv
 .text._ZN8std_msgs16MultiArrayLayout6getMD5Ev
                0x0000000000002756        0x6 ./src/Main.o
                0x0000000000002756                _ZN8std_msgs16MultiArrayLayout6getMD5Ev
 .text._ZNK8std_msgs15UInt8MultiArray9serializeEPh
                0x000000000000275c       0x84 ./src/Main.o
                0x000000000000275c                _ZNK8std_msgs15UInt8MultiArray9serializeEPh
 .text._ZN8std_msgs15UInt8MultiArray7getTypeEv
                0x00000000000027e0        0x6 ./src/Main.o
                0x00000000000027e0                _ZN8std_msgs15UInt8MultiArray7getTypeEv
 .text._ZN8std_msgs15UInt8MultiArray6getMD5Ev
                0x00000000000027e6        0x6 ./src/Main.o
                0x00000000000027e6                _ZN8std_msgs15UInt8MultiArray6getMD5Ev
 .text._Z8enablecbRKN10rover_msgs7EnabledE
                0x00000000000027ec       0x10 ./src/Main.o
                0x00000000000027ec                _Z8enablecbRKN10rover_msgs7EnabledE
 .text._ZN3ros11NodeHandle_I15ArduinoHardwareLi25ELi25ELi512ELi512EE9connectedEv
                0x00000000000027fc        0xa ./src/Main.o
                0x00000000000027fc                _ZN3ros11NodeHandle_I15ArduinoHardwareLi25ELi25ELi512ELi512EE9connectedEv
 .text._ZN3ros10SubscriberIN8std_msgs15UInt8MultiArrayEE15getEndpointTypeEv
                0x0000000000002806        0x8 ./src/Main.o
                0x0000000000002806                _ZN3ros10SubscriberIN8std_msgs15UInt8MultiArrayEE15getEndpointTypeEv
 .text._ZN3ros10SubscriberIN8std_msgs15UInt8MultiArrayEE10getMsgTypeEv
                0x000000000000280e        0x6 ./src/Main.o
                0x000000000000280e                _ZN3ros10SubscriberIN8std_msgs15UInt8MultiArrayEE10getMsgTypeEv
 .text._ZN3ros10SubscriberIN8std_msgs15UInt8MultiArrayEE9getMsgMD5Ev
                0x0000000000002814        0x6 ./src/Main.o
                0x0000000000002814                _ZN3ros10SubscriberIN8std_msgs15UInt8MultiArrayEE9getMsgMD5Ev
 .text._ZN3ros10SubscriberIN10rover_msgs7EnabledEE8callbackEPh
                0x000000000000281a       0x28 ./src/Main.o
                0x000000000000281a                _ZN3ros10SubscriberIN10rover_msgs7EnabledEE8callbackEPh
 .text._ZN3ros10SubscriberIN10rover_msgs7EnabledEE15getEndpointTypeEv
                0x0000000000002842        0x8 ./src/Main.o
                0x0000000000002842                _ZN3ros10SubscriberIN10rover_msgs7EnabledEE15getEndpointTypeEv
 .text._ZN3ros10SubscriberIN10rover_msgs7EnabledEE10getMsgTypeEv
                0x000000000000284a        0x6 ./src/Main.o
                0x000000000000284a                _ZN3ros10SubscriberIN10rover_msgs7EnabledEE10getMsgTypeEv
 .text._ZN3ros10SubscriberIN10rover_msgs7EnabledEE9getMsgMD5Ev
                0x0000000000002850        0x6 ./src/Main.o
                0x0000000000002850                _ZN3ros10SubscriberIN10rover_msgs7EnabledEE9getMsgMD5Ev
 .text._ZN3ros10SubscriberIN10rover_msgs6MotorsEE8callbackEPh
                0x0000000000002856       0x28 ./src/Main.o
                0x0000000000002856                _ZN3ros10SubscriberIN10rover_msgs6MotorsEE8callbackEPh
 .text._ZN3ros10SubscriberIN10rover_msgs6MotorsEE15getEndpointTypeEv
                0x000000000000287e        0x8 ./src/Main.o
                0x000000000000287e                _ZN3ros10SubscriberIN10rover_msgs6MotorsEE15getEndpointTypeEv
 .text._ZN3ros10SubscriberIN10rover_msgs6MotorsEE10getMsgTypeEv
                0x0000000000002886        0x6 ./src/Main.o
                0x0000000000002886                _ZN3ros10SubscriberIN10rover_msgs6MotorsEE10getMsgTypeEv
 .text._ZN3ros10SubscriberIN10rover_msgs6MotorsEE9getMsgMD5Ev
                0x000000000000288c        0x6 ./src/Main.o
                0x000000000000288c                _ZN3ros10SubscriberIN10rover_msgs6MotorsEE9getMsgMD5Ev
 .text._ZNK14rosserial_msgs9TopicInfo9serializeEPh
                0x0000000000002892      0x13e ./src/Main.o
                0x0000000000002892                _ZNK14rosserial_msgs9TopicInfo9serializeEPh
 .text._ZNK14rosserial_msgs3Log9serializeEPh
                0x00000000000029d0       0x4c ./src/Main.o
                0x00000000000029d0                _ZNK14rosserial_msgs3Log9serializeEPh
 .text._ZNK14rosserial_msgs20RequestParamResponse9serializeEPh
                0x0000000000002a1c      0x1e8 ./src/Main.o
                0x0000000000002a1c                _ZNK14rosserial_msgs20RequestParamResponse9serializeEPh
 .text._ZNK8std_msgs6Header9serializeEPh
                0x0000000000002c04       0x78 ./src/Main.o
                0x0000000000002c04                _ZNK8std_msgs6Header9serializeEPh
 .text._ZNK10rover_msgs7Encoder9serializeEPh
                0x0000000000002c7c       0xf0 ./src/Main.o
                0x0000000000002c7c                _ZNK10rover_msgs7Encoder9serializeEPh
 .text._ZNK10rover_msgs7Battery9serializeEPh
                0x0000000000002d6c       0x54 ./src/Main.o
                0x0000000000002d6c                _ZNK10rover_msgs7Battery9serializeEPh
 .text._ZNK10rover_msgs12CondensedIMU9serializeEPh
                0x0000000000002dc0      0x124 ./src/Main.o
                0x0000000000002dc0                _ZNK10rover_msgs12CondensedIMU9serializeEPh
 .text._ZNK10rover_msgs6Motors9serializeEPh
                0x0000000000002ee4       0x54 ./src/Main.o
                0x0000000000002ee4                _ZNK10rover_msgs6Motors9serializeEPh
 .text._ZNK8std_msgs19MultiArrayDimension9serializeEPh
                0x0000000000002f38       0x80 ./src/Main.o
                0x0000000000002f38                _ZNK8std_msgs19MultiArrayDimension9serializeEPh
 .text._ZN14rosserial_msgs20RequestParamResponse11deserializeEPh
                0x0000000000002fb8      0x29c ./src/Main.o
                0x0000000000002fb8                _ZN14rosserial_msgs20RequestParamResponse11deserializeEPh
 .text._ZN8std_msgs16MultiArrayLayout11deserializeEPh
                0x0000000000003254      0x15e ./src/Main.o
                0x0000000000003254                _ZN8std_msgs16MultiArrayLayout11deserializeEPh
 .text._ZN8std_msgs15UInt8MultiArray11deserializeEPh
                0x00000000000033b2       0x84 ./src/Main.o
                0x00000000000033b2                _ZN8std_msgs15UInt8MultiArray11deserializeEPh
 .text._ZN3ros10SubscriberIN8std_msgs15UInt8MultiArrayEE8callbackEPh
                0x0000000000003436       0x28 ./src/Main.o
                0x0000000000003436                _ZN3ros10SubscriberIN8std_msgs15UInt8MultiArrayEE8callbackEPh
 .text._Z7servocbRKN8std_msgs15UInt8MultiArrayE
                0x000000000000345e       0x50 ./src/Main.o
                0x000000000000345e                _Z7servocbRKN8std_msgs15UInt8MultiArrayE
 .text._Z7drivecbRKN10rover_msgs6MotorsE
                0x00000000000034ae       0xc4 ./src/Main.o
                0x00000000000034ae                _Z7drivecbRKN10rover_msgs6MotorsE
 .text._ZN3ros9Publisher7publishEPKNS_3MsgE
                0x0000000000003572       0x22 ./src/Main.o
                0x0000000000003572                _ZN3ros9Publisher7publishEPKNS_3MsgE
 .text._ZN15ArduinoHardware4initEv
                0x0000000000003594       0x14 ./src/Main.o
                0x0000000000003594                _ZN15ArduinoHardware4initEv
 .text._ZN3IMU15Compass_HeadingEv
                0x00000000000035a8      0x348 ./src/Main.o
                0x00000000000035a8                _ZN3IMU15Compass_HeadingEv
 .text._ZN3IMU12Euler_anglesEv
                0x00000000000038f0       0x90 ./src/Main.o
                0x00000000000038f0                _ZN3IMU12Euler_anglesEv
 .text._ZN3IMU7initI2CEv
                0x0000000000003980        0xa ./src/Main.o
                0x0000000000003980                _ZN3IMU7initI2CEv
 .text._ZN3IMU8initGyroEv
                0x000000000000398a       0x22 ./src/Main.o
                0x000000000000398a                _ZN3IMU8initGyroEv
 .text._ZN3IMU8readGyroEv
                0x00000000000039ac       0xf2 ./src/Main.o
                0x00000000000039ac                _ZN3IMU8readGyroEv
 .text._ZN3IMU9initAccelEv
                0x0000000000003a9e       0x22 ./src/Main.o
                0x0000000000003a9e                _ZN3IMU9initAccelEv
 .text._ZN3IMU9readAccelEv
                0x0000000000003ac0       0xf2 ./src/Main.o
                0x0000000000003ac0                _ZN3IMU9readAccelEv
 .text._ZN3IMU11initCompassEv
                0x0000000000003bb2       0x22 ./src/Main.o
                0x0000000000003bb2                _ZN3IMU11initCompassEv
 .text._ZN3IMU7initIMUEv
                0x0000000000003bd4      0x106 ./src/Main.o
                0x0000000000003bd4                _ZN3IMU7initIMUEv
 .text._ZN3IMU11readCompassEv
                0x0000000000003cda       0xa6 ./src/Main.o
                0x0000000000003cda                _ZN3IMU11readCompassEv
 .text._ZN3IMU16vectorDotProductEPfS0_
                0x0000000000003d80       0x86 ./src/Main.o
                0x0000000000003d80                _ZN3IMU16vectorDotProductEPfS0_
 .text._ZN3IMU18vectorCrossProductEPfS0_S0_
                0x0000000000003e06      0x102 ./src/Main.o
                0x0000000000003e06                _ZN3IMU18vectorCrossProductEPfS0_S0_
 .text._ZN3IMU11vectorScaleEPfS0_f
                0x0000000000003f08       0x74 ./src/Main.o
                0x0000000000003f08                _ZN3IMU11vectorScaleEPfS0_f
 .text._ZN3IMU9vectorAddEPfS0_S0_
                0x0000000000003f7c       0x62 ./src/Main.o
                0x0000000000003f7c                _ZN3IMU9vectorAddEPfS0_S0_
 .text._ZN3IMU16Drift_correctionEv
                0x0000000000003fde      0x324 ./src/Main.o
                0x0000000000003fde                _ZN3IMU16Drift_correctionEv
 .text._ZN3IMU9NormalizeEv
                0x0000000000004302      0x172 ./src/Main.o
                0x0000000000004302                _ZN3IMU9NormalizeEv
 .text._ZN3IMU14matrixMultiplyEPA3_fS1_S1_
                0x0000000000004474      0x134 ./src/Main.o
                0x0000000000004474                _ZN3IMU14matrixMultiplyEPA3_fS1_S1_
 .text._ZN3IMU13Matrix_updateEv
                0x00000000000045a8      0x366 ./src/Main.o
                0x00000000000045a8                _ZN3IMU13Matrix_updateEv
 .text._ZN3IMU9updateIMUEv
                0x000000000000490e      0x112 ./src/Main.o
                0x000000000000490e                _ZN3IMU9updateIMUEv
 .text._ZN12control_dataC1Ev
                0x0000000000004a20       0x20 ./src/Main.o
                0x0000000000004a20                _ZN12control_dataC1Ev
 .text._Z41__static_initialization_and_destruction_0ii.clone.11
                0x0000000000004a40      0x2fa ./src/Main.o
 .text._Z7setLEDsv
                0x0000000000004d3a      0x32a ./src/Main.o
                0x0000000000004d3a                _Z7setLEDsv
 .text._ZN3ros11NodeHandle_I15ArduinoHardwareLi25ELi25ELi512ELi512EE3nowEv
                0x0000000000005064       0xcc ./src/Main.o
                0x0000000000005064                _ZN3ros11NodeHandle_I15ArduinoHardwareLi25ELi25ELi512ELi512EE3nowEv
 .text._Z7publishv
                0x0000000000005130      0x41e ./src/Main.o
                0x0000000000005130                _Z7publishv
 .text._ZN3ros11NodeHandle_I15ArduinoHardwareLi25ELi25ELi512ELi512EE9advertiseERNS_9PublisherE
                0x000000000000554e       0x4e ./src/Main.o
                0x000000000000554e                _ZN3ros11NodeHandle_I15ArduinoHardwareLi25ELi25ELi512ELi512EE9advertiseERNS_9PublisherE
 .text._ZN3ros11NodeHandle_I15ArduinoHardwareLi25ELi25ELi512ELi512EE9subscribeIN10rover_msgs7EnabledEEEbRNS_10SubscriberIT_EE
                0x000000000000559c       0x42 ./src/Main.o
                0x000000000000559c                _ZN3ros11NodeHandle_I15ArduinoHardwareLi25ELi25ELi512ELi512EE9subscribeIN10rover_msgs7EnabledEEEbRNS_10SubscriberIT_EE
 .text._ZN3ros11NodeHandle_I15ArduinoHardwareLi25ELi25ELi512ELi512EE9subscribeIN10rover_msgs6MotorsEEEbRNS_10SubscriberIT_EE
                0x00000000000055de       0x42 ./src/Main.o
                0x00000000000055de                _ZN3ros11NodeHandle_I15ArduinoHardwareLi25ELi25ELi512ELi512EE9subscribeIN10rover_msgs6MotorsEEEbRNS_10SubscriberIT_EE
 .text._ZN3ros11NodeHandle_I15ArduinoHardwareLi25ELi25ELi512ELi512EE9subscribeIN8std_msgs15UInt8MultiArrayEEEbRNS_10SubscriberIT_EE
                0x0000000000005620       0x42 ./src/Main.o
                0x0000000000005620                _ZN3ros11NodeHandle_I15ArduinoHardwareLi25ELi25ELi512ELi512EE9subscribeIN8std_msgs15UInt8MultiArrayEEEbRNS_10SubscriberIT_EE
 .text._ZN3ros11NodeHandle_I15ArduinoHardwareLi25ELi25ELi512ELi512EE15requestSyncTimeEv
                0x0000000000005662       0x70 ./src/Main.o
                0x0000000000005662                _ZN3ros11NodeHandle_I15ArduinoHardwareLi25ELi25ELi512ELi512EE15requestSyncTimeEv
 .text._ZN3ros11NodeHandle_I15ArduinoHardwareLi25ELi25ELi512ELi512EE15negotiateTopicsEv
                0x00000000000056d2      0x1da ./src/Main.o
                0x00000000000056d2                _ZN3ros11NodeHandle_I15ArduinoHardwareLi25ELi25ELi512ELi512EE15negotiateTopicsEv
 .text._ZN3ros11NodeHandle_I15ArduinoHardwareLi25ELi25ELi512ELi512EE6setNowERNS_4TimeE
                0x00000000000058ac       0x9e ./src/Main.o
                0x00000000000058ac                _ZN3ros11NodeHandle_I15ArduinoHardwareLi25ELi25ELi512ELi512EE6setNowERNS_4TimeE
 .text._ZN3ros11NodeHandle_I15ArduinoHardwareLi25ELi25ELi512ELi512EE8syncTimeEPh
                0x000000000000594a       0xfc ./src/Main.o
                0x000000000000594a                _ZN3ros11NodeHandle_I15ArduinoHardwareLi25ELi25ELi512ELi512EE8syncTimeEPh
 .text._ZN3ros11NodeHandle_I15ArduinoHardwareLi25ELi25ELi512ELi512EE8spinOnceEv
                0x0000000000005a46      0x3cc ./src/Main.o
                0x0000000000005a46                _ZN3ros11NodeHandle_I15ArduinoHardwareLi25ELi25ELi512ELi512EE8spinOnceEv
 .text.main     0x0000000000005e12      0x7d6 ./src/Main.o
                0x0000000000005e12                main
 .text._ZN3ros11NodeHandle_I15ArduinoHardwareLi25ELi25ELi512ELi512EE3logEcPKc
                0x00000000000065e8       0x44 ./src/Main.o
                0x00000000000065e8                _ZN3ros11NodeHandle_I15ArduinoHardwareLi25ELi25ELi512ELi512EE3logEcPKc
 .text._ZN3ros11NodeHandle_I15ArduinoHardwareLi25ELi25ELi512ELi512EE8logerrorEPKc
                0x000000000000662c        0xa ./src/Main.o
                0x000000000000662c                _ZN3ros11NodeHandle_I15ArduinoHardwareLi25ELi25ELi512ELi512EE8logerrorEPKc
 .text._ZN3ros11NodeHandle_I15ArduinoHardwareLi25ELi25ELi512ELi512EE7publishEiPKNS_3MsgE
                0x0000000000006636      0x102 ./src/Main.o
                0x0000000000006636                _ZN3ros11NodeHandle_I15ArduinoHardwareLi25ELi25ELi512ELi512EE7publishEiPKNS_3MsgE
 .text._GLOBAL__I__ZN3IMU11SENSOR_SIGNE
                0x0000000000006738        0xa ./src/Main.o
 .text._GLOBAL__D__ZN3IMU11SENSOR_SIGNE
                0x0000000000006742        0xa ./src/Main.o
 .text._ZN14HardwareSerial9availableEv
                0x000000000000674c       0x2c /home/rbtying/robot/firmware/Arduino-2560/Debug/libArduino.a(HardwareSerial.o)
                0x000000000000674c                _ZN14HardwareSerial9availableEv
 .text._ZN14HardwareSerial4peekEv
                0x0000000000006778       0x34 /home/rbtying/robot/firmware/Arduino-2560/Debug/libArduino.a(HardwareSerial.o)
                0x0000000000006778                _ZN14HardwareSerial4peekEv
 .text._ZN14HardwareSerial4readEv
                0x00000000000067ac       0x48 /home/rbtying/robot/firmware/Arduino-2560/Debug/libArduino.a(HardwareSerial.o)
                0x00000000000067ac                _ZN14HardwareSerial4readEv
 .text._ZN14HardwareSerial5flushEv
                0x00000000000067f4       0x22 /home/rbtying/robot/firmware/Arduino-2560/Debug/libArduino.a(HardwareSerial.o)
                0x00000000000067f4                _ZN14HardwareSerial5flushEv
 .text._ZN14HardwareSerial5writeEh
                0x0000000000006816       0x26 /home/rbtying/robot/firmware/Arduino-2560/Debug/libArduino.a(HardwareSerial.o)
                0x0000000000006816                _ZN14HardwareSerial5writeEh
 .text._Z10store_charhP11ring_buffer
                0x000000000000683c       0x46 /home/rbtying/robot/firmware/Arduino-2560/Debug/libArduino.a(HardwareSerial.o)
                0x000000000000683c                _Z10store_charhP11ring_buffer
 .text.__vector_25
                0x0000000000006882       0x58 /home/rbtying/robot/firmware/Arduino-2560/Debug/libArduino.a(HardwareSerial.o)
                0x0000000000006882                __vector_25
 .text.__vector_36
                0x00000000000068da       0x58 /home/rbtying/robot/firmware/Arduino-2560/Debug/libArduino.a(HardwareSerial.o)
                0x00000000000068da                __vector_36
 .text.__vector_51
                0x0000000000006932       0x58 /home/rbtying/robot/firmware/Arduino-2560/Debug/libArduino.a(HardwareSerial.o)
                0x0000000000006932                __vector_51
 .text.__vector_54
                0x000000000000698a       0x58 /home/rbtying/robot/firmware/Arduino-2560/Debug/libArduino.a(HardwareSerial.o)
                0x000000000000698a                __vector_54
 .text._ZN14HardwareSerial5beginEl
                0x00000000000069e2      0x1ce /home/rbtying/robot/firmware/Arduino-2560/Debug/libArduino.a(HardwareSerial.o)
                0x00000000000069e2                _ZN14HardwareSerial5beginEl
 .text._GLOBAL__I_rx_buffer
                0x0000000000006bb0      0x1a0 /home/rbtying/robot/firmware/Arduino-2560/Debug/libArduino.a(HardwareSerial.o)
 .text._ZN5Print5writeEPKc
                0x0000000000006d50       0x32 /home/rbtying/robot/firmware/Arduino-2560/Debug/libArduino.a(Print.o)
                0x0000000000006d50                _ZN5Print5writeEPKc
 .text._ZN5Print5writeEPKhj
                0x0000000000006d82       0x3e /home/rbtying/robot/firmware/Arduino-2560/Debug/libArduino.a(Print.o)
                0x0000000000006d82                _ZN5Print5writeEPKhj
 .text._Z3maplllll
                0x0000000000006dc0       0x92 /home/rbtying/robot/firmware/Arduino-2560/Debug/libArduino.a(WMath.o)
                0x0000000000006dc0                _Z3maplllll
 .text.__vector_23
                0x0000000000006e52       0x90 /home/rbtying/robot/firmware/Arduino-2560/Debug/libArduino.a(wiring.o)
                0x0000000000006e52                __vector_23
 .text.millis   0x0000000000006ee2       0x1c /home/rbtying/robot/firmware/Arduino-2560/Debug/libArduino.a(wiring.o)
                0x0000000000006ee2                millis
 .text.micros   0x0000000000006efe       0x4c /home/rbtying/robot/firmware/Arduino-2560/Debug/libArduino.a(wiring.o)
                0x0000000000006efe                micros
 .text.delay    0x0000000000006f4a       0x4e /home/rbtying/robot/firmware/Arduino-2560/Debug/libArduino.a(wiring.o)
                0x0000000000006f4a                delay
 .text.delayMicroseconds
                0x0000000000006f98       0x14 /home/rbtying/robot/firmware/Arduino-2560/Debug/libArduino.a(wiring.o)
                0x0000000000006f98                delayMicroseconds
 .text.init     0x0000000000006fac       0xc4 /home/rbtying/robot/firmware/Arduino-2560/Debug/libArduino.a(wiring.o)
                0x0000000000006fac                init
 .text.analogRead
                0x0000000000007070       0x66 /home/rbtying/robot/firmware/Arduino-2560/Debug/libArduino.a(wiring_analog.o)
                0x0000000000007070                analogRead
 .text.pinMode  0x00000000000070d6       0x48 /home/rbtying/robot/firmware/Arduino-2560/Debug/libArduino.a(wiring_digital.o)
                0x00000000000070d6                pinMode
 .text.digitalWrite
                0x000000000000711e      0x11e /home/rbtying/robot/firmware/Arduino-2560/Debug/libArduino.a(wiring_digital.o)
                0x000000000000711e                digitalWrite
 .text._ZN7TwoWire5beginEv
                0x000000000000723c       0x16 /home/rbtying/robot/firmware/Arduino-2560/Debug/libArduino.a(Wire.o)
                0x000000000000723c                _ZN7TwoWire5beginEv
 .text._ZN7TwoWire11requestFromEhh
                0x0000000000007252       0x1a /home/rbtying/robot/firmware/Arduino-2560/Debug/libArduino.a(Wire.o)
                0x0000000000007252                _ZN7TwoWire11requestFromEhh
 .text._ZN7TwoWire11requestFromEii
                0x000000000000726c        0x6 /home/rbtying/robot/firmware/Arduino-2560/Debug/libArduino.a(Wire.o)
                0x000000000000726c                _ZN7TwoWire11requestFromEii
 .text._ZN7TwoWire17beginTransmissionEh
                0x0000000000007272       0x14 /home/rbtying/robot/firmware/Arduino-2560/Debug/libArduino.a(Wire.o)
                0x0000000000007272                _ZN7TwoWire17beginTransmissionEh
 .text._ZN7TwoWire17beginTransmissionEi
                0x0000000000007286        0x6 /home/rbtying/robot/firmware/Arduino-2560/Debug/libArduino.a(Wire.o)
                0x0000000000007286                _ZN7TwoWire17beginTransmissionEi
 .text._ZN7TwoWire15endTransmissionEv
                0x000000000000728c       0x20 /home/rbtying/robot/firmware/Arduino-2560/Debug/libArduino.a(Wire.o)
                0x000000000000728c                _ZN7TwoWire15endTransmissionEv
 .text._ZN7TwoWire4sendEh
                0x00000000000072ac       0x48 /home/rbtying/robot/firmware/Arduino-2560/Debug/libArduino.a(Wire.o)
                0x00000000000072ac                _ZN7TwoWire4sendEh
 .text._ZN7TwoWire4sendEi
                0x00000000000072f4        0x6 /home/rbtying/robot/firmware/Arduino-2560/Debug/libArduino.a(Wire.o)
                0x00000000000072f4                _ZN7TwoWire4sendEi
 .text._ZN7TwoWire9availableEv
                0x00000000000072fa        0xc /home/rbtying/robot/firmware/Arduino-2560/Debug/libArduino.a(Wire.o)
                0x00000000000072fa                _ZN7TwoWire9availableEv
 .text._ZN7TwoWire7receiveEv
                0x0000000000007306       0x22 /home/rbtying/robot/firmware/Arduino-2560/Debug/libArduino.a(Wire.o)
                0x0000000000007306                _ZN7TwoWire7receiveEv
 .text._GLOBAL__I__ZN7TwoWire8rxBufferE
                0x0000000000007328        0x2 /home/rbtying/robot/firmware/Arduino-2560/Debug/libArduino.a(Wire.o)
 .text._ZL17handle_interrupts18timer16_Sequence_tPVjS1_
                0x000000000000732a      0x18e /home/rbtying/robot/firmware/Arduino-2560/Debug/libArduino.a(Servo.o)
 .text.__vector_17
                0x00000000000074b8       0x5a /home/rbtying/robot/firmware/Arduino-2560/Debug/libArduino.a(Servo.o)
                0x00000000000074b8                __vector_17
 .text.__vector_32
                0x0000000000007512       0x5a /home/rbtying/robot/firmware/Arduino-2560/Debug/libArduino.a(Servo.o)
                0x0000000000007512                __vector_32
 .text.__vector_42
                0x000000000000756c       0x5a /home/rbtying/robot/firmware/Arduino-2560/Debug/libArduino.a(Servo.o)
                0x000000000000756c                __vector_42
 .text.__vector_47
                0x00000000000075c6       0x5a /home/rbtying/robot/firmware/Arduino-2560/Debug/libArduino.a(Servo.o)
                0x00000000000075c6                __vector_47
 .text._ZN5ServoC2Ev
                0x0000000000007620       0x34 /home/rbtying/robot/firmware/Arduino-2560/Debug/libArduino.a(Servo.o)
                0x0000000000007620                _ZN5ServoC2Ev
                0x0000000000007620                _ZN5ServoC1Ev
 .text._ZN5Servo17writeMicrosecondsEi
                0x0000000000007654       0x8a /home/rbtying/robot/firmware/Arduino-2560/Debug/libArduino.a(Servo.o)
                0x0000000000007654                _ZN5Servo17writeMicrosecondsEi
 .text._ZN5Servo5writeEi
                0x00000000000076de       0xc8 /home/rbtying/robot/firmware/Arduino-2560/Debug/libArduino.a(Servo.o)
                0x00000000000076de                _ZN5Servo5writeEi
 .text._ZN5Servo16readMicrosecondsEv
                0x00000000000077a6       0x3e /home/rbtying/robot/firmware/Arduino-2560/Debug/libArduino.a(Servo.o)
                0x00000000000077a6                _ZN5Servo16readMicrosecondsEv
 .text._ZN5Servo4readEv
                0x00000000000077e4       0xb2 /home/rbtying/robot/firmware/Arduino-2560/Debug/libArduino.a(Servo.o)
                0x00000000000077e4                _ZN5Servo4readEv
 .text._ZN8SPIClass5beginEv
                0x0000000000007896       0x3e /home/rbtying/robot/firmware/Arduino-2560/Debug/libArduino.a(SPI.o)
                0x0000000000007896                _ZN8SPIClass5beginEv
 .text._ZN8SPIClass11setBitOrderEh
                0x00000000000078d4       0x12 /home/rbtying/robot/firmware/Arduino-2560/Debug/libArduino.a(SPI.o)
                0x00000000000078d4                _ZN8SPIClass11setBitOrderEh
 .text._ZN8SPIClass15setClockDividerEh
                0x00000000000078e6       0x18 /home/rbtying/robot/firmware/Arduino-2560/Debug/libArduino.a(SPI.o)
                0x00000000000078e6                _ZN8SPIClass15setClockDividerEh
 .text.twi_init
                0x00000000000078fe       0x26 /home/rbtying/robot/firmware/Arduino-2560/Debug/libArduino.a(twi.o)
                0x00000000000078fe                twi_init
 .text.twi_readFrom
                0x0000000000007924       0x6c /home/rbtying/robot/firmware/Arduino-2560/Debug/libArduino.a(twi.o)
                0x0000000000007924                twi_readFrom
 .text.twi_writeTo
                0x0000000000007990       0x80 /home/rbtying/robot/firmware/Arduino-2560/Debug/libArduino.a(twi.o)
                0x0000000000007990                twi_writeTo
 .text.twi_transmit
                0x0000000000007a10       0x34 /home/rbtying/robot/firmware/Arduino-2560/Debug/libArduino.a(twi.o)
                0x0000000000007a10                twi_transmit
 .text.twi_reply
                0x0000000000007a44       0x10 /home/rbtying/robot/firmware/Arduino-2560/Debug/libArduino.a(twi.o)
                0x0000000000007a44                twi_reply
 .text.twi_stop
                0x0000000000007a54       0x14 /home/rbtying/robot/firmware/Arduino-2560/Debug/libArduino.a(twi.o)
                0x0000000000007a54                twi_stop
 .text.twi_releaseBus
                0x0000000000007a68        0xc /home/rbtying/robot/firmware/Arduino-2560/Debug/libArduino.a(twi.o)
                0x0000000000007a68                twi_releaseBus
 .text.__vector_39
                0x0000000000007a74      0x2b4 /home/rbtying/robot/firmware/Arduino-2560/Debug/libArduino.a(twi.o)
                0x0000000000007a74                __vector_39
 .text.avr-libc
                0x0000000000007d28      0x266 /usr/lib/gcc/avr/4.5.3/../../../avr/lib/avr6/libc.a(malloc.o)
                0x0000000000007d28                malloc
                0x0000000000007e5c                free
 .text.avr-libc
                0x0000000000007f8e      0x1b2 /usr/lib/gcc/avr/4.5.3/../../../avr/lib/avr6/libc.a(realloc.o)
                0x0000000000007f8e                realloc
 .text.avr-libc
                0x0000000000008140        0x6 /usr/lib/gcc/avr/4.5.3/../../../avr/lib/avr6/libc.a(exit.o)
                0x0000000000008140                exit
 .text.avr-libc
                0x0000000000008146       0x12 /usr/lib/gcc/avr/4.5.3/../../../avr/lib/avr6/libc.a(memcpy.o)
                0x0000000000008146                memcpy
 .text.avr-libc.fplib
                0x0000000000008158        0xa /usr/lib/gcc/avr/4.5.3/../../../avr/lib/avr6/libc.a(addsf3.o)
                0x0000000000008158                __subsf3
                0x000000000000815a                __addsf3
 .text.avr-libc.fplib
                0x0000000000008162       0xc0 /usr/lib/gcc/avr/4.5.3/../../../avr/lib/avr6/libc.a(addsf3x.o)
                0x000000000000817c                __addsf3x
 .text.avr-libc.fplib
                0x0000000000008222       0x2e /usr/lib/gcc/avr/4.5.3/../../../avr/lib/avr6/libc.a(asin.o)
                0x0000000000008222                asin
 .text.avr-libc.fplib
                0x0000000000008250       0x74 /usr/lib/gcc/avr/4.5.3/../../../avr/lib/avr6/libc.a(atan2.o)
                0x000000000000826e                atan2
 .text.avr-libc.fplib
                0x00000000000082c4       0x50 /usr/lib/gcc/avr/4.5.3/../../../avr/lib/avr6/libc.a(atan.o)
                0x00000000000082c4                atan
 .text.avr-libc.fplib
                0x0000000000008314        0x8 /usr/lib/gcc/avr/4.5.3/../../../avr/lib/avr6/libc.a(cmpsf2.o)
                0x0000000000008314                __lesf2
                0x0000000000008314                __nesf2
                0x0000000000008314                __eqsf2
                0x0000000000008314                __cmpsf2
                0x0000000000008314                __ltsf2
 .text.avr-libc.fplib
                0x000000000000831c        0x6 /usr/lib/gcc/avr/4.5.3/../../../avr/lib/avr6/libc.a(cos.o)
                0x000000000000831c                cos
 .text.avr-libc.fplib
                0x0000000000008322        0x4 /usr/lib/gcc/avr/4.5.3/../../../avr/lib/avr6/libc.a(divsf3.o)
                0x0000000000008322                __divsf3
 .text.avr-libc.fplib
                0x0000000000008326       0xcc /usr/lib/gcc/avr/4.5.3/../../../avr/lib/avr6/libc.a(divsf3x.o)
                0x000000000000833c                __divsf3x
                0x0000000000008340                __divsf3_pse
 .text.avr-libc.fplib
                0x00000000000083f2        0xa /usr/lib/gcc/avr/4.5.3/../../../avr/lib/avr6/libc.a(fixsfsi.o)
                0x00000000000083f2                __fixsfsi
 .text.avr-libc.fplib
                0x00000000000083fc       0x58 /usr/lib/gcc/avr/4.5.3/../../../avr/lib/avr6/libc.a(fixunssfsi.o)
                0x00000000000083fc                __fixunssfsi
 .text.avr-libc.fplib
                0x0000000000008454       0x7a /usr/lib/gcc/avr/4.5.3/../../../avr/lib/avr6/libc.a(floatsisf.o)
                0x0000000000008454                __floatunsisf
                0x0000000000008458                __floatsisf
 .text.avr-libc.fplib
                0x00000000000084ce       0x36 /usr/lib/gcc/avr/4.5.3/../../../avr/lib/avr6/libc.a(fp_arccos.o)
                0x00000000000084ce                __fp_arccos
 .text.avr-libc.fplib
                0x0000000000008504       0x48 /usr/lib/gcc/avr/4.5.3/../../../avr/lib/avr6/libc.a(fp_cmp.o)
                0x0000000000008504                __fp_cmp
 .text.avr-libc.fplib
                0x000000000000854c        0xc /usr/lib/gcc/avr/4.5.3/../../../avr/lib/avr6/libc.a(fp_inf.o)
                0x000000000000854c                __fp_inf
 .text.avr-libc.fplib
                0x0000000000008558        0x6 /usr/lib/gcc/avr/4.5.3/../../../avr/lib/avr6/libc.a(fp_nan.o)
                0x0000000000008558                __fp_nan
 .text.avr-libc.fplib
                0x000000000000855e       0x4a /usr/lib/gcc/avr/4.5.3/../../../avr/lib/avr6/libc.a(fp_powser.o)
                0x000000000000855e                __fp_powser
 .text.avr-libc.fplib
                0x00000000000085a8       0x22 /usr/lib/gcc/avr/4.5.3/../../../avr/lib/avr6/libc.a(fp_powsodd.o)
                0x00000000000085a8                __fp_powsodd
 .text.avr-libc.fplib
                0x00000000000085ca        0xe /usr/lib/gcc/avr/4.5.3/../../../avr/lib/avr6/libc.a(fp_pscA.o)
                0x00000000000085ca                __fp_pscA
 .text.avr-libc.fplib
                0x00000000000085d8        0xe /usr/lib/gcc/avr/4.5.3/../../../avr/lib/avr6/libc.a(fp_pscB.o)
                0x00000000000085d8                __fp_pscB
 .text.avr-libc.fplib
                0x00000000000085e6       0x50 /usr/lib/gcc/avr/4.5.3/../../../avr/lib/avr6/libc.a(fp_rempio2.o)
                0x00000000000085e8                __fp_rempio2
 .text.avr-libc.fplib
                0x0000000000008636       0x22 /usr/lib/gcc/avr/4.5.3/../../../avr/lib/avr6/libc.a(fp_round.o)
                0x0000000000008636                __fp_round
 .text.avr-libc.fplib
                0x0000000000008658       0x22 /usr/lib/gcc/avr/4.5.3/../../../avr/lib/avr6/libc.a(fp_sinus.o)
                0x0000000000008658                __fp_sinus
 .text.avr-libc.fplib
                0x000000000000867a       0x44 /usr/lib/gcc/avr/4.5.3/../../../avr/lib/avr6/libc.a(fp_split3.o)
                0x000000000000867a                __fp_split3
                0x000000000000868a                __fp_splitA
 .text.avr-libc.fplib
                0x00000000000086be        0xe /usr/lib/gcc/avr/4.5.3/../../../avr/lib/avr6/libc.a(fp_zero.o)
                0x00000000000086be                __fp_zero
                0x00000000000086c0                __fp_szero
 .text.avr-libc.fplib
                0x00000000000086cc        0x8 /usr/lib/gcc/avr/4.5.3/../../../avr/lib/avr6/libc.a(gesf2.o)
                0x00000000000086cc                __gtsf2
                0x00000000000086cc                __gesf2
 .text.avr-libc.fplib
                0x00000000000086d4        0xe /usr/lib/gcc/avr/4.5.3/../../../avr/lib/avr6/libc.a(inverse.o)
                0x00000000000086d4                inverse
 .text.avr-libc.fplib
                0x00000000000086e2        0x4 /usr/lib/gcc/avr/4.5.3/../../../avr/lib/avr6/libc.a(mulsf3.o)
                0x00000000000086e2                __mulsf3
 .text.avr-libc.fplib
                0x00000000000086e6       0xc2 /usr/lib/gcc/avr/4.5.3/../../../avr/lib/avr6/libc.a(mulsf3x.o)
                0x00000000000086fa                __mulsf3x
                0x00000000000086fe                __mulsf3_pse
 .text.avr-libc.fplib
                0x00000000000087a8        0xc /usr/lib/gcc/avr/4.5.3/../../../avr/lib/avr6/libc.a(sin.o)
                0x00000000000087a8                sin
 .text.avr-libc.fplib
                0x00000000000087b4       0x84 /usr/lib/gcc/avr/4.5.3/../../../avr/lib/avr6/libc.a(sqrt.o)
                0x00000000000087bc                sqrt
 .text.avr-libc.fplib
                0x0000000000008838        0x6 /usr/lib/gcc/avr/4.5.3/../../../avr/lib/avr6/libc.a(square.o)
                0x0000000000008838                square
 .text.avr-libc.fplib
                0x000000000000883e       0x1c /usr/lib/gcc/avr/4.5.3/../../../avr/lib/avr6/libc.a(fp_mpack.o)
                0x000000000000883e                __fp_mpack
                0x0000000000008842                __fp_mpack_finite
 .text.avr-libc.fplib
                0x000000000000885a        0xe /usr/lib/gcc/avr/4.5.3/../../../avr/lib/avr6/libc.a(fp_norm2.o)
                0x000000000000885a                __fp_norm2
 .text.libgcc   0x0000000000008868       0x3e /usr/lib/gcc/avr/4.5.3/avr6/libgcc.a(_mulsi3.o)
                0x0000000000008868                __mulsi3
 .text.libgcc   0x00000000000088a6       0x28 /usr/lib/gcc/avr/4.5.3/avr6/libgcc.a(_udivmodhi4.o)
                0x00000000000088a6                __udivmodhi4
 .text.libgcc   0x00000000000088ce       0x26 /usr/lib/gcc/avr/4.5.3/avr6/libgcc.a(_divmodhi4.o)
                0x00000000000088ce                __divmodhi4
                0x00000000000088ce                _div
 .text.libgcc   0x00000000000088f4       0x44 /usr/lib/gcc/avr/4.5.3/avr6/libgcc.a(_udivmodsi4.o)
                0x00000000000088f4                __udivmodsi4
 .text.libgcc   0x0000000000008938       0x36 /usr/lib/gcc/avr/4.5.3/avr6/libgcc.a(_divmodsi4.o)
                0x0000000000008938                __divmodsi4
 .text.libgcc   0x000000000000896e        0x8 /usr/lib/gcc/avr/4.5.3/avr6/libgcc.a(_tablejump_elpm.o)
                0x000000000000896e                __tablejump_elpm__
                0x0000000000008976                . = ALIGN (0x2)
 *(.fini9)
 .fini9         0x0000000000008976        0x0 /usr/lib/gcc/avr/4.5.3/avr6/libgcc.a(_exit.o)
                0x0000000000008976                _exit
 *(.fini9)
 *(.fini8)
 *(.fini8)
 *(.fini7)
 *(.fini7)
 *(.fini6)
 .fini6         0x0000000000008976       0x20 /usr/lib/gcc/avr/4.5.3/avr6/libgcc.a(_dtors.o)
                0x0000000000008976                __do_global_dtors
 *(.fini6)
 *(.fini5)
 *(.fini5)
 *(.fini4)
 *(.fini4)
 *(.fini3)
 *(.fini3)
 *(.fini2)
 *(.fini2)
 *(.fini1)
 *(.fini1)
 *(.fini0)
 .fini0         0x0000000000008996        0x4 /usr/lib/gcc/avr/4.5.3/avr6/libgcc.a(_exit.o)
 *(.fini0)
                0x000000000000899a                _etext = .

.data           0x0000000000800200      0x49c load address 0x000000000000899a
                0x0000000000800200                PROVIDE (__data_start, .)
 *(.data)
 .data          0x0000000000800200      0x333 ./src/Main.o
 .data          0x0000000000800533        0x6 /usr/lib/gcc/avr/4.5.3/../../../avr/lib/avr6/libc.a(malloc.o)
                0x0000000000800533                __malloc_margin
                0x0000000000800535                __malloc_heap_start
                0x0000000000800537                __malloc_heap_end
 *(.data*)
 .data._ZN3IMU11SENSOR_SIGNE
                0x0000000000800539       0x12 ./src/Main.o
                0x0000000000800539                _ZN3IMU11SENSOR_SIGNE
 .data._ZN3IMU4G_DtE
                0x000000000080054b        0x4 ./src/Main.o
                0x000000000080054b                _ZN3IMU4G_DtE
 .data._ZN3IMU10DCM_MatrixE
                0x000000000080054f       0x24 ./src/Main.o
                0x000000000080054f                _ZN3IMU10DCM_MatrixE
 .data._ZN3IMU13Update_MatrixE
                0x0000000000800573       0x24 ./src/Main.o
                0x0000000000800573                _ZN3IMU13Update_MatrixE
 .data.frameid  0x0000000000800597        0xa ./src/Main.o
                0x0000000000800597                frameid
 .data._ZZ4mainE4sign
                0x00000000008005a1        0x2 ./src/Main.o
 .data.analog_reference
                0x00000000008005a3        0x1 /home/rbtying/robot/firmware/Arduino-2560/Debug/libArduino.a(wiring_analog.o)
                0x00000000008005a3                analog_reference
 *(.rodata)
 *(.rodata*)
 .rodata._ZTVN3ros11NodeHandle_I15ArduinoHardwareLi25ELi25ELi512ELi512EEE
                0x00000000008005a4        0xa ./src/Main.o
                0x00000000008005a4                _ZTVN3ros11NodeHandle_I15ArduinoHardwareLi25ELi25ELi512ELi512EEE
 .rodata._ZTVN14rosserial_msgs9TopicInfoE
                0x00000000008005ae        0xc ./src/Main.o
                0x00000000008005ae                _ZTVN14rosserial_msgs9TopicInfoE
 .rodata._ZTVN8std_msgs4TimeE
                0x00000000008005ba        0xc ./src/Main.o
                0x00000000008005ba                _ZTVN8std_msgs4TimeE
 .rodata._ZTVN14rosserial_msgs3LogE
                0x00000000008005c6        0xc ./src/Main.o
                0x00000000008005c6                _ZTVN14rosserial_msgs3LogE
 .rodata._ZTVN14rosserial_msgs20RequestParamResponseE
                0x00000000008005d2        0xc ./src/Main.o
                0x00000000008005d2                _ZTVN14rosserial_msgs20RequestParamResponseE
 .rodata._ZN14rosserial_msgsL12REQUESTPARAME
                0x00000000008005de       0x1c ./src/Main.o
 .rodata._ZTVN10rover_msgs7EnabledE
                0x00000000008005fa        0xc ./src/Main.o
                0x00000000008005fa                _ZTVN10rover_msgs7EnabledE
 .rodata._ZTVN10rover_msgs7EncoderE
                0x0000000000800606        0xc ./src/Main.o
                0x0000000000800606                _ZTVN10rover_msgs7EncoderE
 .rodata._ZTVN8std_msgs6HeaderE
                0x0000000000800612        0xc ./src/Main.o
                0x0000000000800612                _ZTVN8std_msgs6HeaderE
 .rodata._ZTVN10rover_msgs7BatteryE
                0x000000000080061e        0xc ./src/Main.o
                0x000000000080061e                _ZTVN10rover_msgs7BatteryE
 .rodata._ZTVN10rover_msgs12CondensedIMUE
                0x000000000080062a        0xc ./src/Main.o
                0x000000000080062a                _ZTVN10rover_msgs12CondensedIMUE
 .rodata._ZTVN8std_msgs15UInt8MultiArrayE
                0x0000000000800636        0xc ./src/Main.o
                0x0000000000800636                _ZTVN8std_msgs15UInt8MultiArrayE
 .rodata._ZTVN8std_msgs16MultiArrayLayoutE
                0x0000000000800642        0xc ./src/Main.o
                0x0000000000800642                _ZTVN8std_msgs16MultiArrayLayoutE
 .rodata._ZTVN8std_msgs19MultiArrayDimensionE
                0x000000000080064e        0xc ./src/Main.o
                0x000000000080064e                _ZTVN8std_msgs19MultiArrayDimensionE
 .rodata._ZTVN3ros10SubscriberIN10rover_msgs6MotorsEEE
                0x000000000080065a        0xc ./src/Main.o
                0x000000000080065a                _ZTVN3ros10SubscriberIN10rover_msgs6MotorsEEE
 .rodata._ZTVN10rover_msgs6MotorsE
                0x0000000000800666        0xc ./src/Main.o
                0x0000000000800666                _ZTVN10rover_msgs6MotorsE
 .rodata._ZTVN3ros10SubscriberIN10rover_msgs7EnabledEEE
                0x0000000000800672        0xc ./src/Main.o
                0x0000000000800672                _ZTVN3ros10SubscriberIN10rover_msgs7EnabledEEE
 .rodata._ZTVN3ros10SubscriberIN8std_msgs15UInt8MultiArrayEEE
                0x000000000080067e        0xc ./src/Main.o
                0x000000000080067e                _ZTVN3ros10SubscriberIN8std_msgs15UInt8MultiArrayEEE
 .rodata._ZTV14HardwareSerial
                0x000000000080068a       0x12 /home/rbtying/robot/firmware/Arduino-2560/Debug/libArduino.a(HardwareSerial.o)
                0x000000000080068a                _ZTV14HardwareSerial
 *(.gnu.linkonce.d*)
                0x000000000080069c                . = ALIGN (0x2)
                0x000000000080069c                _edata = .
                0x000000000080069c                PROVIDE (__data_end, .)

.bss            0x000000000080069c      0xb4d
                0x000000000080069c                PROVIDE (__bss_start, .)
 *(.bss)
 *(.bss*)
 .bss._ZN11FlexiTimer210time_unitsE
                0x000000000080069c        0x4 ./src/lib/utilities/FlexiTimer2.o
                0x000000000080069c                _ZN11FlexiTimer210time_unitsE
 .bss._ZN11FlexiTimer24funcE
                0x00000000008006a0        0x2 ./src/lib/utilities/FlexiTimer2.o
                0x00000000008006a0                _ZN11FlexiTimer24funcE
 .bss._ZN11FlexiTimer25countE
                0x00000000008006a2        0x4 ./src/lib/utilities/FlexiTimer2.o
                0x00000000008006a2                _ZN11FlexiTimer25countE
 .bss._ZN11FlexiTimer211overflowingE
                0x00000000008006a6        0x1 ./src/lib/utilities/FlexiTimer2.o
                0x00000000008006a6                _ZN11FlexiTimer211overflowingE
 .bss._ZN3IMU5timerE
                0x00000000008006a7        0x4 ./src/Main.o
                0x00000000008006a7                _ZN3IMU5timerE
 .bss._ZN3IMU9timer_oldE
                0x00000000008006ab        0x4 ./src/Main.o
                0x00000000008006ab                _ZN3IMU9timer_oldE
 .bss._ZN3IMU2ANE
                0x00000000008006af        0xc ./src/Main.o
                0x00000000008006af                _ZN3IMU2ANE
 .bss._ZN3IMU9AN_OFFSETE
                0x00000000008006bb        0xc ./src/Main.o
                0x00000000008006bb                _ZN3IMU9AN_OFFSETE
 .bss._ZN3IMU6gyro_xE
                0x00000000008006c7        0x2 ./src/Main.o
                0x00000000008006c7                _ZN3IMU6gyro_xE
 .bss._ZN3IMU6gyro_yE
                0x00000000008006c9        0x2 ./src/Main.o
                0x00000000008006c9                _ZN3IMU6gyro_yE
 .bss._ZN3IMU6gyro_zE
                0x00000000008006cb        0x2 ./src/Main.o
                0x00000000008006cb                _ZN3IMU6gyro_zE
 .bss._ZN3IMU7accel_xE
                0x00000000008006cd        0x2 ./src/Main.o
                0x00000000008006cd                _ZN3IMU7accel_xE
 .bss._ZN3IMU7accel_yE
                0x00000000008006cf        0x2 ./src/Main.o
                0x00000000008006cf                _ZN3IMU7accel_yE
 .bss._ZN3IMU7accel_zE
                0x00000000008006d1        0x2 ./src/Main.o
                0x00000000008006d1                _ZN3IMU7accel_zE
 .bss._ZN3IMU10magnetom_xE
                0x00000000008006d3        0x2 ./src/Main.o
                0x00000000008006d3                _ZN3IMU10magnetom_xE
 .bss._ZN3IMU10magnetom_yE
                0x00000000008006d5        0x2 ./src/Main.o
                0x00000000008006d5                _ZN3IMU10magnetom_yE
 .bss._ZN3IMU10magnetom_zE
                0x00000000008006d7        0x2 ./src/Main.o
                0x00000000008006d7                _ZN3IMU10magnetom_zE
 .bss._ZN3IMU12c_magnetom_xE
                0x00000000008006d9        0x4 ./src/Main.o
                0x00000000008006d9                _ZN3IMU12c_magnetom_xE
 .bss._ZN3IMU12c_magnetom_yE
                0x00000000008006dd        0x4 ./src/Main.o
                0x00000000008006dd                _ZN3IMU12c_magnetom_yE
 .bss._ZN3IMU12c_magnetom_zE
                0x00000000008006e1        0x4 ./src/Main.o
                0x00000000008006e1                _ZN3IMU12c_magnetom_zE
 .bss._ZN3IMU11MAG_HeadingE
                0x00000000008006e5        0x4 ./src/Main.o
                0x00000000008006e5                _ZN3IMU11MAG_HeadingE
 .bss._ZN3IMU12Accel_VectorE
                0x00000000008006e9        0xc ./src/Main.o
                0x00000000008006e9                _ZN3IMU12Accel_VectorE
 .bss._ZN3IMU11Gyro_VectorE
                0x00000000008006f5        0xc ./src/Main.o
                0x00000000008006f5                _ZN3IMU11Gyro_VectorE
 .bss._ZN3IMU12Omega_VectorE
                0x0000000000800701        0xc ./src/Main.o
                0x0000000000800701                _ZN3IMU12Omega_VectorE
 .bss._ZN3IMU7Omega_PE
                0x000000000080070d        0xc ./src/Main.o
                0x000000000080070d                _ZN3IMU7Omega_PE
 .bss._ZN3IMU7Omega_IE
                0x0000000000800719        0xc ./src/Main.o
                0x0000000000800719                _ZN3IMU7Omega_IE
 .bss._ZN3IMU5OmegaE
                0x0000000000800725        0xc ./src/Main.o
                0x0000000000800725                _ZN3IMU5OmegaE
 .bss._ZN3IMU4rollE
                0x0000000000800731        0x4 ./src/Main.o
                0x0000000000800731                _ZN3IMU4rollE
 .bss._ZN3IMU5pitchE
                0x0000000000800735        0x4 ./src/Main.o
                0x0000000000800735                _ZN3IMU5pitchE
 .bss._ZN3IMU3yawE
                0x0000000000800739        0x4 ./src/Main.o
                0x0000000000800739                _ZN3IMU3yawE
 .bss._ZN3IMU14errorRollPitchE
                0x000000000080073d        0xc ./src/Main.o
                0x000000000080073d                _ZN3IMU14errorRollPitchE
 .bss._ZN3IMU8errorYawE
                0x0000000000800749        0xc ./src/Main.o
                0x0000000000800749                _ZN3IMU8errorYawE
 .bss._ZN3IMU7counterE
                0x0000000000800755        0x2 ./src/Main.o
                0x0000000000800755                _ZN3IMU7counterE
 .bss._ZN3IMU16Temporary_MatrixE
                0x0000000000800757       0x24 ./src/Main.o
                0x0000000000800757                _ZN3IMU16Temporary_MatrixE
 .bss._ZN3IMU4gyroE
                0x000000000080077b        0xc ./src/Main.o
                0x000000000080077b                _ZN3IMU4gyroE
 .bss._ZN3IMU7compassE
                0x0000000000800787       0x32 ./src/Main.o
                0x0000000000800787                _ZN3IMU7compassE
 .bss.nexTime   0x00000000008007b9        0x4 ./src/Main.o
                0x00000000008007b9                nexTime
 .bss.cTime     0x00000000008007bd        0x4 ./src/Main.o
                0x00000000008007bd                cTime
 .bss.ledTime   0x00000000008007c1        0x4 ./src/Main.o
                0x00000000008007c1                ledTime
 .bss.ctrl      0x00000000008007c5       0x6c ./src/Main.o
                0x00000000008007c5                ctrl
 .bss.sb        0x0000000000800831        0x8 ./src/Main.o
                0x0000000000800831                sb
 .bss.nextLEDTime
                0x0000000000800839        0x4 ./src/Main.o
                0x0000000000800839                nextLEDTime
 .bss.m         0x000000000080083d        0x2 ./src/Main.o
                0x000000000080083d                m
 .bss.motorRelay
                0x000000000080083f        0x5 ./src/Main.o
                0x000000000080083f                motorRelay
 .bss.nh        0x0000000000800844      0x4a5 ./src/Main.o
                0x0000000000800844                nh
 .bss.enablemsg
                0x0000000000800ce9        0x4 ./src/Main.o
                0x0000000000800ce9                enablemsg
 .bss.enablepub
                0x0000000000800ced        0xa ./src/Main.o
                0x0000000000800ced                enablepub
 .bss.encdata   0x0000000000800cf7       0x32 ./src/Main.o
                0x0000000000800cf7                encdata
 .bss.encpub    0x0000000000800d29        0xa ./src/Main.o
                0x0000000000800d29                encpub
 .bss.batterydata
                0x0000000000800d33       0x1a ./src/Main.o
                0x0000000000800d33                batterydata
 .bss.batterypub
                0x0000000000800d4d        0xa ./src/Main.o
                0x0000000000800d4d                batterypub
 .bss.imudata   0x0000000000800d57       0x3a ./src/Main.o
                0x0000000000800d57                imudata
 .bss.imupub    0x0000000000800d91        0xa ./src/Main.o
                0x0000000000800d91                imupub
 .bss.servodata
                0x0000000000800d9b       0x1b ./src/Main.o
                0x0000000000800d9b                servodata
 .bss.servopub  0x0000000000800db6        0xa ./src/Main.o
                0x0000000000800db6                servopub
 .bss.seq       0x0000000000800dc0        0x4 ./src/Main.o
                0x0000000000800dc0                seq
 .bss.nextCommTime
                0x0000000000800dc4        0x4 ./src/Main.o
                0x0000000000800dc4                nextCommTime
 .bss.publishSettingsDump
                0x0000000000800dc8        0x1 ./src/Main.o
                0x0000000000800dc8                publishSettingsDump
 .bss.drivesub  0x0000000000800dc9       0x24 ./src/Main.o
                0x0000000000800dc9                drivesub
 .bss.enablesub
                0x0000000000800ded        0xe ./src/Main.o
                0x0000000000800ded                enablesub
 .bss.servosub  0x0000000000800dfb       0x25 ./src/Main.o
                0x0000000000800dfb                servosub
 .bss._ZZN3IMU16Drift_correctionEvE14Scaled_Omega_I
                0x0000000000800e20        0xc ./src/Main.o
 .bss._ZZN3IMU16Drift_correctionEvE14Scaled_Omega_P
                0x0000000000800e2c        0xc ./src/Main.o
 .bss.rx_buffer
                0x0000000000800e38       0x84 /home/rbtying/robot/firmware/Arduino-2560/Debug/libArduino.a(HardwareSerial.o)
                0x0000000000800e38                rx_buffer
 .bss.rx_buffer1
                0x0000000000800ebc       0x84 /home/rbtying/robot/firmware/Arduino-2560/Debug/libArduino.a(HardwareSerial.o)
                0x0000000000800ebc                rx_buffer1
 .bss.rx_buffer2
                0x0000000000800f40       0x84 /home/rbtying/robot/firmware/Arduino-2560/Debug/libArduino.a(HardwareSerial.o)
                0x0000000000800f40                rx_buffer2
 .bss.rx_buffer3
                0x0000000000800fc4       0x84 /home/rbtying/robot/firmware/Arduino-2560/Debug/libArduino.a(HardwareSerial.o)
                0x0000000000800fc4                rx_buffer3
 .bss.Serial    0x0000000000801048       0x13 /home/rbtying/robot/firmware/Arduino-2560/Debug/libArduino.a(HardwareSerial.o)
                0x0000000000801048                Serial
 .bss.Serial1   0x000000000080105b       0x13 /home/rbtying/robot/firmware/Arduino-2560/Debug/libArduino.a(HardwareSerial.o)
                0x000000000080105b                Serial1
 .bss.Serial2   0x000000000080106e       0x13 /home/rbtying/robot/firmware/Arduino-2560/Debug/libArduino.a(HardwareSerial.o)
                0x000000000080106e                Serial2
 .bss.Serial3   0x0000000000801081       0x13 /home/rbtying/robot/firmware/Arduino-2560/Debug/libArduino.a(HardwareSerial.o)
                0x0000000000801081                Serial3
 .bss.timer0_overflow_count
                0x0000000000801094        0x4 /home/rbtying/robot/firmware/Arduino-2560/Debug/libArduino.a(wiring.o)
                0x0000000000801094                timer0_overflow_count
 .bss.timer0_millis
                0x0000000000801098        0x4 /home/rbtying/robot/firmware/Arduino-2560/Debug/libArduino.a(wiring.o)
                0x0000000000801098                timer0_millis
 .bss.timer0_fract
                0x000000000080109c        0x1 /home/rbtying/robot/firmware/Arduino-2560/Debug/libArduino.a(wiring.o)
 .bss._ZN7TwoWire8rxBufferE
                0x000000000080109d       0x20 /home/rbtying/robot/firmware/Arduino-2560/Debug/libArduino.a(Wire.o)
                0x000000000080109d                _ZN7TwoWire8rxBufferE
 .bss._ZN7TwoWire13rxBufferIndexE
                0x00000000008010bd        0x1 /home/rbtying/robot/firmware/Arduino-2560/Debug/libArduino.a(Wire.o)
                0x00000000008010bd                _ZN7TwoWire13rxBufferIndexE
 .bss._ZN7TwoWire14rxBufferLengthE
                0x00000000008010be        0x1 /home/rbtying/robot/firmware/Arduino-2560/Debug/libArduino.a(Wire.o)
                0x00000000008010be                _ZN7TwoWire14rxBufferLengthE
 .bss._ZN7TwoWire9txAddressE
                0x00000000008010bf        0x1 /home/rbtying/robot/firmware/Arduino-2560/Debug/libArduino.a(Wire.o)
                0x00000000008010bf                _ZN7TwoWire9txAddressE
 .bss._ZN7TwoWire8txBufferE
                0x00000000008010c0       0x20 /home/rbtying/robot/firmware/Arduino-2560/Debug/libArduino.a(Wire.o)
                0x00000000008010c0                _ZN7TwoWire8txBufferE
 .bss._ZN7TwoWire13txBufferIndexE
                0x00000000008010e0        0x1 /home/rbtying/robot/firmware/Arduino-2560/Debug/libArduino.a(Wire.o)
                0x00000000008010e0                _ZN7TwoWire13txBufferIndexE
 .bss._ZN7TwoWire14txBufferLengthE
                0x00000000008010e1        0x1 /home/rbtying/robot/firmware/Arduino-2560/Debug/libArduino.a(Wire.o)
                0x00000000008010e1                _ZN7TwoWire14txBufferLengthE
 .bss._ZN7TwoWire12transmittingE
                0x00000000008010e2        0x1 /home/rbtying/robot/firmware/Arduino-2560/Debug/libArduino.a(Wire.o)
                0x00000000008010e2                _ZN7TwoWire12transmittingE
 .bss.Wire      0x00000000008010e3        0x1 /home/rbtying/robot/firmware/Arduino-2560/Debug/libArduino.a(Wire.o)
                0x00000000008010e3                Wire
 .bss.ServoCount
                0x00000000008010e4        0x1 /home/rbtying/robot/firmware/Arduino-2560/Debug/libArduino.a(Servo.o)
                0x00000000008010e4                ServoCount
 .bss._ZL6servos
                0x00000000008010e5       0x90 /home/rbtying/robot/firmware/Arduino-2560/Debug/libArduino.a(Servo.o)
 .bss._ZL7Channel
                0x0000000000801175        0x4 /home/rbtying/robot/firmware/Arduino-2560/Debug/libArduino.a(Servo.o)
 .bss.twi_slarw
                0x0000000000801179        0x1 /home/rbtying/robot/firmware/Arduino-2560/Debug/libArduino.a(twi.o)
 .bss.twi_masterBufferIndex
                0x000000000080117a        0x1 /home/rbtying/robot/firmware/Arduino-2560/Debug/libArduino.a(twi.o)
 .bss.twi_masterBufferLength
                0x000000000080117b        0x1 /home/rbtying/robot/firmware/Arduino-2560/Debug/libArduino.a(twi.o)
 .bss.twi_masterBuffer
                0x000000000080117c       0x20 /home/rbtying/robot/firmware/Arduino-2560/Debug/libArduino.a(twi.o)
 .bss.twi_error
                0x000000000080119c        0x1 /home/rbtying/robot/firmware/Arduino-2560/Debug/libArduino.a(twi.o)
 .bss.twi_state
                0x000000000080119d        0x1 /home/rbtying/robot/firmware/Arduino-2560/Debug/libArduino.a(twi.o)
 .bss.twi_rxBufferIndex
                0x000000000080119e        0x1 /home/rbtying/robot/firmware/Arduino-2560/Debug/libArduino.a(twi.o)
 .bss.twi_rxBuffer
                0x000000000080119f       0x20 /home/rbtying/robot/firmware/Arduino-2560/Debug/libArduino.a(twi.o)
 .bss.twi_onSlaveReceive
                0x00000000008011bf        0x2 /home/rbtying/robot/firmware/Arduino-2560/Debug/libArduino.a(twi.o)
 .bss.twi_txBufferIndex
                0x00000000008011c1        0x1 /home/rbtying/robot/firmware/Arduino-2560/Debug/libArduino.a(twi.o)
 .bss.twi_txBufferLength
                0x00000000008011c2        0x1 /home/rbtying/robot/firmware/Arduino-2560/Debug/libArduino.a(twi.o)
 .bss.twi_onSlaveTransmit
                0x00000000008011c3        0x2 /home/rbtying/robot/firmware/Arduino-2560/Debug/libArduino.a(twi.o)
 .bss.twi_txBuffer
                0x00000000008011c5       0x20 /home/rbtying/robot/firmware/Arduino-2560/Debug/libArduino.a(twi.o)
 *(COMMON)
 COMMON         0x00000000008011e5        0x4 /usr/lib/gcc/avr/4.5.3/../../../avr/lib/avr6/libc.a(malloc.o)
                0x00000000008011e5                __brkval
                0x00000000008011e7                __flp
                0x00000000008011e9                PROVIDE (__bss_end, .)
                0x000000000000899a                __data_load_start = LOADADDR (.data)
                0x0000000000008e36                __data_load_end = (__data_load_start + SIZEOF (.data))

.noinit         0x00000000008011e9        0x0
                0x00000000008011e9                PROVIDE (__noinit_start, .)
 *(.noinit*)
                0x00000000008011e9                PROVIDE (__noinit_end, .)
                0x00000000008011e9                _end = .
                0x00000000008011e9                PROVIDE (__heap_start, .)

.eeprom         0x0000000000810000        0x0
 *(.eeprom*)
                0x0000000000810000                __eeprom_end = .

.fuse
 *(.fuse)
 *(.lfuse)
 *(.hfuse)
 *(.efuse)

.lock
 *(.lock*)

.signature
 *(.signature*)

.stab           0x0000000000000000     0x5ee0
 *(.stab)
 .stab          0x0000000000000000      0x6e4 /usr/lib/gcc/avr/4.5.3/../../../avr/lib/avr6/crtm2560.o
 .stab          0x00000000000006e4      0x750 /usr/lib/gcc/avr/4.5.3/../../../avr/lib/avr6/libc.a(malloc.o)
                                        0x75c (size before relaxing)
 .stab          0x0000000000000e34      0x12c /usr/lib/gcc/avr/4.5.3/../../../avr/lib/avr6/libc.a(random.o)
                                        0x330 (size before relaxing)
 .stab          0x0000000000000f60      0x3cc /usr/lib/gcc/avr/4.5.3/../../../avr/lib/avr6/libc.a(realloc.o)
                                        0x5c4 (size before relaxing)
 .stab          0x000000000000132c       0x30 /usr/lib/gcc/avr/4.5.3/../../../avr/lib/avr6/libc.a(exit.o)
                                         0x3c (size before relaxing)
 .stab          0x000000000000135c       0x18 /usr/lib/gcc/avr/4.5.3/../../../avr/lib/avr6/libc.a(isspace.o)
                                         0xa8 (size before relaxing)
 .stab          0x0000000000001374       0x18 /usr/lib/gcc/avr/4.5.3/../../../avr/lib/avr6/libc.a(tolower.o)
                                         0xa8 (size before relaxing)
 .stab          0x000000000000138c       0x18 /usr/lib/gcc/avr/4.5.3/../../../avr/lib/avr6/libc.a(toupper.o)
                                         0xa8 (size before relaxing)
 .stab          0x00000000000013a4       0x84 /usr/lib/gcc/avr/4.5.3/../../../avr/lib/avr6/libc.a(memcpy.o)
                                         0x90 (size before relaxing)
 .stab          0x0000000000001428       0x9c /usr/lib/gcc/avr/4.5.3/../../../avr/lib/avr6/libc.a(strcat.o)
                                         0xa8 (size before relaxing)
 .stab          0x00000000000014c4       0x9c /usr/lib/gcc/avr/4.5.3/../../../avr/lib/avr6/libc.a(strchr.o)
                                         0xa8 (size before relaxing)
 .stab          0x0000000000001560       0x84 /usr/lib/gcc/avr/4.5.3/../../../avr/lib/avr6/libc.a(strcmp.o)
                                         0x90 (size before relaxing)
 .stab          0x00000000000015e4       0x6c /usr/lib/gcc/avr/4.5.3/../../../avr/lib/avr6/libc.a(strcpy.o)
                                         0x78 (size before relaxing)
 .stab          0x0000000000001650       0xc0 /usr/lib/gcc/avr/4.5.3/../../../avr/lib/avr6/libc.a(strncmp.o)
                                         0xcc (size before relaxing)
 .stab          0x0000000000001710       0xcc /usr/lib/gcc/avr/4.5.3/../../../avr/lib/avr6/libc.a(strncpy.o)
                                         0xd8 (size before relaxing)
 .stab          0x00000000000017dc       0x9c /usr/lib/gcc/avr/4.5.3/../../../avr/lib/avr6/libc.a(strrchr.o)
                                         0xa8 (size before relaxing)
 .stab          0x0000000000001878      0x150 /usr/lib/gcc/avr/4.5.3/../../../avr/lib/avr6/libc.a(strstr.o)
                                        0x15c (size before relaxing)
 .stab          0x00000000000019c8       0x18 /usr/lib/gcc/avr/4.5.3/../../../avr/lib/avr6/libc.a(itoa.o)
                                        0x1bc (size before relaxing)
 .stab          0x00000000000019e0       0x18 /usr/lib/gcc/avr/4.5.3/../../../avr/lib/avr6/libc.a(ltoa.o)
                                        0x2a0 (size before relaxing)
 .stab          0x00000000000019f8       0x18 /usr/lib/gcc/avr/4.5.3/../../../avr/lib/avr6/libc.a(ultoa.o)
                                        0x1ec (size before relaxing)
 .stab          0x0000000000001a10       0x78 /usr/lib/gcc/avr/4.5.3/../../../avr/lib/avr6/libc.a(addsf3.o)
                                         0x84 (size before relaxing)
 .stab          0x0000000000001a88      0x4bc /usr/lib/gcc/avr/4.5.3/../../../avr/lib/avr6/libc.a(addsf3x.o)
                                        0x4c8 (size before relaxing)
 .stab          0x0000000000001f44      0x144 /usr/lib/gcc/avr/4.5.3/../../../avr/lib/avr6/libc.a(asin.o)
                                        0x150 (size before relaxing)
 .stab          0x0000000000002088      0x2f4 /usr/lib/gcc/avr/4.5.3/../../../avr/lib/avr6/libc.a(atan2.o)
                                        0x300 (size before relaxing)
 .stab          0x000000000000237c      0x210 /usr/lib/gcc/avr/4.5.3/../../../avr/lib/avr6/libc.a(atan.o)
                                        0x21c (size before relaxing)
 .stab          0x000000000000258c       0x90 /usr/lib/gcc/avr/4.5.3/../../../avr/lib/avr6/libc.a(cmpsf2.o)
                                         0x9c (size before relaxing)
 .stab          0x000000000000261c       0x54 /usr/lib/gcc/avr/4.5.3/../../../avr/lib/avr6/libc.a(cos.o)
                                         0x60 (size before relaxing)
 .stab          0x0000000000002670       0x48 /usr/lib/gcc/avr/4.5.3/../../../avr/lib/avr6/libc.a(divsf3.o)
                                         0x54 (size before relaxing)
 .stab          0x00000000000026b8      0x510 /usr/lib/gcc/avr/4.5.3/../../../avr/lib/avr6/libc.a(divsf3x.o)
                                        0x51c (size before relaxing)
 .stab          0x0000000000002bc8       0x6c /usr/lib/gcc/avr/4.5.3/../../../avr/lib/avr6/libc.a(fixsfsi.o)
                                         0x78 (size before relaxing)
 .stab          0x0000000000002c34      0x240 /usr/lib/gcc/avr/4.5.3/../../../avr/lib/avr6/libc.a(fixunssfsi.o)
                                        0x24c (size before relaxing)
 .stab          0x0000000000002e74      0x318 /usr/lib/gcc/avr/4.5.3/../../../avr/lib/avr6/libc.a(floatsisf.o)
                                        0x324 (size before relaxing)
 .stab          0x000000000000318c      0x174 /usr/lib/gcc/avr/4.5.3/../../../avr/lib/avr6/libc.a(fp_arccos.o)
                                        0x180 (size before relaxing)
 .stab          0x0000000000003300      0x1e0 /usr/lib/gcc/avr/4.5.3/../../../avr/lib/avr6/libc.a(fp_cmp.o)
                                        0x1ec (size before relaxing)
 .stab          0x00000000000034e0       0x78 /usr/lib/gcc/avr/4.5.3/../../../avr/lib/avr6/libc.a(fp_inf.o)
                                         0x84 (size before relaxing)
 .stab          0x0000000000003558       0x54 /usr/lib/gcc/avr/4.5.3/../../../avr/lib/avr6/libc.a(fp_nan.o)
                                         0x60 (size before relaxing)
 .stab          0x00000000000035ac      0x1ec /usr/lib/gcc/avr/4.5.3/../../../avr/lib/avr6/libc.a(fp_powser.o)
                                        0x1f8 (size before relaxing)
 .stab          0x0000000000003798       0xfc /usr/lib/gcc/avr/4.5.3/../../../avr/lib/avr6/libc.a(fp_powsodd.o)
                                        0x108 (size before relaxing)
 .stab          0x0000000000003894       0x84 /usr/lib/gcc/avr/4.5.3/../../../avr/lib/avr6/libc.a(fp_pscA.o)
                                         0x90 (size before relaxing)
 .stab          0x0000000000003918       0x84 /usr/lib/gcc/avr/4.5.3/../../../avr/lib/avr6/libc.a(fp_pscB.o)
                                         0x90 (size before relaxing)
 .stab          0x000000000000399c      0x21c /usr/lib/gcc/avr/4.5.3/../../../avr/lib/avr6/libc.a(fp_rempio2.o)
                                        0x228 (size before relaxing)
 .stab          0x0000000000003bb8       0xfc /usr/lib/gcc/avr/4.5.3/../../../avr/lib/avr6/libc.a(fp_round.o)
                                        0x108 (size before relaxing)
 .stab          0x0000000000003cb4       0xfc /usr/lib/gcc/avr/4.5.3/../../../avr/lib/avr6/libc.a(fp_sinus.o)
                                        0x108 (size before relaxing)
 .stab          0x0000000000003db0      0x1d4 /usr/lib/gcc/avr/4.5.3/../../../avr/lib/avr6/libc.a(fp_split3.o)
                                        0x1e0 (size before relaxing)
 .stab          0x0000000000003f84       0x90 /usr/lib/gcc/avr/4.5.3/../../../avr/lib/avr6/libc.a(fp_zero.o)
                                         0x9c (size before relaxing)
 .stab          0x0000000000004014       0x6c /usr/lib/gcc/avr/4.5.3/../../../avr/lib/avr6/libc.a(gesf2.o)
                                         0x78 (size before relaxing)
 .stab          0x0000000000004080       0x84 /usr/lib/gcc/avr/4.5.3/../../../avr/lib/avr6/libc.a(inverse.o)
                                         0x90 (size before relaxing)
 .stab          0x0000000000004104       0x48 /usr/lib/gcc/avr/4.5.3/../../../avr/lib/avr6/libc.a(mulsf3.o)
                                         0x54 (size before relaxing)
 .stab          0x000000000000414c      0x4d4 /usr/lib/gcc/avr/4.5.3/../../../avr/lib/avr6/libc.a(mulsf3x.o)
                                        0x4e0 (size before relaxing)
 .stab          0x0000000000004620      0x3c0 /usr/lib/gcc/avr/4.5.3/../../../avr/lib/avr6/libc.a(pow.o)
                                        0x3cc (size before relaxing)
 .stab          0x00000000000049e0      0x1b0 /usr/lib/gcc/avr/4.5.3/../../../avr/lib/avr6/libc.a(round.o)
                                        0x1bc (size before relaxing)
 .stab          0x0000000000004b90       0x78 /usr/lib/gcc/avr/4.5.3/../../../avr/lib/avr6/libc.a(sin.o)
                                         0x84 (size before relaxing)
 .stab          0x0000000000004c08      0x354 /usr/lib/gcc/avr/4.5.3/../../../avr/lib/avr6/libc.a(sqrt.o)
                                        0x360 (size before relaxing)
 .stab          0x0000000000004f5c       0x54 /usr/lib/gcc/avr/4.5.3/../../../avr/lib/avr6/libc.a(square.o)
                                         0x60 (size before relaxing)
 .stab          0x0000000000004fb0       0x18 /usr/lib/gcc/avr/4.5.3/../../../avr/lib/avr6/libc.a(cty_isfalse.o)
                                         0x6c (size before relaxing)
 .stab          0x0000000000004fc8       0xd8 /usr/lib/gcc/avr/4.5.3/../../../avr/lib/avr6/libc.a(strrev.o)
                                         0xe4 (size before relaxing)
 .stab          0x00000000000050a0      0x288 /usr/lib/gcc/avr/4.5.3/../../../avr/lib/avr6/libc.a(exp.o)
                                        0x294 (size before relaxing)
 .stab          0x0000000000005328      0x174 /usr/lib/gcc/avr/4.5.3/../../../avr/lib/avr6/libc.a(fp_mintl.o)
                                        0x180 (size before relaxing)
 .stab          0x000000000000549c       0xe4 /usr/lib/gcc/avr/4.5.3/../../../avr/lib/avr6/libc.a(fp_mpack.o)
                                         0xf0 (size before relaxing)
 .stab          0x0000000000005580       0x84 /usr/lib/gcc/avr/4.5.3/../../../avr/lib/avr6/libc.a(fp_norm2.o)
                                         0x90 (size before relaxing)
 .stab          0x0000000000005604      0x2c4 /usr/lib/gcc/avr/4.5.3/../../../avr/lib/avr6/libc.a(ldexp.o)
                                        0x2d0 (size before relaxing)
 .stab          0x00000000000058c8      0x378 /usr/lib/gcc/avr/4.5.3/../../../avr/lib/avr6/libc.a(log.o)
                                        0x384 (size before relaxing)
 .stab          0x0000000000005c40      0x2a0 /usr/lib/gcc/avr/4.5.3/../../../avr/lib/avr6/libc.a(modf.o)
                                        0x2ac (size before relaxing)

.stabstr        0x0000000000000000     0x13de
 *(.stabstr)